Clock: clk
Sources: clk 
Generated: no
Virtual: yes
Propagated: no
Period: 20.000000

===========================================================================
report_clock_properties
============================================================================
Clock                   Period          Waveform
----------------------------------------------------
clk                  20.000000    0.000000 10.000000

===========================================================================
report_clock_latency
============================================================================
Clock clk
rise -> rise
    min     max
0.000000 0.000000 source latency
0.833603         network latency _19014_/CLK
        0.892675 network latency _18958_/CLK
---------------
0.833603 0.892675 latency
        0.059072 skew

fall -> fall
    min     max
0.000000 0.000000 source latency
0.658526         network latency _19014_/CLK
        0.699735 network latency _18958_/CLK
---------------
0.658526 0.699735 latency
        0.041210 skew



===========================================================================
report_clock_min_period
============================================================================
clk period_min = 6.03 fmax = 165.97
