Clock: clk
Sources: clk 
Generated: no
Virtual: yes
Propagated: no
Period: 20.000000

===========================================================================
report_clock_properties
============================================================================
Clock                   Period          Waveform
----------------------------------------------------
clk                  20.000000    0.000000 10.000000

===========================================================================
report_clock_latency
============================================================================
Clock clk
rise -> rise
    min     max
0.000000 0.000000 source latency
0.830567         network latency _19338_/CLK
        0.871233 network latency _18958_/CLK
---------------
0.830567 0.871233 latency
        0.040666 skew

fall -> fall
    min     max
0.000000 0.000000 source latency
0.691218         network latency _19338_/CLK
        0.720576 network latency _18958_/CLK
---------------
0.691218 0.720576 latency
        0.029358 skew



===========================================================================
report_clock_min_period
============================================================================
clk period_min = 7.80 fmax = 128.13
