
===========================================================================
report_checks -unconstrained
===========================================================================
======================= min_tt_025C_1v80 Corner ===================================

Startpoint: rst_n (input port clocked by clk)
Endpoint: _18983_ (recovery check against rising-edge clock clk)
Path Group: asynchronous
Path Type: max

Fanout         Cap        Slew       Delay        Time   Description
---------------------------------------------------------------------------------------------
                                  0.000000    0.000000   clock clk (rise edge)
                                  0.000000    0.000000   clock network delay (propagated)
                                  4.000000    4.000000 ^ input external delay
     1    0.002842    0.019913    0.010447    4.010447 ^ rst_n (in)
                                                         rst_n (net)
                      0.019913    0.000000    4.010447 ^ input2/A (sky130_fd_sc_hd__clkdlybuf4s25_1)
     1    0.003479    0.050062    0.239105    4.249551 ^ input2/X (sky130_fd_sc_hd__clkdlybuf4s25_1)
                                                         net2 (net)
                      0.050062    0.000048    4.249599 ^ fanout2077/A (sky130_fd_sc_hd__clkdlybuf4s25_1)
     5    0.151559    1.495975    1.261050    5.510649 ^ fanout2077/X (sky130_fd_sc_hd__clkdlybuf4s25_1)
                                                         net2077 (net)
                      1.495975    0.000604    5.511252 ^ fanout2011/A (sky130_fd_sc_hd__clkdlybuf4s25_1)
     2    0.036721    0.369870    0.653653    6.164906 ^ fanout2011/X (sky130_fd_sc_hd__clkdlybuf4s25_1)
                                                         net2011 (net)
                      0.369870    0.000072    6.164978 ^ _09509_/B (sky130_fd_sc_hd__and2_2)
     1    0.007094    0.059564    0.223813    6.388792 ^ _09509_/X (sky130_fd_sc_hd__and2_2)
                                                         core_reset_n (net)
                      0.059564    0.000218    6.389010 ^ fanout1987/A (sky130_fd_sc_hd__clkdlybuf4s25_1)
     3    0.020493    0.212304    0.370133    6.759143 ^ fanout1987/X (sky130_fd_sc_hd__clkdlybuf4s25_1)
                                                         net1987 (net)
                      0.212304    0.000208    6.759351 ^ load_slew1990/A (sky130_fd_sc_hd__buf_2)
     3    0.055329    0.270072    0.317143    7.076494 ^ load_slew1990/X (sky130_fd_sc_hd__buf_2)
                                                         net1990 (net)
                      0.270255    0.005823    7.082317 ^ load_slew1989/A (sky130_fd_sc_hd__clkbuf_4)
     3    0.085010    0.255882    0.364655    7.446971 ^ load_slew1989/X (sky130_fd_sc_hd__clkbuf_4)
                                                         net1989 (net)
                      0.256025    0.003115    7.450086 ^ fanout1976/A (sky130_fd_sc_hd__clkdlybuf4s25_1)
     6    0.076091    0.756284    0.801154    8.251240 ^ fanout1976/X (sky130_fd_sc_hd__clkdlybuf4s25_1)
                                                         net1976 (net)
                      0.756405    0.008023    8.259263 ^ fanout1975/A (sky130_fd_sc_hd__clkdlybuf4s25_1)
     6    0.059255    0.589895    0.754335    9.013598 ^ fanout1975/X (sky130_fd_sc_hd__clkdlybuf4s25_1)
                                                         net1975 (net)
                      0.589895    0.000383    9.013981 ^ fanout1973/A (sky130_fd_sc_hd__clkdlybuf4s25_1)
     2    0.006777    0.080754    0.379112    9.393093 ^ fanout1973/X (sky130_fd_sc_hd__clkdlybuf4s25_1)
                                                         net1973 (net)
                      0.080754    0.000065    9.393158 ^ load_slew1974/A (sky130_fd_sc_hd__clkbuf_4)
     8    0.045977    0.145377    0.221549    9.614707 ^ load_slew1974/X (sky130_fd_sc_hd__clkbuf_4)
                                                         net1974 (net)
                      0.145388    0.001394    9.616101 ^ fanout1971/A (sky130_fd_sc_hd__clkdlybuf4s25_1)
     2    0.008745    0.099042    0.317198    9.933299 ^ fanout1971/X (sky130_fd_sc_hd__clkdlybuf4s25_1)
                                                         net1971 (net)
                      0.099042    0.000053    9.933352 ^ fanout1969/A (sky130_fd_sc_hd__clkdlybuf4s25_1)
     2    0.008351    0.095437    0.300784   10.234137 ^ fanout1969/X (sky130_fd_sc_hd__clkdlybuf4s25_1)
                                                         net1969 (net)
                      0.095437    0.000116   10.234253 ^ load_slew1970/A (sky130_fd_sc_hd__buf_4)
     9    0.044830    0.130094    0.194179   10.428432 ^ load_slew1970/X (sky130_fd_sc_hd__buf_4)
                                                         net1970 (net)
                      0.130104    0.001234   10.429666 ^ _18983_/RESET_B (sky130_fd_sc_hd__dfrtp_2)
                                             10.429666   data arrival time

                                 20.000000   20.000000   clock clk (rise edge)
                                  0.000000   20.000000   clock source latency
     2    0.140567    0.629904    0.444402   20.444403 ^ clk (in)
                                                         clk (net)
                      0.630447    0.000000   20.444403 ^ clkbuf_0_clk/A (sky130_fd_sc_hd__clkbuf_16)
     8    0.123065    0.141736    0.341531   20.785934 ^ clkbuf_0_clk/X (sky130_fd_sc_hd__clkbuf_16)
                                                         clknet_0_clk (net)
                      0.142251    0.006777   20.792711 ^ clkbuf_3_5_0_clk/A (sky130_fd_sc_hd__clkbuf_8)
     8    0.096261    0.171460    0.258005   21.050716 ^ clkbuf_3_5_0_clk/X (sky130_fd_sc_hd__clkbuf_8)
                                                         clknet_3_5_0_clk (net)
                      0.171469    0.001476   21.052191 ^ clkbuf_leaf_29_clk/A (sky130_fd_sc_hd__clkbuf_8)
    14    0.048202    0.095568    0.210632   21.262823 ^ clkbuf_leaf_29_clk/X (sky130_fd_sc_hd__clkbuf_8)
                                                         clknet_leaf_29_clk (net)
                      0.095568    0.000286   21.263109 ^ _18983_/CLK (sky130_fd_sc_hd__dfrtp_2)
                                 -0.250000   21.013109   clock uncertainty
                                  0.000000   21.013109   clock reconvergence pessimism
                                  0.209529   21.222639   library recovery time
                                             21.222639   data required time
---------------------------------------------------------------------------------------------
                                             21.222639   data required time
                                            -10.429666   data arrival time
---------------------------------------------------------------------------------------------
                                             10.792974   slack (MET)


Startpoint: _19530_ (rising edge-triggered flip-flop clocked by clk)
Endpoint: uio_out[7] (output port clocked by clk)
Path Group: clk
Path Type: max

Fanout         Cap        Slew       Delay        Time   Description
---------------------------------------------------------------------------------------------
                                  0.000000    0.000000   clock clk (rise edge)
                                  0.000000    0.000000   clock source latency
     2    0.140567    0.629904    0.444402    0.444402 ^ clk (in)
                                                         clk (net)
                      0.630447    0.000000    0.444402 ^ clkbuf_0_clk/A (sky130_fd_sc_hd__clkbuf_16)
     8    0.123065    0.141736    0.341531    0.785932 ^ clkbuf_0_clk/X (sky130_fd_sc_hd__clkbuf_16)
                                                         clknet_0_clk (net)
                      0.143014    0.010632    0.796565 ^ clkbuf_3_2_0_clk/A (sky130_fd_sc_hd__clkbuf_8)
     8    0.090043    0.161363    0.250952    1.047517 ^ clkbuf_3_2_0_clk/X (sky130_fd_sc_hd__clkbuf_8)
                                                         clknet_3_2_0_clk (net)
                      0.161547    0.004421    1.051938 ^ clkbuf_leaf_13_clk/A (sky130_fd_sc_hd__clkbuf_8)
    10    0.061185    0.116004    0.223197    1.275136 ^ clkbuf_leaf_13_clk/X (sky130_fd_sc_hd__clkbuf_8)
                                                         clknet_leaf_13_clk (net)
                      0.116013    0.001124    1.276260 ^ _19530_/CLK (sky130_fd_sc_hd__dfrtp_2)
     1    0.003500    0.039904    0.408205    1.684465 v _19530_/Q (sky130_fd_sc_hd__dfrtp_2)
                                                         busy_wire (net)
                      0.039904    0.000046    1.684511 v fanout899/A (sky130_fd_sc_hd__clkdlybuf4s25_1)
     8    0.111110    0.802227    0.810858    2.495369 v fanout899/X (sky130_fd_sc_hd__clkdlybuf4s25_1)
                                                         net899 (net)
                      0.802269    0.004966    2.500335 v fanout888/A (sky130_fd_sc_hd__clkdlybuf4s25_1)
     3    0.030185    0.225536    0.586802    3.087137 v fanout888/X (sky130_fd_sc_hd__clkdlybuf4s25_1)
                                                         net888 (net)
                      0.225536    0.000244    3.087381 v fanout885/A (sky130_fd_sc_hd__clkdlybuf4s25_1)
     3    0.010601    0.090596    0.357245    3.444626 v fanout885/X (sky130_fd_sc_hd__clkdlybuf4s25_1)
                                                         net885 (net)
                      0.090596    0.000080    3.444707 v load_slew886/A (sky130_fd_sc_hd__buf_4)
     8    0.051338    0.079334    0.205781    3.650488 v load_slew886/X (sky130_fd_sc_hd__buf_4)
                                                         net886 (net)
                      0.079496    0.003132    3.653620 v _09507_/A (sky130_fd_sc_hd__or3_2)
     1    0.010409    0.101489    0.521015    4.174634 v _09507_/X (sky130_fd_sc_hd__or3_2)
                                                         _01354_ (net)
                      0.101489    0.000202    4.174836 v _09508_/D (sky130_fd_sc_hd__nor4_4)
     1    0.050519    0.718666    0.558365    4.733201 ^ _09508_/Y (sky130_fd_sc_hd__nor4_4)
                                                         ready_wire (net)
                      0.718688    0.003286    4.736487 ^ wire234/A (sky130_fd_sc_hd__clkbuf_2)
     2    0.034672    0.192479    0.339360    5.075847 ^ wire234/X (sky130_fd_sc_hd__clkbuf_2)
                                                         net234 (net)
                      0.192664    0.003516    5.079363 ^ wire233/A (sky130_fd_sc_hd__clkbuf_2)
     2    0.028802    0.161195    0.232842    5.312205 ^ wire233/X (sky130_fd_sc_hd__clkbuf_2)
                                                         net233 (net)
                      0.161302    0.002350    5.314555 ^ _19547_/A (sky130_fd_sc_hd__buf_2)
     1    0.034600    0.172099    0.238552    5.553107 ^ _19547_/X (sky130_fd_sc_hd__buf_2)
                                                         uio_out[7] (net)
                      0.172099    0.000211    5.553318 ^ uio_out[7] (out)
                                              5.553318   data arrival time

                                 20.000000   20.000000   clock clk (rise edge)
                                  0.000000   20.000000   clock network delay (propagated)
                                 -0.250000   19.750002   clock uncertainty
                                  0.000000   19.750002   clock reconvergence pessimism
                                 -4.000000   15.750001   output external delay
                                             15.750001   data required time
---------------------------------------------------------------------------------------------
                                             15.750001   data required time
                                             -5.553318   data arrival time
---------------------------------------------------------------------------------------------
                                             10.196683   slack (MET)




===========================================================================
report_checks --slack_max -0.01
============================================================================
======================= min_tt_025C_1v80 Corner ===================================

No paths found.


===========================================================================
 report_check_types -max_slew -max_cap -max_fanout -violators
============================================================================
======================= min_tt_025C_1v80 Corner ===================================

max slew

Pin                                        Limit        Slew       Slack
------------------------------------------------------------------------
fanout2076/A                            0.750000    1.496180   -0.746180 (VIOLATED)
fanout2055/A                            0.750000    1.496132   -0.746132 (VIOLATED)
fanout2060/A                            0.750000    1.496128   -0.746128 (VIOLATED)
fanout2044/A                            0.750000    1.496024   -0.746024 (VIOLATED)
fanout2011/A                            0.750000    1.495975   -0.745975 (VIOLATED)
fanout2077/X                            0.750000    1.495975   -0.745975 (VIOLATED)
_17860_/A1                              0.750000    1.287643   -0.537643 (VIOLATED)
_17835_/A1                              0.750000    1.287642   -0.537642 (VIOLATED)
_17810_/A1                              0.750000    1.287640   -0.537641 (VIOLATED)
_17549_/A1                              0.750000    1.287634   -0.537634 (VIOLATED)
_17524_/A1                              0.750000    1.287621   -0.537621 (VIOLATED)
fanout900/A                             0.750000    1.287610   -0.537610 (VIOLATED)
_17964_/A1                              0.750000    1.287609   -0.537609 (VIOLATED)
_17731_/A1                              0.750000    1.287604   -0.537604 (VIOLATED)
_17785_/A1                              0.750000    1.287604   -0.537604 (VIOLATED)
fanout901/X                             0.750000    1.287604   -0.537604 (VIOLATED)
_12267_/A1                              0.750000    1.171428   -0.421428 (VIOLATED)
_11836_/A1                              0.750000    1.171426   -0.421426 (VIOLATED)
_15783_/A1                              0.750000    1.171389   -0.421389 (VIOLATED)
_09503_/A                               0.750000    1.171365   -0.421365 (VIOLATED)
_15846_/A1                              0.750000    1.171365   -0.421365 (VIOLATED)
_15860_/A1                              0.750000    1.171365   -0.421365 (VIOLATED)
_15869_/A1                              0.750000    1.171366   -0.421366 (VIOLATED)
_15845_/B                               0.750000    1.171364   -0.421365 (VIOLATED)
_15859_/B                               0.750000    1.171364   -0.421364 (VIOLATED)
_18136_/A                               0.750000    1.171361   -0.421361 (VIOLATED)
fanout235/X                             0.750000    1.171361   -0.421361 (VIOLATED)
ANTENNA_246/DIODE                       0.750000    1.112897   -0.362897 (VIOLATED)
fanout898/A                             0.750000    1.112897   -0.362897 (VIOLATED)
ANTENNA_245/DIODE                       0.750000    1.112848   -0.362848 (VIOLATED)
fanout892/A                             0.750000    1.112848   -0.362848 (VIOLATED)
fanout888/A                             0.750000    1.112703   -0.362703 (VIOLATED)
fanout884/A                             0.750000    1.112683   -0.362683 (VIOLATED)
fanout881/A                             0.750000    1.112674   -0.362674 (VIOLATED)
fanout882/A                             0.750000    1.112674   -0.362674 (VIOLATED)
fanout899/X                             0.750000    1.112672   -0.362672 (VIOLATED)
_18410_/B2                              0.750000    1.081682   -0.331682 (VIOLATED)
_18416_/B2                              0.750000    1.081661   -0.331661 (VIOLATED)
_18414_/B2                              0.750000    1.081661   -0.331661 (VIOLATED)
_18418_/B2                              0.750000    1.081660   -0.331660 (VIOLATED)
_18420_/B2                              0.750000    1.081651   -0.331651 (VIOLATED)
_18422_/B2                              0.750000    1.081637   -0.331637 (VIOLATED)
_18412_/B2                              0.750000    1.081618   -0.331618 (VIOLATED)
ANTENNA_240/DIODE                       0.750000    1.081322   -0.331322 (VIOLATED)
_18725_/C                               0.750000    1.081322   -0.331322 (VIOLATED)
_18312_/B                               0.750000    1.081296   -0.331296 (VIOLATED)
_18733_/A4                              0.750000    1.081293   -0.331293 (VIOLATED)
fanout373/X                             0.750000    1.081293   -0.331293 (VIOLATED)
fanout1627/A                            0.750000    1.054587   -0.304587 (VIOLATED)
fanout1626/A                            0.750000    1.054563   -0.304563 (VIOLATED)
_10399_/C1                              0.750000    1.054561   -0.304561 (VIOLATED)
_11197_/B1                              0.750000    1.054551   -0.304551 (VIOLATED)
_17598_/A0                              0.750000    1.054492   -0.304492 (VIOLATED)
fanout1628/X                            0.750000    1.054492   -0.304492 (VIOLATED)
ANTENNA_237/DIODE                       0.750000    1.047567   -0.297567 (VIOLATED)
fanout177/A                             0.750000    1.047567   -0.297568 (VIOLATED)
ANTENNA_236/DIODE                       0.750000    1.047565   -0.297565 (VIOLATED)
fanout170/A                             0.750000    1.047564   -0.297564 (VIOLATED)
ANTENNA_235/DIODE                       0.750000    1.047556   -0.297556 (VIOLATED)
fanout168/A                             0.750000    1.047556   -0.297556 (VIOLATED)
ANTENNA_234/DIODE                       0.750000    1.047549   -0.297549 (VIOLATED)
fanout166/A                             0.750000    1.047549   -0.297549 (VIOLATED)
fanout163/A                             0.750000    1.047521   -0.297521 (VIOLATED)
fanout155/A                             0.750000    1.047514   -0.297514 (VIOLATED)
fanout178/X                             0.750000    1.047514   -0.297514 (VIOLATED)
_17601_/A1                              0.750000    1.020159   -0.270159 (VIOLATED)
_17600_/X                               0.750000    1.019788   -0.269788 (VIOLATED)
_11702_/A1                              0.750000    0.992947   -0.242947 (VIOLATED)
_11746_/A1                              0.750000    0.992942   -0.242942 (VIOLATED)
fanout1059/A                            0.750000    0.992912   -0.242912 (VIOLATED)
_11413_/A                               0.750000    0.992737   -0.242737 (VIOLATED)
_17889_/A1                              0.750000    0.992734   -0.242734 (VIOLATED)
fanout1060/X                            0.750000    0.992734   -0.242734 (VIOLATED)
_17509_/A1                              0.750000    0.977711   -0.227711 (VIOLATED)
_17508_/X                               0.750000    0.977251   -0.227251 (VIOLATED)
_16423_/B                               0.750000    0.962647   -0.212647 (VIOLATED)
_16422_/X                               0.750000    0.961552   -0.211552 (VIOLATED)
fanout964/A                             0.750000    0.958701   -0.208701 (VIOLATED)
fanout963/A                             0.750000    0.958691   -0.208691 (VIOLATED)
fanout962/A                             0.750000    0.958683   -0.208683 (VIOLATED)
ANTENNA_333/DIODE                       0.750000    0.958683   -0.208683 (VIOLATED)
_12213_/A                               0.750000    0.958480   -0.208480 (VIOLATED)
_17918_/A1                              0.750000    0.958480   -0.208480 (VIOLATED)
fanout965/X                             0.750000    0.958480   -0.208480 (VIOLATED)
_17518_/A1                              0.750000    0.951499   -0.201499 (VIOLATED)
_17517_/X                               0.750000    0.951289   -0.201289 (VIOLATED)
_15825_/B                               0.750000    0.948307   -0.198307 (VIOLATED)
_15824_/X                               0.750000    0.947901   -0.197901 (VIOLATED)
_18163_/B1                              0.750000    0.933704   -0.183704 (VIOLATED)
_18307_/A1                              0.750000    0.933703   -0.183703 (VIOLATED)
_18162_/X                               0.750000    0.930900   -0.180900 (VIOLATED)
_17256_/B                               0.750000    0.916930   -0.166930 (VIOLATED)
_17255_/X                               0.750000    0.916107   -0.166107 (VIOLATED)
ANTENNA_289/DIODE                       0.750000    0.904004   -0.154004 (VIOLATED)
ANTENNA_291/DIODE                       0.750000    0.904004   -0.154004 (VIOLATED)
ANTENNA_293/DIODE                       0.750000    0.904004   -0.154004 (VIOLATED)
ANTENNA_295/DIODE                       0.750000    0.904004   -0.154004 (VIOLATED)
ANTENNA_297/DIODE                       0.750000    0.904004   -0.154004 (VIOLATED)
_17613_/A1                              0.750000    0.904004   -0.154004 (VIOLATED)
ANTENNA_288/DIODE                       0.750000    0.904003   -0.154003 (VIOLATED)
ANTENNA_290/DIODE                       0.750000    0.904003   -0.154003 (VIOLATED)
ANTENNA_292/DIODE                       0.750000    0.904003   -0.154003 (VIOLATED)
ANTENNA_294/DIODE                       0.750000    0.904003   -0.154003 (VIOLATED)
ANTENNA_296/DIODE                       0.750000    0.904003   -0.154003 (VIOLATED)
ANTENNA_298/DIODE                       0.750000    0.904002   -0.154002 (VIOLATED)
_17612_/X                               0.750000    0.903959   -0.153959 (VIOLATED)
_14821_/B                               0.750000    0.900255   -0.150255 (VIOLATED)
_14820_/X                               0.750000    0.899928   -0.149928 (VIOLATED)
_11414_/A                               0.750000    0.888755   -0.138755 (VIOLATED)
_11380_/X                               0.750000    0.887989   -0.137989 (VIOLATED)
_17709_/A1                              0.750000    0.883286   -0.133286 (VIOLATED)
_17708_/X                               0.750000    0.882940   -0.132940 (VIOLATED)
_10852_/B                               0.750000    0.878391   -0.128391 (VIOLATED)
_13669_/A                               0.750000    0.876781   -0.126781 (VIOLATED)
_17944_/B                               0.750000    0.876731   -0.126731 (VIOLATED)
_10851_/Y                               0.750000    0.876724   -0.126724 (VIOLATED)
_18311_/A2                              0.750000    0.868027   -0.118027 (VIOLATED)
_18308_/A2                              0.750000    0.868006   -0.118006 (VIOLATED)
_18305_/A2                              0.750000    0.867991   -0.117991 (VIOLATED)
_18713_/A3                              0.750000    0.867923   -0.117923 (VIOLATED)
_18712_/A2                              0.750000    0.867920   -0.117920 (VIOLATED)
_18710_/A2                              0.750000    0.867919   -0.117919 (VIOLATED)
_18303_/B                               0.750000    0.867918   -0.117918 (VIOLATED)
_18711_/A2                              0.750000    0.867917   -0.117917 (VIOLATED)
_18715_/A3                              0.750000    0.867916   -0.117916 (VIOLATED)
_18716_/D                               0.750000    0.867916   -0.117916 (VIOLATED)
fanout255/X                             0.750000    0.867916   -0.117916 (VIOLATED)
_18157_/B1                              0.750000    0.860746   -0.110746 (VIOLATED)
_18304_/A1                              0.750000    0.860745   -0.110745 (VIOLATED)
_18156_/X                               0.750000    0.859012   -0.109012 (VIOLATED)
_11950_/B                               0.750000    0.850930   -0.100930 (VIOLATED)
_14173_/A                               0.750000    0.850585   -0.100585 (VIOLATED)
_11949_/X                               0.750000    0.850583   -0.100583 (VIOLATED)
_17973_/A2                              0.750000    0.850583   -0.100583 (VIOLATED)
_11912_/B1                              0.750000    0.849958   -0.099958 (VIOLATED)
_12068_/C1                              0.750000    0.849940   -0.099940 (VIOLATED)
_12207_/C1                              0.750000    0.849939   -0.099939 (VIOLATED)
_12107_/C1                              0.750000    0.849928   -0.099928 (VIOLATED)
_12116_/C1                              0.750000    0.849914   -0.099914 (VIOLATED)
_12235_/C1                              0.750000    0.849913   -0.099913 (VIOLATED)
_12075_/C1                              0.750000    0.849912   -0.099912 (VIOLATED)
_12231_/A                               0.750000    0.849912   -0.099912 (VIOLATED)
_11998_/B1                              0.750000    0.849903   -0.099903 (VIOLATED)
_11782_/A                               0.750000    0.849873   -0.099873 (VIOLATED)
fanout775/X                             0.750000    0.849873   -0.099873 (VIOLATED)
_11583_/A                               0.750000    0.848102   -0.098102 (VIOLATED)
_11536_/X                               0.750000    0.847752   -0.097752 (VIOLATED)
_11166_/B                               0.750000    0.845202   -0.095202 (VIOLATED)
_11165_/X                               0.750000    0.844473   -0.094473 (VIOLATED)
_13918_/A                               0.750000    0.844473   -0.094473 (VIOLATED)
_17949_/B1                              0.750000    0.844473   -0.094473 (VIOLATED)
ANTENNA_180/DIODE                       0.750000    0.842489   -0.092489 (VIOLATED)
ANTENNA_176/DIODE                       0.750000    0.842489   -0.092489 (VIOLATED)
ANTENNA_178/DIODE                       0.750000    0.842489   -0.092489 (VIOLATED)
ANTENNA_174/DIODE                       0.750000    0.842488   -0.092489 (VIOLATED)
ANTENNA_172/DIODE                       0.750000    0.842488   -0.092488 (VIOLATED)
_17700_/A1                              0.750000    0.842488   -0.092488 (VIOLATED)
ANTENNA_173/DIODE                       0.750000    0.842487   -0.092487 (VIOLATED)
ANTENNA_175/DIODE                       0.750000    0.842486   -0.092486 (VIOLATED)
ANTENNA_177/DIODE                       0.750000    0.842485   -0.092485 (VIOLATED)
ANTENNA_179/DIODE                       0.750000    0.842485   -0.092485 (VIOLATED)
_17699_/X                               0.750000    0.842230   -0.092231 (VIOLATED)
_09406_/A                               0.750000    0.835321   -0.085321 (VIOLATED)
_11911_/A1                              0.750000    0.835317   -0.085317 (VIOLATED)
_11907_/B2                              0.750000    0.835310   -0.085310 (VIOLATED)
_11945_/C1                              0.750000    0.835303   -0.085303 (VIOLATED)
_12208_/B1                              0.750000    0.835247   -0.085247 (VIOLATED)
_12084_/B1                              0.750000    0.835224   -0.085224 (VIOLATED)
_12091_/B2                              0.750000    0.835223   -0.085223 (VIOLATED)
_12069_/C1                              0.750000    0.835222   -0.085222 (VIOLATED)
_12132_/A1                              0.750000    0.835181   -0.085181 (VIOLATED)
_17904_/A1                              0.750000    0.835177   -0.085177 (VIOLATED)
fanout1010/X                            0.750000    0.835177   -0.085177 (VIOLATED)
_17795_/A1                              0.750000    0.834118   -0.084118 (VIOLATED)
_17794_/X                               0.750000    0.833701   -0.083702 (VIOLATED)
_17739_/A1                              0.750000    0.831663   -0.081663 (VIOLATED)
ANTENNA_189/DIODE                       0.750000    0.831663   -0.081663 (VIOLATED)
_17738_/X                               0.750000    0.831622   -0.081622 (VIOLATED)
ANTENNA_121/DIODE                       0.750000    0.824784   -0.074784 (VIOLATED)
ANTENNA_123/DIODE                       0.750000    0.824784   -0.074784 (VIOLATED)
ANTENNA_125/DIODE                       0.750000    0.824784   -0.074784 (VIOLATED)
ANTENNA_117/DIODE                       0.750000    0.824784   -0.074784 (VIOLATED)
ANTENNA_119/DIODE                       0.750000    0.824784   -0.074784 (VIOLATED)
_17503_/A1                              0.750000    0.824784   -0.074784 (VIOLATED)
ANTENNA_116/DIODE                       0.750000    0.824784   -0.074784 (VIOLATED)
ANTENNA_118/DIODE                       0.750000    0.824783   -0.074783 (VIOLATED)
ANTENNA_120/DIODE                       0.750000    0.824783   -0.074783 (VIOLATED)
ANTENNA_122/DIODE                       0.750000    0.824783   -0.074783 (VIOLATED)
ANTENNA_124/DIODE                       0.750000    0.824783   -0.074783 (VIOLATED)
ANTENNA_126/DIODE                       0.750000    0.824783   -0.074783 (VIOLATED)
_17502_/X                               0.750000    0.824750   -0.074750 (VIOLATED)
_14633_/A                               0.750000    0.813379   -0.063379 (VIOLATED)
_14634_/A                               0.750000    0.813379   -0.063379 (VIOLATED)
_14630_/A_N                             0.750000    0.813379   -0.063379 (VIOLATED)
_14851_/A1                              0.750000    0.813378   -0.063378 (VIOLATED)
_14604_/A                               0.750000    0.813378   -0.063378 (VIOLATED)
_14610_/B                               0.750000    0.813378   -0.063378 (VIOLATED)
_14662_/B                               0.750000    0.813378   -0.063378 (VIOLATED)
_14668_/B                               0.750000    0.813378   -0.063378 (VIOLATED)
_14691_/A1                              0.750000    0.813378   -0.063378 (VIOLATED)
_15476_/C1                              0.750000    0.813378   -0.063378 (VIOLATED)
fanout1574/X                            0.750000    0.813378   -0.063378 (VIOLATED)
_15850_/B                               0.750000    0.811756   -0.061756 (VIOLATED)
_15849_/X                               0.750000    0.811705   -0.061705 (VIOLATED)
_12008_/A                               0.750000    0.811255   -0.061255 (VIOLATED)
_12926_/A2                              0.750000    0.811221   -0.061221 (VIOLATED)
_12914_/C                               0.750000    0.811219   -0.061219 (VIOLATED)
_12946_/C                               0.750000    0.811219   -0.061219 (VIOLATED)
_13308_/B                               0.750000    0.811213   -0.061213 (VIOLATED)
_12943_/A2                              0.750000    0.811205   -0.061205 (VIOLATED)
_13456_/A2                              0.750000    0.811189   -0.061189 (VIOLATED)
_12942_/B                               0.750000    0.811185   -0.061185 (VIOLATED)
_14081_/C                               0.750000    0.811184   -0.061184 (VIOLATED)
_13638_/B                               0.750000    0.810965   -0.060965 (VIOLATED)
_13641_/A2                              0.750000    0.810965   -0.060965 (VIOLATED)
fanout478/X                             0.750000    0.810965   -0.060965 (VIOLATED)
_11957_/X                               0.750000    0.810733   -0.060733 (VIOLATED)
_16195_/A_N                             0.750000    0.806581   -0.056581 (VIOLATED)
_16981_/A1                              0.750000    0.806580   -0.056580 (VIOLATED)
fanout1619/A                            0.750000    0.806579   -0.056579 (VIOLATED)
fanout1616/A                            0.750000    0.806578   -0.056578 (VIOLATED)
_17604_/A0                              0.750000    0.806569   -0.056569 (VIOLATED)
fanout1620/X                            0.750000    0.806569   -0.056569 (VIOLATED)
ANTENNA_306/DIODE                       0.750000    0.795584   -0.045584 (VIOLATED)
ANTENNA_308/DIODE                       0.750000    0.795584   -0.045584 (VIOLATED)
ANTENNA_302/DIODE                       0.750000    0.795584   -0.045584 (VIOLATED)
ANTENNA_304/DIODE                       0.750000    0.795584   -0.045584 (VIOLATED)
ANTENNA_300/DIODE                       0.750000    0.795583   -0.045583 (VIOLATED)
_17721_/A1                              0.750000    0.795583   -0.045583 (VIOLATED)
ANTENNA_299/DIODE                       0.750000    0.795583   -0.045583 (VIOLATED)
ANTENNA_301/DIODE                       0.750000    0.795583   -0.045583 (VIOLATED)
ANTENNA_303/DIODE                       0.750000    0.795583   -0.045583 (VIOLATED)
ANTENNA_305/DIODE                       0.750000    0.795582   -0.045582 (VIOLATED)
ANTENNA_307/DIODE                       0.750000    0.795582   -0.045582 (VIOLATED)
ANTENNA_309/DIODE                       0.750000    0.795581   -0.045581 (VIOLATED)
_17720_/X                               0.750000    0.795543   -0.045543 (VIOLATED)
_17616_/A1                              0.750000    0.794021   -0.044021 (VIOLATED)
ANTENNA_150/DIODE                       0.750000    0.794021   -0.044021 (VIOLATED)
_17615_/X                               0.750000    0.793982   -0.043982 (VIOLATED)
_11865_/B                               0.750000    0.792969   -0.042969 (VIOLATED)
_11877_/B                               0.750000    0.792954   -0.042954 (VIOLATED)
_11868_/B                               0.750000    0.792951   -0.042951 (VIOLATED)
_11920_/A                               0.750000    0.792945   -0.042945 (VIOLATED)
_11978_/A1                              0.750000    0.792936   -0.042936 (VIOLATED)
_11867_/B                               0.750000    0.792929   -0.042929 (VIOLATED)
_11876_/B                               0.750000    0.792924   -0.042924 (VIOLATED)
_11981_/A2                              0.750000    0.792923   -0.042923 (VIOLATED)
_12070_/A2                              0.750000    0.792923   -0.042923 (VIOLATED)
_12082_/D                               0.750000    0.792923   -0.042923 (VIOLATED)
fanout497/X                             0.750000    0.792923   -0.042923 (VIOLATED)
wire1647/A                              0.750000    0.792231   -0.042231 (VIOLATED)
ANTENNA_336/DIODE                       0.750000    0.792231   -0.042231 (VIOLATED)
_17589_/A0                              0.750000    0.792170   -0.042170 (VIOLATED)
fanout1646/X                            0.750000    0.792170   -0.042170 (VIOLATED)
_17932_/B2                              0.750000    0.789942   -0.039942 (VIOLATED)
_17982_/A2_N                            0.750000    0.789938   -0.039938 (VIOLATED)
_17963_/B                               0.750000    0.789932   -0.039932 (VIOLATED)
_17946_/B                               0.750000    0.789898   -0.039898 (VIOLATED)
_17996_/A2_N                            0.750000    0.789885   -0.039885 (VIOLATED)
_17735_/A3                              0.750000    0.789874   -0.039874 (VIOLATED)
_17749_/B1                              0.750000    0.789861   -0.039861 (VIOLATED)
_17756_/B1                              0.750000    0.789857   -0.039857 (VIOLATED)
_18136_/B                               0.750000    0.789856   -0.039856 (VIOLATED)
_17778_/A2                              0.750000    0.789848   -0.039848 (VIOLATED)
fanout278/X                             0.750000    0.789848   -0.039848 (VIOLATED)
_17798_/A1                              0.750000    0.788294   -0.038294 (VIOLATED)
_17797_/X                               0.750000    0.787788   -0.037788 (VIOLATED)
_16471_/B                               0.750000    0.785930   -0.035930 (VIOLATED)
_16700_/A1                              0.750000    0.785929   -0.035929 (VIOLATED)
_16193_/A1                              0.750000    0.785913   -0.035913 (VIOLATED)
_16979_/C                               0.750000    0.785913   -0.035913 (VIOLATED)
_16676_/A2                              0.750000    0.785872   -0.035872 (VIOLATED)
_16982_/A2                              0.750000    0.785830   -0.035830 (VIOLATED)
_17050_/B1                              0.750000    0.785803   -0.035803 (VIOLATED)
_16675_/B                               0.750000    0.785800   -0.035800 (VIOLATED)
_16120_/A                               0.750000    0.785800   -0.035800 (VIOLATED)
_17182_/A2                              0.750000    0.785789   -0.035789 (VIOLATED)
fanout395/X                             0.750000    0.785789   -0.035789 (VIOLATED)
_17742_/A1                              0.750000    0.776432   -0.026432 (VIOLATED)
ANTENNA_1/DIODE                         0.750000    0.776432   -0.026432 (VIOLATED)
ANTENNA_2/DIODE                         0.750000    0.776432   -0.026432 (VIOLATED)
_17741_/X                               0.750000    0.776360   -0.026360 (VIOLATED)
_17604_/A1                              0.750000    0.772534   -0.022534 (VIOLATED)
ANTENNA_144/DIODE                       0.750000    0.772533   -0.022533 (VIOLATED)
ANTENNA_146/DIODE                       0.750000    0.772533   -0.022533 (VIOLATED)
ANTENNA_143/DIODE                       0.750000    0.772533   -0.022533 (VIOLATED)
ANTENNA_145/DIODE                       0.750000    0.772533   -0.022533 (VIOLATED)
ANTENNA_147/DIODE                       0.750000    0.772532   -0.022532 (VIOLATED)
ANTENNA_148/DIODE                       0.750000    0.772532   -0.022532 (VIOLATED)
_17603_/X                               0.750000    0.772506   -0.022506 (VIOLATED)
_12442_/A                               0.750000    0.771482   -0.021482 (VIOLATED)
_10063_/B                               0.750000    0.770777   -0.020777 (VIOLATED)
_10051_/A2                              0.750000    0.770775   -0.020775 (VIOLATED)
_11262_/A2                              0.750000    0.770774   -0.020774 (VIOLATED)
_10083_/B                               0.750000    0.770774   -0.020774 (VIOLATED)
_10716_/A2                              0.750000    0.770773   -0.020773 (VIOLATED)
_11355_/A1                              0.750000    0.770772   -0.020772 (VIOLATED)
_11253_/B2                              0.750000    0.770772   -0.020772 (VIOLATED)
_10038_/B                               0.750000    0.770769   -0.020769 (VIOLATED)
_10070_/A2                              0.750000    0.770758   -0.020758 (VIOLATED)
_12384_/X                               0.750000    0.770751   -0.020751 (VIOLATED)
_10069_/B                               0.750000    0.770547   -0.020547 (VIOLATED)
fanout528/X                             0.750000    0.770547   -0.020547 (VIOLATED)
ANTENNA_186/DIODE                       0.750000    0.768861   -0.018861 (VIOLATED)
ANTENNA_184/DIODE                       0.750000    0.768861   -0.018861 (VIOLATED)
ANTENNA_182/DIODE                       0.750000    0.768860   -0.018860 (VIOLATED)
_17706_/A1                              0.750000    0.768860   -0.018860 (VIOLATED)
ANTENNA_181/DIODE                       0.750000    0.768859   -0.018859 (VIOLATED)
ANTENNA_183/DIODE                       0.750000    0.768859   -0.018859 (VIOLATED)
ANTENNA_185/DIODE                       0.750000    0.768859   -0.018859 (VIOLATED)
ANTENNA_187/DIODE                       0.750000    0.768858   -0.018858 (VIOLATED)
_17705_/X                               0.750000    0.768464   -0.018464 (VIOLATED)
_12192_/A1                              0.750000    0.766624   -0.016624 (VIOLATED)
_11854_/B                               0.750000    0.766624   -0.016624 (VIOLATED)
_12162_/B2                              0.750000    0.766623   -0.016623 (VIOLATED)
_11989_/A1                              0.750000    0.766622   -0.016622 (VIOLATED)
_12025_/A3                              0.750000    0.766621   -0.016621 (VIOLATED)
_11986_/A                               0.750000    0.766617   -0.016617 (VIOLATED)
_12114_/A                               0.750000    0.766600   -0.016600 (VIOLATED)
_11972_/A1                              0.750000    0.766594   -0.016594 (VIOLATED)
_11915_/A2                              0.750000    0.766593   -0.016593 (VIOLATED)
_11990_/A1                              0.750000    0.766593   -0.016593 (VIOLATED)
fanout501/X                             0.750000    0.766593   -0.016593 (VIOLATED)
_14785_/A3                              0.750000    0.764292   -0.014292 (VIOLATED)
_14307_/A2                              0.750000    0.764291   -0.014291 (VIOLATED)
_14791_/B                               0.750000    0.764290   -0.014290 (VIOLATED)
_14776_/B                               0.750000    0.764289   -0.014289 (VIOLATED)
_14997_/C                               0.750000    0.764276   -0.014276 (VIOLATED)
_14998_/C                               0.750000    0.764071   -0.014071 (VIOLATED)
_15155_/A                               0.750000    0.764071   -0.014071 (VIOLATED)
_15166_/A2                              0.750000    0.764071   -0.014071 (VIOLATED)
_15274_/B                               0.750000    0.764071   -0.014071 (VIOLATED)
_15542_/A2                              0.750000    0.764071   -0.014071 (VIOLATED)
fanout452/X                             0.750000    0.764071   -0.014071 (VIOLATED)
_18142_/C1                              0.750000    0.763827   -0.013827 (VIOLATED)
_18161_/B1                              0.750000    0.763413   -0.013413 (VIOLATED)
_18306_/A1                              0.750000    0.763410   -0.013410 (VIOLATED)
_12076_/A1                              0.750000    0.762438   -0.012438 (VIOLATED)
_12237_/B1                              0.750000    0.762437   -0.012437 (VIOLATED)
_12117_/B1                              0.750000    0.762431   -0.012431 (VIOLATED)
_11831_/A                               0.750000    0.762430   -0.012430 (VIOLATED)
_11830_/B1                              0.750000    0.762430   -0.012430 (VIOLATED)
_12246_/B1                              0.750000    0.762416   -0.012416 (VIOLATED)
_12002_/A1                              0.750000    0.762410   -0.012410 (VIOLATED)
_11910_/C1                              0.750000    0.762406   -0.012406 (VIOLATED)
_11930_/B                               0.750000    0.762405   -0.012405 (VIOLATED)
_11905_/B1                              0.750000    0.762404   -0.012404 (VIOLATED)
fanout774/X                             0.750000    0.762210   -0.012210 (VIOLATED)
_18160_/X                               0.750000    0.762131   -0.012131 (VIOLATED)
_17595_/A1                              0.750000    0.761922   -0.011923 (VIOLATED)
_17594_/X                               0.750000    0.761613   -0.011613 (VIOLATED)
fanout235/A                             0.750000    0.761290   -0.011290 (VIOLATED)
_09502_/Y                               0.750000    0.761272   -0.011272 (VIOLATED)
_17277_/C1                              0.750000    0.760413   -0.010413 (VIOLATED)
fanout1352/A                            0.750000    0.760388   -0.010388 (VIOLATED)
_16535_/B1                              0.750000    0.760378   -0.010378 (VIOLATED)
_16916_/C1                              0.750000    0.760377   -0.010377 (VIOLATED)
_16659_/B1                              0.750000    0.760373   -0.010373 (VIOLATED)
_17129_/B1                              0.750000    0.760371   -0.010371 (VIOLATED)
_16934_/C1                              0.750000    0.760370   -0.010370 (VIOLATED)
_16652_/A                               0.750000    0.760370   -0.010370 (VIOLATED)
_09481_/A                               0.750000    0.760364   -0.010364 (VIOLATED)
_17745_/A0                              0.750000    0.760339   -0.010339 (VIOLATED)
fanout1353/X                            0.750000    0.760339   -0.010339 (VIOLATED)
ANTENNA_252/DIODE                       0.750000    0.756405   -0.006405 (VIOLATED)
fanout1975/A                            0.750000    0.756405   -0.006405 (VIOLATED)
fanout1950/A                            0.750000    0.756366   -0.006366 (VIOLATED)
fanout1952/A                            0.750000    0.756359   -0.006359 (VIOLATED)
fanout1948/A                            0.750000    0.756306   -0.006306 (VIOLATED)
fanout1957/A                            0.750000    0.756284   -0.006284 (VIOLATED)
fanout1976/X                            0.750000    0.756284   -0.006284 (VIOLATED)
ANTENNA_20/DIODE                        0.750000    0.754971   -0.004971 (VIOLATED)
ANTENNA_16/DIODE                        0.750000    0.754971   -0.004971 (VIOLATED)
ANTENNA_18/DIODE                        0.750000    0.754971   -0.004971 (VIOLATED)
ANTENNA_14/DIODE                        0.750000    0.754971   -0.004971 (VIOLATED)
ANTENNA_12/DIODE                        0.750000    0.754971   -0.004971 (VIOLATED)
ANTENNA_10/DIODE                        0.750000    0.754971   -0.004971 (VIOLATED)
_17772_/A1                              0.750000    0.754970   -0.004970 (VIOLATED)
ANTENNA_11/DIODE                        0.750000    0.754970   -0.004970 (VIOLATED)
ANTENNA_13/DIODE                        0.750000    0.754970   -0.004970 (VIOLATED)
ANTENNA_15/DIODE                        0.750000    0.754969   -0.004970 (VIOLATED)
ANTENNA_17/DIODE                        0.750000    0.754969   -0.004969 (VIOLATED)
ANTENNA_19/DIODE                        0.750000    0.754969   -0.004969 (VIOLATED)
_17771_/X                               0.750000    0.754944   -0.004944 (VIOLATED)
_11392_/A                               0.750000    0.754286   -0.004287 (VIOLATED)
_11285_/A1                              0.750000    0.754282   -0.004282 (VIOLATED)
_11145_/B2                              0.750000    0.754277   -0.004277 (VIOLATED)
_11302_/B2                              0.750000    0.754248   -0.004248 (VIOLATED)
_10989_/A3                              0.750000    0.754207   -0.004208 (VIOLATED)
_10433_/C                               0.750000    0.754207   -0.004207 (VIOLATED)
_10657_/A1                              0.750000    0.754188   -0.004188 (VIOLATED)
_10179_/A                               0.750000    0.754183   -0.004183 (VIOLATED)
_10649_/B                               0.750000    0.754171   -0.004171 (VIOLATED)
_10837_/C                               0.750000    0.754168   -0.004168 (VIOLATED)
fanout520/X                             0.750000    0.754168   -0.004168 (VIOLATED)
_18706_/B1                              0.750000    0.752912   -0.002912 (VIOLATED)
_18709_/A                               0.750000    0.752910   -0.002910 (VIOLATED)
_18713_/B1                              0.750000    0.752907   -0.002907 (VIOLATED)
_18723_/A                               0.750000    0.752907   -0.002907 (VIOLATED)
fanout1866/A                            0.750000    0.752796   -0.002796 (VIOLATED)

max fanout

Pin                                   Limit Fanout  Slack
---------------------------------------------------------
clkbuf_leaf_4_clk/X                      10     16     -6 (VIOLATED)
clkbuf_leaf_20_clk/X                     10     15     -5 (VIOLATED)
clkbuf_leaf_22_clk/X                     10     15     -5 (VIOLATED)
clkbuf_leaf_2_clk/X                      10     15     -5 (VIOLATED)
clkbuf_leaf_31_clk/X                     10     15     -5 (VIOLATED)
clkbuf_leaf_32_clk/X                     10     15     -5 (VIOLATED)
clkbuf_leaf_33_clk/X                     10     15     -5 (VIOLATED)
clkbuf_leaf_35_clk/X                     10     15     -5 (VIOLATED)
clkbuf_leaf_3_clk/X                      10     15     -5 (VIOLATED)
clkbuf_leaf_44_clk/X                     10     15     -5 (VIOLATED)
clkbuf_leaf_47_clk/X                     10     15     -5 (VIOLATED)
clkbuf_leaf_48_clk/X                     10     15     -5 (VIOLATED)
clkbuf_leaf_49_clk/X                     10     15     -5 (VIOLATED)
clkbuf_leaf_51_clk/X                     10     15     -5 (VIOLATED)
clkbuf_leaf_54_clk/X                     10     15     -5 (VIOLATED)
clkbuf_leaf_55_clk/X                     10     15     -5 (VIOLATED)
clkbuf_leaf_58_clk/X                     10     15     -5 (VIOLATED)
clkbuf_leaf_59_clk/X                     10     15     -5 (VIOLATED)
clkbuf_leaf_8_clk/X                      10     15     -5 (VIOLATED)
clkbuf_leaf_9_clk/X                      10     15     -5 (VIOLATED)
clkbuf_leaf_10_clk/X                     10     14     -4 (VIOLATED)
clkbuf_leaf_11_clk/X                     10     14     -4 (VIOLATED)
clkbuf_leaf_15_clk/X                     10     14     -4 (VIOLATED)
clkbuf_leaf_16_clk/X                     10     14     -4 (VIOLATED)
clkbuf_leaf_18_clk/X                     10     14     -4 (VIOLATED)
clkbuf_leaf_19_clk/X                     10     14     -4 (VIOLATED)
clkbuf_leaf_21_clk/X                     10     14     -4 (VIOLATED)
clkbuf_leaf_23_clk/X                     10     14     -4 (VIOLATED)
clkbuf_leaf_27_clk/X                     10     14     -4 (VIOLATED)
clkbuf_leaf_29_clk/X                     10     14     -4 (VIOLATED)
clkbuf_leaf_30_clk/X                     10     14     -4 (VIOLATED)
clkbuf_leaf_34_clk/X                     10     14     -4 (VIOLATED)
clkbuf_leaf_38_clk/X                     10     14     -4 (VIOLATED)
clkbuf_leaf_39_clk/X                     10     14     -4 (VIOLATED)
clkbuf_leaf_40_clk/X                     10     14     -4 (VIOLATED)
clkbuf_leaf_41_clk/X                     10     14     -4 (VIOLATED)
clkbuf_leaf_42_clk/X                     10     14     -4 (VIOLATED)
clkbuf_leaf_43_clk/X                     10     14     -4 (VIOLATED)
clkbuf_leaf_45_clk/X                     10     14     -4 (VIOLATED)
clkbuf_leaf_50_clk/X                     10     14     -4 (VIOLATED)
clkbuf_leaf_52_clk/X                     10     14     -4 (VIOLATED)
clkbuf_leaf_53_clk/X                     10     14     -4 (VIOLATED)
clkbuf_leaf_56_clk/X                     10     14     -4 (VIOLATED)
clkbuf_leaf_57_clk/X                     10     14     -4 (VIOLATED)
clkbuf_leaf_5_clk/X                      10     14     -4 (VIOLATED)
clkbuf_leaf_6_clk/X                      10     14     -4 (VIOLATED)
clkbuf_leaf_7_clk/X                      10     14     -4 (VIOLATED)
clkbuf_leaf_12_clk/X                     10     13     -3 (VIOLATED)
clkbuf_leaf_14_clk/X                     10     13     -3 (VIOLATED)
clkbuf_leaf_17_clk/X                     10     13     -3 (VIOLATED)
clkbuf_leaf_24_clk/X                     10     13     -3 (VIOLATED)
clkbuf_leaf_28_clk/X                     10     13     -3 (VIOLATED)
clkbuf_leaf_46_clk/X                     10     13     -3 (VIOLATED)
_17502_/X                                10     12     -2 (VIOLATED)
_17612_/X                                10     12     -2 (VIOLATED)
_17720_/X                                10     12     -2 (VIOLATED)
_17744_/X                                10     12     -2 (VIOLATED)
_17771_/X                                10     12     -2 (VIOLATED)
clkbuf_leaf_1_clk/X                      10     12     -2 (VIOLATED)
wire20/X                                 10     12     -2 (VIOLATED)
_15890_/Y                                10     11        (VIOLATED)
_17850_/X                                10     11        (VIOLATED)
clkbuf_leaf_26_clk/X                     10     11        (VIOLATED)
clkbuf_leaf_36_clk/X                     10     11        (VIOLATED)
fanout373/X                              10     11        (VIOLATED)



===========================================================================
report_parasitic_annotation -report_unannotated
============================================================================
Found 61 unannotated drivers.
 uio_in[5]
 uio_in[6]
 uio_in[7]
 clkload0/X
 clkload1/X
 clkload10/X
 clkload11/X
 clkload12/Y
 clkload13/X
 clkload14/X
 clkload15/Y
 clkload16/Y
 clkload17/Y
 clkload18/Y
 clkload19/X
 clkload2/Y
 clkload20/X
 clkload21/X
 clkload22/X
 clkload23/X
 clkload24/X
 clkload25/X
 clkload26/X
 clkload27/X
 clkload28/X
 clkload29/X
 clkload3/X
 clkload30/X
 clkload31/Y
 clkload32/X
 clkload33/X
 clkload34/X
 clkload35/X
 clkload36/X
 clkload37/X
 clkload38/X
 clkload39/X
 clkload4/X
 clkload40/X
 clkload41/X
 clkload42/Y
 clkload43/X
 clkload44/X
 clkload5/Y
 clkload6/X
 clkload7/X
 clkload8/X
 clkload9/X
 tt_um_aes128_baseline/HI
 tt_um_aes128_baseline_2080/HI
 tt_um_aes128_baseline_2081/HI
 tt_um_aes128_baseline_2082/HI
 tt_um_aes128_baseline_2083/HI
 tt_um_aes128_baseline_2084/HI
 tt_um_aes128_baseline_2085/HI
 tt_um_aes128_baseline_2086/HI
 tt_um_aes128_baseline_2087/HI
 tt_um_aes128_baseline_2088/HI
 tt_um_aes128_baseline_2089/LO
 tt_um_aes128_baseline_2090/LO
 tt_um_aes128_baseline_2091/LO
Found 0 partially unannotated drivers.

===========================================================================
max slew violation count 400
max fanout violation count 65
max cap violation count 0
============================================================================

===========================================================================
check_setup -verbose -unconstrained_endpoints -multiple_clock -no_clock -no_input_delay -loops -generated_clocks
===========================================================================
