Clock: clk
Sources: clk 
Generated: no
Virtual: yes
Propagated: no
Period: 20.000000

===========================================================================
report_clock_properties
============================================================================
Clock                   Period          Waveform
----------------------------------------------------
clk                  20.000000    0.000000 10.000000

===========================================================================
report_clock_latency
============================================================================
Clock clk
rise -> rise
    min     max
0.000000 0.000000 source latency
1.228235         network latency _19338_/CLK
        1.304723 network latency _18958_/CLK
---------------
1.228235 1.304723 latency
        0.076488 skew

fall -> fall
    min     max
0.000000 0.000000 source latency
0.959393         network latency _19014_/CLK
        1.013128 network latency _18958_/CLK
---------------
0.959393 1.013128 latency
        0.053736 skew



===========================================================================
report_clock_min_period
============================================================================
clk period_min = 9.08 fmax = 110.08
