┏━━━━━━━━━━━━━━━━━━━━━━┳━━━━━━━━━━┳━━━━━━━━━━┳━━━━━━━━━━┳━━━━━━━━━━┳━━━━━━━━━━━┳━━━━━━━━━━┳━━━━━━━━━━━┳━━━━━━━━━━┳━━━━━━━━━━━┳━━━━━━━━━━┳━━━━━━━━━━━┳━━━━━━━━━━┓
┃                      ┃ Hold     ┃ Reg to   ┃          ┃          ┃ of which  ┃ Setup    ┃           ┃          ┃           ┃ of which ┃           ┃          ┃
┃                      ┃ Worst    ┃ Reg      ┃          ┃ Hold Vio ┃ reg to    ┃ Worst    ┃ Reg to    ┃ Setup    ┃ Setup Vio ┃ reg to   ┃ Max Cap   ┃ Max Slew ┃
┃ Corner/Group         ┃ Slack    ┃ Paths    ┃ Hold TNS ┃ Count    ┃ reg       ┃ Slack    ┃ Reg Paths ┃ TNS      ┃ Count     ┃ reg      ┃ Violatio… ┃ Violati… ┃
┡━━━━━━━━━━━━━━━━━━━━━━╇━━━━━━━━━━╇━━━━━━━━━━╇━━━━━━━━━━╇━━━━━━━━━━╇━━━━━━━━━━━╇━━━━━━━━━━╇━━━━━━━━━━━╇━━━━━━━━━━╇━━━━━━━━━━━╇━━━━━━━━━━╇━━━━━━━━━━━╇━━━━━━━━━━┩
│ Overall              │ 0.0090   │ 0.0090   │ 0.0000   │ 0        │ 0         │ 53.5088  │ 82.8330   │ 0.0000   │ 0         │ 0        │ 17        │ 3403     │
│ nom_tt_025C_1v80     │ 0.1487   │ 0.1487   │ 0.0000   │ 0        │ 0         │ 63.3611  │ 91.5258   │ 0.0000   │ 0         │ 0        │ 16        │ 3101     │
│ nom_ss_100C_1v60     │ 0.5429   │ 0.5429   │ 0.0000   │ 0        │ 0         │ 53.5088  │ 82.8330   │ 0.0000   │ 0         │ 0        │ 17        │ 3403     │
│ nom_ff_n40C_1v95     │ 0.0090   │ 0.0090   │ 0.0000   │ 0        │ 0         │ 67.8753  │ 94.8919   │ 0.0000   │ 0         │ 0        │ 16        │ 2815     │
└──────────────────────┴──────────┴──────────┴──────────┴──────────┴───────────┴──────────┴───────────┴──────────┴───────────┴──────────┴───────────┴──────────┘
