
===========================================================================
report_checks -unconstrained
===========================================================================
======================= nom_ff_n40C_1v95 Corner ===================================

Startpoint: rst_n (input port clocked by clk)
Endpoint: _18983_ (recovery check against rising-edge clock clk)
Path Group: asynchronous
Path Type: max

Fanout         Cap        Slew       Delay        Time   Description
---------------------------------------------------------------------------------------------
                                  0.000000    0.000000   clock clk (rise edge)
                                  0.000000    0.000000   clock network delay (propagated)
                                  4.000000    4.000000 ^ input external delay
     1    0.002945    0.014433    0.007625    4.007625 ^ rst_n (in)
                                                         rst_n (net)
                      0.014438    0.000000    4.007625 ^ input2/A (sky130_fd_sc_hd__clkdlybuf4s25_1)
     1    0.003617    0.037287    0.157511    4.165136 ^ input2/X (sky130_fd_sc_hd__clkdlybuf4s25_1)
                                                         net2 (net)
                      0.037287    0.000118    4.165254 ^ fanout2077/A (sky130_fd_sc_hd__clkdlybuf4s25_1)
     5    0.171526    1.267830    1.008730    5.173983 ^ fanout2077/X (sky130_fd_sc_hd__clkdlybuf4s25_1)
                                                         net2077 (net)
                      1.267836    0.002474    5.176457 ^ fanout2011/A (sky130_fd_sc_hd__clkdlybuf4s25_1)
     2    0.040417    0.304787    0.376550    5.553007 ^ fanout2011/X (sky130_fd_sc_hd__clkdlybuf4s25_1)
                                                         net2011 (net)
                      0.304787    0.000410    5.553417 ^ _09509_/B (sky130_fd_sc_hd__and2_2)
     1    0.007567    0.045301    0.131817    5.685234 ^ _09509_/X (sky130_fd_sc_hd__and2_2)
                                                         core_reset_n (net)
                      0.045303    0.000364    5.685598 ^ fanout1987/A (sky130_fd_sc_hd__clkdlybuf4s25_1)
     3    0.022176    0.170959    0.260367    5.945965 ^ fanout1987/X (sky130_fd_sc_hd__clkdlybuf4s25_1)
                                                         net1987 (net)
                      0.170959    0.000537    5.946502 ^ load_slew1990/A (sky130_fd_sc_hd__buf_2)
     3    0.060988    0.224013    0.225713    6.172215 ^ load_slew1990/X (sky130_fd_sc_hd__buf_2)
                                                         net1990 (net)
                      0.224523    0.008779    6.180994 ^ load_slew1989/A (sky130_fd_sc_hd__clkbuf_4)
     3    0.097475    0.222299    0.261991    6.442985 ^ load_slew1989/X (sky130_fd_sc_hd__clkbuf_4)
                                                         net1989 (net)
                      0.222503    0.005547    6.448531 ^ fanout1976/A (sky130_fd_sc_hd__clkdlybuf4s25_1)
     6    0.085373    0.633363    0.600924    7.049456 ^ fanout1976/X (sky130_fd_sc_hd__clkdlybuf4s25_1)
                                                         net1976 (net)
                      0.633834    0.014375    7.063830 ^ fanout1975/A (sky130_fd_sc_hd__clkdlybuf4s25_1)
     6    0.064936    0.482963    0.512388    7.576219 ^ fanout1975/X (sky130_fd_sc_hd__clkdlybuf4s25_1)
                                                         net1975 (net)
                      0.482966    0.001085    7.577304 ^ fanout1973/A (sky130_fd_sc_hd__clkdlybuf4s25_1)
     2    0.006905    0.060442    0.216581    7.793886 ^ fanout1973/X (sky130_fd_sc_hd__clkdlybuf4s25_1)
                                                         net1973 (net)
                      0.060442    0.000175    7.794061 ^ load_slew1974/A (sky130_fd_sc_hd__clkbuf_4)
     8    0.048255    0.114639    0.153936    7.947997 ^ load_slew1974/X (sky130_fd_sc_hd__clkbuf_4)
                                                         net1974 (net)
                      0.114718    0.002490    7.950487 ^ fanout1971/A (sky130_fd_sc_hd__clkdlybuf4s25_1)
     2    0.009372    0.078054    0.210292    8.160779 ^ fanout1971/X (sky130_fd_sc_hd__clkdlybuf4s25_1)
                                                         net1971 (net)
                      0.078054    0.000179    8.160957 ^ fanout1969/A (sky130_fd_sc_hd__clkdlybuf4s25_1)
     2    0.008650    0.072883    0.199265    8.360222 ^ fanout1969/X (sky130_fd_sc_hd__clkdlybuf4s25_1)
                                                         net1969 (net)
                      0.072883    0.000266    8.360488 ^ load_slew1970/A (sky130_fd_sc_hd__buf_4)
     9    0.046444    0.100531    0.132728    8.493216 ^ load_slew1970/X (sky130_fd_sc_hd__buf_4)
                                                         net1970 (net)
                      0.100611    0.002317    8.495533 ^ _18983_/RESET_B (sky130_fd_sc_hd__dfrtp_2)
                                              8.495533   data arrival time

                                 20.000000   20.000000   clock clk (rise edge)
                                  0.000000   20.000000   clock source latency
     2    0.151928    0.513504    0.366061   20.366062 ^ clk (in)
                                                         clk (net)
                      0.515057    0.000000   20.366062 ^ clkbuf_0_clk/A (sky130_fd_sc_hd__clkbuf_16)
     8    0.133574    0.117679    0.198321   20.564383 ^ clkbuf_0_clk/X (sky130_fd_sc_hd__clkbuf_16)
                                                         clknet_0_clk (net)
                      0.119360    0.010935   20.575317 ^ clkbuf_3_5_0_clk/A (sky130_fd_sc_hd__clkbuf_8)
     8    0.104773    0.141033    0.186567   20.761885 ^ clkbuf_3_5_0_clk/X (sky130_fd_sc_hd__clkbuf_8)
                                                         clknet_3_5_0_clk (net)
                      0.141143    0.003242   20.765127 ^ clkbuf_leaf_29_clk/A (sky130_fd_sc_hd__clkbuf_8)
    14    0.051594    0.076175    0.144169   20.909296 ^ clkbuf_leaf_29_clk/X (sky130_fd_sc_hd__clkbuf_8)
                                                         clknet_leaf_29_clk (net)
                      0.076183    0.000878   20.910173 ^ _18983_/CLK (sky130_fd_sc_hd__dfrtp_2)
                                 -0.250000   20.660175   clock uncertainty
                                  0.000000   20.660175   clock reconvergence pessimism
                                  0.122857   20.783031   library recovery time
                                             20.783031   data required time
---------------------------------------------------------------------------------------------
                                             20.783031   data required time
                                             -8.495533   data arrival time
---------------------------------------------------------------------------------------------
                                             12.287498   slack (MET)


Startpoint: _19530_ (rising edge-triggered flip-flop clocked by clk)
Endpoint: uio_out[7] (output port clocked by clk)
Path Group: clk
Path Type: max

Fanout         Cap        Slew       Delay        Time   Description
---------------------------------------------------------------------------------------------
                                  0.000000    0.000000   clock clk (rise edge)
                                  0.000000    0.000000   clock source latency
     2    0.151928    0.513504    0.366061    0.366061 ^ clk (in)
                                                         clk (net)
                      0.515057    0.000000    0.366061 ^ clkbuf_0_clk/A (sky130_fd_sc_hd__clkbuf_16)
     8    0.133574    0.117679    0.198322    0.564383 ^ clkbuf_0_clk/X (sky130_fd_sc_hd__clkbuf_16)
                                                         clknet_0_clk (net)
                      0.122044    0.017777    0.582160 ^ clkbuf_3_2_0_clk/A (sky130_fd_sc_hd__clkbuf_8)
     8    0.098521    0.133124    0.182243    0.764403 ^ clkbuf_3_2_0_clk/X (sky130_fd_sc_hd__clkbuf_8)
                                                         clknet_3_2_0_clk (net)
                      0.133588    0.006320    0.770723 ^ clkbuf_leaf_13_clk/A (sky130_fd_sc_hd__clkbuf_8)
    10    0.065707    0.093123    0.155724    0.926447 ^ clkbuf_leaf_13_clk/X (sky130_fd_sc_hd__clkbuf_8)
                                                         clknet_leaf_13_clk (net)
                      0.093209    0.001675    0.928123 ^ _19530_/CLK (sky130_fd_sc_hd__dfrtp_2)
     1    0.003706    0.028974    0.255316    1.183439 v _19530_/Q (sky130_fd_sc_hd__dfrtp_2)
                                                         busy_wire (net)
                      0.029286    0.000123    1.183562 v fanout899/A (sky130_fd_sc_hd__clkdlybuf4s25_1)
     8    0.124989    0.623126    0.596282    1.779844 v fanout899/X (sky130_fd_sc_hd__clkdlybuf4s25_1)
                                                         net899 (net)
                      0.623295    0.008782    1.788626 v fanout888/A (sky130_fd_sc_hd__clkdlybuf4s25_1)
     3    0.033721    0.172537    0.411698    2.200324 v fanout888/X (sky130_fd_sc_hd__clkdlybuf4s25_1)
                                                         net888 (net)
                      0.172537    0.000659    2.200983 v fanout885/A (sky130_fd_sc_hd__clkdlybuf4s25_1)
     3    0.011150    0.064655    0.239102    2.440085 v fanout885/X (sky130_fd_sc_hd__clkdlybuf4s25_1)
                                                         net885 (net)
                      0.064655    0.000237    2.440322 v load_slew886/A (sky130_fd_sc_hd__buf_4)
     8    0.055534    0.061158    0.138688    2.579010 v load_slew886/X (sky130_fd_sc_hd__buf_4)
                                                         net886 (net)
                      0.061849    0.005139    2.584149 v _09507_/A (sky130_fd_sc_hd__or3_2)
     1    0.010709    0.067886    0.301156    2.885305 v _09507_/X (sky130_fd_sc_hd__or3_2)
                                                         _01354_ (net)
                      0.067888    0.000433    2.885738 v _09508_/D (sky130_fd_sc_hd__nor4_4)
     1    0.056818    0.570539    0.424703    3.310441 ^ _09508_/Y (sky130_fd_sc_hd__nor4_4)
                                                         ready_wire (net)
                      0.570619    0.005546    3.315987 ^ wire234/A (sky130_fd_sc_hd__clkbuf_2)
     2    0.038745    0.165040    0.198855    3.514842 ^ wire234/X (sky130_fd_sc_hd__clkbuf_2)
                                                         net234 (net)
                      0.165278    0.005093    3.519934 ^ wire233/A (sky130_fd_sc_hd__clkbuf_2)
     2    0.031294    0.133725    0.162061    3.681996 ^ wire233/X (sky130_fd_sc_hd__clkbuf_2)
                                                         net233 (net)
                      0.133857    0.003427    3.685422 ^ _19547_/A (sky130_fd_sc_hd__buf_2)
     1    0.034697    0.129717    0.161990    3.847412 ^ _19547_/X (sky130_fd_sc_hd__buf_2)
                                                         uio_out[7] (net)
                      0.129719    0.000772    3.848184 ^ uio_out[7] (out)
                                              3.848184   data arrival time

                                 20.000000   20.000000   clock clk (rise edge)
                                  0.000000   20.000000   clock network delay (propagated)
                                 -0.250000   19.750002   clock uncertainty
                                  0.000000   19.750002   clock reconvergence pessimism
                                 -4.000000   15.750001   output external delay
                                             15.750001   data required time
---------------------------------------------------------------------------------------------
                                             15.750001   data required time
                                             -3.848184   data arrival time
---------------------------------------------------------------------------------------------
                                             11.901816   slack (MET)




===========================================================================
report_checks --slack_max -0.01
============================================================================
======================= nom_ff_n40C_1v95 Corner ===================================

No paths found.


===========================================================================
 report_check_types -max_slew -max_cap -max_fanout -violators
============================================================================
======================= nom_ff_n40C_1v95 Corner ===================================

max slew

Pin                                        Limit        Slew       Slack
------------------------------------------------------------------------
fanout2076/A                            0.750000    1.268521   -0.518521 (VIOLATED)
fanout2055/A                            0.750000    1.268367   -0.518367 (VIOLATED)
fanout2060/A                            0.750000    1.268349   -0.518349 (VIOLATED)
fanout2044/A                            0.750000    1.267992   -0.517992 (VIOLATED)
fanout2011/A                            0.750000    1.267836   -0.517836 (VIOLATED)
fanout2077/X                            0.750000    1.267830   -0.517830 (VIOLATED)
_17860_/A1                              0.750000    1.084660   -0.334660 (VIOLATED)
_17835_/A1                              0.750000    1.084655   -0.334655 (VIOLATED)
_17810_/A1                              0.750000    1.084651   -0.334651 (VIOLATED)
_17549_/A1                              0.750000    1.084614   -0.334614 (VIOLATED)
_17524_/A1                              0.750000    1.084573   -0.334573 (VIOLATED)
fanout900/A                             0.750000    1.084533   -0.334534 (VIOLATED)
_17964_/A1                              0.750000    1.084531   -0.334531 (VIOLATED)
_17785_/A1                              0.750000    1.084517   -0.334517 (VIOLATED)
_17731_/A1                              0.750000    1.084517   -0.334517 (VIOLATED)
fanout901/X                             0.750000    1.084513   -0.334513 (VIOLATED)
_12267_/A1                              0.750000    0.974184   -0.224184 (VIOLATED)
_11836_/A1                              0.750000    0.974176   -0.224176 (VIOLATED)
_15783_/A1                              0.750000    0.974064   -0.224064 (VIOLATED)
_15869_/A1                              0.750000    0.973985   -0.223985 (VIOLATED)
_15860_/A1                              0.750000    0.973985   -0.223985 (VIOLATED)
_09503_/A                               0.750000    0.973984   -0.223984 (VIOLATED)
_15846_/A1                              0.750000    0.973984   -0.223984 (VIOLATED)
_15845_/B                               0.750000    0.973981   -0.223981 (VIOLATED)
_15859_/B                               0.750000    0.973979   -0.223979 (VIOLATED)
_18136_/A                               0.750000    0.973969   -0.223969 (VIOLATED)
fanout235/X                             0.750000    0.973962   -0.223962 (VIOLATED)
fanout898/A                             0.750000    0.933794   -0.183794 (VIOLATED)
ANTENNA_246/DIODE                       0.750000    0.933791   -0.183791 (VIOLATED)
fanout892/A                             0.750000    0.933661   -0.183661 (VIOLATED)
ANTENNA_245/DIODE                       0.750000    0.933659   -0.183660 (VIOLATED)
fanout888/A                             0.750000    0.933218   -0.183218 (VIOLATED)
fanout884/A                             0.750000    0.933158   -0.183158 (VIOLATED)
fanout881/A                             0.750000    0.933113   -0.183113 (VIOLATED)
fanout882/A                             0.750000    0.933112   -0.183112 (VIOLATED)
fanout899/X                             0.750000    0.933100   -0.183100 (VIOLATED)
_18410_/B2                              0.750000    0.894287   -0.144287 (VIOLATED)
_18418_/B2                              0.750000    0.894237   -0.144237 (VIOLATED)
_18414_/B2                              0.750000    0.894235   -0.144235 (VIOLATED)
_18416_/B2                              0.750000    0.894229   -0.144229 (VIOLATED)
_18420_/B2                              0.750000    0.894203   -0.144203 (VIOLATED)
_18422_/B2                              0.750000    0.894146   -0.144146 (VIOLATED)
_18412_/B2                              0.750000    0.894073   -0.144073 (VIOLATED)
_18725_/C                               0.750000    0.893227   -0.143227 (VIOLATED)
ANTENNA_240/DIODE                       0.750000    0.893226   -0.143226 (VIOLATED)
_18312_/B                               0.750000    0.893138   -0.143138 (VIOLATED)
_18733_/A4                              0.750000    0.893123   -0.143123 (VIOLATED)
fanout373/X                             0.750000    0.893121   -0.143121 (VIOLATED)
fanout1627/A                            0.750000    0.889326   -0.139326 (VIOLATED)
fanout1626/A                            0.750000    0.889258   -0.139258 (VIOLATED)
_10399_/C1                              0.750000    0.889254   -0.139254 (VIOLATED)
_11197_/B1                              0.750000    0.889221   -0.139222 (VIOLATED)
_17598_/A0                              0.750000    0.889047   -0.139047 (VIOLATED)
fanout1628/X                            0.750000    0.889044   -0.139044 (VIOLATED)
fanout177/A                             0.750000    0.882518   -0.132518 (VIOLATED)
ANTENNA_237/DIODE                       0.750000    0.882518   -0.132518 (VIOLATED)
ANTENNA_236/DIODE                       0.750000    0.882503   -0.132503 (VIOLATED)
fanout170/A                             0.750000    0.882497   -0.132497 (VIOLATED)
fanout168/A                             0.750000    0.882470   -0.132470 (VIOLATED)
ANTENNA_235/DIODE                       0.750000    0.882469   -0.132469 (VIOLATED)
fanout166/A                             0.750000    0.882434   -0.132434 (VIOLATED)
ANTENNA_234/DIODE                       0.750000    0.882432   -0.132433 (VIOLATED)
fanout163/A                             0.750000    0.882321   -0.132321 (VIOLATED)
fanout155/A                             0.750000    0.882286   -0.132286 (VIOLATED)
fanout178/X                             0.750000    0.882281   -0.132281 (VIOLATED)
_17601_/A1                              0.750000    0.858487   -0.108487 (VIOLATED)
_17600_/X                               0.750000    0.857332   -0.107332 (VIOLATED)
_17509_/A1                              0.750000    0.831716   -0.081716 (VIOLATED)
_17508_/X                               0.750000    0.830250   -0.080250 (VIOLATED)
_11702_/A1                              0.750000    0.825431   -0.075431 (VIOLATED)
_11746_/A1                              0.750000    0.825416   -0.075416 (VIOLATED)
fanout1059/A                            0.750000    0.825322   -0.075322 (VIOLATED)
_11413_/A                               0.750000    0.824731   -0.074731 (VIOLATED)
_17889_/A1                              0.750000    0.824717   -0.074717 (VIOLATED)
fanout1060/X                            0.750000    0.824709   -0.074709 (VIOLATED)
_16423_/B                               0.750000    0.810810   -0.060810 (VIOLATED)
_16422_/X                               0.750000    0.807778   -0.057778 (VIOLATED)
_17518_/A1                              0.750000    0.805876   -0.055877 (VIOLATED)
_17517_/X                               0.750000    0.805181   -0.055181 (VIOLATED)
fanout964/A                             0.750000    0.797250   -0.047250 (VIOLATED)
fanout963/A                             0.750000    0.797220   -0.047220 (VIOLATED)
fanout962/A                             0.750000    0.797183   -0.047183 (VIOLATED)
ANTENNA_333/DIODE                       0.750000    0.797180   -0.047180 (VIOLATED)
_12213_/A                               0.750000    0.796418   -0.046418 (VIOLATED)
_17918_/A1                              0.750000    0.796416   -0.046416 (VIOLATED)
fanout965/X                             0.750000    0.796412   -0.046412 (VIOLATED)
_15825_/B                               0.750000    0.791379   -0.041379 (VIOLATED)
_15824_/X                               0.750000    0.790205   -0.040205 (VIOLATED)
_18163_/B1                              0.750000    0.788490   -0.038490 (VIOLATED)
_18307_/A1                              0.750000    0.788482   -0.038482 (VIOLATED)
_18162_/X                               0.750000    0.779867   -0.029867 (VIOLATED)
_17256_/B                               0.750000    0.777786   -0.027786 (VIOLATED)
_17255_/X                               0.750000    0.775221   -0.025221 (VIOLATED)
ANTENNA_297/DIODE                       0.750000    0.765140   -0.015140 (VIOLATED)
ANTENNA_295/DIODE                       0.750000    0.765140   -0.015140 (VIOLATED)
ANTENNA_293/DIODE                       0.750000    0.765140   -0.015140 (VIOLATED)
ANTENNA_291/DIODE                       0.750000    0.765140   -0.015140 (VIOLATED)
_17613_/A1                              0.750000    0.765139   -0.015140 (VIOLATED)
ANTENNA_289/DIODE                       0.750000    0.765139   -0.015139 (VIOLATED)
ANTENNA_288/DIODE                       0.750000    0.765136   -0.015136 (VIOLATED)
ANTENNA_290/DIODE                       0.750000    0.765133   -0.015133 (VIOLATED)
ANTENNA_292/DIODE                       0.750000    0.765133   -0.015133 (VIOLATED)
ANTENNA_294/DIODE                       0.750000    0.765132   -0.015132 (VIOLATED)
ANTENNA_296/DIODE                       0.750000    0.765132   -0.015132 (VIOLATED)
ANTENNA_298/DIODE                       0.750000    0.765132   -0.015132 (VIOLATED)
_17612_/X                               0.750000    0.764984   -0.014984 (VIOLATED)

max fanout

Pin                                   Limit Fanout  Slack
---------------------------------------------------------
clkbuf_leaf_4_clk/X                      10     16     -6 (VIOLATED)
clkbuf_leaf_20_clk/X                     10     15     -5 (VIOLATED)
clkbuf_leaf_22_clk/X                     10     15     -5 (VIOLATED)
clkbuf_leaf_2_clk/X                      10     15     -5 (VIOLATED)
clkbuf_leaf_31_clk/X                     10     15     -5 (VIOLATED)
clkbuf_leaf_32_clk/X                     10     15     -5 (VIOLATED)
clkbuf_leaf_33_clk/X                     10     15     -5 (VIOLATED)
clkbuf_leaf_35_clk/X                     10     15     -5 (VIOLATED)
clkbuf_leaf_3_clk/X                      10     15     -5 (VIOLATED)
clkbuf_leaf_44_clk/X                     10     15     -5 (VIOLATED)
clkbuf_leaf_47_clk/X                     10     15     -5 (VIOLATED)
clkbuf_leaf_48_clk/X                     10     15     -5 (VIOLATED)
clkbuf_leaf_49_clk/X                     10     15     -5 (VIOLATED)
clkbuf_leaf_51_clk/X                     10     15     -5 (VIOLATED)
clkbuf_leaf_54_clk/X                     10     15     -5 (VIOLATED)
clkbuf_leaf_55_clk/X                     10     15     -5 (VIOLATED)
clkbuf_leaf_58_clk/X                     10     15     -5 (VIOLATED)
clkbuf_leaf_59_clk/X                     10     15     -5 (VIOLATED)
clkbuf_leaf_8_clk/X                      10     15     -5 (VIOLATED)
clkbuf_leaf_9_clk/X                      10     15     -5 (VIOLATED)
clkbuf_leaf_10_clk/X                     10     14     -4 (VIOLATED)
clkbuf_leaf_11_clk/X                     10     14     -4 (VIOLATED)
clkbuf_leaf_15_clk/X                     10     14     -4 (VIOLATED)
clkbuf_leaf_16_clk/X                     10     14     -4 (VIOLATED)
clkbuf_leaf_18_clk/X                     10     14     -4 (VIOLATED)
clkbuf_leaf_19_clk/X                     10     14     -4 (VIOLATED)
clkbuf_leaf_21_clk/X                     10     14     -4 (VIOLATED)
clkbuf_leaf_23_clk/X                     10     14     -4 (VIOLATED)
clkbuf_leaf_27_clk/X                     10     14     -4 (VIOLATED)
clkbuf_leaf_29_clk/X                     10     14     -4 (VIOLATED)
clkbuf_leaf_30_clk/X                     10     14     -4 (VIOLATED)
clkbuf_leaf_34_clk/X                     10     14     -4 (VIOLATED)
clkbuf_leaf_38_clk/X                     10     14     -4 (VIOLATED)
clkbuf_leaf_39_clk/X                     10     14     -4 (VIOLATED)
clkbuf_leaf_40_clk/X                     10     14     -4 (VIOLATED)
clkbuf_leaf_41_clk/X                     10     14     -4 (VIOLATED)
clkbuf_leaf_42_clk/X                     10     14     -4 (VIOLATED)
clkbuf_leaf_43_clk/X                     10     14     -4 (VIOLATED)
clkbuf_leaf_45_clk/X                     10     14     -4 (VIOLATED)
clkbuf_leaf_50_clk/X                     10     14     -4 (VIOLATED)
clkbuf_leaf_52_clk/X                     10     14     -4 (VIOLATED)
clkbuf_leaf_53_clk/X                     10     14     -4 (VIOLATED)
clkbuf_leaf_56_clk/X                     10     14     -4 (VIOLATED)
clkbuf_leaf_57_clk/X                     10     14     -4 (VIOLATED)
clkbuf_leaf_5_clk/X                      10     14     -4 (VIOLATED)
clkbuf_leaf_6_clk/X                      10     14     -4 (VIOLATED)
clkbuf_leaf_7_clk/X                      10     14     -4 (VIOLATED)
clkbuf_leaf_12_clk/X                     10     13     -3 (VIOLATED)
clkbuf_leaf_14_clk/X                     10     13     -3 (VIOLATED)
clkbuf_leaf_17_clk/X                     10     13     -3 (VIOLATED)
clkbuf_leaf_24_clk/X                     10     13     -3 (VIOLATED)
clkbuf_leaf_28_clk/X                     10     13     -3 (VIOLATED)
clkbuf_leaf_46_clk/X                     10     13     -3 (VIOLATED)
_17502_/X                                10     12     -2 (VIOLATED)
_17612_/X                                10     12     -2 (VIOLATED)
_17720_/X                                10     12     -2 (VIOLATED)
_17744_/X                                10     12     -2 (VIOLATED)
_17771_/X                                10     12     -2 (VIOLATED)
clkbuf_leaf_1_clk/X                      10     12     -2 (VIOLATED)
wire20/X                                 10     12     -2 (VIOLATED)
_15890_/Y                                10     11        (VIOLATED)
_17850_/X                                10     11        (VIOLATED)
clkbuf_leaf_26_clk/X                     10     11        (VIOLATED)
clkbuf_leaf_36_clk/X                     10     11        (VIOLATED)
fanout373/X                              10     11        (VIOLATED)

max capacitance

Pin                                        Limit         Cap       Slack
------------------------------------------------------------------------
_18162_/X                               0.200000    0.207967   -0.007967 (VIOLATED)



===========================================================================
report_parasitic_annotation -report_unannotated
============================================================================
Found 61 unannotated drivers.
 uio_in[5]
 uio_in[6]
 uio_in[7]
 clkload0/X
 clkload1/X
 clkload10/X
 clkload11/X
 clkload12/Y
 clkload13/X
 clkload14/X
 clkload15/Y
 clkload16/Y
 clkload17/Y
 clkload18/Y
 clkload19/X
 clkload2/Y
 clkload20/X
 clkload21/X
 clkload22/X
 clkload23/X
 clkload24/X
 clkload25/X
 clkload26/X
 clkload27/X
 clkload28/X
 clkload29/X
 clkload3/X
 clkload30/X
 clkload31/Y
 clkload32/X
 clkload33/X
 clkload34/X
 clkload35/X
 clkload36/X
 clkload37/X
 clkload38/X
 clkload39/X
 clkload4/X
 clkload40/X
 clkload41/X
 clkload42/Y
 clkload43/X
 clkload44/X
 clkload5/Y
 clkload6/X
 clkload7/X
 clkload8/X
 clkload9/X
 tt_um_aes128_baseline/HI
 tt_um_aes128_baseline_2080/HI
 tt_um_aes128_baseline_2081/HI
 tt_um_aes128_baseline_2082/HI
 tt_um_aes128_baseline_2083/HI
 tt_um_aes128_baseline_2084/HI
 tt_um_aes128_baseline_2085/HI
 tt_um_aes128_baseline_2086/HI
 tt_um_aes128_baseline_2087/HI
 tt_um_aes128_baseline_2088/HI
 tt_um_aes128_baseline_2089/LO
 tt_um_aes128_baseline_2090/LO
 tt_um_aes128_baseline_2091/LO
Found 0 partially unannotated drivers.

===========================================================================
max slew violation count 106
max fanout violation count 65
max cap violation count 1
============================================================================

===========================================================================
check_setup -verbose -unconstrained_endpoints -multiple_clock -no_clock -no_input_delay -loops -generated_clocks
===========================================================================
