Clock: clk
Sources: clk 
Generated: no
Virtual: yes
Propagated: no
Period: 20.000000

===========================================================================
report_clock_properties
============================================================================
Clock                   Period          Waveform
----------------------------------------------------
clk                  20.000000    0.000000 10.000000

===========================================================================
report_clock_latency
============================================================================
Clock clk
rise -> rise
    min     max
0.000000 0.000000 source latency
0.887050         network latency _19014_/CLK
        0.956405 network latency _18958_/CLK
---------------
0.887050 0.956405 latency
        0.069355 skew

fall -> fall
    min     max
0.000000 0.000000 source latency
0.697864         network latency _19014_/CLK
        0.746196 network latency _18958_/CLK
---------------
0.697864 0.746196 latency
        0.048332 skew



===========================================================================
report_clock_min_period
============================================================================
clk period_min = 6.34 fmax = 157.84
