
===========================================================================
report_checks -unconstrained
===========================================================================
======================= nom_tt_025C_1v80 Corner ===================================

Startpoint: rst_n (input port clocked by clk)
Endpoint: _18983_ (recovery check against rising-edge clock clk)
Path Group: asynchronous
Path Type: max

Fanout         Cap        Slew       Delay        Time   Description
---------------------------------------------------------------------------------------------
                                  0.000000    0.000000   clock clk (rise edge)
                                  0.000000    0.000000   clock network delay (propagated)
                                 20.000000   20.000000 ^ input external delay
     1    0.002895    0.020142    0.010658   20.010658 ^ rst_n (in)
                                                         rst_n (net)
                      0.020142    0.000000   20.010658 ^ input2/A (sky130_fd_sc_hd__clkdlybuf4s25_1)
     1    0.003590    0.051058    0.239936   20.250595 ^ input2/X (sky130_fd_sc_hd__clkdlybuf4s25_1)
                                                         net2 (net)
                      0.051058    0.000117   20.250711 ^ fanout2077/A (sky130_fd_sc_hd__clkdlybuf4s25_1)
     7    0.159633    1.576356    1.313099   21.563810 ^ fanout2077/X (sky130_fd_sc_hd__clkdlybuf4s25_1)
                                                         net2077 (net)
                      1.576361    0.002492   21.566303 ^ fanout2011/A (sky130_fd_sc_hd__clkdlybuf4s25_1)
     2    0.040403    0.405806    0.683544   22.249847 ^ fanout2011/X (sky130_fd_sc_hd__clkdlybuf4s25_1)
                                                         net2011 (net)
                      0.405806    0.000409   22.250256 ^ _09509_/B (sky130_fd_sc_hd__and2_2)
     1    0.008267    0.065247    0.234550   22.484806 ^ _09509_/X (sky130_fd_sc_hd__and2_2)
                                                         core_reset_n (net)
                      0.065248    0.000362   22.485168 ^ fanout1987/A (sky130_fd_sc_hd__clkdlybuf4s25_1)
     3    0.023351    0.239901    0.391241   22.876410 ^ fanout1987/X (sky130_fd_sc_hd__clkdlybuf4s25_1)
                                                         net1987 (net)
                      0.239901    0.000563   22.876972 ^ load_slew1990/A (sky130_fd_sc_hd__buf_2)
     3    0.061426    0.299375    0.342867   23.219839 ^ load_slew1990/X (sky130_fd_sc_hd__buf_2)
                                                         net1990 (net)
                      0.299758    0.008846   23.228685 ^ load_slew1989/A (sky130_fd_sc_hd__clkbuf_4)
     2    0.095356    0.284569    0.391141   23.619827 ^ load_slew1989/X (sky130_fd_sc_hd__clkbuf_4)
                                                         net1989 (net)
                      0.284796    0.006654   23.626480 ^ fanout1976/A (sky130_fd_sc_hd__clkdlybuf4s25_1)
     6    0.092786    0.920481    0.922826   24.549307 ^ fanout1976/X (sky130_fd_sc_hd__clkdlybuf4s25_1)
                                                         net1976 (net)
                      0.920557    0.007040   24.556347 ^ fanout1975/A (sky130_fd_sc_hd__clkdlybuf4s25_1)
     6    0.062863    0.625005    0.790008   25.346355 ^ fanout1975/X (sky130_fd_sc_hd__clkdlybuf4s25_1)
                                                         net1975 (net)
                      0.625005    0.000911   25.347267 ^ fanout1973/A (sky130_fd_sc_hd__clkdlybuf4s25_1)
     2    0.006918    0.082118    0.384938   25.732204 ^ fanout1973/X (sky130_fd_sc_hd__clkdlybuf4s25_1)
                                                         net1973 (net)
                      0.082118    0.000176   25.732380 ^ load_slew1974/A (sky130_fd_sc_hd__clkbuf_4)
     8    0.047973    0.150503    0.225736   25.958117 ^ load_slew1974/X (sky130_fd_sc_hd__clkbuf_4)
                                                         net1974 (net)
                      0.150605    0.002171   25.960287 ^ fanout1971/A (sky130_fd_sc_hd__clkdlybuf4s25_1)
     2    0.008599    0.097707    0.317366   26.277653 ^ fanout1971/X (sky130_fd_sc_hd__clkdlybuf4s25_1)
                                                         net1971 (net)
                      0.097707    0.000172   26.277824 ^ fanout1969/A (sky130_fd_sc_hd__clkdlybuf4s25_1)
     2    0.008750    0.099133    0.303057   26.580883 ^ fanout1969/X (sky130_fd_sc_hd__clkdlybuf4s25_1)
                                                         net1969 (net)
                      0.099133    0.000249   26.581131 ^ load_slew1970/A (sky130_fd_sc_hd__buf_4)
     9    0.045038    0.130326    0.195401   26.776531 ^ load_slew1970/X (sky130_fd_sc_hd__buf_4)
                                                         net1970 (net)
                      0.130428    0.002238   26.778770 ^ _18983_/RESET_B (sky130_fd_sc_hd__dfrtp_2)
                                             26.778770   data arrival time

                                100.000000  100.000000   clock clk (rise edge)
                                  0.000000  100.000000   clock source latency
     2    0.117925    0.531885    0.371386  100.371384 ^ clk (in)
                                                         clk (net)
                      0.532104    0.000000  100.371384 ^ clkbuf_0_clk/A (sky130_fd_sc_hd__clkbuf_16)
     8    0.128586    0.145457    0.324668  100.696053 ^ clkbuf_0_clk/X (sky130_fd_sc_hd__clkbuf_16)
                                                         clknet_0_clk (net)
                      0.146627    0.010324  100.706375 ^ clkbuf_3_5_0_clk/A (sky130_fd_sc_hd__clkbuf_8)
     8    0.105150    0.185386    0.268173  100.974548 ^ clkbuf_3_5_0_clk/X (sky130_fd_sc_hd__clkbuf_8)
                                                         clknet_3_5_0_clk (net)
                      0.185607    0.004341  100.978889 ^ clkbuf_leaf_29_clk/A (sky130_fd_sc_hd__clkbuf_8)
    14    0.051655    0.100990    0.218805  101.197693 ^ clkbuf_leaf_29_clk/X (sky130_fd_sc_hd__clkbuf_8)
                                                         clknet_leaf_29_clk (net)
                      0.100995    0.000874  101.198570 ^ _18983_/CLK (sky130_fd_sc_hd__dfrtp_2)
                                 -0.250000  100.948570   clock uncertainty
                                  0.000000  100.948570   clock reconvergence pessimism
                                  0.211123  101.159698   library recovery time
                                            101.159698   data required time
---------------------------------------------------------------------------------------------
                                            101.159698   data required time
                                            -26.778770   data arrival time
---------------------------------------------------------------------------------------------
                                             74.380920   slack (MET)


Startpoint: uio_in[1] (input port clocked by clk)
Endpoint: _19382_ (rising edge-triggered flip-flop clocked by clk)
Path Group: clk
Path Type: max

Fanout         Cap        Slew       Delay        Time   Description
---------------------------------------------------------------------------------------------
                                  0.000000    0.000000   clock clk (rise edge)
                                  0.000000    0.000000   clock network delay (propagated)
                                 20.000000   20.000000 ^ input external delay
     1    0.002961    0.020424    0.010887   20.010887 ^ uio_in[1] (in)
                                                         uio_in[1] (net)
                      0.020424    0.000000   20.010887 ^ input12/A (sky130_fd_sc_hd__buf_1)
     1    0.019967    0.238078    0.206700   20.217588 ^ input12/X (sky130_fd_sc_hd__buf_1)
                                                         net12 (net)
                      0.238099    0.001855   20.219442 ^ wire2078/A (sky130_fd_sc_hd__buf_2)
     2    0.063240    0.307342    0.351470   20.570913 ^ wire2078/X (sky130_fd_sc_hd__buf_2)
                                                         net2078 (net)
                      0.307407    0.003730   20.574642 ^ _18302_/C_N (sky130_fd_sc_hd__or3b_2)
     2    0.089992    0.293822    0.737055   21.311697 v _18302_/X (sky130_fd_sc_hd__or3b_2)
                                                         _01050_ (net)
                      0.293834    0.002075   21.313772 v fanout373/A (sky130_fd_sc_hd__clkdlybuf4s25_1)
    10    0.121742    0.881805    0.956810   22.270582 v fanout373/X (sky130_fd_sc_hd__clkdlybuf4s25_1)
                                                         net373 (net)
                      0.881808    0.003268   22.273851 v _18312_/B (sky130_fd_sc_hd__nor2_2)
     3    0.051027    0.607138    0.763059   23.036909 ^ _18312_/Y (sky130_fd_sc_hd__nor2_2)
                                                         _01052_ (net)
                      0.607138    0.001238   23.038149 ^ fanout253/A (sky130_fd_sc_hd__clkdlybuf4s25_1)
     5    0.055474    0.553658    0.713857   23.752005 ^ fanout253/X (sky130_fd_sc_hd__clkdlybuf4s25_1)
                                                         net253 (net)
                      0.553678    0.003926   23.755932 ^ fanout252/A (sky130_fd_sc_hd__clkdlybuf4s25_1)
     6    0.064357    0.640551    0.763862   24.519793 ^ fanout252/X (sky130_fd_sc_hd__clkdlybuf4s25_1)
                                                         net252 (net)
                      0.640836    0.006620   24.526413 ^ fanout249/A (sky130_fd_sc_hd__clkdlybuf4s25_1)
     7    0.054403    0.543125    0.711779   25.238194 ^ fanout249/X (sky130_fd_sc_hd__clkdlybuf4s25_1)
                                                         net249 (net)
                      0.543125    0.000549   25.238741 ^ fanout248/A (sky130_fd_sc_hd__clkdlybuf4s25_1)
    10    0.061556    0.613040    0.745933   25.984674 ^ fanout248/X (sky130_fd_sc_hd__clkdlybuf4s25_1)
                                                         net248 (net)
                      0.613061    0.004201   25.988876 ^ _18437_/B1 (sky130_fd_sc_hd__a22o_2)
     1    0.002963    0.048343    0.236231   26.225107 ^ _18437_/X (sky130_fd_sc_hd__a22o_2)
                                                         _00651_ (net)
                      0.048343    0.000089   26.225195 ^ hold2289/A (sky130_fd_sc_hd__dlygate4sd3_1)
     1    0.002813    0.053025    0.536053   26.761248 ^ hold2289/X (sky130_fd_sc_hd__dlygate4sd3_1)
                                                         net2289 (net)
                      0.053025    0.000082   26.761330 ^ _19382_/D (sky130_fd_sc_hd__dfrtp_2)
                                             26.761330   data arrival time

                                100.000000  100.000000   clock clk (rise edge)
                                  0.000000  100.000000   clock source latency
     2    0.117925    0.531885    0.371386  100.371384 ^ clk (in)
                                                         clk (net)
                      0.532104    0.000000  100.371384 ^ clkbuf_0_clk/A (sky130_fd_sc_hd__clkbuf_16)
     8    0.128586    0.145457    0.324668  100.696053 ^ clkbuf_0_clk/X (sky130_fd_sc_hd__clkbuf_16)
                                                         clknet_0_clk (net)
                      0.146627    0.010324  100.706375 ^ clkbuf_3_5_0_clk/A (sky130_fd_sc_hd__clkbuf_8)
     8    0.105150    0.185386    0.268173  100.974548 ^ clkbuf_3_5_0_clk/X (sky130_fd_sc_hd__clkbuf_8)
                                                         clknet_3_5_0_clk (net)
                      0.185543    0.003304  100.977852 ^ clkbuf_leaf_33_clk/A (sky130_fd_sc_hd__clkbuf_8)
    15    0.053024    0.103143    0.220361  101.198212 ^ clkbuf_leaf_33_clk/X (sky130_fd_sc_hd__clkbuf_8)
                                                         clknet_leaf_33_clk (net)
                      0.103194    0.002125  101.200340 ^ _19382_/CLK (sky130_fd_sc_hd__dfrtp_2)
                                 -0.250000  100.950340   clock uncertainty
                                  0.000000  100.950340   clock reconvergence pessimism
                                 -0.056473  100.893867   library setup time
                                            100.893867   data required time
---------------------------------------------------------------------------------------------
                                            100.893867   data required time
                                            -26.761330   data arrival time
---------------------------------------------------------------------------------------------
                                             74.132538   slack (MET)




===========================================================================
report_checks --slack_max -0.01
============================================================================
======================= nom_tt_025C_1v80 Corner ===================================

No paths found.


===========================================================================
 report_check_types -max_slew -max_cap -max_fanout -violators
============================================================================
======================= nom_tt_025C_1v80 Corner ===================================

max slew

Pin                                        Limit        Slew       Slack
------------------------------------------------------------------------
ANTENNA_294/DIODE                       0.750000    1.576886   -0.826886 (VIOLATED)
fanout2076/A                            0.750000    1.576886   -0.826886 (VIOLATED)
ANTENNA_227/DIODE                       0.750000    1.576749   -0.826749 (VIOLATED)
fanout2055/A                            0.750000    1.576749   -0.826749 (VIOLATED)
fanout2060/A                            0.750000    1.576744   -0.826744 (VIOLATED)
fanout2044/A                            0.750000    1.576468   -0.826468 (VIOLATED)
fanout2011/A                            0.750000    1.576361   -0.826361 (VIOLATED)
fanout2077/X                            0.750000    1.576356   -0.826356 (VIOLATED)
_17860_/A1                              0.750000    1.421469   -0.671469 (VIOLATED)
_17835_/A1                              0.750000    1.421464   -0.671464 (VIOLATED)
_17810_/A1                              0.750000    1.421462   -0.671462 (VIOLATED)
_17549_/A1                              0.750000    1.421416   -0.671416 (VIOLATED)
_17524_/A1                              0.750000    1.421413   -0.671413 (VIOLATED)
fanout900/A                             0.750000    1.421405   -0.671405 (VIOLATED)
_17964_/A1                              0.750000    1.421402   -0.671402 (VIOLATED)
_17731_/A1                              0.750000    1.421388   -0.671388 (VIOLATED)
_17785_/A1                              0.750000    1.421381   -0.671381 (VIOLATED)
fanout901/X                             0.750000    1.421376   -0.671376 (VIOLATED)
_12267_/A1                              0.750000    1.316983   -0.566982 (VIOLATED)
ANTENNA_209/DIODE                       0.750000    1.316981   -0.566981 (VIOLATED)
_11836_/A1                              0.750000    1.316968   -0.566968 (VIOLATED)
ANTENNA_208/DIODE                       0.750000    1.316967   -0.566967 (VIOLATED)
_15783_/A1                              0.750000    1.316879   -0.566879 (VIOLATED)
_15860_/A1                              0.750000    1.316873   -0.566873 (VIOLATED)
_09503_/A                               0.750000    1.316871   -0.566871 (VIOLATED)
_15846_/A1                              0.750000    1.316871   -0.566871 (VIOLATED)
_15869_/A1                              0.750000    1.316871   -0.566871 (VIOLATED)
_15845_/B                               0.750000    1.316868   -0.566868 (VIOLATED)
_15859_/B                               0.750000    1.316867   -0.566867 (VIOLATED)
_18136_/A                               0.750000    1.316859   -0.566859 (VIOLATED)
fanout235/X                             0.750000    1.316855   -0.566855 (VIOLATED)
fanout177/A                             0.750000    1.304470   -0.554470 (VIOLATED)
fanout170/A                             0.750000    1.304450   -0.554450 (VIOLATED)
fanout168/A                             0.750000    1.304404   -0.554404 (VIOLATED)
fanout166/A                             0.750000    1.304268   -0.554268 (VIOLATED)
fanout163/A                             0.750000    1.303444   -0.553444 (VIOLATED)
fanout155/A                             0.750000    1.303217   -0.553217 (VIOLATED)
fanout178/X                             0.750000    1.303213   -0.553213 (VIOLATED)
_18410_/B2                              0.750000    1.236958   -0.486958 (VIOLATED)
_18416_/B2                              0.750000    1.236933   -0.486933 (VIOLATED)
_18414_/B2                              0.750000    1.236931   -0.486931 (VIOLATED)
_18418_/B2                              0.750000    1.236931   -0.486931 (VIOLATED)
_18420_/B2                              0.750000    1.236928   -0.486928 (VIOLATED)
_18422_/B2                              0.750000    1.236869   -0.486869 (VIOLATED)
_18412_/B2                              0.750000    1.236842   -0.486842 (VIOLATED)
_18725_/C                               0.750000    1.236650   -0.486650 (VIOLATED)
_18312_/B                               0.750000    1.236589   -0.486589 (VIOLATED)
_18733_/A4                              0.750000    1.236577   -0.486577 (VIOLATED)
fanout373/X                             0.750000    1.236577   -0.486577 (VIOLATED)
fanout898/A                             0.750000    1.232541   -0.482541 (VIOLATED)
fanout892/A                             0.750000    1.232402   -0.482402 (VIOLATED)
ANTENNA_212/DIODE                       0.750000    1.232399   -0.482399 (VIOLATED)
_17775_/A1                              0.750000    1.232173   -0.482173 (VIOLATED)
fanout888/A                             0.750000    1.231840   -0.481840 (VIOLATED)
fanout884/A                             0.750000    1.231778   -0.481778 (VIOLATED)
fanout881/A                             0.750000    1.231707   -0.481707 (VIOLATED)
fanout882/A                             0.750000    1.231697   -0.481697 (VIOLATED)
fanout899/X                             0.750000    1.231679   -0.481679 (VIOLATED)
_17774_/X                               0.750000    1.229365   -0.479365 (VIOLATED)
_17601_/A1                              0.750000    1.209243   -0.459243 (VIOLATED)
_17600_/X                               0.750000    1.207939   -0.457939 (VIOLATED)
fanout1627/A                            0.750000    1.171326   -0.421326 (VIOLATED)
fanout1626/A                            0.750000    1.171267   -0.421267 (VIOLATED)
_10399_/C1                              0.750000    1.171266   -0.421266 (VIOLATED)
_11197_/B1                              0.750000    1.171240   -0.421240 (VIOLATED)
_17598_/A0                              0.750000    1.171116   -0.421115 (VIOLATED)
fanout1628/X                            0.750000    1.171116   -0.421115 (VIOLATED)
_16423_/B                               0.750000    1.127533   -0.377533 (VIOLATED)
_17256_/B                               0.750000    1.126427   -0.376427 (VIOLATED)
_16422_/X                               0.750000    1.125720   -0.375720 (VIOLATED)
_17255_/X                               0.750000    1.123844   -0.373844 (VIOLATED)
_17742_/A1                              0.750000    1.114669   -0.364669 (VIOLATED)
_17741_/X                               0.750000    1.113635   -0.363635 (VIOLATED)
_11702_/A1                              0.750000    1.094405   -0.344405 (VIOLATED)
_11746_/A1                              0.750000    1.094393   -0.344393 (VIOLATED)
fanout1059/A                            0.750000    1.094334   -0.344334 (VIOLATED)
_11413_/A                               0.750000    1.093909   -0.343909 (VIOLATED)
_17889_/A1                              0.750000    1.093903   -0.343903 (VIOLATED)
fanout1060/X                            0.750000    1.093897   -0.343897 (VIOLATED)
_18142_/C1                              0.750000    1.075607   -0.325607 (VIOLATED)
fanout235/A                             0.750000    1.061949   -0.311949 (VIOLATED)
_09502_/Y                               0.750000    1.061859   -0.311859 (VIOLATED)
ANTENNA_274/DIODE                       0.750000    1.033476   -0.283476 (VIOLATED)
_17509_/A1                              0.750000    1.033474   -0.283474 (VIOLATED)
ANTENNA_273/DIODE                       0.750000    1.033472   -0.283472 (VIOLATED)
_17508_/X                               0.750000    1.032713   -0.282713 (VIOLATED)
_17709_/A1                              0.750000    1.016155   -0.266155 (VIOLATED)
_17708_/X                               0.750000    1.015775   -0.265775 (VIOLATED)
fanout964/A                             0.750000    0.978826   -0.228826 (VIOLATED)
ANTENNA_218/DIODE                       0.750000    0.978823   -0.228823 (VIOLATED)
fanout963/A                             0.750000    0.978791   -0.228791 (VIOLATED)
ANTENNA_217/DIODE                       0.750000    0.978780   -0.228780 (VIOLATED)
fanout962/A                             0.750000    0.978715   -0.228715 (VIOLATED)
ANTENNA_216/DIODE                       0.750000    0.978714   -0.228714 (VIOLATED)
_12213_/A                               0.750000    0.978067   -0.228067 (VIOLATED)
_17918_/A1                              0.750000    0.978064   -0.228064 (VIOLATED)
fanout965/X                             0.750000    0.978061   -0.228061 (VIOLATED)
_17739_/A1                              0.750000    0.977206   -0.227206 (VIOLATED)
ANTENNA_164/DIODE                       0.750000    0.977205   -0.227205 (VIOLATED)
_17738_/X                               0.750000    0.977067   -0.227067 (VIOLATED)
_11950_/B                               0.750000    0.973422   -0.223422 (VIOLATED)
_14173_/A                               0.750000    0.972801   -0.222801 (VIOLATED)
_11949_/X                               0.750000    0.972799   -0.222799 (VIOLATED)
_17973_/A2                              0.750000    0.972799   -0.222799 (VIOLATED)
ANTENNA_125/DIODE                       0.750000    0.967427   -0.217427 (VIOLATED)
ANTENNA_121/DIODE                       0.750000    0.967427   -0.217427 (VIOLATED)
ANTENNA_122/DIODE                       0.750000    0.967427   -0.217427 (VIOLATED)
ANTENNA_123/DIODE                       0.750000    0.967427   -0.217427 (VIOLATED)
ANTENNA_119/DIODE                       0.750000    0.967427   -0.217427 (VIOLATED)
ANTENNA_120/DIODE                       0.750000    0.967427   -0.217427 (VIOLATED)
ANTENNA_118/DIODE                       0.750000    0.967427   -0.217427 (VIOLATED)
_17613_/A1                              0.750000    0.967427   -0.217427 (VIOLATED)
ANTENNA_124/DIODE                       0.750000    0.967421   -0.217421 (VIOLATED)
_17612_/X                               0.750000    0.967285   -0.217285 (VIOLATED)
ANTENNA_156/DIODE                       0.750000    0.955123   -0.205123 (VIOLATED)
ANTENNA_152/DIODE                       0.750000    0.955123   -0.205123 (VIOLATED)
ANTENNA_154/DIODE                       0.750000    0.955123   -0.205123 (VIOLATED)
ANTENNA_150/DIODE                       0.750000    0.955122   -0.205122 (VIOLATED)
ANTENNA_148/DIODE                       0.750000    0.955122   -0.205122 (VIOLATED)
_17700_/A1                              0.750000    0.955118   -0.205118 (VIOLATED)
ANTENNA_149/DIODE                       0.750000    0.955108   -0.205108 (VIOLATED)
ANTENNA_151/DIODE                       0.750000    0.955104   -0.205104 (VIOLATED)
ANTENNA_153/DIODE                       0.750000    0.955103   -0.205103 (VIOLATED)
ANTENNA_155/DIODE                       0.750000    0.955103   -0.205103 (VIOLATED)
_17699_/X                               0.750000    0.954627   -0.204627 (VIOLATED)
_12574_/A                               0.750000    0.945582   -0.195582 (VIOLATED)
_18311_/A2                              0.750000    0.945190   -0.195190 (VIOLATED)
_18308_/A2                              0.750000    0.945150   -0.195150 (VIOLATED)
_18305_/A2                              0.750000    0.945138   -0.195138 (VIOLATED)
_18713_/A3                              0.750000    0.944970   -0.194970 (VIOLATED)
_18712_/A2                              0.750000    0.944958   -0.194958 (VIOLATED)
_18710_/A2                              0.750000    0.944952   -0.194952 (VIOLATED)
_18303_/B                               0.750000    0.944952   -0.194952 (VIOLATED)
_18711_/A2                              0.750000    0.944949   -0.194949 (VIOLATED)
_18715_/A3                              0.750000    0.944946   -0.194946 (VIOLATED)
_18716_/D                               0.750000    0.944945   -0.194945 (VIOLATED)
fanout255/X                             0.750000    0.944944   -0.194944 (VIOLATED)
_12539_/X                               0.750000    0.944337   -0.194337 (VIOLATED)
_16195_/A_N                             0.750000    0.941464   -0.191464 (VIOLATED)
_16981_/A1                              0.750000    0.941454   -0.191455 (VIOLATED)
fanout1619/A                            0.750000    0.941454   -0.191454 (VIOLATED)
fanout1616/A                            0.750000    0.941442   -0.191442 (VIOLATED)
_17604_/A0                              0.750000    0.941369   -0.191369 (VIOLATED)
fanout1620/X                            0.750000    0.941369   -0.191369 (VIOLATED)
_17616_/A1                              0.750000    0.936471   -0.186471 (VIOLATED)
ANTENNA_126/DIODE                       0.750000    0.936470   -0.186470 (VIOLATED)
_17615_/X                               0.750000    0.936372   -0.186372 (VIOLATED)
_17706_/A1                              0.750000    0.923846   -0.173846 (VIOLATED)
ANTENNA_158/DIODE                       0.750000    0.923846   -0.173846 (VIOLATED)
ANTENNA_160/DIODE                       0.750000    0.923846   -0.173846 (VIOLATED)
ANTENNA_157/DIODE                       0.750000    0.923845   -0.173845 (VIOLATED)
ANTENNA_159/DIODE                       0.750000    0.923845   -0.173845 (VIOLATED)
_17705_/X                               0.750000    0.923551   -0.173551 (VIOLATED)
fanout1950/A                            0.750000    0.920560   -0.170560 (VIOLATED)
fanout1975/A                            0.750000    0.920557   -0.170557 (VIOLATED)
ANTENNA_225/DIODE                       0.750000    0.920556   -0.170556 (VIOLATED)
fanout1952/A                            0.750000    0.920552   -0.170552 (VIOLATED)
fanout1948/A                            0.750000    0.920522   -0.170522 (VIOLATED)
fanout1957/A                            0.750000    0.920489   -0.170489 (VIOLATED)
fanout1976/X                            0.750000    0.920481   -0.170481 (VIOLATED)
_17604_/A1                              0.750000    0.918868   -0.168868 (VIOLATED)
_17603_/X                               0.750000    0.917452   -0.167452 (VIOLATED)
_18306_/A1                              0.750000    0.909968   -0.159968 (VIOLATED)
_18161_/B1                              0.750000    0.909964   -0.159964 (VIOLATED)
_10852_/B                               0.750000    0.908183   -0.158183 (VIOLATED)
_13669_/A                               0.750000    0.906381   -0.156381 (VIOLATED)
_17944_/B                               0.750000    0.906343   -0.156343 (VIOLATED)
_10851_/Y                               0.750000    0.906315   -0.156315 (VIOLATED)
_18160_/X                               0.750000    0.903206   -0.153206 (VIOLATED)
_11912_/B1                              0.750000    0.898068   -0.148068 (VIOLATED)
_12107_/C1                              0.750000    0.898029   -0.148029 (VIOLATED)
_12207_/C1                              0.750000    0.898008   -0.148008 (VIOLATED)
_12068_/C1                              0.750000    0.897981   -0.147981 (VIOLATED)
_12075_/C1                              0.750000    0.897916   -0.147916 (VIOLATED)
_12235_/C1                              0.750000    0.897915   -0.147915 (VIOLATED)
_12231_/A                               0.750000    0.897913   -0.147913 (VIOLATED)
_12116_/C1                              0.750000    0.897842   -0.147842 (VIOLATED)
_11998_/B1                              0.750000    0.897809   -0.147809 (VIOLATED)
_11782_/A                               0.750000    0.897728   -0.147728 (VIOLATED)
fanout775/X                             0.750000    0.897728   -0.147728 (VIOLATED)
_09406_/A                               0.750000    0.895614   -0.145614 (VIOLATED)
_11911_/A1                              0.750000    0.895605   -0.145605 (VIOLATED)
_11907_/B2                              0.750000    0.895597   -0.145597 (VIOLATED)
_11945_/C1                              0.750000    0.895591   -0.145591 (VIOLATED)
_11583_/A                               0.750000    0.895549   -0.145549 (VIOLATED)
_12208_/B1                              0.750000    0.895516   -0.145516 (VIOLATED)
_12084_/B1                              0.750000    0.895450   -0.145450 (VIOLATED)
_12091_/B2                              0.750000    0.895449   -0.145449 (VIOLATED)
_12069_/C1                              0.750000    0.895449   -0.145449 (VIOLATED)
_17904_/A1                              0.750000    0.895421   -0.145421 (VIOLATED)
_12132_/A1                              0.750000    0.895419   -0.145419 (VIOLATED)
fanout1010/X                            0.750000    0.895418   -0.145418 (VIOLATED)
_11536_/X                               0.750000    0.894912   -0.144912 (VIOLATED)
_12926_/A2                              0.750000    0.891610   -0.141610 (VIOLATED)
_12946_/C                               0.750000    0.891600   -0.141600 (VIOLATED)
_12914_/C                               0.750000    0.891600   -0.141600 (VIOLATED)
_13308_/B                               0.750000    0.891597   -0.141597 (VIOLATED)
_12943_/A2                              0.750000    0.891588   -0.141588 (VIOLATED)
_13456_/A2                              0.750000    0.891525   -0.141525 (VIOLATED)
_12942_/B                               0.750000    0.891462   -0.141462 (VIOLATED)
_14081_/C                               0.750000    0.891452   -0.141452 (VIOLATED)
_13641_/A2                              0.750000    0.891433   -0.141433 (VIOLATED)
_13638_/B                               0.750000    0.891425   -0.141426 (VIOLATED)
fanout478/X                             0.750000    0.891420   -0.141420 (VIOLATED)
_15825_/B                               0.750000    0.890903   -0.140903 (VIOLATED)
_15824_/X                               0.750000    0.890339   -0.140339 (VIOLATED)
_17481_/A1                              0.750000    0.883240   -0.133240 (VIOLATED)
_17480_/X                               0.750000    0.883033   -0.133033 (VIOLATED)
wire1378/A                              0.750000    0.881957   -0.131957 (VIOLATED)
_17732_/A1                              0.750000    0.881825   -0.131825 (VIOLATED)
fanout1377/X                            0.750000    0.881821   -0.131821 (VIOLATED)
_17521_/A1                              0.750000    0.875725   -0.125725 (VIOLATED)
_17520_/X                               0.750000    0.875115   -0.125115 (VIOLATED)
_15850_/B                               0.750000    0.869887   -0.119887 (VIOLATED)
_15849_/X                               0.750000    0.869499   -0.119499 (VIOLATED)
_17932_/B2                              0.750000    0.868702   -0.118702 (VIOLATED)
_17982_/A2_N                            0.750000    0.868688   -0.118689 (VIOLATED)
_17963_/B                               0.750000    0.868667   -0.118667 (VIOLATED)
_17946_/B                               0.750000    0.868594   -0.118594 (VIOLATED)
_17996_/A2_N                            0.750000    0.868571   -0.118571 (VIOLATED)
_17735_/A3                              0.750000    0.868555   -0.118555 (VIOLATED)
_17749_/B1                              0.750000    0.868533   -0.118533 (VIOLATED)
_17756_/B1                              0.750000    0.868507   -0.118507 (VIOLATED)
_18136_/B                               0.750000    0.868491   -0.118491 (VIOLATED)
_17778_/A2                              0.750000    0.868455   -0.118455 (VIOLATED)
fanout278/X                             0.750000    0.868450   -0.118450 (VIOLATED)
_17610_/S                               0.750000    0.867339   -0.117339 (VIOLATED)
ANTENNA_292/DIODE                       0.750000    0.867338   -0.117338 (VIOLATED)
ANTENNA_293/DIODE                       0.750000    0.867304   -0.117304 (VIOLATED)
_18142_/B1                              0.750000    0.867296   -0.117296 (VIOLATED)
wire609/A                               0.750000    0.867218   -0.117218 (VIOLATED)
_17901_/A2                              0.750000    0.867183   -0.117183 (VIOLATED)
fanout608/X                             0.750000    0.867182   -0.117182 (VIOLATED)
_15759_/B                               0.750000    0.861845   -0.111845 (VIOLATED)
_15758_/X                               0.750000    0.861324   -0.111324 (VIOLATED)
_11865_/B                               0.750000    0.857297   -0.107297 (VIOLATED)
_11877_/B                               0.750000    0.857267   -0.107267 (VIOLATED)
_11868_/B                               0.750000    0.857261   -0.107261 (VIOLATED)
_11920_/A                               0.750000    0.857245   -0.107245 (VIOLATED)
_11978_/A1                              0.750000    0.857227   -0.107227 (VIOLATED)
_11867_/B                               0.750000    0.857220   -0.107220 (VIOLATED)
_11876_/B                               0.750000    0.857206   -0.107206 (VIOLATED)
_11981_/A2                              0.750000    0.857204   -0.107204 (VIOLATED)
_12070_/A2                              0.750000    0.857203   -0.107203 (VIOLATED)
_12082_/D                               0.750000    0.857202   -0.107202 (VIOLATED)
fanout497/X                             0.750000    0.857200   -0.107200 (VIOLATED)
_18130_/A                               0.750000    0.853653   -0.103653 (VIOLATED)
fanout858/A                             0.750000    0.853645   -0.103645 (VIOLATED)
_18142_/A1                              0.750000    0.853644   -0.103644 (VIOLATED)
fanout855/A                             0.750000    0.853593   -0.103593 (VIOLATED)
ANTENNA_211/DIODE                       0.750000    0.853593   -0.103593 (VIOLATED)
fanout857/A                             0.750000    0.853590   -0.103590 (VIOLATED)
fanout860/X                             0.750000    0.853588   -0.103588 (VIOLATED)
_12264_/C                               0.750000    0.850824   -0.100824 (VIOLATED)
_12265_/B1                              0.750000    0.850820   -0.100820 (VIOLATED)
_12263_/X                               0.750000    0.849402   -0.099402 (VIOLATED)
_11854_/B                               0.750000    0.843145   -0.093145 (VIOLATED)
_12192_/A1                              0.750000    0.843134   -0.093134 (VIOLATED)
_12162_/B2                              0.750000    0.843124   -0.093124 (VIOLATED)
_11989_/A1                              0.750000    0.843110   -0.093110 (VIOLATED)
_12025_/A3                              0.750000    0.843082   -0.093082 (VIOLATED)
_11986_/A                               0.750000    0.843059   -0.093059 (VIOLATED)
_12114_/A                               0.750000    0.843013   -0.093013 (VIOLATED)
_11972_/A1                              0.750000    0.842995   -0.092995 (VIOLATED)
_11990_/A1                              0.750000    0.842991   -0.092991 (VIOLATED)
_11915_/A2                              0.750000    0.842990   -0.092990 (VIOLATED)
fanout501/X                             0.750000    0.842988   -0.092988 (VIOLATED)
ANTENNA_93/DIODE                        0.750000    0.842596   -0.092596 (VIOLATED)
ANTENNA_91/DIODE                        0.750000    0.842595   -0.092595 (VIOLATED)
_17512_/A1                              0.750000    0.842595   -0.092595 (VIOLATED)
ANTENNA_90/DIODE                        0.750000    0.842594   -0.092594 (VIOLATED)
ANTENNA_92/DIODE                        0.750000    0.842594   -0.092594 (VIOLATED)
_17511_/X                               0.750000    0.842492   -0.092492 (VIOLATED)
_18723_/A                               0.750000    0.841752   -0.091752 (VIOLATED)
_18706_/B1                              0.750000    0.841744   -0.091744 (VIOLATED)
_18709_/A                               0.750000    0.841714   -0.091714 (VIOLATED)
_18713_/B1                              0.750000    0.841708   -0.091708 (VIOLATED)
fanout1866/A                            0.750000    0.841670   -0.091670 (VIOLATED)
_09512_/Y                               0.750000    0.840556   -0.090556 (VIOLATED)
_12442_/A                               0.750000    0.840555   -0.090555 (VIOLATED)
_12384_/X                               0.750000    0.840449   -0.090449 (VIOLATED)
wire1647/A                              0.750000    0.838859   -0.088859 (VIOLATED)
ANTENNA_224/DIODE                       0.750000    0.838523   -0.088523 (VIOLATED)
ANTENNA_222/DIODE                       0.750000    0.838523   -0.088523 (VIOLATED)
ANTENNA_219/DIODE                       0.750000    0.838516   -0.088516 (VIOLATED)
ANTENNA_221/DIODE                       0.750000    0.838516   -0.088516 (VIOLATED)
ANTENNA_223/DIODE                       0.750000    0.838516   -0.088516 (VIOLATED)
_17589_/A0                              0.750000    0.838516   -0.088516 (VIOLATED)
ANTENNA_220/DIODE                       0.750000    0.838515   -0.088515 (VIOLATED)
fanout1646/X                            0.750000    0.838506   -0.088506 (VIOLATED)
ANTENNA_275/DIODE                       0.750000    0.838261   -0.088261 (VIOLATED)
_17518_/A1                              0.750000    0.838259   -0.088259 (VIOLATED)
_11831_/A                               0.750000    0.838190   -0.088190 (VIOLATED)
_11830_/B1                              0.750000    0.838189   -0.088189 (VIOLATED)
_12076_/A1                              0.750000    0.838187   -0.088187 (VIOLATED)
_12237_/B1                              0.750000    0.838187   -0.088187 (VIOLATED)
_12117_/B1                              0.750000    0.838179   -0.088179 (VIOLATED)
_12246_/B1                              0.750000    0.838126   -0.088126 (VIOLATED)
_12002_/A1                              0.750000    0.838106   -0.088106 (VIOLATED)
_11910_/C1                              0.750000    0.838081   -0.088081 (VIOLATED)
_11930_/B                               0.750000    0.838072   -0.088072 (VIOLATED)
_11905_/B1                              0.750000    0.838059   -0.088059 (VIOLATED)
fanout774/X                             0.750000    0.838054   -0.088054 (VIOLATED)
_17517_/X                               0.750000    0.837991   -0.087991 (VIOLATED)
ANTENNA_136/DIODE                       0.750000    0.834702   -0.084702 (VIOLATED)
ANTENNA_134/DIODE                       0.750000    0.834702   -0.084702 (VIOLATED)
ANTENNA_131/DIODE                       0.750000    0.834702   -0.084702 (VIOLATED)
ANTENNA_129/DIODE                       0.750000    0.834702   -0.084702 (VIOLATED)
_17655_/A1                              0.750000    0.834702   -0.084702 (VIOLATED)
ANTENNA_130/DIODE                       0.750000    0.834696   -0.084696 (VIOLATED)
ANTENNA_132/DIODE                       0.750000    0.834692   -0.084692 (VIOLATED)
ANTENNA_133/DIODE                       0.750000    0.834691   -0.084691 (VIOLATED)
ANTENNA_135/DIODE                       0.750000    0.834691   -0.084691 (VIOLATED)
ANTENNA_137/DIODE                       0.750000    0.834690   -0.084690 (VIOLATED)
_17654_/X                               0.750000    0.834219   -0.084219 (VIOLATED)
_11392_/A                               0.750000    0.833019   -0.083019 (VIOLATED)
_11285_/A1                              0.750000    0.833015   -0.083015 (VIOLATED)
_11145_/B2                              0.750000    0.833008   -0.083008 (VIOLATED)
_11302_/B2                              0.750000    0.832953   -0.082953 (VIOLATED)
_10989_/A3                              0.750000    0.832842   -0.082843 (VIOLATED)
_10433_/C                               0.750000    0.832828   -0.082828 (VIOLATED)
_10657_/A1                              0.750000    0.832759   -0.082759 (VIOLATED)
_10179_/A                               0.750000    0.832759   -0.082759 (VIOLATED)
_10649_/B                               0.750000    0.832737   -0.082737 (VIOLATED)
_10837_/C                               0.750000    0.832731   -0.082731 (VIOLATED)
fanout520/X                             0.750000    0.832729   -0.082729 (VIOLATED)
_18163_/B1                              0.750000    0.830283   -0.080283 (VIOLATED)
_18307_/A1                              0.750000    0.830268   -0.080268 (VIOLATED)
_14851_/A1                              0.750000    0.827941   -0.077941 (VIOLATED)
_14630_/A_N                             0.750000    0.827939   -0.077939 (VIOLATED)
_14633_/A                               0.750000    0.827938   -0.077938 (VIOLATED)
_14634_/A                               0.750000    0.827934   -0.077934 (VIOLATED)
_15476_/C1                              0.750000    0.827922   -0.077922 (VIOLATED)
_14610_/B                               0.750000    0.827907   -0.077907 (VIOLATED)
_14668_/B                               0.750000    0.827893   -0.077893 (VIOLATED)
_14662_/B                               0.750000    0.827892   -0.077892 (VIOLATED)
_14691_/A1                              0.750000    0.827889   -0.077889 (VIOLATED)
_14604_/A                               0.750000    0.827887   -0.077887 (VIOLATED)
fanout1574/X                            0.750000    0.827884   -0.077884 (VIOLATED)
_17321_/B                               0.750000    0.827561   -0.077561 (VIOLATED)
_17277_/C1                              0.750000    0.827171   -0.077171 (VIOLATED)
fanout1352/A                            0.750000    0.827126   -0.077126 (VIOLATED)
_16535_/B1                              0.750000    0.827100   -0.077100 (VIOLATED)
_16916_/C1                              0.750000    0.827096   -0.077096 (VIOLATED)
_17129_/B1                              0.750000    0.827076   -0.077076 (VIOLATED)
_16934_/C1                              0.750000    0.827076   -0.077076 (VIOLATED)
_16652_/A                               0.750000    0.827075   -0.077076 (VIOLATED)
_16659_/B1                              0.750000    0.827062   -0.077062 (VIOLATED)
_09481_/A                               0.750000    0.827051   -0.077051 (VIOLATED)
_17745_/A0                              0.750000    0.827021   -0.077021 (VIOLATED)
fanout1353/X                            0.750000    0.827018   -0.077018 (VIOLATED)
_17320_/X                               0.750000    0.826942   -0.076942 (VIOLATED)
wire354/A                               0.750000    0.824920   -0.074921 (VIOLATED)
ANTENNA_210/DIODE                       0.750000    0.824920   -0.074920 (VIOLATED)
fanout350/A                             0.750000    0.824774   -0.074774 (VIOLATED)
fanout353/X                             0.750000    0.824770   -0.074770 (VIOLATED)
_18162_/X                               0.750000    0.822735   -0.072735 (VIOLATED)
_10967_/C1                              0.750000    0.821666   -0.071666 (VIOLATED)
_11132_/A1                              0.750000    0.821663   -0.071663 (VIOLATED)
_10731_/A1                              0.750000    0.821661   -0.071661 (VIOLATED)
fanout1397/A                            0.750000    0.821651   -0.071651 (VIOLATED)
_09383_/A                               0.750000    0.821644   -0.071644 (VIOLATED)
_10969_/B2                              0.750000    0.821644   -0.071644 (VIOLATED)
_10970_/A1                              0.750000    0.821642   -0.071642 (VIOLATED)
_10959_/C1                              0.750000    0.821641   -0.071641 (VIOLATED)
_17718_/A0                              0.750000    0.821614   -0.071614 (VIOLATED)
fanout1398/X                            0.750000    0.821614   -0.071614 (VIOLATED)
_17896_/B                               0.750000    0.819982   -0.069982 (VIOLATED)
_11674_/B                               0.750000    0.819975   -0.069975 (VIOLATED)
_12008_/A                               0.750000    0.819821   -0.069821 (VIOLATED)
_11673_/Y                               0.750000    0.819781   -0.069781 (VIOLATED)
_11957_/X                               0.750000    0.819363   -0.069363 (VIOLATED)
_18157_/B1                              0.750000    0.818541   -0.068541 (VIOLATED)
_18304_/A1                              0.750000    0.818537   -0.068537 (VIOLATED)
_16471_/B                               0.750000    0.813609   -0.063609 (VIOLATED)
_16700_/A1                              0.750000    0.813605   -0.063605 (VIOLATED)
_16979_/C                               0.750000    0.813573   -0.063573 (VIOLATED)
_16193_/A1                              0.750000    0.813572   -0.063572 (VIOLATED)
_16676_/A2                              0.750000    0.813523   -0.063523 (VIOLATED)
_16982_/A2                              0.750000    0.813448   -0.063448 (VIOLATED)
_17050_/B1                              0.750000    0.813376   -0.063376 (VIOLATED)
_16675_/B                               0.750000    0.813373   -0.063373 (VIOLATED)
_16120_/A                               0.750000    0.813371   -0.063371 (VIOLATED)
_17182_/A2                              0.750000    0.813345   -0.063345 (VIOLATED)
fanout395/X                             0.750000    0.813343   -0.063343 (VIOLATED)
_10063_/B                               0.750000    0.812994   -0.062994 (VIOLATED)
_10716_/A2                              0.750000    0.812989   -0.062989 (VIOLATED)
_10051_/A2                              0.750000    0.812986   -0.062986 (VIOLATED)
_11253_/B2                              0.750000    0.812980   -0.062980 (VIOLATED)
_11262_/A2                              0.750000    0.812972   -0.062972 (VIOLATED)
_10083_/B                               0.750000    0.812972   -0.062972 (VIOLATED)
_11355_/A1                              0.750000    0.812964   -0.062964 (VIOLATED)
_10038_/B                               0.750000    0.812954   -0.062954 (VIOLATED)
_10070_/A2                              0.750000    0.812894   -0.062894 (VIOLATED)
_10069_/B                               0.750000    0.812863   -0.062863 (VIOLATED)
fanout528/X                             0.750000    0.812855   -0.062855 (VIOLATED)
_18156_/X                               0.750000    0.811228   -0.061228 (VIOLATED)
ANTENNA_248/DIODE                       0.750000    0.808534   -0.058534 (VIOLATED)
ANTENNA_244/DIODE                       0.750000    0.808534   -0.058534 (VIOLATED)
ANTENNA_246/DIODE                       0.750000    0.808534   -0.058534 (VIOLATED)
ANTENNA_242/DIODE                       0.750000    0.808534   -0.058534 (VIOLATED)
_17494_/A1                              0.750000    0.808534   -0.058534 (VIOLATED)
ANTENNA_241/DIODE                       0.750000    0.808530   -0.058530 (VIOLATED)
ANTENNA_245/DIODE                       0.750000    0.808528   -0.058528 (VIOLATED)
ANTENNA_247/DIODE                       0.750000    0.808528   -0.058528 (VIOLATED)
ANTENNA_249/DIODE                       0.750000    0.808528   -0.058528 (VIOLATED)
ANTENNA_243/DIODE                       0.750000    0.808528   -0.058528 (VIOLATED)
_17493_/X                               0.750000    0.808371   -0.058371 (VIOLATED)
_11166_/B                               0.750000    0.806944   -0.056944 (VIOLATED)
_13918_/A                               0.750000    0.805482   -0.055482 (VIOLATED)
_17949_/B1                              0.750000    0.805455   -0.055455 (VIOLATED)
_11165_/X                               0.750000    0.805444   -0.055444 (VIOLATED)
_11907_/C1                              0.750000    0.804526   -0.054526 (VIOLATED)
_11944_/C1                              0.750000    0.804519   -0.054519 (VIOLATED)
_11919_/B1                              0.750000    0.804516   -0.054516 (VIOLATED)
_12246_/A1                              0.750000    0.804472   -0.054472 (VIOLATED)
_12205_/B1                              0.750000    0.804465   -0.054465 (VIOLATED)
_12117_/A1                              0.750000    0.804463   -0.054463 (VIOLATED)
_12092_/B2                              0.750000    0.804463   -0.054463 (VIOLATED)
_11980_/A1                              0.750000    0.804463   -0.054463 (VIOLATED)
_17901_/A1                              0.750000    0.804461   -0.054461 (VIOLATED)
_12128_/C1                              0.750000    0.804461   -0.054461 (VIOLATED)
fanout776/X                             0.750000    0.804459   -0.054459 (VIOLATED)
_17792_/A1                              0.750000    0.802887   -0.052887 (VIOLATED)
_11713_/B                               0.750000    0.801475   -0.051475 (VIOLATED)
_17791_/X                               0.750000    0.801473   -0.051473 (VIOLATED)
_17631_/A1                              0.750000    0.801417   -0.051417 (VIOLATED)
_17630_/X                               0.750000    0.801228   -0.051228 (VIOLATED)
_11712_/X                               0.750000    0.800994   -0.050994 (VIOLATED)
_12138_/A                               0.750000    0.800184   -0.050184 (VIOLATED)
_12103_/X                               0.750000    0.799451   -0.049451 (VIOLATED)
_17721_/A1                              0.750000    0.797856   -0.047856 (VIOLATED)
ANTENNA_162/DIODE                       0.750000    0.797855   -0.047855 (VIOLATED)
_17720_/X                               0.750000    0.797783   -0.047783 (VIOLATED)
fanout646/A                             0.750000    0.797438   -0.047438 (VIOLATED)
fanout629/A                             0.750000    0.797240   -0.047240 (VIOLATED)
_09498_/Y                               0.750000    0.797237   -0.047237 (VIOLATED)
fanout645/A                             0.750000    0.795064   -0.045064 (VIOLATED)
fanout639/A                             0.750000    0.794940   -0.044940 (VIOLATED)
fanout634/A                             0.750000    0.794795   -0.044795 (VIOLATED)
fanout636/A                             0.750000    0.794760   -0.044760 (VIOLATED)
fanout633/A                             0.750000    0.794565   -0.044565 (VIOLATED)
fanout631/A                             0.750000    0.794558   -0.044558 (VIOLATED)
fanout646/X                             0.750000    0.794557   -0.044557 (VIOLATED)
_10997_/A1                              0.750000    0.794118   -0.044118 (VIOLATED)
_10196_/B1                              0.750000    0.794113   -0.044113 (VIOLATED)
_10250_/A1                              0.750000    0.794112   -0.044112 (VIOLATED)
_10674_/S0                              0.750000    0.794104   -0.044104 (VIOLATED)
_10455_/B1                              0.750000    0.794092   -0.044092 (VIOLATED)
_10472_/A1                              0.750000    0.794089   -0.044089 (VIOLATED)
_10238_/B1                              0.750000    0.794079   -0.044079 (VIOLATED)
_10677_/C1                              0.750000    0.794050   -0.044050 (VIOLATED)
_10680_/S0                              0.750000    0.794047   -0.044047 (VIOLATED)
_10822_/A                               0.750000    0.794025   -0.044025 (VIOLATED)
fanout806/X                             0.750000    0.794023   -0.044023 (VIOLATED)
_12872_/A                               0.750000    0.792432   -0.042432 (VIOLATED)
_13721_/A1                              0.750000    0.792425   -0.042426 (VIOLATED)
_12853_/A                               0.750000    0.792401   -0.042401 (VIOLATED)
_12848_/A                               0.750000    0.792398   -0.042398 (VIOLATED)
_13456_/A1                              0.750000    0.792387   -0.042387 (VIOLATED)
_13950_/A1                              0.750000    0.792350   -0.042350 (VIOLATED)
_13632_/A1                              0.750000    0.792349   -0.042349 (VIOLATED)
_12941_/A1                              0.750000    0.792298   -0.042298 (VIOLATED)
_12926_/A1                              0.750000    0.792174   -0.042174 (VIOLATED)
_12931_/A                               0.750000    0.792173   -0.042173 (VIOLATED)
fanout736/X                             0.750000    0.792173   -0.042173 (VIOLATED)
_12284_/B                               0.750000    0.790014   -0.040014 (VIOLATED)
_12324_/B                               0.750000    0.790009   -0.040009 (VIOLATED)
_12395_/B                               0.750000    0.789991   -0.039991 (VIOLATED)
_12344_/A2                              0.750000    0.789977   -0.039977 (VIOLATED)
_12386_/A2                              0.750000    0.789940   -0.039940 (VIOLATED)
_12675_/A4                              0.750000    0.789937   -0.039937 (VIOLATED)
_12361_/A2                              0.750000    0.789904   -0.039904 (VIOLATED)
_12387_/A2                              0.750000    0.789900   -0.039900 (VIOLATED)
_12542_/A1                              0.750000    0.789896   -0.039896 (VIOLATED)
_12356_/A                               0.750000    0.789895   -0.039895 (VIOLATED)
fanout491/X                             0.750000    0.789894   -0.039894 (VIOLATED)
_11041_/B                               0.750000    0.789433   -0.039433 (VIOLATED)
_11333_/A1                              0.750000    0.789429   -0.039429 (VIOLATED)
_10345_/A3                              0.750000    0.789428   -0.039428 (VIOLATED)
_10586_/B1                              0.750000    0.789427   -0.039427 (VIOLATED)
_10573_/A                               0.750000    0.789426   -0.039426 (VIOLATED)
_11313_/A                               0.750000    0.789426   -0.039426 (VIOLATED)
_09804_/B                               0.750000    0.789425   -0.039425 (VIOLATED)
_10354_/B                               0.750000    0.789423   -0.039423 (VIOLATED)
_11316_/B1                              0.750000    0.789419   -0.039419 (VIOLATED)
_10898_/A2                              0.750000    0.789411   -0.039411 (VIOLATED)
fanout546/X                             0.750000    0.789409   -0.039409 (VIOLATED)
_18425_/B2                              0.750000    0.787957   -0.037958 (VIOLATED)
_18304_/A2                              0.750000    0.787956   -0.037956 (VIOLATED)
_13906_/A1                              0.750000    0.787941   -0.037941 (VIOLATED)
_13584_/A1                              0.750000    0.787940   -0.037940 (VIOLATED)
_13992_/B2                              0.750000    0.787940   -0.037940 (VIOLATED)
_18307_/A2                              0.750000    0.787939   -0.037939 (VIOLATED)
_13908_/B1                              0.750000    0.787933   -0.037933 (VIOLATED)
_13899_/B1                              0.750000    0.787924   -0.037924 (VIOLATED)
_18428_/B2                              0.750000    0.787916   -0.037916 (VIOLATED)
_13599_/A1                              0.750000    0.787889   -0.037889 (VIOLATED)
_18426_/B2                              0.750000    0.787886   -0.037886 (VIOLATED)
_18429_/B2                              0.750000    0.787840   -0.037840 (VIOLATED)
_13576_/C1                              0.750000    0.787839   -0.037839 (VIOLATED)
_13508_/B                               0.750000    0.787832   -0.037833 (VIOLATED)
_18427_/B2                              0.750000    0.787796   -0.037796 (VIOLATED)
_13373_/B1                              0.750000    0.787785   -0.037785 (VIOLATED)
_13747_/B                               0.750000    0.787736   -0.037736 (VIOLATED)
fanout328/X                             0.750000    0.787716   -0.037716 (VIOLATED)
_18306_/A2                              0.750000    0.787653   -0.037653 (VIOLATED)
_18309_/A2                              0.750000    0.787632   -0.037632 (VIOLATED)
_18310_/A2                              0.750000    0.787627   -0.037627 (VIOLATED)
fanout254/X                             0.750000    0.787627   -0.037627 (VIOLATED)
_15113_/B                               0.750000    0.787400   -0.037400 (VIOLATED)
_14897_/A2                              0.750000    0.787395   -0.037395 (VIOLATED)
_14865_/A2                              0.750000    0.787391   -0.037391 (VIOLATED)
_15369_/B                               0.750000    0.787389   -0.037389 (VIOLATED)
_14542_/B1                              0.750000    0.787388   -0.037388 (VIOLATED)
_15108_/A                               0.750000    0.787378   -0.037378 (VIOLATED)
_14885_/B                               0.750000    0.787372   -0.037372 (VIOLATED)
_15454_/A2                              0.750000    0.787371   -0.037371 (VIOLATED)
_15442_/A3                              0.750000    0.787349   -0.037349 (VIOLATED)
_15443_/B1                              0.750000    0.787132   -0.037132 (VIOLATED)
fanout433/X                             0.750000    0.787132   -0.037132 (VIOLATED)
_09393_/A                               0.750000    0.786258   -0.036258 (VIOLATED)
_11001_/A1                              0.750000    0.786257   -0.036257 (VIOLATED)
_11143_/B1                              0.750000    0.786243   -0.036243 (VIOLATED)
_17772_/A1                              0.750000    0.786223   -0.036223 (VIOLATED)
ANTENNA_7/DIODE                         0.750000    0.786222   -0.036222 (VIOLATED)
_10455_/A1                              0.750000    0.786206   -0.036206 (VIOLATED)
_10452_/B1                              0.750000    0.786203   -0.036203 (VIOLATED)
_10477_/B1                              0.750000    0.786177   -0.036178 (VIOLATED)
_17771_/X                               0.750000    0.786158   -0.036158 (VIOLATED)
_10678_/A1                              0.750000    0.786157   -0.036157 (VIOLATED)
_11147_/B1                              0.750000    0.786103   -0.036103 (VIOLATED)
_11155_/C1                              0.750000    0.786091   -0.036091 (VIOLATED)
_10847_/B1                              0.750000    0.786082   -0.036082 (VIOLATED)
fanout908/X                             0.750000    0.786074   -0.036074 (VIOLATED)
_16650_/A2                              0.750000    0.784566   -0.034566 (VIOLATED)
_16656_/A3                              0.750000    0.784557   -0.034557 (VIOLATED)
_16926_/A3                              0.750000    0.784555   -0.034555 (VIOLATED)
_17228_/A2                              0.750000    0.784537   -0.034537 (VIOLATED)
_16365_/B                               0.750000    0.784513   -0.034513 (VIOLATED)
_16274_/B                               0.750000    0.784493   -0.034493 (VIOLATED)
_16638_/A1                              0.750000    0.784488   -0.034488 (VIOLATED)
_16548_/A3                              0.750000    0.784488   -0.034488 (VIOLATED)
_16343_/A1                              0.750000    0.784486   -0.034486 (VIOLATED)
_16539_/A                               0.750000    0.784485   -0.034485 (VIOLATED)
fanout385/X                             0.750000    0.784483   -0.034483 (VIOLATED)
_10842_/C1                              0.750000    0.783899   -0.033899 (VIOLATED)
_10826_/C1                              0.750000    0.783898   -0.033898 (VIOLATED)
_10841_/C1                              0.750000    0.783897   -0.033897 (VIOLATED)
_11161_/B1                              0.750000    0.783897   -0.033897 (VIOLATED)
_11387_/A                               0.750000    0.783894   -0.033894 (VIOLATED)
_11394_/C1                              0.750000    0.783875   -0.033875 (VIOLATED)
_11305_/C1                              0.750000    0.783868   -0.033868 (VIOLATED)
_10833_/B1                              0.750000    0.783867   -0.033867 (VIOLATED)
_12684_/A                               0.750000    0.783755   -0.033755 (VIOLATED)
_17937_/A1                              0.750000    0.783746   -0.033746 (VIOLATED)
fanout903/X                             0.750000    0.783741   -0.033741 (VIOLATED)
_11037_/A1                              0.750000    0.780687   -0.030687 (VIOLATED)
fanout1633/A                            0.750000    0.780666   -0.030666 (VIOLATED)
fanout1632/A                            0.750000    0.780617   -0.030617 (VIOLATED)
fanout1634/A                            0.750000    0.780531   -0.030531 (VIOLATED)
_17592_/A0                              0.750000    0.780088   -0.030088 (VIOLATED)
fanout1635/X                            0.750000    0.780082   -0.030082 (VIOLATED)
_10438_/A1                              0.750000    0.779110   -0.029110 (VIOLATED)
_10227_/A1                              0.750000    0.779090   -0.029090 (VIOLATED)
_12535_/A                               0.750000    0.779078   -0.029078 (VIOLATED)
_10989_/A1                              0.750000    0.779078   -0.029078 (VIOLATED)
_10241_/A                               0.750000    0.779077   -0.029077 (VIOLATED)
_11140_/A1                              0.750000    0.779072   -0.029072 (VIOLATED)
_10171_/A                               0.750000    0.779057   -0.029057 (VIOLATED)
_10432_/C1                              0.750000    0.779056   -0.029056 (VIOLATED)
_10199_/C1                              0.750000    0.779056   -0.029056 (VIOLATED)
_10649_/A                               0.750000    0.779056   -0.029056 (VIOLATED)
fanout798/X                             0.750000    0.779054   -0.029054 (VIOLATED)
_12297_/A                               0.750000    0.776986   -0.026986 (VIOLATED)
_12281_/A_N                             0.750000    0.776986   -0.026986 (VIOLATED)
_12299_/A_N                             0.750000    0.776985   -0.026985 (VIOLATED)
_12300_/A_N                             0.750000    0.776984   -0.026984 (VIOLATED)
_12273_/A                               0.750000    0.776984   -0.026984 (VIOLATED)
_12293_/A                               0.750000    0.776982   -0.026982 (VIOLATED)
_12298_/A                               0.750000    0.776976   -0.026976 (VIOLATED)
_12282_/A                               0.750000    0.776967   -0.026967 (VIOLATED)
_12430_/C                               0.750000    0.776762   -0.026762 (VIOLATED)
_12318_/A                               0.750000    0.776761   -0.026761 (VIOLATED)
fanout1008/X                            0.750000    0.776761   -0.026761 (VIOLATED)
_14785_/A3                              0.750000    0.776533   -0.026533 (VIOLATED)
_14307_/A2                              0.750000    0.776532   -0.026532 (VIOLATED)
_14791_/B                               0.750000    0.776526   -0.026526 (VIOLATED)
_14776_/B                               0.750000    0.776524   -0.026525 (VIOLATED)
_14997_/C                               0.750000    0.776505   -0.026505 (VIOLATED)
_15155_/A                               0.750000    0.776498   -0.026498 (VIOLATED)
_14998_/C                               0.750000    0.776288   -0.026288 (VIOLATED)
_15166_/A2                              0.750000    0.776288   -0.026288 (VIOLATED)
_15274_/B                               0.750000    0.776288   -0.026288 (VIOLATED)
_15542_/A2                              0.750000    0.776288   -0.026288 (VIOLATED)
fanout452/X                             0.750000    0.776288   -0.026288 (VIOLATED)
fanout2038/A                            0.750000    0.776285   -0.026285 (VIOLATED)
fanout2033/A                            0.750000    0.776275   -0.026275 (VIOLATED)
fanout2043/A                            0.750000    0.776204   -0.026204 (VIOLATED)
fanout2028/A                            0.750000    0.775946   -0.025946 (VIOLATED)
fanout2020/A                            0.750000    0.775943   -0.025943 (VIOLATED)
fanout2021/A                            0.750000    0.775939   -0.025939 (VIOLATED)
fanout2023/A                            0.750000    0.775939   -0.025939 (VIOLATED)
fanout2044/X                            0.750000    0.775939   -0.025939 (VIOLATED)
fanout618/A                             0.750000    0.775228   -0.025228 (VIOLATED)
ANTENNA_37/DIODE                        0.750000    0.775224   -0.025224 (VIOLATED)
_14090_/B1                              0.750000    0.775224   -0.025224 (VIOLATED)
_14104_/B1                              0.750000    0.775222   -0.025222 (VIOLATED)
_09428_/A                               0.750000    0.775214   -0.025214 (VIOLATED)
_13727_/S0                              0.750000    0.775211   -0.025211 (VIOLATED)
_13712_/A1                              0.750000    0.775179   -0.025179 (VIOLATED)
_13884_/C1                              0.750000    0.775168   -0.025168 (VIOLATED)
_13980_/A1                              0.750000    0.775152   -0.025152 (VIOLATED)
_13979_/B1                              0.750000    0.775152   -0.025152 (VIOLATED)
_13664_/A1                              0.750000    0.775148   -0.025148 (VIOLATED)
_13661_/C1                              0.750000    0.775147   -0.025147 (VIOLATED)
fanout1728/X                            0.750000    0.775144   -0.025144 (VIOLATED)
fanout606/A                             0.750000    0.775060   -0.025060 (VIOLATED)
fanout608/A                             0.750000    0.774452   -0.024452 (VIOLATED)
fanout602/A                             0.750000    0.774283   -0.024283 (VIOLATED)
_09499_/X                               0.750000    0.774256   -0.024256 (VIOLATED)
_13500_/A1                              0.750000    0.773239   -0.023239 (VIOLATED)
_13597_/B1                              0.750000    0.773237   -0.023237 (VIOLATED)
_13494_/A1_N                            0.750000    0.773230   -0.023230 (VIOLATED)
_13048_/B                               0.750000    0.773212   -0.023212 (VIOLATED)
_13521_/A2                              0.750000    0.773210   -0.023210 (VIOLATED)
_13997_/A1                              0.750000    0.773203   -0.023203 (VIOLATED)
_13371_/B1                              0.750000    0.773175   -0.023175 (VIOLATED)
_13346_/A2                              0.750000    0.773132   -0.023132 (VIOLATED)
_13749_/A2                              0.750000    0.773094   -0.023094 (VIOLATED)
_13742_/B                               0.750000    0.773086   -0.023086 (VIOLATED)
fanout467/X                             0.750000    0.773086   -0.023086 (VIOLATED)
_15231_/A2                              0.750000    0.772310   -0.022310 (VIOLATED)
_15225_/A                               0.750000    0.772308   -0.022308 (VIOLATED)
_14621_/B                               0.750000    0.772295   -0.022295 (VIOLATED)
_14829_/A2                              0.750000    0.772289   -0.022289 (VIOLATED)
_15063_/B                               0.750000    0.772289   -0.022289 (VIOLATED)
_15343_/A1                              0.750000    0.772249   -0.022249 (VIOLATED)
_15671_/A1                              0.750000    0.772248   -0.022248 (VIOLATED)
_14838_/A1                              0.750000    0.772246   -0.022246 (VIOLATED)
_15673_/A1                              0.750000    0.772229   -0.022229 (VIOLATED)
_15469_/A1                              0.750000    0.772229   -0.022229 (VIOLATED)
fanout427/X                             0.750000    0.772226   -0.022226 (VIOLATED)
_12703_/B                               0.750000    0.771717   -0.021717 (VIOLATED)
_12767_/A2                              0.750000    0.771702   -0.021702 (VIOLATED)
_12798_/A2                              0.750000    0.771699   -0.021699 (VIOLATED)
_13938_/A                               0.750000    0.771697   -0.021697 (VIOLATED)
_13942_/A2                              0.750000    0.771690   -0.021690 (VIOLATED)
_12831_/A2                              0.750000    0.771683   -0.021683 (VIOLATED)
_12794_/B                               0.750000    0.771671   -0.021671 (VIOLATED)
_12704_/B                               0.750000    0.771671   -0.021671 (VIOLATED)
_13817_/A1                              0.750000    0.771671   -0.021671 (VIOLATED)
_13541_/A2                              0.750000    0.771671   -0.021671 (VIOLATED)
fanout484/X                             0.750000    0.771669   -0.021669 (VIOLATED)
_11170_/B2                              0.750000    0.768988   -0.018988 (VIOLATED)
_11190_/A2                              0.750000    0.768983   -0.018983 (VIOLATED)
_09758_/A1                              0.750000    0.768978   -0.018978 (VIOLATED)
_09767_/A2                              0.750000    0.768963   -0.018963 (VIOLATED)
_09747_/A2                              0.750000    0.768950   -0.018950 (VIOLATED)
_09704_/A2                              0.750000    0.768919   -0.018919 (VIOLATED)
_10411_/A2                              0.750000    0.768904   -0.018904 (VIOLATED)
_09644_/A                               0.750000    0.768758   -0.018758 (VIOLATED)
_09652_/A2                              0.750000    0.768728   -0.018728 (VIOLATED)
_09657_/B                               0.750000    0.768725   -0.018725 (VIOLATED)
fanout555/X                             0.750000    0.768723   -0.018723 (VIOLATED)
_17577_/A1                              0.750000    0.768318   -0.018318 (VIOLATED)
ANTENNA_107/DIODE                       0.750000    0.768317   -0.018317 (VIOLATED)
_17576_/X                               0.750000    0.768058   -0.018058 (VIOLATED)
_13258_/A1                              0.750000    0.766090   -0.016090 (VIOLATED)
_13257_/C1                              0.750000    0.766089   -0.016089 (VIOLATED)
_13558_/C1                              0.750000    0.766079   -0.016079 (VIOLATED)
_13551_/C1                              0.750000    0.766071   -0.016071 (VIOLATED)
_12829_/B1                              0.750000    0.766029   -0.016029 (VIOLATED)
_12837_/A1                              0.750000    0.765997   -0.015997 (VIOLATED)
_12809_/A                               0.750000    0.765962   -0.015962 (VIOLATED)
_13825_/A1                              0.750000    0.765929   -0.015929 (VIOLATED)
_13934_/C1                              0.750000    0.765867   -0.015867 (VIOLATED)
_17736_/B1                              0.750000    0.765750   -0.015750 (VIOLATED)
ANTENNA_163/DIODE                       0.750000    0.765748   -0.015748 (VIOLATED)
_09415_/A                               0.750000    0.765741   -0.015742 (VIOLATED)
fanout1443/X                            0.750000    0.765736   -0.015736 (VIOLATED)
_17735_/X                               0.750000    0.765227   -0.015227 (VIOLATED)
_11766_/C1                              0.750000    0.764808   -0.014808 (VIOLATED)
_11695_/B1                              0.750000    0.764804   -0.014804 (VIOLATED)
_11745_/A1                              0.750000    0.764802   -0.014802 (VIOLATED)
_11559_/C1                              0.750000    0.764800   -0.014800 (VIOLATED)
_11647_/A1                              0.750000    0.764798   -0.014798 (VIOLATED)
_11764_/C1                              0.750000    0.764798   -0.014798 (VIOLATED)
_11757_/B1                              0.750000    0.764797   -0.014797 (VIOLATED)
_11524_/C1                              0.750000    0.764797   -0.014797 (VIOLATED)
_11668_/A1                              0.750000    0.764792   -0.014792 (VIOLATED)
_11628_/C1                              0.750000    0.764593   -0.014593 (VIOLATED)
fanout785/X                             0.750000    0.764593   -0.014593 (VIOLATED)
_17298_/A1                              0.750000    0.763617   -0.013617 (VIOLATED)
_17052_/A2                              0.750000    0.763613   -0.013613 (VIOLATED)
_17057_/A1                              0.750000    0.763607   -0.013607 (VIOLATED)
_16169_/A1                              0.750000    0.763586   -0.013586 (VIOLATED)
_16690_/A2                              0.750000    0.763585   -0.013585 (VIOLATED)
_16679_/B                               0.750000    0.763551   -0.013551 (VIOLATED)
_16698_/A2_N                            0.750000    0.763524   -0.013524 (VIOLATED)
_16137_/A2                              0.750000    0.763523   -0.013523 (VIOLATED)
_16782_/A1                              0.750000    0.763522   -0.013522 (VIOLATED)
_16112_/B                               0.750000    0.763518   -0.013518 (VIOLATED)
fanout398/X                             0.750000    0.763515   -0.013515 (VIOLATED)
_16928_/C                               0.750000    0.763129   -0.013129 (VIOLATED)
_16651_/A2                              0.750000    0.763128   -0.013128 (VIOLATED)
_16663_/B1                              0.750000    0.763128   -0.013128 (VIOLATED)
_17116_/B1                              0.750000    0.763125   -0.013125 (VIOLATED)
_16520_/A1                              0.750000    0.763113   -0.013113 (VIOLATED)
_17228_/B1                              0.750000    0.763105   -0.013105 (VIOLATED)
_17267_/A                               0.750000    0.763101   -0.013101 (VIOLATED)
_16366_/A1                              0.750000    0.763094   -0.013094 (VIOLATED)
_16345_/A3                              0.750000    0.763091   -0.013091 (VIOLATED)
_16294_/B                               0.750000    0.763085   -0.013085 (VIOLATED)
fanout381/X                             0.750000    0.763081   -0.013081 (VIOLATED)
_17769_/A1                              0.750000    0.760751   -0.010751 (VIOLATED)
_17768_/X                               0.750000    0.760643   -0.010643 (VIOLATED)
_09728_/B1                              0.750000    0.760503   -0.010503 (VIOLATED)
_09671_/A1                              0.750000    0.760496   -0.010496 (VIOLATED)
_10512_/C1                              0.750000    0.760482   -0.010482 (VIOLATED)
_10504_/C1                              0.750000    0.760470   -0.010470 (VIOLATED)
_09695_/A                               0.750000    0.760432   -0.010432 (VIOLATED)
_09707_/B1                              0.750000    0.760397   -0.010397 (VIOLATED)
_10405_/A1                              0.750000    0.760391   -0.010391 (VIOLATED)
_09775_/A1                              0.750000    0.760390   -0.010390 (VIOLATED)
_09751_/A1                              0.750000    0.760390   -0.010390 (VIOLATED)
_10415_/A                               0.750000    0.760390   -0.010390 (VIOLATED)
fanout847/X                             0.750000    0.760386   -0.010386 (VIOLATED)
_09808_/B                               0.750000    0.759455   -0.009455 (VIOLATED)
_09802_/B                               0.750000    0.759449   -0.009449 (VIOLATED)
_09792_/B                               0.750000    0.759448   -0.009448 (VIOLATED)
_10787_/A1                              0.750000    0.759448   -0.009448 (VIOLATED)
_09803_/B                               0.750000    0.759444   -0.009445 (VIOLATED)
_09788_/B                               0.750000    0.759433   -0.009433 (VIOLATED)
_09832_/C_N                             0.750000    0.759415   -0.009415 (VIOLATED)
_09780_/B                               0.750000    0.759414   -0.009414 (VIOLATED)
_09785_/A2                              0.750000    0.759408   -0.009408 (VIOLATED)
fanout1202/A                            0.750000    0.759180   -0.009180 (VIOLATED)
fanout1203/X                            0.750000    0.759180   -0.009180 (VIOLATED)
_18165_/B2                              0.750000    0.758690   -0.008690 (VIOLATED)
_18159_/B2                              0.750000    0.758688   -0.008688 (VIOLATED)
_18171_/B2                              0.750000    0.758679   -0.008679 (VIOLATED)
_18155_/B                               0.750000    0.758635   -0.008635 (VIOLATED)
_18701_/A3                              0.750000    0.758633   -0.008633 (VIOLATED)
_18700_/A2                              0.750000    0.758633   -0.008633 (VIOLATED)
_18699_/A2                              0.750000    0.758633   -0.008633 (VIOLATED)
_18698_/A2                              0.750000    0.758633   -0.008633 (VIOLATED)
_18703_/A3                              0.750000    0.758631   -0.008631 (VIOLATED)
_18704_/D                               0.750000    0.758629   -0.008629 (VIOLATED)
fanout277/X                             0.750000    0.758629   -0.008629 (VIOLATED)
_12420_/A1                              0.750000    0.758501   -0.008501 (VIOLATED)
_12581_/A1                              0.750000    0.758493   -0.008493 (VIOLATED)
_12396_/C1                              0.750000    0.758490   -0.008490 (VIOLATED)
_12339_/B                               0.750000    0.758476   -0.008476 (VIOLATED)
_12557_/A1                              0.750000    0.758475   -0.008475 (VIOLATED)
_12499_/B1                              0.750000    0.758453   -0.008453 (VIOLATED)
_12328_/A1                              0.750000    0.758413   -0.008413 (VIOLATED)
_12364_/C                               0.750000    0.758402   -0.008402 (VIOLATED)
_12515_/B                               0.750000    0.758393   -0.008393 (VIOLATED)
_12431_/B                               0.750000    0.758387   -0.008387 (VIOLATED)
fanout493/X                             0.750000    0.758382   -0.008382 (VIOLATED)
ANTENNA_279/DIODE                       0.750000    0.756154   -0.006154 (VIOLATED)
ANTENNA_278/DIODE                       0.750000    0.756154   -0.006154 (VIOLATED)
_17595_/A1                              0.750000    0.756149   -0.006149 (VIOLATED)
_17594_/X                               0.750000    0.755019   -0.005020 (VIOLATED)
_14383_/A_N                             0.750000    0.753618   -0.003618 (VIOLATED)
_14397_/A_N                             0.750000    0.753617   -0.003617 (VIOLATED)
_14384_/B                               0.750000    0.753617   -0.003617 (VIOLATED)
_09449_/A                               0.750000    0.753612   -0.003612 (VIOLATED)
_14381_/B                               0.750000    0.753601   -0.003601 (VIOLATED)
_15559_/A                               0.750000    0.753580   -0.003580 (VIOLATED)
_15308_/A1                              0.750000    0.753551   -0.003551 (VIOLATED)
_14467_/A_N                             0.750000    0.753547   -0.003547 (VIOLATED)
fanout1350/A                            0.750000    0.753527   -0.003527 (VIOLATED)
_17748_/A0                              0.750000    0.753344   -0.003344 (VIOLATED)
fanout1351/X                            0.750000    0.753337   -0.003337 (VIOLATED)
_16219_/A2                              0.750000    0.750785   -0.000785 (VIOLATED)
_16247_/A1                              0.750000    0.750784   -0.000784 (VIOLATED)
_17026_/A2                              0.750000    0.750777   -0.000777 (VIOLATED)
_17023_/A2                              0.750000    0.750776   -0.000776 (VIOLATED)
_16609_/B                               0.750000    0.750771   -0.000771 (VIOLATED)
ANTENNA_289/DIODE                       0.750000    0.750760   -0.000760 (VIOLATED)
_16448_/A                               0.750000    0.750760   -0.000760 (VIOLATED)
_15946_/A2                              0.750000    0.750749   -0.000749 (VIOLATED)
_15978_/A                               0.750000    0.750744   -0.000744 (VIOLATED)
_15975_/B                               0.750000    0.750742   -0.000742 (VIOLATED)
_15961_/C                               0.750000    0.750742   -0.000742 (VIOLATED)
fanout419/X                             0.750000    0.750731   -0.000731 (VIOLATED)

max fanout

Pin                                   Limit Fanout  Slack
---------------------------------------------------------
clkbuf_leaf_4_clk/X                      10     16     -6 (VIOLATED)
clkbuf_leaf_20_clk/X                     10     15     -5 (VIOLATED)
clkbuf_leaf_22_clk/X                     10     15     -5 (VIOLATED)
clkbuf_leaf_2_clk/X                      10     15     -5 (VIOLATED)
clkbuf_leaf_31_clk/X                     10     15     -5 (VIOLATED)
clkbuf_leaf_32_clk/X                     10     15     -5 (VIOLATED)
clkbuf_leaf_33_clk/X                     10     15     -5 (VIOLATED)
clkbuf_leaf_35_clk/X                     10     15     -5 (VIOLATED)
clkbuf_leaf_39_clk/X                     10     15     -5 (VIOLATED)
clkbuf_leaf_3_clk/X                      10     15     -5 (VIOLATED)
clkbuf_leaf_44_clk/X                     10     15     -5 (VIOLATED)
clkbuf_leaf_47_clk/X                     10     15     -5 (VIOLATED)
clkbuf_leaf_48_clk/X                     10     15     -5 (VIOLATED)
clkbuf_leaf_49_clk/X                     10     15     -5 (VIOLATED)
clkbuf_leaf_51_clk/X                     10     15     -5 (VIOLATED)
clkbuf_leaf_54_clk/X                     10     15     -5 (VIOLATED)
clkbuf_leaf_55_clk/X                     10     15     -5 (VIOLATED)
clkbuf_leaf_58_clk/X                     10     15     -5 (VIOLATED)
clkbuf_leaf_59_clk/X                     10     15     -5 (VIOLATED)
clkbuf_leaf_8_clk/X                      10     15     -5 (VIOLATED)
clkbuf_leaf_9_clk/X                      10     15     -5 (VIOLATED)
clkbuf_leaf_10_clk/X                     10     14     -4 (VIOLATED)
clkbuf_leaf_11_clk/X                     10     14     -4 (VIOLATED)
clkbuf_leaf_15_clk/X                     10     14     -4 (VIOLATED)
clkbuf_leaf_16_clk/X                     10     14     -4 (VIOLATED)
clkbuf_leaf_18_clk/X                     10     14     -4 (VIOLATED)
clkbuf_leaf_19_clk/X                     10     14     -4 (VIOLATED)
clkbuf_leaf_21_clk/X                     10     14     -4 (VIOLATED)
clkbuf_leaf_23_clk/X                     10     14     -4 (VIOLATED)
clkbuf_leaf_27_clk/X                     10     14     -4 (VIOLATED)
clkbuf_leaf_29_clk/X                     10     14     -4 (VIOLATED)
clkbuf_leaf_30_clk/X                     10     14     -4 (VIOLATED)
clkbuf_leaf_34_clk/X                     10     14     -4 (VIOLATED)
clkbuf_leaf_38_clk/X                     10     14     -4 (VIOLATED)
clkbuf_leaf_40_clk/X                     10     14     -4 (VIOLATED)
clkbuf_leaf_41_clk/X                     10     14     -4 (VIOLATED)
clkbuf_leaf_42_clk/X                     10     14     -4 (VIOLATED)
clkbuf_leaf_43_clk/X                     10     14     -4 (VIOLATED)
clkbuf_leaf_45_clk/X                     10     14     -4 (VIOLATED)
clkbuf_leaf_50_clk/X                     10     14     -4 (VIOLATED)
clkbuf_leaf_52_clk/X                     10     14     -4 (VIOLATED)
clkbuf_leaf_53_clk/X                     10     14     -4 (VIOLATED)
clkbuf_leaf_56_clk/X                     10     14     -4 (VIOLATED)
clkbuf_leaf_57_clk/X                     10     14     -4 (VIOLATED)
clkbuf_leaf_5_clk/X                      10     14     -4 (VIOLATED)
clkbuf_leaf_6_clk/X                      10     14     -4 (VIOLATED)
clkbuf_leaf_7_clk/X                      10     14     -4 (VIOLATED)
clkbuf_leaf_12_clk/X                     10     13     -3 (VIOLATED)
clkbuf_leaf_14_clk/X                     10     13     -3 (VIOLATED)
clkbuf_leaf_17_clk/X                     10     13     -3 (VIOLATED)
clkbuf_leaf_24_clk/X                     10     13     -3 (VIOLATED)
clkbuf_leaf_28_clk/X                     10     13     -3 (VIOLATED)
clkbuf_leaf_46_clk/X                     10     13     -3 (VIOLATED)
fanout235/X                              10     12     -2 (VIOLATED)
wire20/X                                 10     12     -2 (VIOLATED)
_17579_/X                                10     11        (VIOLATED)
clkbuf_leaf_1_clk/X                      10     11        (VIOLATED)
clkbuf_leaf_26_clk/X                     10     11        (VIOLATED)
clkbuf_leaf_36_clk/X                     10     11        (VIOLATED)
fanout419/X                              10     11        (VIOLATED)
fanout490/X                              10     11        (VIOLATED)

max capacitance

Pin                                        Limit         Cap       Slack
------------------------------------------------------------------------
_09502_/Y                               0.200000    0.211144   -0.011144 (VIOLATED)
fanout2077/X                            0.151987    0.159633   -0.007646 (VIOLATED)



===========================================================================
report_parasitic_annotation -report_unannotated
============================================================================
Found 61 unannotated drivers.
 uio_in[5]
 uio_in[6]
 uio_in[7]
 clkload0/X
 clkload1/X
 clkload10/X
 clkload11/X
 clkload12/Y
 clkload13/X
 clkload14/X
 clkload15/Y
 clkload16/Y
 clkload17/Y
 clkload18/Y
 clkload19/X
 clkload2/Y
 clkload20/X
 clkload21/X
 clkload22/X
 clkload23/X
 clkload24/X
 clkload25/X
 clkload26/X
 clkload27/X
 clkload28/X
 clkload29/X
 clkload3/X
 clkload30/X
 clkload31/Y
 clkload32/X
 clkload33/X
 clkload34/X
 clkload35/X
 clkload36/X
 clkload37/X
 clkload38/X
 clkload39/X
 clkload4/X
 clkload40/X
 clkload41/X
 clkload42/Y
 clkload43/X
 clkload44/X
 clkload5/Y
 clkload6/X
 clkload7/X
 clkload8/X
 clkload9/X
 tt_um_aes128_baseline/HI
 tt_um_aes128_baseline_2080/HI
 tt_um_aes128_baseline_2081/HI
 tt_um_aes128_baseline_2082/HI
 tt_um_aes128_baseline_2083/HI
 tt_um_aes128_baseline_2084/HI
 tt_um_aes128_baseline_2085/HI
 tt_um_aes128_baseline_2086/HI
 tt_um_aes128_baseline_2087/HI
 tt_um_aes128_baseline_2088/HI
 tt_um_aes128_baseline_2089/LO
 tt_um_aes128_baseline_2090/LO
 tt_um_aes128_baseline_2091/LO
Found 0 partially unannotated drivers.

===========================================================================
max slew violation count 788
max fanout violation count 61
max cap violation count 2
============================================================================

===========================================================================
check_setup -verbose -unconstrained_endpoints -multiple_clock -no_clock -no_input_delay -loops -generated_clocks
===========================================================================
