Clock: clk
Sources: clk 
Generated: no
Virtual: yes
Propagated: no
Period: 100.000000

===========================================================================
report_clock_properties
============================================================================
Clock                   Period          Waveform
----------------------------------------------------
clk                 100.000000    0.000000 50.000000

===========================================================================
report_clock_latency
============================================================================
Clock clk
rise -> rise
    min     max
0.000000 0.000000 source latency
1.157790         network latency _19014_/CLK
        1.241190 network latency _18958_/CLK
---------------
1.157790 1.241190 latency
        0.083400 skew

fall -> fall
    min     max
0.000000 0.000000 source latency
0.913609         network latency _19014_/CLK
        0.971230 network latency _18958_/CLK
---------------
0.913609 0.971230 latency
        0.057621 skew



===========================================================================
report_clock_min_period
============================================================================
clk period_min = 9.90 fmax = 101.01
