+ analyze_power_grid -net VPWR -voltage_file /home/runner/work/ttsky-aes128-optimized/ttsky-aes128-optimized/runs/wokwi/56-openroad-irdropreport/net-VPWR.csv
[INFO PSM-0040] All shapes on net VPWR are connected.
########## IR report #################
Net              : VPWR
Corner           : nom_tt_025C_1v80
Total power      : 8.35e-04 W
Supply voltage   : 1.80e+00 V
Worstcase voltage: 1.80e+00 V
Average voltage  : 1.80e+00 V
Average IR drop  : 1.83e-06 V
Worstcase IR drop: 1.22e-05 V
Percentage drop  : 0.00 %
######################################
+ analyze_power_grid -net VGND -voltage_file /home/runner/work/ttsky-aes128-optimized/ttsky-aes128-optimized/runs/wokwi/56-openroad-irdropreport/net-VGND.csv
[INFO PSM-0040] All shapes on net VGND are connected.
########## IR report #################
Net              : VGND
Corner           : nom_tt_025C_1v80
Total power      : 8.35e-04 W
Supply voltage   : 0.00e+00 V
Worstcase voltage: 1.10e-05 V
Average voltage  : 1.87e-06 V
Average IR drop  : 1.87e-06 V
Worstcase IR drop: 1.10e-05 V
Percentage drop  : 0.00 %
######################################
