Clock: clk
Sources: clk 
Generated: no
Virtual: no
Propagated: no
Period: 20.000000

===========================================================================
report_clock_properties
============================================================================
Clock                   Period          Waveform
----------------------------------------------------
clk                  20.000000    0.000000 10.000000

===========================================================================
report_clock_latency
============================================================================
Clock clk
rise -> rise
    min     max
0.000000 0.000000 source latency
5.764430         network latency _6087_/CLK
        5.764430 network latency _6087_/CLK
---------------
5.764430 5.764430 latency
        0.000000 skew

fall -> fall
    min     max
0.000000 0.000000 source latency
2.822488         network latency _6087_/CLK
        2.822488 network latency _6087_/CLK
---------------
2.822488 2.822488 latency
        0.000000 skew



===========================================================================
report_clock_min_period
============================================================================
clk period_min = 8.49 fmax = 117.79
