
===========================================================================
Violator List
============================================================================
[setup in-reg] rst_n -> _6087_/RESET_B : -0.638858
[setup in-reg] rst_n -> _6088_/RESET_B : -0.638858
[setup in-reg] rst_n -> _6089_/RESET_B : -0.638858
[setup in-reg] rst_n -> _6090_/RESET_B : -0.638858
[setup in-reg] rst_n -> _6091_/RESET_B : -0.638858
[setup in-reg] rst_n -> _6092_/RESET_B : -0.638858
[setup in-reg] rst_n -> _6093_/RESET_B : -0.638858
[setup in-reg] rst_n -> _6094_/RESET_B : -0.638858
[setup in-reg] rst_n -> _6095_/RESET_B : -0.638858
[setup in-reg] rst_n -> _6096_/RESET_B : -0.638858
[setup in-reg] rst_n -> _6097_/RESET_B : -0.638858
[setup in-reg] rst_n -> _6098_/RESET_B : -0.638858
[setup in-reg] rst_n -> _6099_/RESET_B : -0.638858
[setup in-reg] rst_n -> _6100_/RESET_B : -0.638858
[setup in-reg] rst_n -> _6101_/RESET_B : -0.638858
[setup in-reg] rst_n -> _6102_/RESET_B : -0.638858
[setup in-reg] rst_n -> _6103_/RESET_B : -0.638858
[setup in-reg] rst_n -> _6104_/RESET_B : -0.638858
[setup in-reg] rst_n -> _6105_/RESET_B : -0.638858
[setup in-reg] rst_n -> _6106_/RESET_B : -0.638858
[setup in-reg] rst_n -> _6107_/RESET_B : -0.638858
[setup in-reg] rst_n -> _6108_/RESET_B : -0.638858
[setup in-reg] rst_n -> _6109_/RESET_B : -0.638858
[setup in-reg] rst_n -> _6110_/RESET_B : -0.638858
[setup in-reg] rst_n -> _6111_/RESET_B : -0.638858
[setup in-reg] rst_n -> _6112_/RESET_B : -0.638858
[setup in-reg] rst_n -> _6113_/RESET_B : -0.638858
[setup in-reg] rst_n -> _6114_/RESET_B : -0.638858
[setup in-reg] rst_n -> _6115_/RESET_B : -0.638858
[setup in-reg] rst_n -> _6116_/RESET_B : -0.638858
[setup in-reg] rst_n -> _6117_/RESET_B : -0.638858
[setup in-reg] rst_n -> _6118_/RESET_B : -0.638858
[setup in-reg] rst_n -> _6119_/RESET_B : -0.638858
[setup in-reg] rst_n -> _6120_/RESET_B : -0.638858
[setup in-reg] rst_n -> _6121_/RESET_B : -0.638858
[setup in-reg] rst_n -> _6122_/RESET_B : -0.638858
[setup in-reg] rst_n -> _6123_/RESET_B : -0.638858
[setup in-reg] rst_n -> _6124_/RESET_B : -0.638858
[setup in-reg] rst_n -> _6125_/RESET_B : -0.638858
[setup in-reg] rst_n -> _6126_/RESET_B : -0.638858
[setup in-reg] rst_n -> _6127_/RESET_B : -0.638858
[setup in-reg] rst_n -> _6128_/RESET_B : -0.638858
[setup in-reg] rst_n -> _6129_/RESET_B : -0.638858
[setup in-reg] rst_n -> _6130_/RESET_B : -0.638858
[setup in-reg] rst_n -> _6131_/RESET_B : -0.638858
[setup in-reg] rst_n -> _6132_/RESET_B : -0.638858
[setup in-reg] rst_n -> _6133_/RESET_B : -0.638858
[setup in-reg] rst_n -> _6134_/RESET_B : -0.638858
[setup in-reg] rst_n -> _6135_/RESET_B : -0.638858
[setup in-reg] rst_n -> _6136_/RESET_B : -0.638858
[setup in-reg] rst_n -> _6137_/RESET_B : -0.638858
[setup in-reg] rst_n -> _6138_/RESET_B : -0.638858
[setup in-reg] rst_n -> _6139_/RESET_B : -0.638858
[setup in-reg] rst_n -> _6140_/RESET_B : -0.638858
[setup in-reg] rst_n -> _6141_/RESET_B : -0.638858
[setup in-reg] rst_n -> _6142_/RESET_B : -0.638858
[setup in-reg] rst_n -> _6143_/RESET_B : -0.638858
[setup in-reg] rst_n -> _6144_/RESET_B : -0.638858
[setup in-reg] rst_n -> _6145_/RESET_B : -0.638858
[setup in-reg] rst_n -> _6146_/RESET_B : -0.638858
[setup in-reg] rst_n -> _6147_/RESET_B : -0.638858
[setup in-reg] rst_n -> _6148_/RESET_B : -0.638858
[setup in-reg] rst_n -> _6149_/RESET_B : -0.638858
[setup in-reg] rst_n -> _6150_/RESET_B : -0.638858
[setup in-reg] rst_n -> _6151_/RESET_B : -0.638858
[setup in-reg] rst_n -> _6152_/RESET_B : -0.638858
[setup in-reg] rst_n -> _6153_/RESET_B : -0.638858
[setup in-reg] rst_n -> _6154_/RESET_B : -0.638858
[setup in-reg] rst_n -> _6155_/RESET_B : -0.638858
[setup in-reg] rst_n -> _6156_/RESET_B : -0.638858
[setup in-reg] rst_n -> _6157_/RESET_B : -0.638858
[setup in-reg] rst_n -> _6158_/RESET_B : -0.638858
[setup in-reg] rst_n -> _6159_/RESET_B : -0.638858
[setup in-reg] rst_n -> _6160_/RESET_B : -0.638858
[setup in-reg] rst_n -> _6161_/RESET_B : -0.638858
[setup in-reg] rst_n -> _6162_/RESET_B : -0.638858
[setup in-reg] rst_n -> _6163_/RESET_B : -0.638858
[setup in-reg] rst_n -> _6164_/RESET_B : -0.638858
[setup in-reg] rst_n -> _6165_/RESET_B : -0.638858
[setup in-reg] rst_n -> _6166_/RESET_B : -0.638858
[setup in-reg] rst_n -> _6167_/RESET_B : -0.638858
[setup in-reg] rst_n -> _6168_/RESET_B : -0.638858
[setup in-reg] rst_n -> _6169_/RESET_B : -0.638858
[setup in-reg] rst_n -> _6170_/RESET_B : -0.638858
[setup in-reg] rst_n -> _6171_/RESET_B : -0.638858
[setup in-reg] rst_n -> _6172_/RESET_B : -0.638858
[setup in-reg] rst_n -> _6173_/RESET_B : -0.638858
[setup in-reg] rst_n -> _6174_/RESET_B : -0.638858
[setup in-reg] rst_n -> _6175_/RESET_B : -0.638858
[setup in-reg] rst_n -> _6176_/RESET_B : -0.638858
[setup in-reg] rst_n -> _6177_/RESET_B : -0.638858
[setup in-reg] rst_n -> _6178_/RESET_B : -0.638858
[setup in-reg] rst_n -> _6179_/RESET_B : -0.638858
[setup in-reg] rst_n -> _6180_/RESET_B : -0.638858
[setup in-reg] rst_n -> _6181_/RESET_B : -0.638858
[setup in-reg] rst_n -> _6182_/RESET_B : -0.638858
[setup in-reg] rst_n -> _6183_/RESET_B : -0.638858
[setup in-reg] rst_n -> _6184_/RESET_B : -0.638858
[setup in-reg] rst_n -> _6185_/RESET_B : -0.638858
[setup in-reg] rst_n -> _6186_/RESET_B : -0.638858
[setup in-reg] rst_n -> _6187_/RESET_B : -0.638858
[setup in-reg] rst_n -> _6188_/RESET_B : -0.638858
[setup in-reg] rst_n -> _6189_/RESET_B : -0.638858
[setup in-reg] rst_n -> _6190_/RESET_B : -0.638858
[setup in-reg] rst_n -> _6191_/RESET_B : -0.638858
[setup in-reg] rst_n -> _6192_/RESET_B : -0.638858
[setup in-reg] rst_n -> _6193_/RESET_B : -0.638858
[setup in-reg] rst_n -> _6194_/RESET_B : -0.638858
[setup in-reg] rst_n -> _6195_/RESET_B : -0.638858
[setup in-reg] rst_n -> _6196_/RESET_B : -0.638858
[setup in-reg] rst_n -> _6197_/RESET_B : -0.638858
[setup in-reg] rst_n -> _6198_/RESET_B : -0.638858
[setup in-reg] rst_n -> _6199_/RESET_B : -0.638858
[setup in-reg] rst_n -> _6200_/RESET_B : -0.638858
[setup in-reg] rst_n -> _6201_/RESET_B : -0.638858
[setup in-reg] rst_n -> _6202_/RESET_B : -0.638858
[setup in-reg] rst_n -> _6203_/RESET_B : -0.638858
[setup in-reg] rst_n -> _6204_/RESET_B : -0.638858
[setup in-reg] rst_n -> _6205_/RESET_B : -0.638858
[setup in-reg] rst_n -> _6206_/RESET_B : -0.638858
[setup in-reg] rst_n -> _6207_/RESET_B : -0.638858
[setup in-reg] rst_n -> _6208_/RESET_B : -0.638858
[setup in-reg] rst_n -> _6209_/RESET_B : -0.638858
[setup in-reg] rst_n -> _6210_/RESET_B : -0.638858
[setup in-reg] rst_n -> _6211_/RESET_B : -0.638858
[setup in-reg] rst_n -> _6212_/RESET_B : -0.638858
[setup in-reg] rst_n -> _6213_/RESET_B : -0.638858
[setup in-reg] rst_n -> _6214_/RESET_B : -0.638858
[setup in-reg] rst_n -> _6215_/RESET_B : -0.638858
[setup in-reg] rst_n -> _6216_/RESET_B : -0.638858
[setup in-reg] rst_n -> _6217_/RESET_B : -0.638858
[setup in-reg] rst_n -> _6218_/RESET_B : -0.638858
[setup in-reg] rst_n -> _6219_/RESET_B : -0.638858
[setup in-reg] rst_n -> _6220_/RESET_B : -0.638858
[setup in-reg] rst_n -> _6221_/RESET_B : -0.638858
[setup in-reg] rst_n -> _6222_/RESET_B : -0.638858
[setup in-reg] rst_n -> _6223_/RESET_B : -0.638858
[setup in-reg] rst_n -> _6224_/RESET_B : -0.638858
[setup in-reg] rst_n -> _6225_/RESET_B : -0.638858
[setup in-reg] rst_n -> _6226_/RESET_B : -0.638858
[setup in-reg] rst_n -> _6227_/RESET_B : -0.638858
[setup in-reg] rst_n -> _6228_/RESET_B : -0.638858
[setup in-reg] rst_n -> _6229_/RESET_B : -0.638858
[setup in-reg] rst_n -> _6230_/RESET_B : -0.638858
[setup in-reg] rst_n -> _6231_/RESET_B : -0.638858
[setup in-reg] rst_n -> _6232_/RESET_B : -0.638858
[setup in-reg] rst_n -> _6233_/RESET_B : -0.638858
[setup in-reg] rst_n -> _6234_/RESET_B : -0.638858
[setup in-reg] rst_n -> _6235_/RESET_B : -0.638858
[setup in-reg] rst_n -> _6236_/RESET_B : -0.638858
[setup in-reg] rst_n -> _6237_/RESET_B : -0.638858
[setup in-reg] rst_n -> _6238_/RESET_B : -0.638858
[setup in-reg] rst_n -> _6239_/RESET_B : -0.638858
[setup in-reg] rst_n -> _6240_/RESET_B : -0.638858
[setup in-reg] rst_n -> _6241_/RESET_B : -0.638858
[setup in-reg] rst_n -> _6242_/RESET_B : -0.638858
[setup in-reg] rst_n -> _6243_/RESET_B : -0.638858
[setup in-reg] rst_n -> _6244_/RESET_B : -0.638858
[setup in-reg] rst_n -> _6245_/RESET_B : -0.638858
[setup in-reg] rst_n -> _6246_/RESET_B : -0.638858
[setup in-reg] rst_n -> _6247_/RESET_B : -0.638858
[setup in-reg] rst_n -> _6248_/RESET_B : -0.638858
[setup in-reg] rst_n -> _6249_/RESET_B : -0.638858
[setup in-reg] rst_n -> _6250_/RESET_B : -0.638858
[setup in-reg] rst_n -> _6251_/RESET_B : -0.638858
[setup in-reg] rst_n -> _6252_/RESET_B : -0.638858
[setup in-reg] rst_n -> _6253_/RESET_B : -0.638858
[setup in-reg] rst_n -> _6254_/RESET_B : -0.638858
[setup in-reg] rst_n -> _6255_/RESET_B : -0.638858
[setup in-reg] rst_n -> _6256_/RESET_B : -0.638858
[setup in-reg] rst_n -> _6257_/RESET_B : -0.638858
[setup in-reg] rst_n -> _6258_/RESET_B : -0.638858
[setup in-reg] rst_n -> _6259_/RESET_B : -0.638858
[setup in-reg] rst_n -> _6260_/RESET_B : -0.638858
[setup in-reg] rst_n -> _6261_/RESET_B : -0.638858
[setup in-reg] rst_n -> _6262_/RESET_B : -0.638858
[setup in-reg] rst_n -> _6263_/RESET_B : -0.638858
[setup in-reg] rst_n -> _6264_/RESET_B : -0.638858
[setup in-reg] rst_n -> _6265_/RESET_B : -0.638858
[setup in-reg] rst_n -> _6266_/RESET_B : -0.638858
[setup in-reg] rst_n -> _6267_/RESET_B : -0.638858
[setup in-reg] rst_n -> _6268_/RESET_B : -0.638858
[setup in-reg] rst_n -> _6269_/RESET_B : -0.638858
[setup in-reg] rst_n -> _6270_/RESET_B : -0.638858
[setup in-reg] rst_n -> _6271_/RESET_B : -0.638858
[setup in-reg] rst_n -> _6272_/RESET_B : -0.638858
[setup in-reg] rst_n -> _6273_/RESET_B : -0.638858
[setup in-reg] rst_n -> _6274_/RESET_B : -0.638858
[setup in-reg] rst_n -> _6275_/RESET_B : -0.638858
[setup in-reg] rst_n -> _6276_/RESET_B : -0.638858
[setup in-reg] rst_n -> _6277_/RESET_B : -0.638858
[setup in-reg] rst_n -> _6278_/RESET_B : -0.638858
[setup in-reg] rst_n -> _6279_/RESET_B : -0.638858
[setup in-reg] rst_n -> _6280_/RESET_B : -0.638858
[setup in-reg] rst_n -> _6281_/RESET_B : -0.638858
[setup in-reg] rst_n -> _6282_/RESET_B : -0.638858
[setup in-reg] rst_n -> _6283_/RESET_B : -0.638858
[setup in-reg] rst_n -> _6284_/RESET_B : -0.638858
[setup in-reg] rst_n -> _6285_/RESET_B : -0.638858
[setup in-reg] rst_n -> _6286_/RESET_B : -0.638858
[setup in-reg] rst_n -> _6287_/RESET_B : -0.638858
[setup in-reg] rst_n -> _6288_/RESET_B : -0.638858
[setup in-reg] rst_n -> _6289_/RESET_B : -0.638858
[setup in-reg] rst_n -> _6290_/RESET_B : -0.638858
[setup in-reg] rst_n -> _6291_/RESET_B : -0.638858
[setup in-reg] rst_n -> _6292_/RESET_B : -0.638858
[setup in-reg] rst_n -> _6293_/RESET_B : -0.638858
[setup in-reg] rst_n -> _6294_/RESET_B : -0.638858
[setup in-reg] rst_n -> _6295_/RESET_B : -0.638858
[setup in-reg] rst_n -> _6296_/RESET_B : -0.638858
[setup in-reg] rst_n -> _6297_/RESET_B : -0.638858
[setup in-reg] rst_n -> _6298_/RESET_B : -0.638858
[setup in-reg] rst_n -> _6299_/RESET_B : -0.638858
[setup in-reg] rst_n -> _6300_/RESET_B : -0.638858
[setup in-reg] rst_n -> _6301_/RESET_B : -0.638858
[setup in-reg] rst_n -> _6302_/RESET_B : -0.638858
[setup in-reg] rst_n -> _6303_/RESET_B : -0.638858
[setup in-reg] rst_n -> _6304_/RESET_B : -0.638858
[setup in-reg] rst_n -> _6305_/RESET_B : -0.638858
[setup in-reg] rst_n -> _6306_/RESET_B : -0.638858
[setup in-reg] rst_n -> _6307_/RESET_B : -0.638858
[setup in-reg] rst_n -> _6308_/RESET_B : -0.638858
[setup in-reg] rst_n -> _6309_/RESET_B : -0.638858
[setup in-reg] rst_n -> _6310_/RESET_B : -0.638858
[setup in-reg] rst_n -> _6311_/RESET_B : -0.638858
[setup in-reg] rst_n -> _6312_/RESET_B : -0.638858
[setup in-reg] rst_n -> _6313_/RESET_B : -0.638858
[setup in-reg] rst_n -> _6314_/RESET_B : -0.638858
[setup in-reg] rst_n -> _6315_/RESET_B : -0.638858
[setup in-reg] rst_n -> _6316_/RESET_B : -0.638858
[setup in-reg] rst_n -> _6317_/RESET_B : -0.638858
[setup in-reg] rst_n -> _6318_/RESET_B : -0.638858
[setup in-reg] rst_n -> _6319_/RESET_B : -0.638858
[setup in-reg] rst_n -> _6320_/RESET_B : -0.638858
[setup in-reg] rst_n -> _6321_/RESET_B : -0.638858
[setup in-reg] rst_n -> _6322_/RESET_B : -0.638858
[setup in-reg] rst_n -> _6323_/RESET_B : -0.638858
[setup in-reg] rst_n -> _6324_/RESET_B : -0.638858
[setup in-reg] rst_n -> _6325_/RESET_B : -0.638858
[setup in-reg] rst_n -> _6326_/RESET_B : -0.638858
[setup in-reg] rst_n -> _6327_/RESET_B : -0.638858
[setup in-reg] rst_n -> _6328_/RESET_B : -0.638858
[setup in-reg] rst_n -> _6329_/RESET_B : -0.638858
[setup in-reg] rst_n -> _6330_/RESET_B : -0.638858
[setup in-reg] rst_n -> _6331_/RESET_B : -0.638858
[setup in-reg] rst_n -> _6332_/RESET_B : -0.638858
[setup in-reg] rst_n -> _6333_/RESET_B : -0.638858
[setup in-reg] rst_n -> _6334_/RESET_B : -0.638858
[setup in-reg] rst_n -> _6335_/RESET_B : -0.638858
[setup in-reg] rst_n -> _6336_/RESET_B : -0.638858
[setup in-reg] rst_n -> _6337_/RESET_B : -0.638858
[setup in-reg] rst_n -> _6338_/RESET_B : -0.638858
[setup in-reg] rst_n -> _6339_/RESET_B : -0.638858
[setup in-reg] rst_n -> _6340_/RESET_B : -0.638858
[setup in-reg] rst_n -> _6341_/RESET_B : -0.638858
[setup in-reg] rst_n -> _6342_/RESET_B : -0.638858
[setup in-reg] rst_n -> _6343_/RESET_B : -0.638858
[setup in-reg] rst_n -> _6344_/RESET_B : -0.638858
[setup in-reg] rst_n -> _6345_/RESET_B : -0.638858
[setup in-reg] rst_n -> _6346_/RESET_B : -0.638858
[setup in-reg] rst_n -> _6347_/RESET_B : -0.638858
[setup in-reg] rst_n -> _6348_/RESET_B : -0.638858
[setup in-reg] rst_n -> _6349_/RESET_B : -0.638858
[setup in-reg] rst_n -> _6350_/RESET_B : -0.638858
[setup in-reg] rst_n -> _6351_/RESET_B : -0.638858
[setup in-reg] rst_n -> _6352_/RESET_B : -0.638858
[setup in-reg] rst_n -> _6353_/RESET_B : -0.638858
[setup in-reg] rst_n -> _6354_/RESET_B : -0.638858
[setup in-reg] rst_n -> _6355_/RESET_B : -0.638858
[setup in-reg] rst_n -> _6356_/RESET_B : -0.638858
[setup in-reg] rst_n -> _6357_/RESET_B : -0.638858
[setup in-reg] rst_n -> _6358_/RESET_B : -0.638858
[setup in-reg] rst_n -> _6359_/RESET_B : -0.638858
[setup in-reg] rst_n -> _6360_/RESET_B : -0.638858
[setup in-reg] rst_n -> _6361_/RESET_B : -0.638858
[setup in-reg] rst_n -> _6362_/RESET_B : -0.638858
[setup in-reg] rst_n -> _6363_/RESET_B : -0.638858
[setup in-reg] rst_n -> _6364_/RESET_B : -0.638858
[setup in-reg] rst_n -> _6365_/RESET_B : -0.638858
[setup in-reg] rst_n -> _6366_/RESET_B : -0.638858
[setup in-reg] rst_n -> _6367_/RESET_B : -0.638858
[setup in-reg] rst_n -> _6368_/RESET_B : -0.638858
[setup in-reg] rst_n -> _6369_/RESET_B : -0.638858
[setup in-reg] rst_n -> _6370_/RESET_B : -0.638858
[setup in-reg] rst_n -> _6371_/RESET_B : -0.638858
[setup in-reg] rst_n -> _6372_/RESET_B : -0.638858
[setup in-reg] rst_n -> _6373_/RESET_B : -0.638858
[setup in-reg] rst_n -> _6374_/RESET_B : -0.638858
[setup in-reg] rst_n -> _6375_/RESET_B : -0.638858
[setup in-reg] rst_n -> _6376_/RESET_B : -0.638858
[setup in-reg] rst_n -> _6377_/RESET_B : -0.638858
[setup in-reg] rst_n -> _6378_/RESET_B : -0.638858
[setup in-reg] rst_n -> _6379_/RESET_B : -0.638858
[setup in-reg] rst_n -> _6380_/RESET_B : -0.638858
[setup in-reg] rst_n -> _6381_/RESET_B : -0.638858
[setup in-reg] rst_n -> _6382_/RESET_B : -0.638858
[setup in-reg] rst_n -> _6383_/RESET_B : -0.638858
[setup in-reg] rst_n -> _6384_/RESET_B : -0.638858
[setup in-reg] rst_n -> _6385_/RESET_B : -0.638858
[setup in-reg] rst_n -> _6386_/RESET_B : -0.638858
[setup in-reg] rst_n -> _6387_/RESET_B : -0.638858
[setup in-reg] rst_n -> _6388_/RESET_B : -0.638858
[setup in-reg] rst_n -> _6389_/RESET_B : -0.638858
[setup in-reg] rst_n -> _6390_/RESET_B : -0.638858
[setup in-reg] rst_n -> _6391_/RESET_B : -0.638858
[setup in-reg] rst_n -> _6392_/RESET_B : -0.638858
[setup in-reg] rst_n -> _6393_/RESET_B : -0.638858
[setup in-reg] rst_n -> _6394_/RESET_B : -0.638858
[setup in-reg] rst_n -> _6395_/RESET_B : -0.638858
[setup in-reg] rst_n -> _6396_/RESET_B : -0.638858
[setup in-reg] rst_n -> _6397_/RESET_B : -0.638858
[setup in-reg] rst_n -> _6398_/RESET_B : -0.638858
[setup in-reg] rst_n -> _6399_/RESET_B : -0.638858
[setup in-reg] rst_n -> _6400_/RESET_B : -0.638858
[setup in-reg] rst_n -> _6401_/RESET_B : -0.638858
[setup in-reg] rst_n -> _6402_/RESET_B : -0.638858
[setup in-reg] rst_n -> _6403_/RESET_B : -0.638858
[setup in-reg] rst_n -> _6404_/RESET_B : -0.638858
[setup in-reg] rst_n -> _6405_/RESET_B : -0.638858
[setup in-reg] rst_n -> _6406_/RESET_B : -0.638858
[setup in-reg] rst_n -> _6407_/RESET_B : -0.638858
[setup in-reg] rst_n -> _6408_/RESET_B : -0.638858
[setup in-reg] rst_n -> _6409_/RESET_B : -0.638858
[setup in-reg] rst_n -> _6410_/RESET_B : -0.638858
[setup in-reg] rst_n -> _6411_/RESET_B : -0.638858
[setup in-reg] rst_n -> _6412_/RESET_B : -0.638858
[setup in-reg] rst_n -> _6413_/RESET_B : -0.638858
[setup in-reg] rst_n -> _6414_/RESET_B : -0.638858
[setup in-reg] rst_n -> _6415_/RESET_B : -0.638858
[setup in-reg] rst_n -> _6416_/RESET_B : -0.638858
[setup in-reg] rst_n -> _6417_/RESET_B : -0.638858
[setup in-reg] rst_n -> _6418_/RESET_B : -0.638858
[setup in-reg] rst_n -> _6419_/RESET_B : -0.638858
[setup in-reg] rst_n -> _6420_/RESET_B : -0.638858
[setup in-reg] rst_n -> _6421_/RESET_B : -0.638858
[setup in-reg] rst_n -> _6422_/RESET_B : -0.638858
[setup in-reg] rst_n -> _6423_/RESET_B : -0.638858
[setup in-reg] rst_n -> _6424_/RESET_B : -0.638858
[setup in-reg] rst_n -> _6425_/RESET_B : -0.638858
[setup in-reg] rst_n -> _6426_/RESET_B : -0.638858
[setup in-reg] rst_n -> _6427_/RESET_B : -0.638858
[setup in-reg] rst_n -> _6428_/RESET_B : -0.638858
[setup in-reg] rst_n -> _6429_/RESET_B : -0.638858
[setup in-reg] rst_n -> _6430_/RESET_B : -0.638858
[setup in-reg] rst_n -> _6431_/RESET_B : -0.638858
[setup in-reg] rst_n -> _6432_/RESET_B : -0.638858
[setup in-reg] rst_n -> _6433_/RESET_B : -0.638858
[setup in-reg] rst_n -> _6434_/RESET_B : -0.638858
[setup in-reg] rst_n -> _6435_/RESET_B : -0.638858
[setup in-reg] rst_n -> _6436_/RESET_B : -0.638858
[setup in-reg] rst_n -> _6437_/RESET_B : -0.638858
[setup in-reg] rst_n -> _6438_/RESET_B : -0.638858
[setup in-reg] rst_n -> _6439_/RESET_B : -0.638858
[setup in-reg] rst_n -> _6440_/RESET_B : -0.638858
[setup in-reg] rst_n -> _6441_/RESET_B : -0.638858
[setup in-reg] rst_n -> _6442_/RESET_B : -0.638858
[setup in-reg] rst_n -> _6443_/RESET_B : -0.638858
[setup in-reg] rst_n -> _6444_/RESET_B : -0.638858
[setup in-reg] rst_n -> _6445_/RESET_B : -0.638858
[setup in-reg] rst_n -> _6446_/RESET_B : -0.638858
[setup in-reg] rst_n -> _6447_/RESET_B : -0.638858
[setup in-reg] rst_n -> _6448_/RESET_B : -0.638858
[setup in-reg] rst_n -> _6449_/RESET_B : -0.638858
[setup in-reg] rst_n -> _6450_/RESET_B : -0.638858
[setup in-reg] rst_n -> _6451_/RESET_B : -0.638858
[setup in-reg] rst_n -> _6452_/RESET_B : -0.638858
[setup in-reg] rst_n -> _6453_/RESET_B : -0.638858
[setup in-reg] rst_n -> _6454_/RESET_B : -0.638858
[setup in-reg] rst_n -> _6455_/RESET_B : -0.638858
[setup in-reg] rst_n -> _6456_/RESET_B : -0.638858
[setup in-reg] rst_n -> _6457_/RESET_B : -0.638858
[setup in-reg] rst_n -> _6458_/RESET_B : -0.638858
[setup in-reg] rst_n -> _6459_/RESET_B : -0.638858
[setup in-reg] rst_n -> _6460_/RESET_B : -0.638858
[setup in-reg] rst_n -> _6461_/RESET_B : -0.638858
[setup in-reg] rst_n -> _6462_/RESET_B : -0.638858
[setup in-reg] rst_n -> _6463_/RESET_B : -0.638858
[setup in-reg] rst_n -> _6464_/RESET_B : -0.638858
[setup in-reg] rst_n -> _6465_/RESET_B : -0.638858
[setup in-reg] rst_n -> _6466_/RESET_B : -0.638858
[setup in-reg] rst_n -> _6467_/RESET_B : -0.638858
[setup in-reg] rst_n -> _6468_/RESET_B : -0.638858
[setup in-reg] rst_n -> _6469_/RESET_B : -0.638858
[setup in-reg] rst_n -> _6470_/RESET_B : -0.638858
[setup in-reg] rst_n -> _6471_/RESET_B : -0.638858
[setup in-reg] rst_n -> _6472_/RESET_B : -0.638858
[setup in-reg] rst_n -> _6473_/RESET_B : -0.638858
[setup in-reg] rst_n -> _6474_/RESET_B : -0.638858
[setup in-reg] rst_n -> _6475_/RESET_B : -0.638858
[setup in-reg] rst_n -> _6476_/RESET_B : -0.638858
[setup in-reg] rst_n -> _6477_/RESET_B : -0.638858
[setup in-reg] rst_n -> _6478_/RESET_B : -0.638858
[setup in-reg] rst_n -> _6479_/RESET_B : -0.638858
[setup in-reg] rst_n -> _6480_/RESET_B : -0.638858
[setup in-reg] rst_n -> _6481_/RESET_B : -0.638858
[setup in-reg] rst_n -> _6482_/RESET_B : -0.638858
[setup in-reg] rst_n -> _6483_/RESET_B : -0.638858
[setup in-reg] rst_n -> _6484_/RESET_B : -0.638858
[setup in-reg] rst_n -> _6485_/RESET_B : -0.638858
[setup in-reg] rst_n -> _6486_/RESET_B : -0.638858
[setup in-reg] rst_n -> _6487_/RESET_B : -0.638858
[setup in-reg] rst_n -> _6488_/RESET_B : -0.638858
[setup in-reg] rst_n -> _6489_/RESET_B : -0.638858
[setup in-reg] rst_n -> _6490_/RESET_B : -0.638858
[setup in-reg] rst_n -> _6491_/RESET_B : -0.638858
[setup in-reg] rst_n -> _6492_/RESET_B : -0.638858
[setup in-reg] rst_n -> _6493_/RESET_B : -0.638858
[setup in-reg] rst_n -> _6494_/RESET_B : -0.638858
[setup in-reg] rst_n -> _6495_/RESET_B : -0.638858
[setup in-reg] rst_n -> _6496_/RESET_B : -0.638858
[setup in-reg] rst_n -> _6497_/RESET_B : -0.638858
[setup in-reg] rst_n -> _6498_/RESET_B : -0.638858
[setup in-reg] rst_n -> _6499_/RESET_B : -0.638858
[setup in-reg] rst_n -> _6500_/RESET_B : -0.638858
[setup in-reg] rst_n -> _6501_/RESET_B : -0.638858
[setup in-reg] rst_n -> _6502_/RESET_B : -0.638858
[setup in-reg] rst_n -> _6503_/RESET_B : -0.638858
[setup in-reg] rst_n -> _6504_/RESET_B : -0.638858
[setup in-reg] rst_n -> _6505_/RESET_B : -0.638858
[setup in-reg] rst_n -> _6506_/RESET_B : -0.638858
[setup in-reg] rst_n -> _6507_/RESET_B : -0.638858
[setup in-reg] rst_n -> _6508_/RESET_B : -0.638858
[setup in-reg] rst_n -> _6509_/RESET_B : -0.638858
[setup in-reg] rst_n -> _6510_/RESET_B : -0.638858
[setup in-reg] rst_n -> _6511_/RESET_B : -0.638858
[setup in-reg] rst_n -> _6512_/RESET_B : -0.638858
[setup in-reg] rst_n -> _6513_/RESET_B : -0.638858
[setup in-reg] rst_n -> _6514_/RESET_B : -0.638858
[setup in-reg] rst_n -> _6515_/RESET_B : -0.638858
[setup in-reg] rst_n -> _6516_/RESET_B : -0.638858
[setup in-reg] rst_n -> _6517_/RESET_B : -0.638858
[setup in-reg] rst_n -> _6518_/RESET_B : -0.638858
[setup in-reg] rst_n -> _6519_/RESET_B : -0.638858
[setup in-reg] rst_n -> _6520_/RESET_B : -0.638858
[setup in-reg] rst_n -> _6521_/RESET_B : -0.638858
[setup in-reg] rst_n -> _6522_/RESET_B : -0.638858
[setup in-reg] rst_n -> _6523_/RESET_B : -0.638858
[setup in-reg] rst_n -> _6524_/RESET_B : -0.638858
[setup in-reg] rst_n -> _6525_/RESET_B : -0.638858
[setup in-reg] rst_n -> _6526_/RESET_B : -0.638858
[setup in-reg] rst_n -> _6527_/RESET_B : -0.638858
[setup in-reg] rst_n -> _6528_/RESET_B : -0.638858
[setup in-reg] rst_n -> _6529_/RESET_B : -0.638858
[setup in-reg] rst_n -> _6530_/RESET_B : -0.638858
[setup in-reg] rst_n -> _6531_/RESET_B : -0.638858
[setup in-reg] rst_n -> _6532_/RESET_B : -0.638858
[setup in-reg] rst_n -> _6533_/RESET_B : -0.638858
[setup in-reg] rst_n -> _6534_/RESET_B : -0.638858
[setup in-reg] rst_n -> _6535_/RESET_B : -0.638858
[setup in-reg] rst_n -> _6536_/RESET_B : -0.638858
[setup in-reg] rst_n -> _6537_/RESET_B : -0.638858
[setup in-reg] rst_n -> _6538_/RESET_B : -0.638858
[setup in-reg] rst_n -> _6539_/RESET_B : -0.638858
[setup in-reg] rst_n -> _6540_/RESET_B : -0.638858
[setup in-reg] rst_n -> _6541_/RESET_B : -0.638858
[setup in-reg] rst_n -> _6542_/RESET_B : -0.638858
[setup in-reg] rst_n -> _6543_/RESET_B : -0.638858
[setup in-reg] rst_n -> _6544_/RESET_B : -0.638858
[setup in-reg] rst_n -> _6545_/RESET_B : -0.638858
[setup in-reg] rst_n -> _6546_/RESET_B : -0.638858
[setup in-reg] rst_n -> _6547_/RESET_B : -0.638858
[setup in-reg] rst_n -> _6548_/RESET_B : -0.638858
[setup in-reg] rst_n -> _6549_/RESET_B : -0.638858
[setup in-reg] rst_n -> _6550_/RESET_B : -0.638858
[setup in-reg] rst_n -> _6551_/RESET_B : -0.638858
[setup in-reg] rst_n -> _6552_/RESET_B : -0.638858
[setup in-reg] rst_n -> _6553_/RESET_B : -0.638858
[setup in-reg] rst_n -> _6554_/RESET_B : -0.638858
[setup in-reg] rst_n -> _6555_/RESET_B : -0.638858
[setup in-reg] rst_n -> _6556_/RESET_B : -0.638858
[setup in-reg] rst_n -> _6557_/RESET_B : -0.638858
[setup in-reg] rst_n -> _6558_/RESET_B : -0.638858
[setup in-reg] rst_n -> _6559_/RESET_B : -0.638858
[setup in-reg] rst_n -> _6560_/RESET_B : -0.638858
[setup in-reg] rst_n -> _6561_/RESET_B : -0.638858
[setup in-reg] rst_n -> _6562_/RESET_B : -0.638858
[setup in-reg] rst_n -> _6563_/RESET_B : -0.638858
[setup in-reg] rst_n -> _6564_/RESET_B : -0.638858
[setup in-reg] rst_n -> _6565_/RESET_B : -0.638858
[setup in-reg] rst_n -> _6566_/RESET_B : -0.638858
[setup in-reg] rst_n -> _6567_/RESET_B : -0.638858
[setup in-reg] rst_n -> _6568_/RESET_B : -0.638858
[setup in-reg] rst_n -> _6569_/RESET_B : -0.638858
[setup in-reg] rst_n -> _6570_/RESET_B : -0.638858
[setup in-reg] rst_n -> _6571_/RESET_B : -0.638858
[setup in-reg] rst_n -> _6572_/RESET_B : -0.638858
[setup in-reg] rst_n -> _6573_/RESET_B : -0.638858
[setup in-reg] rst_n -> _6574_/RESET_B : -0.638858
[setup in-reg] rst_n -> _6575_/RESET_B : -0.638858
[setup in-reg] rst_n -> _6576_/RESET_B : -0.638858
[setup in-reg] rst_n -> _6577_/RESET_B : -0.638858
[setup in-reg] rst_n -> _6578_/RESET_B : -0.638858
[setup in-reg] rst_n -> _6579_/RESET_B : -0.638858
[setup in-reg] rst_n -> _6580_/RESET_B : -0.638858
[setup in-reg] rst_n -> _6581_/RESET_B : -0.638858
[setup in-reg] rst_n -> _6582_/RESET_B : -0.638858
[setup in-reg] rst_n -> _6583_/RESET_B : -0.638858
[setup in-reg] rst_n -> _6584_/RESET_B : -0.638858
[setup in-reg] rst_n -> _6585_/RESET_B : -0.638858
[setup in-reg] rst_n -> _6586_/RESET_B : -0.638858
[setup in-reg] rst_n -> _6587_/RESET_B : -0.638858
[setup in-reg] rst_n -> _6588_/RESET_B : -0.638858
[setup in-reg] rst_n -> _6589_/RESET_B : -0.638858
[setup in-reg] rst_n -> _6590_/RESET_B : -0.638858
[setup in-reg] rst_n -> _6591_/RESET_B : -0.638858
[setup in-reg] rst_n -> _6592_/RESET_B : -0.638858
[setup in-reg] rst_n -> _6593_/RESET_B : -0.638858
[setup in-reg] rst_n -> _6594_/RESET_B : -0.638858
[setup in-reg] rst_n -> _6595_/RESET_B : -0.638858
[setup in-reg] rst_n -> _6596_/RESET_B : -0.638858
[setup in-reg] rst_n -> _6597_/RESET_B : -0.638858
[setup in-reg] rst_n -> _6598_/RESET_B : -0.638858
[setup in-reg] rst_n -> _6599_/RESET_B : -0.638858
[setup in-reg] rst_n -> _6600_/RESET_B : -0.638858
[setup in-reg] rst_n -> _6601_/RESET_B : -0.638858
[setup in-reg] rst_n -> _6602_/RESET_B : -0.638858
[setup in-reg] rst_n -> _6603_/RESET_B : -0.638858
[setup in-reg] rst_n -> _6604_/RESET_B : -0.638858
[setup in-reg] rst_n -> _6605_/RESET_B : -0.638858
[setup in-reg] rst_n -> _6606_/RESET_B : -0.638858
[setup in-reg] rst_n -> _6607_/RESET_B : -0.638858
[setup in-reg] rst_n -> _6608_/RESET_B : -0.638858
[setup in-reg] rst_n -> _6609_/RESET_B : -0.638858
[setup in-reg] rst_n -> _6610_/RESET_B : -0.638858
[setup in-reg] rst_n -> _6611_/RESET_B : -0.638858
[setup in-reg] rst_n -> _6612_/RESET_B : -0.638858
[setup in-reg] rst_n -> _6613_/RESET_B : -0.638858
[setup in-reg] rst_n -> _6614_/RESET_B : -0.638858
[setup in-reg] rst_n -> _6615_/RESET_B : -0.638858
[setup in-reg] rst_n -> _6616_/RESET_B : -0.638858
[setup in-reg] rst_n -> _6617_/RESET_B : -0.638858
[setup in-reg] rst_n -> _6618_/RESET_B : -0.638858
[setup in-reg] rst_n -> _6619_/RESET_B : -0.638858
[setup in-reg] rst_n -> _6620_/RESET_B : -0.638858
[setup in-reg] rst_n -> _6621_/RESET_B : -0.638858
[setup in-reg] rst_n -> _6622_/RESET_B : -0.638858
[setup in-reg] rst_n -> _6623_/RESET_B : -0.638858
[setup in-reg] rst_n -> _6624_/RESET_B : -0.638858
[setup in-reg] rst_n -> _6625_/RESET_B : -0.638858
[setup in-reg] rst_n -> _6626_/RESET_B : -0.638858
[setup in-reg] rst_n -> _6627_/RESET_B : -0.638858
[setup in-reg] rst_n -> _6628_/RESET_B : -0.638858
[setup in-reg] rst_n -> _6629_/RESET_B : -0.638858
[setup in-reg] rst_n -> _6630_/RESET_B : -0.638858
[setup in-reg] rst_n -> _6631_/RESET_B : -0.638858
[setup in-reg] rst_n -> _6632_/RESET_B : -0.638858
[setup in-reg] rst_n -> _6633_/RESET_B : -0.638858
[setup in-reg] rst_n -> _6634_/RESET_B : -0.638858
[setup in-reg] rst_n -> _6635_/RESET_B : -0.638858
[setup in-reg] rst_n -> _6636_/RESET_B : -0.638858
[setup in-reg] rst_n -> _6637_/RESET_B : -0.638858
[setup in-reg] rst_n -> _6638_/RESET_B : -0.638858
[setup in-reg] rst_n -> _6639_/RESET_B : -0.638858
[setup in-reg] rst_n -> _6640_/RESET_B : -0.638858
[setup in-reg] rst_n -> _6641_/RESET_B : -0.638858
[setup in-reg] rst_n -> _6642_/RESET_B : -0.638858
[setup in-reg] rst_n -> _6643_/RESET_B : -0.638858
[setup in-reg] rst_n -> _6644_/RESET_B : -0.638858
[setup in-reg] rst_n -> _6645_/RESET_B : -0.638858
[setup in-reg] rst_n -> _6646_/RESET_B : -0.638858
[setup in-reg] rst_n -> _6647_/RESET_B : -0.638858
[setup in-reg] rst_n -> _6648_/RESET_B : -0.638858
[setup in-reg] rst_n -> _6649_/RESET_B : -0.638858
[setup in-reg] rst_n -> _6650_/RESET_B : -0.638858
[setup in-reg] rst_n -> _6651_/RESET_B : -0.638858
[setup in-reg] rst_n -> _6652_/RESET_B : -0.638858
[setup in-reg] rst_n -> _6653_/RESET_B : -0.638858
[setup in-reg] rst_n -> _6654_/RESET_B : -0.638858
[setup in-reg] rst_n -> _6655_/RESET_B : -0.638858
[setup in-reg] rst_n -> _6656_/RESET_B : -0.638858
[setup in-reg] rst_n -> _6657_/RESET_B : -0.638858
[setup in-reg] rst_n -> _6658_/RESET_B : -0.638858
[setup in-reg] rst_n -> _6659_/RESET_B : -0.638858
[setup in-reg] rst_n -> _6660_/RESET_B : -0.638858
[setup in-reg] rst_n -> _6661_/RESET_B : -0.638858
[setup in-reg] rst_n -> _6662_/RESET_B : -0.638858
[setup in-reg] rst_n -> _6663_/RESET_B : -0.638858
[setup in-reg] rst_n -> _6664_/RESET_B : -0.638858
[setup in-reg] rst_n -> _6665_/RESET_B : -0.638858
[setup in-reg] rst_n -> _6666_/RESET_B : -0.638858
[setup in-reg] rst_n -> _6667_/RESET_B : -0.638858
[setup in-reg] rst_n -> _6668_/RESET_B : -0.638858
[setup in-reg] rst_n -> _6669_/RESET_B : -0.638858
[setup in-reg] rst_n -> _6670_/RESET_B : -0.638858
[setup in-reg] rst_n -> _6671_/RESET_B : -0.638858
[setup in-reg] rst_n -> _6672_/RESET_B : -0.638858
[setup in-reg] rst_n -> _6673_/RESET_B : -0.638858
[setup in-reg] rst_n -> _6674_/RESET_B : -0.638858
[setup in-reg] rst_n -> _6675_/RESET_B : -0.638858
[setup in-reg] rst_n -> _6676_/RESET_B : -0.638858
[setup in-reg] rst_n -> _6677_/RESET_B : -0.638858
[setup in-reg] rst_n -> _6678_/RESET_B : -0.638858
[setup in-reg] rst_n -> _6679_/RESET_B : -0.638858
[setup in-reg] rst_n -> _6680_/RESET_B : -0.638858
[setup in-reg] rst_n -> _6681_/RESET_B : -0.638858
[setup in-reg] rst_n -> _6682_/RESET_B : -0.638858
[setup in-reg] rst_n -> _6683_/RESET_B : -0.638858
[setup in-reg] rst_n -> _6684_/RESET_B : -0.638858
[setup in-reg] rst_n -> _6685_/RESET_B : -0.638858
[setup in-reg] rst_n -> _6686_/RESET_B : -0.638858
[setup in-reg] rst_n -> _6687_/RESET_B : -0.638858
[setup in-reg] rst_n -> _6688_/RESET_B : -0.638858
[setup in-reg] rst_n -> _6689_/RESET_B : -0.638858
[setup in-reg] rst_n -> _6690_/RESET_B : -0.638858
[setup in-reg] rst_n -> _6691_/RESET_B : -0.638858
[setup in-reg] rst_n -> _6692_/RESET_B : -0.638858
[setup in-reg] rst_n -> _6693_/RESET_B : -0.638858
[setup in-reg] rst_n -> _6694_/RESET_B : -0.638858
[setup in-reg] rst_n -> _6695_/RESET_B : -0.638858
[setup in-reg] rst_n -> _6696_/RESET_B : -0.638858
[setup in-reg] rst_n -> _6697_/RESET_B : -0.638858
[setup in-reg] rst_n -> _6698_/RESET_B : -0.638858
[setup in-reg] rst_n -> _6699_/RESET_B : -0.638858
[setup in-reg] rst_n -> _6700_/RESET_B : -0.638858
[setup in-reg] rst_n -> _6701_/RESET_B : -0.638858
[setup in-reg] rst_n -> _6702_/RESET_B : -0.638858
[setup in-reg] rst_n -> _6703_/RESET_B : -0.638858
[setup in-reg] rst_n -> _6704_/RESET_B : -0.638858
[setup in-reg] rst_n -> _6705_/RESET_B : -0.638858
[setup in-reg] rst_n -> _6706_/RESET_B : -0.638858
[setup in-reg] rst_n -> _6707_/RESET_B : -0.638858
[setup in-reg] rst_n -> _6708_/RESET_B : -0.638858
[setup in-reg] rst_n -> _6709_/RESET_B : -0.638858
[setup in-reg] rst_n -> _6710_/RESET_B : -0.638858
[setup in-reg] rst_n -> _6711_/RESET_B : -0.638858
[setup in-reg] rst_n -> _6712_/RESET_B : -0.638858
[setup in-reg] rst_n -> _6713_/RESET_B : -0.638858
[setup in-reg] rst_n -> _6714_/RESET_B : -0.638858
[setup in-reg] rst_n -> _6715_/RESET_B : -0.638858
[setup in-reg] rst_n -> _6716_/RESET_B : -0.638858
[setup in-reg] rst_n -> _6717_/RESET_B : -0.638858
[setup in-reg] rst_n -> _6718_/RESET_B : -0.638858
[setup in-reg] rst_n -> _6719_/RESET_B : -0.638858
[setup in-reg] rst_n -> _6720_/RESET_B : -0.638858
[setup in-reg] rst_n -> _6721_/RESET_B : -0.638858
[setup in-reg] rst_n -> _6722_/RESET_B : -0.638858
[setup in-reg] rst_n -> _6723_/RESET_B : -0.638858
[setup in-reg] rst_n -> _6724_/RESET_B : -0.638858
[setup in-reg] rst_n -> _6725_/RESET_B : -0.638858
[setup in-reg] rst_n -> _6726_/RESET_B : -0.638858
[setup in-reg] rst_n -> _6727_/RESET_B : -0.638858
[setup in-reg] rst_n -> _6728_/RESET_B : -0.638858
[setup in-reg] rst_n -> _6729_/RESET_B : -0.638858
[setup in-reg] rst_n -> _6730_/RESET_B : -0.638858
[setup in-reg] rst_n -> _6731_/RESET_B : -0.638858
[setup in-reg] rst_n -> _6732_/RESET_B : -0.638858
[setup in-reg] rst_n -> _6733_/RESET_B : -0.638858
[setup in-reg] rst_n -> _6734_/RESET_B : -0.638858
[setup in-reg] rst_n -> _6735_/RESET_B : -0.638858
[setup in-reg] rst_n -> _6736_/RESET_B : -0.638858
[setup in-reg] rst_n -> _6737_/RESET_B : -0.638858
[setup in-reg] rst_n -> _6738_/RESET_B : -0.638858
[setup in-reg] rst_n -> _6739_/RESET_B : -0.638858
[setup in-reg] rst_n -> _6740_/RESET_B : -0.638858
[setup in-reg] rst_n -> _6741_/RESET_B : -0.638858
[setup in-reg] rst_n -> _6742_/RESET_B : -0.638858
[setup in-reg] rst_n -> _6743_/RESET_B : -0.638858
[setup in-reg] rst_n -> _6744_/RESET_B : -0.638858
[setup in-reg] rst_n -> _6745_/RESET_B : -0.638858
[setup in-reg] rst_n -> _6746_/RESET_B : -0.638858
[setup in-reg] rst_n -> _6747_/RESET_B : -0.638858
[setup in-reg] rst_n -> _6748_/RESET_B : -0.638858
[setup in-reg] rst_n -> _6749_/RESET_B : -0.638858
[setup in-reg] rst_n -> _6750_/RESET_B : -0.638858
[setup in-reg] rst_n -> _6751_/RESET_B : -0.638858
[setup in-reg] rst_n -> _6752_/RESET_B : -0.638858
[setup in-reg] rst_n -> _6753_/RESET_B : -0.638858
[setup in-reg] rst_n -> _6754_/RESET_B : -0.638858
[setup in-reg] rst_n -> _6755_/RESET_B : -0.638858
[setup in-reg] rst_n -> _6756_/RESET_B : -0.638858
[setup in-reg] rst_n -> _6757_/RESET_B : -0.638858
[setup in-reg] rst_n -> _6758_/RESET_B : -0.638858
[setup in-reg] rst_n -> _6759_/RESET_B : -0.638858
[setup in-reg] rst_n -> _6760_/RESET_B : -0.638858
[setup in-reg] rst_n -> _6761_/RESET_B : -0.638858
[setup in-reg] rst_n -> _6762_/RESET_B : -0.638858
[setup in-reg] rst_n -> _6763_/RESET_B : -0.638858
[setup in-reg] rst_n -> _6764_/RESET_B : -0.638858
[setup in-reg] rst_n -> _6765_/RESET_B : -0.638858
[setup in-reg] rst_n -> _6766_/RESET_B : -0.638858
[setup in-reg] rst_n -> _6767_/RESET_B : -0.638858
[setup in-reg] rst_n -> _6768_/RESET_B : -0.638858
[setup in-reg] rst_n -> _6769_/RESET_B : -0.638858
[setup in-reg] rst_n -> _6770_/RESET_B : -0.638858
[setup in-reg] rst_n -> _6771_/RESET_B : -0.638858
[setup in-reg] rst_n -> _6772_/RESET_B : -0.638858
[setup in-reg] rst_n -> _6773_/RESET_B : -0.638858
[setup in-reg] rst_n -> _6774_/RESET_B : -0.638858
[setup in-reg] rst_n -> _6775_/RESET_B : -0.638858
[setup in-reg] rst_n -> _6776_/RESET_B : -0.638858
[setup in-reg] rst_n -> _6777_/RESET_B : -0.638858
[setup in-reg] rst_n -> _6778_/RESET_B : -0.638858
[setup in-reg] rst_n -> _6779_/RESET_B : -0.638858
[setup in-reg] rst_n -> _6780_/RESET_B : -0.638858
[setup in-reg] rst_n -> _6781_/RESET_B : -0.638858
[setup in-reg] rst_n -> _6782_/RESET_B : -0.638858
[setup in-reg] rst_n -> _6783_/RESET_B : -0.638858
[setup in-reg] rst_n -> _6784_/RESET_B : -0.638858
[setup in-reg] rst_n -> _6785_/RESET_B : -0.638858
[setup in-reg] rst_n -> _6786_/RESET_B : -0.638858
[setup in-reg] rst_n -> _6787_/RESET_B : -0.638858
[setup in-reg] rst_n -> _6788_/RESET_B : -0.638858
[setup in-reg] rst_n -> _6789_/RESET_B : -0.638858
[setup in-reg] rst_n -> _6790_/RESET_B : -0.638858
[setup in-reg] rst_n -> _6791_/RESET_B : -0.638858
[setup in-reg] rst_n -> _6792_/RESET_B : -0.638858
[setup in-reg] rst_n -> _6793_/RESET_B : -0.638858
[setup in-reg] rst_n -> _6794_/RESET_B : -0.638858
[setup in-reg] rst_n -> _6795_/RESET_B : -0.638858
[setup in-reg] rst_n -> _6796_/RESET_B : -0.638858
[setup in-reg] rst_n -> _6797_/RESET_B : -0.638858
[setup in-reg] rst_n -> _6798_/RESET_B : -0.638858
[setup in-reg] rst_n -> _6799_/RESET_B : -0.638858
[setup in-reg] rst_n -> _6800_/RESET_B : -0.638858
[setup in-reg] rst_n -> _6801_/RESET_B : -0.638858
[setup in-reg] rst_n -> _6802_/RESET_B : -0.638858
[setup in-reg] rst_n -> _6803_/RESET_B : -0.638858
[setup in-reg] rst_n -> _6804_/RESET_B : -0.638858
[setup in-reg] rst_n -> _6805_/RESET_B : -0.638858
[setup in-reg] rst_n -> _6806_/RESET_B : -0.638858
[setup in-reg] rst_n -> _6807_/RESET_B : -0.638858
[setup in-reg] rst_n -> _6808_/RESET_B : -0.638858
[setup in-reg] rst_n -> _6809_/RESET_B : -0.638858
[setup in-reg] rst_n -> _6810_/RESET_B : -0.638858
[setup in-reg] rst_n -> _6811_/RESET_B : -0.638858
[setup in-reg] rst_n -> _6812_/RESET_B : -0.638858
[setup in-reg] rst_n -> _6813_/RESET_B : -0.638858
[setup in-reg] rst_n -> _6814_/RESET_B : -0.638858
[setup in-reg] rst_n -> _6815_/RESET_B : -0.638858
[setup in-reg] rst_n -> _6816_/RESET_B : -0.638858
[setup in-reg] rst_n -> _6817_/RESET_B : -0.638858
[setup in-reg] rst_n -> _6818_/RESET_B : -0.638858
[setup in-reg] rst_n -> _6819_/RESET_B : -0.638858
[setup in-reg] rst_n -> _6820_/RESET_B : -0.638858
[setup in-reg] rst_n -> _6821_/RESET_B : -0.638858
[setup in-reg] rst_n -> _6822_/RESET_B : -0.638858
[setup in-reg] rst_n -> _6823_/RESET_B : -0.638858
[setup in-reg] rst_n -> _6824_/RESET_B : -0.638858
[setup in-reg] rst_n -> _6825_/RESET_B : -0.638858
[setup in-reg] rst_n -> _6826_/RESET_B : -0.638858
[setup in-reg] rst_n -> _6827_/RESET_B : -0.638858
[setup in-reg] rst_n -> _6828_/RESET_B : -0.638858
[setup in-reg] rst_n -> _6829_/RESET_B : -0.638858
[setup in-reg] rst_n -> _6830_/RESET_B : -0.638858
[setup in-reg] rst_n -> _6831_/RESET_B : -0.638858
[setup in-reg] rst_n -> _6832_/RESET_B : -0.638858
[setup in-reg] rst_n -> _6833_/RESET_B : -0.638858
[setup in-reg] rst_n -> _6834_/RESET_B : -0.638858
[setup in-reg] rst_n -> _6835_/RESET_B : -0.638858
[setup in-reg] rst_n -> _6836_/RESET_B : -0.638858
[setup in-reg] rst_n -> _6837_/RESET_B : -0.638858
[setup in-reg] rst_n -> _6838_/RESET_B : -0.638858
[setup in-reg] rst_n -> _6839_/RESET_B : -0.638858
[setup in-reg] rst_n -> _6840_/RESET_B : -0.638858
[setup in-reg] rst_n -> _6841_/RESET_B : -0.638858
[setup in-reg] rst_n -> _6842_/RESET_B : -0.638858
[setup in-reg] rst_n -> _6843_/RESET_B : -0.638858
[setup in-reg] rst_n -> _6844_/RESET_B : -0.638858
[setup in-reg] rst_n -> _6845_/RESET_B : -0.638858
[setup in-reg] rst_n -> _6846_/RESET_B : -0.638858
[setup in-reg] rst_n -> _6847_/RESET_B : -0.638858
[setup in-reg] rst_n -> _6848_/RESET_B : -0.638858
[setup in-reg] rst_n -> _6849_/RESET_B : -0.638858
[setup in-reg] rst_n -> _6850_/RESET_B : -0.638858
[setup in-reg] rst_n -> _6851_/RESET_B : -0.638858
[setup in-reg] rst_n -> _6852_/RESET_B : -0.638858
[setup in-reg] rst_n -> _6853_/RESET_B : -0.638858
[setup in-reg] rst_n -> _6854_/RESET_B : -0.638858
[setup in-reg] rst_n -> _6855_/RESET_B : -0.638858
[setup in-reg] rst_n -> _6856_/RESET_B : -0.638858
[setup in-reg] rst_n -> _6857_/RESET_B : -0.638858
[setup in-reg] rst_n -> _6858_/RESET_B : -0.638858
[setup in-reg] rst_n -> _6859_/RESET_B : -0.638858
[setup in-reg] rst_n -> _6860_/RESET_B : -0.638858
[setup in-reg] rst_n -> _6861_/RESET_B : -0.638858
[setup in-reg] rst_n -> _6862_/RESET_B : -0.638858
[setup in-reg] rst_n -> _6863_/RESET_B : -0.638858
[setup in-reg] rst_n -> _6864_/RESET_B : -0.638858
[setup in-reg] rst_n -> _6865_/RESET_B : -0.638858
[setup in-reg] rst_n -> _6866_/RESET_B : -0.638858
[setup in-reg] rst_n -> _6867_/RESET_B : -0.638858
[setup in-reg] rst_n -> _6868_/RESET_B : -0.638858
[setup in-reg] rst_n -> _6869_/RESET_B : -0.638858
[setup in-reg] rst_n -> _6870_/RESET_B : -0.638858
[setup in-reg] rst_n -> _6871_/RESET_B : -0.638858
[setup in-reg] rst_n -> _6872_/RESET_B : -0.638858
[setup in-reg] rst_n -> _6873_/RESET_B : -0.638858
[setup in-reg] rst_n -> _6874_/RESET_B : -0.638858
[setup in-reg] rst_n -> _6875_/RESET_B : -0.638858
[setup in-reg] rst_n -> _6876_/RESET_B : -0.638858
[setup in-reg] rst_n -> _6877_/RESET_B : -0.638858
[setup in-reg] rst_n -> _6878_/RESET_B : -0.638858
[setup in-reg] rst_n -> _6879_/RESET_B : -0.638858
[setup in-reg] rst_n -> _6880_/RESET_B : -0.638858
[setup in-reg] rst_n -> _6881_/RESET_B : -0.638858
[setup in-reg] rst_n -> _6882_/RESET_B : -0.638858
[setup in-reg] rst_n -> _6883_/RESET_B : -0.638858
[setup in-reg] rst_n -> _6884_/RESET_B : -0.638858
[setup in-reg] rst_n -> _6885_/RESET_B : -0.638858
[setup in-reg] rst_n -> _6886_/RESET_B : -0.638858
[setup in-reg] rst_n -> _6887_/RESET_B : -0.638858
[setup in-reg] rst_n -> _6888_/RESET_B : -0.638858
[setup in-reg] rst_n -> _6889_/RESET_B : -0.638858
[setup in-reg] rst_n -> _6890_/RESET_B : -0.638858
[setup in-reg] rst_n -> _6891_/RESET_B : -0.638858
[setup in-reg] rst_n -> _6892_/RESET_B : -0.638858
[setup in-reg] rst_n -> _6893_/RESET_B : -0.638858
[setup in-reg] rst_n -> _6894_/RESET_B : -0.638858
[setup in-reg] rst_n -> _6895_/RESET_B : -0.638858
[setup in-reg] rst_n -> _6896_/RESET_B : -0.638858
[setup in-reg] rst_n -> _6897_/RESET_B : -0.638858
[setup in-reg] rst_n -> _6898_/RESET_B : -0.638858
[setup in-reg] rst_n -> _6899_/RESET_B : -0.638858
[setup in-reg] rst_n -> _6900_/RESET_B : -0.638858
[setup in-reg] rst_n -> _6901_/RESET_B : -0.638858
[setup in-reg] rst_n -> _6902_/RESET_B : -0.638858
[setup in-reg] rst_n -> _6903_/RESET_B : -0.638858
[setup in-reg] rst_n -> _6904_/RESET_B : -0.638858
[setup in-reg] rst_n -> _6905_/RESET_B : -0.638858
[setup in-reg] rst_n -> _6906_/RESET_B : -0.638858
[setup in-reg] rst_n -> _6907_/RESET_B : -0.638858
[setup in-reg] rst_n -> _6908_/RESET_B : -0.638858
[setup in-reg] rst_n -> _6909_/RESET_B : -0.638858
[setup in-reg] rst_n -> _6910_/RESET_B : -0.638858
[setup in-reg] rst_n -> _6911_/RESET_B : -0.638858
[setup in-reg] rst_n -> _6912_/RESET_B : -0.638858
[setup in-reg] rst_n -> _6913_/RESET_B : -0.638858
[setup in-reg] rst_n -> _6914_/RESET_B : -0.638858
[setup in-reg] rst_n -> _6915_/RESET_B : -0.638858
[setup in-reg] rst_n -> _6916_/RESET_B : -0.638858
[setup in-reg] rst_n -> _6917_/RESET_B : -0.638858
[setup in-reg] rst_n -> _6918_/RESET_B : -0.638858
[setup in-reg] rst_n -> _6919_/RESET_B : -0.638858
[setup in-reg] rst_n -> _6920_/RESET_B : -0.638858
[setup in-reg] rst_n -> _6921_/RESET_B : -0.638858
[setup in-reg] rst_n -> _6922_/RESET_B : -0.638858
[setup in-reg] rst_n -> _6923_/RESET_B : -0.638858
[setup in-reg] rst_n -> _6924_/RESET_B : -0.638858
[setup in-reg] rst_n -> _6925_/RESET_B : -0.638858
[setup in-reg] rst_n -> _6926_/RESET_B : -0.638858
[setup in-reg] rst_n -> _6927_/RESET_B : -0.638858
[setup in-reg] rst_n -> _6928_/RESET_B : -0.638858
[setup in-reg] rst_n -> _6929_/RESET_B : -0.638858
[setup in-reg] rst_n -> _6930_/RESET_B : -0.638858
[setup in-reg] rst_n -> _6931_/RESET_B : -0.638858
[setup in-reg] rst_n -> _6932_/RESET_B : -0.638858
[setup in-reg] rst_n -> _6933_/RESET_B : -0.638858
[setup in-reg] rst_n -> _6934_/RESET_B : -0.638858
[setup in-reg] rst_n -> _6935_/RESET_B : -0.638858
[setup in-reg] rst_n -> _6936_/RESET_B : -0.638858
[setup in-reg] rst_n -> _6937_/RESET_B : -0.638858
[setup in-reg] rst_n -> _6938_/RESET_B : -0.638858
[setup in-reg] rst_n -> _6939_/RESET_B : -0.638858
[setup in-reg] rst_n -> _6940_/RESET_B : -0.638858
[setup in-reg] rst_n -> _6941_/RESET_B : -0.638858
[setup in-reg] rst_n -> _6942_/RESET_B : -0.638858
[setup in-reg] rst_n -> _6943_/RESET_B : -0.638858
[setup in-reg] rst_n -> _6944_/RESET_B : -0.638858
[setup in-reg] rst_n -> _6945_/RESET_B : -0.638858
[setup in-reg] rst_n -> _6946_/RESET_B : -0.638858
[setup in-reg] rst_n -> _6947_/RESET_B : -0.638858
[setup in-reg] rst_n -> _6948_/RESET_B : -0.638858
[setup in-reg] rst_n -> _6949_/RESET_B : -0.638858
[setup in-reg] rst_n -> _6950_/RESET_B : -0.638858
[setup in-reg] rst_n -> _6951_/RESET_B : -0.638858
[setup in-reg] rst_n -> _6952_/RESET_B : -0.638858
[setup in-reg] rst_n -> _6953_/RESET_B : -0.638858
[setup in-reg] rst_n -> _6954_/RESET_B : -0.638858
[setup in-reg] rst_n -> _6955_/RESET_B : -0.638858
[setup in-reg] rst_n -> _6956_/RESET_B : -0.638858
[setup in-reg] rst_n -> _6957_/RESET_B : -0.638858
[setup in-reg] rst_n -> _6958_/RESET_B : -0.638858
[setup in-reg] rst_n -> _6959_/RESET_B : -0.638858
[setup in-reg] rst_n -> _6960_/RESET_B : -0.638858
[setup in-reg] rst_n -> _6961_/RESET_B : -0.638858
[setup in-reg] rst_n -> _6962_/RESET_B : -0.638858
[setup in-reg] rst_n -> _6963_/RESET_B : -0.638858
[setup in-reg] rst_n -> _6964_/RESET_B : -0.638858
[setup in-reg] rst_n -> _6965_/RESET_B : -0.638858
[setup in-reg] rst_n -> _6966_/RESET_B : -0.638858
[setup in-reg] rst_n -> _6967_/RESET_B : -0.638858
[setup in-reg] rst_n -> _6968_/RESET_B : -0.638858
[setup in-reg] rst_n -> _6969_/RESET_B : -0.638858
[setup in-reg] rst_n -> _6970_/RESET_B : -0.638858
[setup in-reg] rst_n -> _6971_/RESET_B : -0.638858
[setup in-reg] rst_n -> _6972_/RESET_B : -0.638858
[setup in-reg] rst_n -> _6973_/RESET_B : -0.638858
[setup in-reg] rst_n -> _6974_/RESET_B : -0.638858
[setup in-reg] rst_n -> _6975_/RESET_B : -0.638858
[setup in-reg] rst_n -> _6976_/RESET_B : -0.638858
[setup in-reg] rst_n -> _6977_/RESET_B : -0.638858
[setup in-reg] rst_n -> _6978_/RESET_B : -0.638858
[setup in-reg] rst_n -> _6979_/RESET_B : -0.638858
[setup in-reg] rst_n -> _6980_/RESET_B : -0.638858
[setup in-reg] rst_n -> _6981_/RESET_B : -0.638858
[setup in-reg] rst_n -> _6982_/RESET_B : -0.638858
[setup in-reg] rst_n -> _6983_/RESET_B : -0.638858
[setup in-reg] rst_n -> _6984_/RESET_B : -0.638858
[setup in-reg] rst_n -> _6985_/RESET_B : -0.638858
[setup in-reg] rst_n -> _6986_/RESET_B : -0.638858
[setup in-reg] rst_n -> _6987_/RESET_B : -0.638858
[setup in-reg] rst_n -> _6988_/RESET_B : -0.638858
[setup in-reg] rst_n -> _6989_/RESET_B : -0.638858
[setup in-reg] rst_n -> _6990_/RESET_B : -0.638858
[setup in-reg] rst_n -> _6991_/RESET_B : -0.638858
[setup in-reg] rst_n -> _6992_/RESET_B : -0.638858
[setup in-reg] rst_n -> _6993_/RESET_B : -0.638858
[setup in-reg] rst_n -> _6994_/RESET_B : -0.638858
[setup in-reg] rst_n -> _6995_/RESET_B : -0.638858
[setup in-reg] rst_n -> _6996_/RESET_B : -0.638858
[setup in-reg] rst_n -> _6997_/RESET_B : -0.638858
[setup in-reg] rst_n -> _6998_/RESET_B : -0.638858
[setup in-reg] rst_n -> _6999_/RESET_B : -0.638858
[setup in-reg] rst_n -> _7000_/RESET_B : -0.638858
[setup in-reg] rst_n -> _7001_/RESET_B : -0.638858
[setup in-reg] rst_n -> _7002_/RESET_B : -0.638858
[setup in-reg] rst_n -> _7003_/RESET_B : -0.638858
[setup in-reg] rst_n -> _7004_/RESET_B : -0.638858
[setup in-reg] rst_n -> _7005_/RESET_B : -0.638858
[setup in-reg] rst_n -> _7006_/RESET_B : -0.638858
[setup in-reg] rst_n -> _7007_/RESET_B : -0.638858
[setup in-reg] rst_n -> _7008_/RESET_B : -0.638858
[setup in-reg] rst_n -> _7009_/RESET_B : -0.638858
[setup in-reg] rst_n -> _7010_/RESET_B : -0.638858
[setup in-reg] rst_n -> _7011_/RESET_B : -0.638858
[setup in-reg] rst_n -> _7012_/RESET_B : -0.638858
[setup in-reg] rst_n -> _7013_/RESET_B : -0.638858
[setup in-reg] rst_n -> _7014_/RESET_B : -0.638858
[setup in-reg] rst_n -> _7015_/RESET_B : -0.638858
[setup in-reg] rst_n -> _7016_/RESET_B : -0.638858
[setup in-reg] rst_n -> _7017_/RESET_B : -0.638858
[setup in-reg] rst_n -> _7018_/RESET_B : -0.638858
[setup in-reg] rst_n -> _7019_/RESET_B : -0.638858
[setup in-reg] rst_n -> _7020_/RESET_B : -0.638858
[setup in-reg] rst_n -> _7021_/RESET_B : -0.638858
[setup in-reg] rst_n -> _7022_/RESET_B : -0.638858
[setup in-reg] rst_n -> _7023_/RESET_B : -0.638858
[setup in-reg] rst_n -> _7024_/RESET_B : -0.638858
[setup in-reg] rst_n -> _7025_/RESET_B : -0.638858
[setup in-reg] rst_n -> _7026_/RESET_B : -0.638858
[setup in-reg] rst_n -> _7027_/RESET_B : -0.638858
[setup in-reg] rst_n -> _7028_/RESET_B : -0.638858
[setup in-reg] rst_n -> _7029_/RESET_B : -0.638858
[setup in-reg] rst_n -> _7030_/RESET_B : -0.638858
[setup in-reg] rst_n -> _7031_/RESET_B : -0.638858
[setup in-reg] rst_n -> _7032_/RESET_B : -0.638858
[setup in-reg] rst_n -> _7033_/RESET_B : -0.638858
[setup in-reg] rst_n -> _7034_/RESET_B : -0.638858
[setup in-reg] rst_n -> _7035_/RESET_B : -0.638858
[setup in-reg] rst_n -> _7036_/RESET_B : -0.638858
[setup in-reg] rst_n -> _7037_/RESET_B : -0.638858
[setup in-reg] rst_n -> _7038_/RESET_B : -0.638858
[setup in-reg] rst_n -> _7039_/RESET_B : -0.638858
[setup in-reg] rst_n -> _7040_/RESET_B : -0.638858
[setup in-reg] rst_n -> _7041_/RESET_B : -0.638858
[setup in-reg] rst_n -> _7042_/RESET_B : -0.638858
[setup in-reg] rst_n -> _7043_/RESET_B : -0.638858
[setup in-reg] rst_n -> _7044_/RESET_B : -0.638858
[setup in-reg] rst_n -> _7045_/RESET_B : -0.638858
[setup in-reg] rst_n -> _7046_/RESET_B : -0.638858
[setup in-reg] rst_n -> _7047_/RESET_B : -0.638858
[setup in-reg] rst_n -> _7048_/RESET_B : -0.638858
[setup in-reg] rst_n -> _7049_/RESET_B : -0.638858
[setup in-reg] rst_n -> _7050_/RESET_B : -0.638858
[setup in-reg] rst_n -> _7051_/RESET_B : -0.638858
[setup in-reg] rst_n -> _7052_/RESET_B : -0.638858
[setup in-reg] rst_n -> _7053_/RESET_B : -0.638858
[setup in-reg] rst_n -> _7054_/RESET_B : -0.638858
[setup in-reg] rst_n -> _7055_/RESET_B : -0.638858
[setup in-reg] rst_n -> _7056_/RESET_B : -0.638858
[setup in-reg] rst_n -> _7057_/RESET_B : -0.638858
[setup in-reg] rst_n -> _7058_/RESET_B : -0.638858
[setup in-reg] rst_n -> _7059_/RESET_B : -0.638858
[setup in-reg] rst_n -> _7060_/RESET_B : -0.638858
[setup in-reg] rst_n -> _7061_/RESET_B : -0.638858
[setup in-reg] rst_n -> _7062_/RESET_B : -0.638858
[setup in-reg] rst_n -> _7063_/RESET_B : -0.638858
[setup in-reg] rst_n -> _7064_/RESET_B : -0.638858
[setup in-reg] rst_n -> _7065_/RESET_B : -0.638858
[setup in-reg] rst_n -> _7066_/RESET_B : -0.638858
[setup in-reg] rst_n -> _7067_/RESET_B : -0.638858
[setup in-reg] rst_n -> _7068_/RESET_B : -0.638858
[setup in-reg] rst_n -> _7069_/RESET_B : -0.638858
[setup in-reg] rst_n -> _7070_/RESET_B : -0.638858
[setup in-reg] rst_n -> _7071_/RESET_B : -0.638858
[setup in-reg] rst_n -> _7072_/RESET_B : -0.638858
[setup in-reg] rst_n -> _7073_/RESET_B : -0.638858
[setup in-reg] rst_n -> _7074_/RESET_B : -0.638858
[setup in-reg] rst_n -> _7075_/RESET_B : -0.638858
[setup in-reg] rst_n -> _7076_/RESET_B : -0.638858
[setup in-reg] rst_n -> _7077_/RESET_B : -0.638858
[setup in-reg] rst_n -> _7078_/RESET_B : -0.638858
[setup in-reg] rst_n -> _7079_/RESET_B : -0.638858
[setup in-reg] rst_n -> _7080_/RESET_B : -0.638858
[setup in-reg] rst_n -> _7082_/RESET_B : -0.638858
[setup in-reg] rst_n -> _7083_/RESET_B : -0.638858
[setup in-reg] rst_n -> _7084_/RESET_B : -0.638858
[setup in-reg] rst_n -> _7085_/RESET_B : -0.638858
[setup in-reg] rst_n -> _7086_/RESET_B : -0.638858
[setup in-reg] rst_n -> _7087_/RESET_B : -0.638858
[setup in-reg] rst_n -> _7088_/RESET_B : -0.638858
[setup in-reg] rst_n -> _7089_/RESET_B : -0.638858
[setup in-reg] rst_n -> _7090_/RESET_B : -0.638858
[setup in-reg] rst_n -> _7091_/RESET_B : -0.638858
[setup in-reg] rst_n -> _7092_/RESET_B : -0.638858
[setup in-reg] rst_n -> _7093_/RESET_B : -0.638858
[setup in-reg] rst_n -> _7094_/RESET_B : -0.638858
[setup in-reg] rst_n -> _7095_/RESET_B : -0.638858
[setup in-reg] rst_n -> _7096_/RESET_B : -0.638858
