
===========================================================================
report_checks -unconstrained
===========================================================================
======================= min_tt_025C_1v80 Corner ===================================

Startpoint: rst_n (input port clocked by clk)
Endpoint: _6462_ (recovery check against rising-edge clock clk)
Path Group: asynchronous
Path Type: max

Fanout         Cap        Slew       Delay        Time   Description
---------------------------------------------------------------------------------------------
                                  0.000000    0.000000   clock clk (rise edge)
                                  0.000000    0.000000   clock network delay (propagated)
                                  4.000000    4.000000 ^ input external delay
     1    0.007915    0.042153    0.027314    4.027314 ^ rst_n (in)
                                                         rst_n (net)
                      0.042154    0.000000    4.027314 ^ input1/A (sky130_fd_sc_hd__clkdlybuf4s25_1)
     1    0.005152    0.065443    0.258559    4.285873 ^ input1/X (sky130_fd_sc_hd__clkdlybuf4s25_1)
                                                         net1 (net)
                      0.065443    0.000080    4.285954 ^ fanout848/A (sky130_fd_sc_hd__clkdlybuf4s25_1)
    11    0.134284    1.327420    1.148456    5.434410 ^ fanout848/X (sky130_fd_sc_hd__clkdlybuf4s25_1)
                                                         net848 (net)
                      1.327420    0.001155    5.435565 ^ fanout740/A (sky130_fd_sc_hd__clkdlybuf4s25_1)
     5    0.059899    0.595245    0.799793    6.235357 ^ fanout740/X (sky130_fd_sc_hd__clkdlybuf4s25_1)
                                                         net740 (net)
                      0.595249    0.002591    6.237948 ^ fanout713/A (sky130_fd_sc_hd__clkdlybuf4s25_1)
     7    0.052257    0.522011    0.690803    6.928751 ^ fanout713/X (sky130_fd_sc_hd__clkdlybuf4s25_1)
                                                         net713 (net)
                      0.522011    0.000325    6.929076 ^ fanout704/A (sky130_fd_sc_hd__clkdlybuf4s25_1)
     5    0.021936    0.225855    0.473712    7.402788 ^ fanout704/X (sky130_fd_sc_hd__clkdlybuf4s25_1)
                                                         net704 (net)
                      0.225855    0.000533    7.403321 ^ fanout703/A (sky130_fd_sc_hd__clkdlybuf4s25_1)
     8    0.046045    0.461248    0.590888    7.994209 ^ fanout703/X (sky130_fd_sc_hd__clkdlybuf4s25_1)
                                                         net703 (net)
                      0.461248    0.000697    7.994906 ^ fanout701/A (sky130_fd_sc_hd__clkdlybuf4s25_1)
     2    0.008466    0.096473    0.373094    8.368001 ^ fanout701/X (sky130_fd_sc_hd__clkdlybuf4s25_1)
                                                         net701 (net)
                      0.096473    0.000105    8.368106 ^ load_slew702/A (sky130_fd_sc_hd__clkbuf_4)
     9    0.044255    0.140501    0.224233    8.592339 ^ load_slew702/X (sky130_fd_sc_hd__clkbuf_4)
                                                         net702 (net)
                      0.140516    0.001495    8.593833 ^ fanout699/A (sky130_fd_sc_hd__clkdlybuf4s25_1)
     2    0.008028    0.092444    0.311022    8.904856 ^ fanout699/X (sky130_fd_sc_hd__clkdlybuf4s25_1)
                                                         net699 (net)
                      0.092444    0.000043    8.904899 ^ load_slew700/A (sky130_fd_sc_hd__buf_4)
     9    0.042930    0.125126    0.189556    9.094455 ^ load_slew700/X (sky130_fd_sc_hd__buf_4)
                                                         net700 (net)
                      0.125130    0.000913    9.095367 ^ _6462_/RESET_B (sky130_fd_sc_hd__dfrtp_2)
                                              9.095367   data arrival time

                                 20.000000   20.000000   clock clk (rise edge)
                                  0.000000   20.000000   clock source latency
     1    0.037940    0.175224    0.121947   20.121948 ^ clk (in)
                                                         clk (net)
                      0.175229    0.000000   20.121948 ^ clkbuf_0_clk/A (sky130_fd_sc_hd__clkbuf_16)
     8    0.128665    0.142266    0.247910   20.369858 ^ clkbuf_0_clk/X (sky130_fd_sc_hd__clkbuf_16)
                                                         clknet_0_clk (net)
                      0.142931    0.007768   20.377626 ^ clkbuf_3_1_0_clk/A (sky130_fd_sc_hd__clkbuf_8)
     2    0.025336    0.059575    0.173822   20.551447 ^ clkbuf_3_1_0_clk/X (sky130_fd_sc_hd__clkbuf_8)
                                                         clknet_3_1_0_clk (net)
                      0.059585    0.000735   20.552183 ^ clkbuf_4_2__f_clk/A (sky130_fd_sc_hd__clkbuf_16)
     6    0.059866    0.077858    0.161730   20.713913 ^ clkbuf_4_2__f_clk/X (sky130_fd_sc_hd__clkbuf_16)
                                                         clknet_4_2__leaf_clk (net)
                      0.077884    0.001354   20.715267 ^ clkbuf_leaf_82_clk/A (sky130_fd_sc_hd__clkbuf_8)
    12    0.034602    0.073473    0.162247   20.877514 ^ clkbuf_leaf_82_clk/X (sky130_fd_sc_hd__clkbuf_8)
                                                         clknet_leaf_82_clk (net)
                      0.073473    0.000089   20.877602 ^ _6462_/CLK (sky130_fd_sc_hd__dfrtp_2)
                                 -0.250000   20.627604   clock uncertainty
                                  0.000000   20.627604   clock reconvergence pessimism
                                  0.204129   20.831732   library recovery time
                                             20.831732   data required time
---------------------------------------------------------------------------------------------
                                             20.831732   data required time
                                             -9.095367   data arrival time
---------------------------------------------------------------------------------------------
                                             11.736364   slack (MET)


Startpoint: _7074_ (rising edge-triggered flip-flop clocked by clk)
Endpoint: uo_out[5] (output port clocked by clk)
Path Group: clk
Path Type: max

Fanout         Cap        Slew       Delay        Time   Description
---------------------------------------------------------------------------------------------
                                  0.000000    0.000000   clock clk (rise edge)
                                  0.000000    0.000000   clock source latency
     1    0.037940    0.175224    0.121946    0.121946 ^ clk (in)
                                                         clk (net)
                      0.175229    0.000000    0.121946 ^ clkbuf_0_clk/A (sky130_fd_sc_hd__clkbuf_16)
     8    0.128665    0.142266    0.247911    0.369858 ^ clkbuf_0_clk/X (sky130_fd_sc_hd__clkbuf_16)
                                                         clknet_0_clk (net)
                      0.143061    0.008482    0.378340 ^ clkbuf_3_2_0_clk/A (sky130_fd_sc_hd__clkbuf_8)
     2    0.027700    0.063146    0.176579    0.554919 ^ clkbuf_3_2_0_clk/X (sky130_fd_sc_hd__clkbuf_8)
                                                         clknet_3_2_0_clk (net)
                      0.063158    0.000876    0.555795 ^ clkbuf_4_4__f_clk/A (sky130_fd_sc_hd__clkbuf_16)
     6    0.051190    0.069889    0.156837    0.712633 ^ clkbuf_4_4__f_clk/X (sky130_fd_sc_hd__clkbuf_16)
                                                         clknet_4_4__leaf_clk (net)
                      0.069895    0.000685    0.713317 ^ clkbuf_leaf_20_clk/A (sky130_fd_sc_hd__clkbuf_8)
    10    0.034999    0.074090    0.159729    0.873047 ^ clkbuf_leaf_20_clk/X (sky130_fd_sc_hd__clkbuf_8)
                                                         clknet_leaf_20_clk (net)
                      0.074093    0.000563    0.873610 ^ _7074_/CLK (sky130_fd_sc_hd__dfrtp_2)
     1    0.003792    0.042625    0.347092    1.220701 ^ _7074_/Q (sky130_fd_sc_hd__dfrtp_2)
                                                         output_index[0] (net)
                      0.042625    0.000050    1.220752 ^ fanout563/A (sky130_fd_sc_hd__clkdlybuf4s25_1)
     5    0.064843    0.645123    0.666247    1.886999 ^ fanout563/X (sky130_fd_sc_hd__clkdlybuf4s25_1)
                                                         net563 (net)
                      0.645123    0.000146    1.887145 ^ fanout558/A (sky130_fd_sc_hd__clkdlybuf4s25_1)
     7    0.038040    0.382997    0.600982    2.488127 ^ fanout558/X (sky130_fd_sc_hd__clkdlybuf4s25_1)
                                                         net558 (net)
                      0.382997    0.000687    2.488814 ^ _3107_/A (sky130_fd_sc_hd__and2_2)
     3    0.091332    0.458904    0.528283    3.017097 ^ _3107_/X (sky130_fd_sc_hd__and2_2)
                                                         _1061_ (net)
                      0.458904    0.000419    3.017516 ^ fanout416/A (sky130_fd_sc_hd__clkdlybuf4s25_1)
     6    0.040990    0.411878    0.594466    3.611981 ^ fanout416/X (sky130_fd_sc_hd__clkdlybuf4s25_1)
                                                         net416 (net)
                      0.411878    0.000266    3.612247 ^ fanout415/A (sky130_fd_sc_hd__clkdlybuf4s25_1)
    10    0.055330    0.551452    0.686523    4.298770 ^ fanout415/X (sky130_fd_sc_hd__clkdlybuf4s25_1)
                                                         net415 (net)
                      0.551452    0.001093    4.299863 ^ _3108_/B (sky130_fd_sc_hd__nor2_2)
     2    0.049636    0.213286    0.245893    4.545756 v _3108_/Y (sky130_fd_sc_hd__nor2_2)
                                                         _1062_ (net)
                      0.213377    0.004042    4.549798 v fanout309/A (sky130_fd_sc_hd__clkdlybuf4s25_1)
     5    0.023954    0.181731    0.425012    4.974810 v fanout309/X (sky130_fd_sc_hd__clkdlybuf4s25_1)
                                                         net309 (net)
                      0.181731    0.000148    4.974958 v load_slew310/A (sky130_fd_sc_hd__clkbuf_4)
     5    0.058476    0.120250    0.279439    5.254397 v load_slew310/X (sky130_fd_sc_hd__clkbuf_4)
                                                         net310 (net)
                      0.120294    0.002172    5.256568 v fanout308/A (sky130_fd_sc_hd__clkdlybuf4s25_1)
    10    0.048351    0.354105    0.520753    5.777322 v fanout308/X (sky130_fd_sc_hd__clkdlybuf4s25_1)
                                                         net308 (net)
                      0.354105    0.000878    5.778200 v _3189_/B1 (sky130_fd_sc_hd__a221o_2)
     1    0.003754    0.056197    0.433368    6.211568 v _3189_/X (sky130_fd_sc_hd__a221o_2)
                                                         _1138_ (net)
                      0.056197    0.000048    6.211617 v _3190_/B1 (sky130_fd_sc_hd__a21o_2)
     1    0.002405    0.032243    0.180904    6.392520 v _3190_/X (sky130_fd_sc_hd__a21o_2)
                                                         _1139_ (net)
                      0.032243    0.000026    6.392547 v _3194_/B (sky130_fd_sc_hd__and3_2)
     1    0.002629    0.037835    0.180620    6.573167 v _3194_/X (sky130_fd_sc_hd__and3_2)
                                                         _1143_ (net)
                      0.037835    0.000014    6.573181 v _3195_/B1 (sky130_fd_sc_hd__a31o_2)
     1    0.025547    0.089079    0.270034    6.843215 v _3195_/X (sky130_fd_sc_hd__a31o_2)
                                                         _1144_ (net)
                      0.089084    0.000743    6.843958 v _3196_/A1 (sky130_fd_sc_hd__mux2_1)
     1    0.045266    0.236324    0.493085    7.337044 v _3196_/X (sky130_fd_sc_hd__mux2_1)
                                                         net29 (net)
                      0.236378    0.003468    7.340511 v wire29/A (sky130_fd_sc_hd__buf_4)
     1    0.054908    0.079982    0.276731    7.617242 v wire29/X (sky130_fd_sc_hd__buf_4)
                                                         uo_out[5] (net)
                      0.080014    0.001518    7.618760 v uo_out[5] (out)
                                              7.618760   data arrival time

                                 20.000000   20.000000   clock clk (rise edge)
                                  0.000000   20.000000   clock network delay (propagated)
                                 -0.250000   19.750002   clock uncertainty
                                  0.000000   19.750002   clock reconvergence pessimism
                                 -4.000000   15.750001   output external delay
                                             15.750001   data required time
---------------------------------------------------------------------------------------------
                                             15.750001   data required time
                                             -7.618760   data arrival time
---------------------------------------------------------------------------------------------
                                              8.131241   slack (MET)




===========================================================================
report_checks --slack_max -0.01
============================================================================
======================= min_tt_025C_1v80 Corner ===================================

No paths found.


===========================================================================
 report_check_types -max_slew -max_cap -max_fanout -violators
============================================================================
======================= min_tt_025C_1v80 Corner ===================================

max slew

Pin                                        Limit        Slew       Slack
------------------------------------------------------------------------
ANTENNA_77/DIODE                        0.750000    1.327646   -0.577646 (VIOLATED)
fanout817/A                             0.750000    1.327646   -0.577646 (VIOLATED)
ANTENNA_76/DIODE                        0.750000    1.327636   -0.577636 (VIOLATED)
fanout803/A                             0.750000    1.327635   -0.577635 (VIOLATED)
ANTENNA_78/DIODE                        0.750000    1.327569   -0.577569 (VIOLATED)
fanout847/A                             0.750000    1.327569   -0.577569 (VIOLATED)
fanout790/A                             0.750000    1.327471   -0.577471 (VIOLATED)
fanout667/A                             0.750000    1.327453   -0.577453 (VIOLATED)
fanout698/A                             0.750000    1.327426   -0.577426 (VIOLATED)
fanout682/A                             0.750000    1.327420   -0.577420 (VIOLATED)
fanout740/A                             0.750000    1.327420   -0.577420 (VIOLATED)
fanout848/X                             0.750000    1.327420   -0.577420 (VIOLATED)
ANTENNA_64/DIODE                        0.750000    1.303957   -0.553957 (VIOLATED)
ANTENNA_65/DIODE                        0.750000    1.303957   -0.553957 (VIOLATED)
_3144_/C1                               0.750000    1.303957   -0.553957 (VIOLATED)
_3150_/C1                               0.750000    1.303958   -0.553958 (VIOLATED)
ANTENNA_62/DIODE                        0.750000    1.303957   -0.553957 (VIOLATED)
_3127_/C1                               0.750000    1.303957   -0.553957 (VIOLATED)
_3137_/C1                               0.750000    1.303956   -0.553956 (VIOLATED)
ANTENNA_63/DIODE                        0.750000    1.303955   -0.553955 (VIOLATED)
_3205_/B1                               0.750000    1.303863   -0.553863 (VIOLATED)
_3122_/C1                               0.750000    1.303774   -0.553774 (VIOLATED)
_3201_/C1                               0.750000    1.303774   -0.553774 (VIOLATED)
_3166_/C1                               0.750000    1.303773   -0.553773 (VIOLATED)
_3120_/C1                               0.750000    1.303772   -0.553772 (VIOLATED)
_3159_/B1                               0.750000    1.303765   -0.553765 (VIOLATED)
fanout313/X                             0.750000    1.303762   -0.553762 (VIOLATED)
_3129_/A1                               0.750000    1.259306   -0.509306 (VIOLATED)
_3133_/A1                               0.750000    1.259304   -0.509304 (VIOLATED)
_3141_/A1                               0.750000    1.259300   -0.509300 (VIOLATED)
_3147_/A1                               0.750000    1.259279   -0.509279 (VIOLATED)
_3184_/A1                               0.750000    1.259221   -0.509221 (VIOLATED)
_3170_/A1                               0.750000    1.259191   -0.509191 (VIOLATED)
_3179_/A1                               0.750000    1.259167   -0.509167 (VIOLATED)
_3212_/A1                               0.750000    1.259014   -0.509014 (VIOLATED)
_3207_/A1                               0.750000    1.258849   -0.508849 (VIOLATED)
fanout554/A                             0.750000    1.258755   -0.508755 (VIOLATED)
fanout555/X                             0.750000    1.258755   -0.508755 (VIOLATED)
_3142_/C1                               0.750000    1.248141   -0.498141 (VIOLATED)
_3134_/C1                               0.750000    1.248139   -0.498139 (VIOLATED)
_3130_/C1                               0.750000    1.248135   -0.498135 (VIOLATED)
_3213_/C1                               0.750000    1.248017   -0.498017 (VIOLATED)
_3208_/C1                               0.750000    1.247687   -0.497687 (VIOLATED)
_3199_/C1                               0.750000    1.247652   -0.497652 (VIOLATED)
_3117_/C1                               0.750000    1.247500   -0.497500 (VIOLATED)
_3121_/C1                               0.750000    1.247491   -0.497491 (VIOLATED)
_3163_/C1                               0.750000    1.247476   -0.497476 (VIOLATED)
_3156_/C1                               0.750000    1.247469   -0.497469 (VIOLATED)
fanout311/X                             0.750000    1.247467   -0.497467 (VIOLATED)
ANTENNA_53/DIODE                        0.750000    1.164067   -0.414067 (VIOLATED)
fanout120/A                             0.750000    1.164067   -0.414067 (VIOLATED)
ANTENNA_52/DIODE                        0.750000    1.164064   -0.414064 (VIOLATED)
fanout118/A                             0.750000    1.164064   -0.414064 (VIOLATED)
fanout117/A                             0.750000    1.164055   -0.414055 (VIOLATED)
ANTENNA_51/DIODE                        0.750000    1.164016   -0.414016 (VIOLATED)
fanout113/A                             0.750000    1.164016   -0.414016 (VIOLATED)
fanout109/A                             0.750000    1.163975   -0.413976 (VIOLATED)
fanout121/X                             0.750000    1.163975   -0.413976 (VIOLATED)
_3564_/A                                0.750000    1.125874   -0.375874 (VIOLATED)
_5596_/A1                               0.750000    1.125868   -0.375868 (VIOLATED)
_3552_/C1                               0.750000    1.125830   -0.375830 (VIOLATED)
_5587_/A1                               0.750000    1.125814   -0.375814 (VIOLATED)
_3603_/C1                               0.750000    1.125725   -0.375725 (VIOLATED)
_5577_/A                                0.750000    1.125670   -0.375670 (VIOLATED)
_5571_/A                                0.750000    1.125633   -0.375633 (VIOLATED)
_5584_/A1                               0.750000    1.125565   -0.375565 (VIOLATED)
_5589_/A1                               0.750000    1.125538   -0.375538 (VIOLATED)
fanout490/A                             0.750000    1.125432   -0.375432 (VIOLATED)
fanout493/X                             0.750000    1.125432   -0.375432 (VIOLATED)
ANTENNA_72/DIODE                        0.750000    1.090183   -0.340184 (VIOLATED)
_5605_/A1                               0.750000    1.090183   -0.340184 (VIOLATED)
ANTENNA_73/DIODE                        0.750000    1.090160   -0.340160 (VIOLATED)
_5609_/A1                               0.750000    1.090160   -0.340160 (VIOLATED)
fanout493/A                             0.750000    1.090051   -0.340051 (VIOLATED)
_5580_/A1                               0.750000    1.090049   -0.340049 (VIOLATED)
_5581_/A                                0.750000    1.090049   -0.340049 (VIOLATED)
fanout489/A                             0.750000    1.090049   -0.340049 (VIOLATED)
fanout494/X                             0.750000    1.090049   -0.340049 (VIOLATED)
fanout452/A                             0.750000    1.075463   -0.325463 (VIOLATED)
_4540_/A1                               0.750000    1.075446   -0.325446 (VIOLATED)
_5514_/A                                0.750000    1.075440   -0.325440 (VIOLATED)
_4547_/A                                0.750000    1.075427   -0.325427 (VIOLATED)
_3506_/B1                               0.750000    1.075398   -0.325398 (VIOLATED)
_3512_/A                                0.750000    1.075328   -0.325328 (VIOLATED)
_3560_/A1                               0.750000    1.075217   -0.325217 (VIOLATED)
_3593_/A                                0.750000    1.075213   -0.325213 (VIOLATED)
ANTENNA_93/DIODE                        0.750000    1.075213   -0.325213 (VIOLATED)
_4495_/A1                               0.750000    1.075171   -0.325171 (VIOLATED)
_4503_/B2                               0.750000    1.075164   -0.325164 (VIOLATED)
fanout453/X                             0.750000    1.075164   -0.325164 (VIOLATED)
_4738_/A                                0.750000    1.051037   -0.301037 (VIOLATED)
_4731_/A1_N                             0.750000    1.051035   -0.301035 (VIOLATED)
_4753_/A1_N                             0.750000    1.051030   -0.301030 (VIOLATED)
ANTENNA_60/DIODE                        0.750000    1.051029   -0.301029 (VIOLATED)
_4776_/A1_N                             0.750000    1.051011   -0.301011 (VIOLATED)
ANTENNA_61/DIODE                        0.750000    1.051011   -0.301011 (VIOLATED)
ANTENNA_57/DIODE                        0.750000    1.051009   -0.301009 (VIOLATED)
_4058_/A1_N                             0.750000    1.051009   -0.301009 (VIOLATED)
_4609_/A1_N                             0.750000    1.051009   -0.301009 (VIOLATED)
ANTENNA_59/DIODE                        0.750000    1.051008   -0.301008 (VIOLATED)
ANTENNA_58/DIODE                        0.750000    1.051008   -0.301008 (VIOLATED)
_4746_/A1_N                             0.750000    1.051008   -0.301008 (VIOLATED)
_3718_/A                                0.750000    1.051006   -0.301006 (VIOLATED)
_4716_/A1_N                             0.750000    1.051006   -0.301006 (VIOLATED)
_4724_/A1_N                             0.750000    1.051006   -0.301006 (VIOLATED)
fanout169/X                             0.750000    1.051006   -0.301006 (VIOLATED)
_3497_/A                                0.750000    1.022343   -0.272343 (VIOLATED)
_4266_/A                                0.750000    1.022342   -0.272343 (VIOLATED)
_4411_/C1                               0.750000    1.022340   -0.272340 (VIOLATED)
_4345_/A                                0.750000    1.022339   -0.272339 (VIOLATED)
_4571_/A1                               0.750000    1.022326   -0.272326 (VIOLATED)
_5508_/A                                0.750000    1.022326   -0.272326 (VIOLATED)
_4419_/A                                0.750000    1.022322   -0.272322 (VIOLATED)
_3495_/A1                               0.750000    1.022317   -0.272317 (VIOLATED)
_3492_/A                                0.750000    1.022299   -0.272299 (VIOLATED)
_4368_/A                                0.750000    1.022299   -0.272299 (VIOLATED)
fanout455/X                             0.750000    1.022299   -0.272299 (VIOLATED)
_3572_/S                                0.750000    0.983676   -0.233676 (VIOLATED)
_3599_/B1                               0.750000    0.983662   -0.233662 (VIOLATED)
_4495_/A2                               0.750000    0.983626   -0.233626 (VIOLATED)
_4850_/A2                               0.750000    0.983611   -0.233611 (VIOLATED)
fanout583/A                             0.750000    0.983536   -0.233536 (VIOLATED)
_3501_/A                                0.750000    0.983421   -0.233421 (VIOLATED)
_3505_/S                                0.750000    0.983408   -0.233408 (VIOLATED)
_4355_/A                                0.750000    0.983367   -0.233367 (VIOLATED)
_5510_/B1                               0.750000    0.983356   -0.233356 (VIOLATED)
fanout582/A                             0.750000    0.983356   -0.233356 (VIOLATED)
fanout584/X                             0.750000    0.983356   -0.233356 (VIOLATED)
_5561_/A2                               0.750000    0.979429   -0.229429 (VIOLATED)
_5560_/A2                               0.750000    0.979421   -0.229421 (VIOLATED)
fanout518/A                             0.750000    0.979397   -0.229398 (VIOLATED)
_5563_/A2                               0.750000    0.979340   -0.229340 (VIOLATED)
_5555_/A2                               0.750000    0.979334   -0.229334 (VIOLATED)
_5539_/A2                               0.750000    0.979327   -0.229327 (VIOLATED)
_5547_/A2                               0.750000    0.979319   -0.229319 (VIOLATED)
_5566_/A2                               0.750000    0.979315   -0.229315 (VIOLATED)
_5558_/A2                               0.750000    0.979314   -0.229314 (VIOLATED)
_5542_/A2                               0.750000    0.979294   -0.229294 (VIOLATED)
fanout519/X                             0.750000    0.979294   -0.229294 (VIOLATED)
_3549_/B2                               0.750000    0.962472   -0.212472 (VIOLATED)
_3633_/B2                               0.750000    0.962472   -0.212472 (VIOLATED)
_3536_/A1                               0.750000    0.962471   -0.212471 (VIOLATED)
_3086_/A                                0.750000    0.962459   -0.212459 (VIOLATED)
_3484_/A1                               0.750000    0.962453   -0.212453 (VIOLATED)
_5502_/A_N                              0.750000    0.962446   -0.212446 (VIOLATED)
_5359_/A_N                              0.750000    0.962445   -0.212445 (VIOLATED)
_5506_/A                                0.750000    0.962442   -0.212442 (VIOLATED)
_3485_/A                                0.750000    0.962436   -0.212436 (VIOLATED)
_3095_/A1                               0.750000    0.962430   -0.212430 (VIOLATED)
fanout495/X                             0.750000    0.962428   -0.212428 (VIOLATED)
_5607_/A2                               0.750000    0.937545   -0.187545 (VIOLATED)
_4445_/A1                               0.750000    0.937535   -0.187535 (VIOLATED)
_3518_/B1                               0.750000    0.937530   -0.187530 (VIOLATED)
_5602_/A2                               0.750000    0.937528   -0.187528 (VIOLATED)
_3594_/B1                               0.750000    0.937493   -0.187493 (VIOLATED)
_3602_/B1                               0.750000    0.937468   -0.187468 (VIOLATED)
_3567_/B1                               0.750000    0.937455   -0.187456 (VIOLATED)
_3551_/B1                               0.750000    0.937444   -0.187444 (VIOLATED)
_5604_/A1                               0.750000    0.937440   -0.187440 (VIOLATED)
_5605_/A2                               0.750000    0.937437   -0.187437 (VIOLATED)
fanout359/X                             0.750000    0.937435   -0.187435 (VIOLATED)
fanout40/A                              0.750000    0.890525   -0.140525 (VIOLATED)
fanout44/A                              0.750000    0.890517   -0.140517 (VIOLATED)
fanout42/A                              0.750000    0.890502   -0.140502 (VIOLATED)
fanout45/A                              0.750000    0.890488   -0.140488 (VIOLATED)
fanout37/A                              0.750000    0.890430   -0.140430 (VIOLATED)
fanout47/X                              0.750000    0.890430   -0.140430 (VIOLATED)
_5600_/A1                               0.750000    0.855860   -0.105860 (VIOLATED)
_5597_/A1                               0.750000    0.855857   -0.105857 (VIOLATED)
_5606_/A1                               0.750000    0.855856   -0.105856 (VIOLATED)
_5588_/A1                               0.750000    0.855824   -0.105824 (VIOLATED)
_5591_/A1                               0.750000    0.855819   -0.105819 (VIOLATED)
_3549_/A1                               0.750000    0.855769   -0.105769 (VIOLATED)
_3633_/A1                               0.750000    0.855757   -0.105757 (VIOLATED)
_3524_/C1                               0.750000    0.855722   -0.105722 (VIOLATED)
_3094_/A1                               0.750000    0.855615   -0.105615 (VIOLATED)
_5575_/A1                               0.750000    0.855615   -0.105615 (VIOLATED)
fanout489/X                             0.750000    0.855615   -0.105615 (VIOLATED)
_4871_/A1                               0.750000    0.852404   -0.102404 (VIOLATED)
fanout579/A                             0.750000    0.852388   -0.102388 (VIOLATED)
_4370_/A1_N                             0.750000    0.852386   -0.102386 (VIOLATED)
_3598_/S                                0.750000    0.852385   -0.102385 (VIOLATED)
_4378_/A                                0.750000    0.852380   -0.102380 (VIOLATED)
_4403_/A                                0.750000    0.852338   -0.102338 (VIOLATED)
_4395_/A1_N                             0.750000    0.852318   -0.102318 (VIOLATED)
_3516_/A1                               0.750000    0.852287   -0.102287 (VIOLATED)
_4360_/A                                0.750000    0.852270   -0.102270 (VIOLATED)
fanout580/X                             0.750000    0.852270   -0.102270 (VIOLATED)
_5557_/A2                               0.750000    0.847328   -0.097328 (VIOLATED)
_5565_/A2                               0.750000    0.847327   -0.097327 (VIOLATED)
fanout516/A                             0.750000    0.847315   -0.097315 (VIOLATED)
_5541_/A2                               0.750000    0.847306   -0.097306 (VIOLATED)
_5550_/A2                               0.750000    0.847286   -0.097286 (VIOLATED)
_3094_/B1                               0.750000    0.847281   -0.097281 (VIOLATED)
fanout517/X                             0.750000    0.847281   -0.097281 (VIOLATED)
_3150_/A2                               0.750000    0.835038   -0.085038 (VIOLATED)
_3144_/A2                               0.750000    0.835037   -0.085037 (VIOLATED)
_3147_/B2                               0.750000    0.835023   -0.085023 (VIOLATED)
fanout417/A                             0.750000    0.834989   -0.084989 (VIOLATED)
_3170_/B2                               0.750000    0.834898   -0.084898 (VIOLATED)
_3173_/A2                               0.750000    0.834893   -0.084893 (VIOLATED)
_3179_/B2                               0.750000    0.834870   -0.084870 (VIOLATED)
_3177_/A2                               0.750000    0.834857   -0.084857 (VIOLATED)
_3215_/A2                               0.750000    0.834854   -0.084854 (VIOLATED)
_3219_/B2                               0.750000    0.834845   -0.084845 (VIOLATED)
fanout418/X                             0.750000    0.834845   -0.084845 (VIOLATED)
_3797_/A1                               0.750000    0.827030   -0.077030 (VIOLATED)
_3764_/A1                               0.750000    0.827030   -0.077030 (VIOLATED)
_4046_/A1                               0.750000    0.827011   -0.077011 (VIOLATED)
_4028_/A1                               0.750000    0.827011   -0.077011 (VIOLATED)
_3916_/A1                               0.750000    0.827010   -0.077010 (VIOLATED)
_3939_/A1                               0.750000    0.827010   -0.077010 (VIOLATED)
_3831_/A1                               0.750000    0.827010   -0.077010 (VIOLATED)
_3088_/B                                0.750000    0.827009   -0.077009 (VIOLATED)
_4052_/A1                               0.750000    0.827009   -0.077009 (VIOLATED)
_4008_/B                                0.750000    0.826800   -0.076800 (VIOLATED)
fanout320/X                             0.750000    0.826800   -0.076800 (VIOLATED)
_5790_/B1                               0.750000    0.788655   -0.038655 (VIOLATED)
_5796_/B1                               0.750000    0.788654   -0.038654 (VIOLATED)
_5792_/B1                               0.750000    0.788651   -0.038651 (VIOLATED)
_5798_/B1                               0.750000    0.788650   -0.038650 (VIOLATED)
_5788_/B2                               0.750000    0.788634   -0.038634 (VIOLATED)
_5794_/B1                               0.750000    0.788634   -0.038634 (VIOLATED)
_5800_/B1                               0.750000    0.788632   -0.038632 (VIOLATED)
_5841_/C                                0.750000    0.788613   -0.038613 (VIOLATED)
_5814_/C                                0.750000    0.788399   -0.038399 (VIOLATED)
_6072_/B1                               0.750000    0.788399   -0.038399 (VIOLATED)
fanout99/X                              0.750000    0.788399   -0.038399 (VIOLATED)
_4064_/B1                               0.750000    0.768484   -0.018484 (VIOLATED)
_4070_/B1                               0.750000    0.768483   -0.018483 (VIOLATED)
_4082_/B1                               0.750000    0.768480   -0.018480 (VIOLATED)
_3095_/A2                               0.750000    0.768480   -0.018480 (VIOLATED)
_4100_/B1                               0.750000    0.768477   -0.018477 (VIOLATED)
_4076_/B1                               0.750000    0.768470   -0.018470 (VIOLATED)
_4094_/B1                               0.750000    0.768470   -0.018470 (VIOLATED)
_4058_/B2                               0.750000    0.768469   -0.018469 (VIOLATED)
_3484_/A2                               0.750000    0.768468   -0.018468 (VIOLATED)
_5515_/A1                               0.750000    0.768274   -0.018274 (VIOLATED)
fanout173/X                             0.750000    0.768274   -0.018274 (VIOLATED)
_3782_/A1_N                             0.750000    0.757524   -0.007524 (VIOLATED)
_3814_/A                                0.750000    0.757524   -0.007524 (VIOLATED)
_3908_/A                                0.750000    0.757524   -0.007524 (VIOLATED)
_4123_/A1_N                             0.750000    0.757524   -0.007524 (VIOLATED)
_4204_/A1_N                             0.750000    0.757524   -0.007524 (VIOLATED)
_4212_/A                                0.750000    0.757524   -0.007524 (VIOLATED)
_4242_/A                                0.750000    0.757524   -0.007524 (VIOLATED)
_4283_/A                                0.750000    0.757524   -0.007524 (VIOLATED)
_4295_/A1                               0.750000    0.757524   -0.007524 (VIOLATED)
_4329_/A1                               0.750000    0.757524   -0.007524 (VIOLATED)
fanout422/X                             0.750000    0.757524   -0.007524 (VIOLATED)
_4094_/A3                               0.750000    0.754274   -0.004274 (VIOLATED)
_3996_/A3                               0.750000    0.754271   -0.004271 (VIOLATED)
_4046_/A3                               0.750000    0.754268   -0.004268 (VIOLATED)
_3916_/A3                               0.750000    0.754268   -0.004268 (VIOLATED)
_4248_/A0                               0.750000    0.754255   -0.004255 (VIOLATED)
_4651_/A0                               0.750000    0.754234   -0.004234 (VIOLATED)
_4473_/A0                               0.750000    0.754215   -0.004215 (VIOLATED)
_5600_/A3                               0.750000    0.754207   -0.004208 (VIOLATED)
_4828_/A0                               0.750000    0.754206   -0.004206 (VIOLATED)
_5609_/A3                               0.750000    0.754184   -0.004184 (VIOLATED)
fanout15/X                              0.750000    0.754184   -0.004184 (VIOLATED)
_3557_/A                                0.750000    0.753397   -0.003397 (VIOLATED)
_3568_/B1                               0.750000    0.753396   -0.003396 (VIOLATED)
_3600_/A1                               0.750000    0.753395   -0.003395 (VIOLATED)
_4394_/C                                0.750000    0.753393   -0.003393 (VIOLATED)
_3515_/S                                0.750000    0.753390   -0.003390 (VIOLATED)
_4723_/B                                0.750000    0.753389   -0.003389 (VIOLATED)
_3511_/S                                0.750000    0.753388   -0.003388 (VIOLATED)
_4278_/A1                               0.750000    0.753387   -0.003387 (VIOLATED)
_4313_/A1                               0.750000    0.753365   -0.003365 (VIOLATED)
_4694_/A                                0.750000    0.753175   -0.003175 (VIOLATED)
fanout450/X                             0.750000    0.753175   -0.003175 (VIOLATED)

max fanout

Pin                                   Limit Fanout  Slack
---------------------------------------------------------
fanout169/X                              10     15     -5 (VIOLATED)
_5649_/X                                 10     14     -4 (VIOLATED)
fanout313/X                              10     14     -4 (VIOLATED)
clkbuf_leaf_0_clk/X                      10     13     -3 (VIOLATED)
clkbuf_leaf_12_clk/X                     10     13     -3 (VIOLATED)
clkbuf_leaf_13_clk/X                     10     13     -3 (VIOLATED)
clkbuf_leaf_14_clk/X                     10     13     -3 (VIOLATED)
clkbuf_leaf_15_clk/X                     10     13     -3 (VIOLATED)
clkbuf_leaf_17_clk/X                     10     13     -3 (VIOLATED)
clkbuf_leaf_18_clk/X                     10     13     -3 (VIOLATED)
clkbuf_leaf_1_clk/X                      10     13     -3 (VIOLATED)
clkbuf_leaf_22_clk/X                     10     13     -3 (VIOLATED)
clkbuf_leaf_23_clk/X                     10     13     -3 (VIOLATED)
clkbuf_leaf_24_clk/X                     10     13     -3 (VIOLATED)
clkbuf_leaf_26_clk/X                     10     13     -3 (VIOLATED)
clkbuf_leaf_27_clk/X                     10     13     -3 (VIOLATED)
clkbuf_leaf_28_clk/X                     10     13     -3 (VIOLATED)
clkbuf_leaf_29_clk/X                     10     13     -3 (VIOLATED)
clkbuf_leaf_2_clk/X                      10     13     -3 (VIOLATED)
clkbuf_leaf_33_clk/X                     10     13     -3 (VIOLATED)
clkbuf_leaf_38_clk/X                     10     13     -3 (VIOLATED)
clkbuf_leaf_39_clk/X                     10     13     -3 (VIOLATED)
clkbuf_leaf_41_clk/X                     10     13     -3 (VIOLATED)
clkbuf_leaf_43_clk/X                     10     13     -3 (VIOLATED)
clkbuf_leaf_44_clk/X                     10     13     -3 (VIOLATED)
clkbuf_leaf_45_clk/X                     10     13     -3 (VIOLATED)
clkbuf_leaf_47_clk/X                     10     13     -3 (VIOLATED)
clkbuf_leaf_48_clk/X                     10     13     -3 (VIOLATED)
clkbuf_leaf_50_clk/X                     10     13     -3 (VIOLATED)
clkbuf_leaf_51_clk/X                     10     13     -3 (VIOLATED)
clkbuf_leaf_53_clk/X                     10     13     -3 (VIOLATED)
clkbuf_leaf_54_clk/X                     10     13     -3 (VIOLATED)
clkbuf_leaf_5_clk/X                      10     13     -3 (VIOLATED)
clkbuf_leaf_62_clk/X                     10     13     -3 (VIOLATED)
clkbuf_leaf_63_clk/X                     10     13     -3 (VIOLATED)
clkbuf_leaf_64_clk/X                     10     13     -3 (VIOLATED)
clkbuf_leaf_66_clk/X                     10     13     -3 (VIOLATED)
clkbuf_leaf_67_clk/X                     10     13     -3 (VIOLATED)
clkbuf_leaf_68_clk/X                     10     13     -3 (VIOLATED)
clkbuf_leaf_6_clk/X                      10     13     -3 (VIOLATED)
clkbuf_leaf_70_clk/X                     10     13     -3 (VIOLATED)
clkbuf_leaf_71_clk/X                     10     13     -3 (VIOLATED)
clkbuf_leaf_75_clk/X                     10     13     -3 (VIOLATED)
clkbuf_leaf_76_clk/X                     10     13     -3 (VIOLATED)
clkbuf_leaf_78_clk/X                     10     13     -3 (VIOLATED)
clkbuf_leaf_7_clk/X                      10     13     -3 (VIOLATED)
clkbuf_leaf_85_clk/X                     10     13     -3 (VIOLATED)
clkbuf_leaf_8_clk/X                      10     13     -3 (VIOLATED)
_4783_/X                                 10     12     -2 (VIOLATED)
_5805_/X                                 10     12     -2 (VIOLATED)
_7075_/Q                                 10     12     -2 (VIOLATED)
clkbuf_leaf_11_clk/X                     10     12     -2 (VIOLATED)
clkbuf_leaf_16_clk/X                     10     12     -2 (VIOLATED)
clkbuf_leaf_19_clk/X                     10     12     -2 (VIOLATED)
clkbuf_leaf_21_clk/X                     10     12     -2 (VIOLATED)
clkbuf_leaf_25_clk/X                     10     12     -2 (VIOLATED)
clkbuf_leaf_34_clk/X                     10     12     -2 (VIOLATED)
clkbuf_leaf_35_clk/X                     10     12     -2 (VIOLATED)
clkbuf_leaf_36_clk/X                     10     12     -2 (VIOLATED)
clkbuf_leaf_37_clk/X                     10     12     -2 (VIOLATED)
clkbuf_leaf_3_clk/X                      10     12     -2 (VIOLATED)
clkbuf_leaf_40_clk/X                     10     12     -2 (VIOLATED)
clkbuf_leaf_42_clk/X                     10     12     -2 (VIOLATED)
clkbuf_leaf_46_clk/X                     10     12     -2 (VIOLATED)
clkbuf_leaf_49_clk/X                     10     12     -2 (VIOLATED)
clkbuf_leaf_4_clk/X                      10     12     -2 (VIOLATED)
clkbuf_leaf_52_clk/X                     10     12     -2 (VIOLATED)
clkbuf_leaf_55_clk/X                     10     12     -2 (VIOLATED)
clkbuf_leaf_57_clk/X                     10     12     -2 (VIOLATED)
clkbuf_leaf_58_clk/X                     10     12     -2 (VIOLATED)
clkbuf_leaf_59_clk/X                     10     12     -2 (VIOLATED)
clkbuf_leaf_60_clk/X                     10     12     -2 (VIOLATED)
clkbuf_leaf_61_clk/X                     10     12     -2 (VIOLATED)
clkbuf_leaf_65_clk/X                     10     12     -2 (VIOLATED)
clkbuf_leaf_69_clk/X                     10     12     -2 (VIOLATED)
clkbuf_leaf_72_clk/X                     10     12     -2 (VIOLATED)
clkbuf_leaf_73_clk/X                     10     12     -2 (VIOLATED)
clkbuf_leaf_77_clk/X                     10     12     -2 (VIOLATED)
clkbuf_leaf_79_clk/X                     10     12     -2 (VIOLATED)
clkbuf_leaf_82_clk/X                     10     12     -2 (VIOLATED)
clkbuf_leaf_83_clk/X                     10     12     -2 (VIOLATED)
clkbuf_leaf_84_clk/X                     10     12     -2 (VIOLATED)
clkbuf_leaf_9_clk/X                      10     12     -2 (VIOLATED)
_3111_/X                                 10     11        (VIOLATED)
fanout440/X                              10     11        (VIOLATED)
fanout453/X                              10     11        (VIOLATED)
fanout848/X                              10     11        (VIOLATED)
max_cap84/X                              10     11        (VIOLATED)



===========================================================================
report_parasitic_annotation -report_unannotated
============================================================================
Found 80 unannotated drivers.
 ena
 uio_in[5]
 uio_in[6]
 uio_in[7]
 clkload0/X
 clkload1/X
 clkload10/X
 clkload11/X
 clkload12/X
 clkload13/X
 clkload14/X
 clkload15/X
 clkload16/X
 clkload17/Y
 clkload18/X
 clkload19/X
 clkload2/X
 clkload20/X
 clkload21/X
 clkload22/X
 clkload23/X
 clkload24/Y
 clkload25/X
 clkload26/X
 clkload27/X
 clkload28/X
 clkload29/X
 clkload3/X
 clkload30/X
 clkload31/X
 clkload32/X
 clkload33/X
 clkload34/X
 clkload35/X
 clkload36/X
 clkload37/X
 clkload38/X
 clkload39/X
 clkload4/X
 clkload40/Y
 clkload41/X
 clkload42/X
 clkload43/X
 clkload44/X
 clkload45/X
 clkload46/X
 clkload47/X
 clkload48/X
 clkload49/X
 clkload5/X
 clkload50/X
 clkload51/X
 clkload52/X
 clkload53/X
 clkload54/X
 clkload55/X
 clkload56/X
 clkload57/X
 clkload58/X
 clkload59/X
 clkload6/X
 clkload60/X
 clkload61/X
 clkload62/X
 clkload7/X
 clkload8/X
 clkload9/X
 tt_um_aes128_optimized/HI
 tt_um_aes128_optimized_849/HI
 tt_um_aes128_optimized_850/HI
 tt_um_aes128_optimized_851/HI
 tt_um_aes128_optimized_852/HI
 tt_um_aes128_optimized_853/HI
 tt_um_aes128_optimized_854/HI
 tt_um_aes128_optimized_855/HI
 tt_um_aes128_optimized_856/HI
 tt_um_aes128_optimized_857/HI
 tt_um_aes128_optimized_858/LO
 tt_um_aes128_optimized_859/LO
 tt_um_aes128_optimized_860/LO
Found 0 partially unannotated drivers.

===========================================================================
max slew violation count 272
max fanout violation count 88
max cap violation count 0
============================================================================

===========================================================================
check_setup -verbose -unconstrained_endpoints -multiple_clock -no_clock -no_input_delay -loops -generated_clocks
===========================================================================
