Clock: clk
Sources: clk 
Generated: no
Virtual: yes
Propagated: no
Period: 20.000000

===========================================================================
report_clock_properties
============================================================================
Clock                   Period          Waveform
----------------------------------------------------
clk                  20.000000    0.000000 10.000000

===========================================================================
report_clock_latency
============================================================================
Clock clk
rise -> rise
    min     max
0.000000 0.000000 source latency
0.860065         network latency _6995_/CLK
        0.897861 network latency _6824_/CLK
---------------
0.860065 0.897861 latency
        0.037796 skew

fall -> fall
    min     max
0.000000 0.000000 source latency
0.776240         network latency _6995_/CLK
        0.804738 network latency _6826_/CLK
---------------
0.776240 0.804738 latency
        0.028497 skew



===========================================================================
report_clock_min_period
============================================================================
clk period_min = 11.63 fmax = 85.97
