Clock: clk
Sources: clk 
Generated: no
Virtual: yes
Propagated: no
Period: 20.000000

===========================================================================
report_clock_properties
============================================================================
Clock                   Period          Waveform
----------------------------------------------------
clk                  20.000000    0.000000 10.000000

===========================================================================
report_clock_latency
============================================================================
Clock clk
rise -> rise
    min     max
0.000000 0.000000 source latency
0.594551         network latency _6995_/CLK
        0.622515 network latency _6826_/CLK
---------------
0.594551 0.622515 latency
        0.027964 skew

fall -> fall
    min     max
0.000000 0.000000 source latency
0.533293         network latency _6995_/CLK
        0.554617 network latency _6826_/CLK
---------------
0.533293 0.554617 latency
        0.021324 skew



===========================================================================
report_clock_min_period
============================================================================
clk period_min = 7.30 fmax = 136.93
