
===========================================================================
 report_power
============================================================================
======================= min_ff_n40C_1v95 Corner ===================================

Group                    Internal    Switching      Leakage        Total
                            Power        Power        Power        Power (Watts)
------------------------------------------------------------------------
Sequential           2.500927e-03 5.377588e-05 2.278394e-08 2.554726e-03  53.2%
Combinational        2.641988e-04 1.629062e-04 6.061027e-08 4.271657e-04   8.9%
Clock                9.061100e-04 9.180906e-04 7.118052e-08 1.824272e-03  38.0%
Macro                0.000000e+00 0.000000e+00 0.000000e+00 0.000000e+00   0.0%
Pad                  0.000000e+00 0.000000e+00 0.000000e+00 0.000000e+00   0.0%
------------------------------------------------------------------------
Total                3.671238e-03 1.134773e-03 1.545783e-07 4.806166e-03 100.0%
                            76.4%        23.6%         0.0%

