+ analyze_power_grid -net VPWR -voltage_file /home/runner/work/ttsky-aes128-baseline/ttsky-aes128-baseline/runs/wokwi/56-openroad-irdropreport/net-VPWR.csv
[INFO PSM-0040] All shapes on net VPWR are connected.
########## IR report #################
Net              : VPWR
Corner           : nom_tt_025C_1v80
Total power      : 5.84e-04 W
Supply voltage   : 1.80e+00 V
Worstcase voltage: 1.80e+00 V
Average voltage  : 1.80e+00 V
Average IR drop  : 6.24e-07 V
Worstcase IR drop: 1.62e-05 V
Percentage drop  : 0.00 %
######################################
+ analyze_power_grid -net VGND -voltage_file /home/runner/work/ttsky-aes128-baseline/ttsky-aes128-baseline/runs/wokwi/56-openroad-irdropreport/net-VGND.csv
[INFO PSM-0040] All shapes on net VGND are connected.
########## IR report #################
Net              : VGND
Corner           : nom_tt_025C_1v80
Total power      : 5.84e-04 W
Supply voltage   : 0.00e+00 V
Worstcase voltage: 1.55e-05 V
Average voltage  : 6.28e-07 V
Average IR drop  : 6.28e-07 V
Worstcase IR drop: 1.55e-05 V
Percentage drop  : 0.00 %
######################################
