Clock: clk
Sources: clk 
Generated: no
Virtual: yes
Propagated: no
Period: 100.000000

===========================================================================
report_clock_properties
============================================================================
Clock                   Period          Waveform
----------------------------------------------------
clk                 100.000000    0.000000 50.000000

===========================================================================
report_clock_latency
============================================================================
Clock clk
rise -> rise
    min     max
0.000000 0.000000 source latency
0.613997         network latency _6995_/CLK
        0.645216 network latency _6455_/CLK
---------------
0.613997 0.645216 latency
        0.031220 skew

fall -> fall
    min     max
0.000000 0.000000 source latency
0.547637         network latency _6836_/CLK
        0.572165 network latency _6826_/CLK
---------------
0.547637 0.572165 latency
        0.024528 skew



===========================================================================
report_clock_min_period
============================================================================
clk period_min = 8.22 fmax = 121.72
