
===========================================================================
 report_power
============================================================================
======================= nom_ff_n40C_1v95 Corner ===================================

Group                    Internal    Switching      Leakage        Total
                            Power        Power        Power        Power (Watts)
------------------------------------------------------------------------
Sequential           5.001231e-04 1.113145e-05 2.278394e-08 5.112773e-04  52.6%
Combinational        5.292120e-05 3.426315e-05 6.051883e-08 8.724487e-05   9.0%
Clock                1.813229e-04 1.925780e-04 7.121848e-08 3.739722e-04  38.5%
Macro                0.000000e+00 0.000000e+00 0.000000e+00 0.000000e+00   0.0%
Pad                  0.000000e+00 0.000000e+00 0.000000e+00 0.000000e+00   0.0%
------------------------------------------------------------------------
Total                7.343664e-04 2.379725e-04 1.545249e-07 9.724934e-04 100.0%
                            75.5%        24.5%         0.0%

