Clock: clk
Sources: clk 
Generated: no
Virtual: no
Propagated: no
Period: 100.000000

===========================================================================
report_clock_properties
============================================================================
Clock                   Period          Waveform
----------------------------------------------------
clk                 100.000000    0.000000 50.000000

===========================================================================
report_clock_latency
============================================================================
Clock clk
rise -> rise
    min     max
0.000000 0.000000 source latency
7.026351         network latency _18734_/CLK
        7.026351 network latency _18734_/CLK
---------------
7.026351 7.026351 latency
        0.000000 skew

fall -> fall
    min     max
0.000000 0.000000 source latency
3.876917         network latency _18734_/CLK
        3.876917 network latency _18734_/CLK
---------------
3.876917 3.876917 latency
        0.000000 skew



===========================================================================
report_clock_min_period
============================================================================
clk period_min = 10.62 fmax = 94.17
