
===========================================================================
 report_power
============================================================================
======================= nom_ss_100C_1v60 Corner ===================================

Group                    Internal    Switching      Leakage        Total
                            Power        Power        Power        Power (Watts)
------------------------------------------------------------------------
Sequential           2.462999e-04 3.110344e-07 1.499611e-05 2.616071e-04  83.4%
Combinational        7.021321e-07 4.129812e-06 4.715127e-05 5.198321e-05  16.6%
Clock                0.000000e+00 0.000000e+00 0.000000e+00 0.000000e+00   0.0%
Macro                0.000000e+00 0.000000e+00 0.000000e+00 0.000000e+00   0.0%
Pad                  0.000000e+00 0.000000e+00 0.000000e+00 0.000000e+00   0.0%
------------------------------------------------------------------------
Total                2.470021e-04 4.440844e-06 6.214644e-05 3.135893e-04 100.0%
                            78.8%         1.4%        19.8%

