Clock: clk
Sources: clk 
Generated: no
Virtual: yes
Propagated: no
Period: 100.000000

===========================================================================
report_clock_properties
============================================================================
Clock                   Period          Waveform
----------------------------------------------------
clk                 100.000000    0.000000 50.000000

===========================================================================
report_clock_latency
============================================================================
Clock clk
rise -> rise
    min     max
0.000000 0.000000 source latency
1.494597         network latency _6836_/CLK
        1.550990 network latency _6721_/CLK
---------------
1.494597 1.550990 latency
        0.056393 skew

fall -> fall
    min     max
0.000000 0.000000 source latency
1.383214         network latency _6836_/CLK
        1.425001 network latency _6721_/CLK
---------------
1.383214 1.425001 latency
        0.041787 skew



===========================================================================
report_clock_min_period
============================================================================
clk period_min = 24.97 fmax = 40.05
