
===========================================================================
report_checks -unconstrained
===========================================================================
======================= min_tt_025C_1v80 Corner ===================================

Startpoint: rst_n (input port clocked by clk)
Endpoint: _6430_ (recovery check against rising-edge clock clk)
Path Group: asynchronous
Path Type: max

Fanout         Cap        Slew       Delay        Time   Description
---------------------------------------------------------------------------------------------
                                  0.000000    0.000000   clock clk (rise edge)
                                  0.000000    0.000000   clock network delay (propagated)
                                 20.000000   20.000000 ^ input external delay
     1    0.007380    0.039768    0.025546   20.025547 ^ rst_n (in)
                                                         rst_n (net)
                      0.039768    0.000000   20.025547 ^ input1/A (sky130_fd_sc_hd__clkdlybuf4s25_1)
     1    0.005054    0.064540    0.257042   20.282589 ^ input1/X (sky130_fd_sc_hd__clkdlybuf4s25_1)
                                                         net1 (net)
                      0.064540    0.000076   20.282665 ^ fanout848/A (sky130_fd_sc_hd__clkdlybuf4s25_1)
    12    0.141216    1.395206    1.196423   21.479088 ^ fanout848/X (sky130_fd_sc_hd__clkdlybuf4s25_1)
                                                         net848 (net)
                      1.395206    0.001048   21.480135 ^ fanout740/A (sky130_fd_sc_hd__clkdlybuf4s25_1)
     5    0.057150    0.568289    0.786185   22.266321 ^ fanout740/X (sky130_fd_sc_hd__clkdlybuf4s25_1)
                                                         net740 (net)
                      0.568289    0.001975   22.268297 ^ fanout713/A (sky130_fd_sc_hd__clkdlybuf4s25_1)
     7    0.052115    0.520573    0.686033   22.954329 ^ fanout713/X (sky130_fd_sc_hd__clkdlybuf4s25_1)
                                                         net713 (net)
                      0.520573    0.000137   22.954466 ^ fanout704/A (sky130_fd_sc_hd__clkdlybuf4s25_1)
     5    0.022078    0.227250    0.474417   23.428883 ^ fanout704/X (sky130_fd_sc_hd__clkdlybuf4s25_1)
                                                         net704 (net)
                      0.227250    0.000634   23.429516 ^ fanout703/A (sky130_fd_sc_hd__clkdlybuf4s25_1)
     8    0.043885    0.440170    0.576511   24.006027 ^ fanout703/X (sky130_fd_sc_hd__clkdlybuf4s25_1)
                                                         net703 (net)
                      0.440170    0.000473   24.006500 ^ fanout701/A (sky130_fd_sc_hd__clkdlybuf4s25_1)
     2    0.008311    0.095029    0.369067   24.375566 ^ fanout701/X (sky130_fd_sc_hd__clkdlybuf4s25_1)
                                                         net701 (net)
                      0.095029    0.000101   24.375668 ^ load_slew702/A (sky130_fd_sc_hd__clkbuf_4)
     9    0.043945    0.139625    0.223075   24.598743 ^ load_slew702/X (sky130_fd_sc_hd__clkbuf_4)
                                                         net702 (net)
                      0.139634    0.001251   24.599995 ^ fanout699/A (sky130_fd_sc_hd__clkdlybuf4s25_1)
     2    0.008010    0.092280    0.310685   24.910679 ^ fanout699/X (sky130_fd_sc_hd__clkdlybuf4s25_1)
                                                         net699 (net)
                      0.092280    0.000043   24.910721 ^ load_slew700/A (sky130_fd_sc_hd__buf_4)
     9    0.043183    0.125780    0.189996   25.100718 ^ load_slew700/X (sky130_fd_sc_hd__buf_4)
                                                         net700 (net)
                      0.125785    0.000917   25.101633 ^ _6430_/RESET_B (sky130_fd_sc_hd__dfrtp_2)
                                             25.101633   data arrival time

                                100.000000  100.000000   clock clk (rise edge)
                                  0.000000  100.000000   clock source latency
     1    0.037792    0.174692    0.121723  100.121719 ^ clk (in)
                                                         clk (net)
                      0.174707    0.000000  100.121719 ^ clkbuf_0_clk/A (sky130_fd_sc_hd__clkbuf_16)
     8    0.128384    0.142005    0.247788  100.369507 ^ clkbuf_0_clk/X (sky130_fd_sc_hd__clkbuf_16)
                                                         clknet_0_clk (net)
                      0.142591    0.007297  100.376808 ^ clkbuf_3_1_0_clk/A (sky130_fd_sc_hd__clkbuf_8)
     2    0.025212    0.059369    0.173507  100.550316 ^ clkbuf_3_1_0_clk/X (sky130_fd_sc_hd__clkbuf_8)
                                                         clknet_3_1_0_clk (net)
                      0.059385    0.000895  100.551208 ^ clkbuf_4_2__f_clk/A (sky130_fd_sc_hd__clkbuf_16)
     6    0.060993    0.078904    0.162501  100.713707 ^ clkbuf_4_2__f_clk/X (sky130_fd_sc_hd__clkbuf_16)
                                                         clknet_4_2__leaf_clk (net)
                      0.078928    0.001307  100.715019 ^ clkbuf_leaf_82_clk/A (sky130_fd_sc_hd__clkbuf_8)
    12    0.034063    0.072633    0.161997  100.877014 ^ clkbuf_leaf_82_clk/X (sky130_fd_sc_hd__clkbuf_8)
                                                         clknet_leaf_82_clk (net)
                      0.072633    0.000178  100.877190 ^ _6430_/CLK (sky130_fd_sc_hd__dfrtp_2)
                                 -0.250000  100.627190   clock uncertainty
                                  0.000000  100.627190   clock reconvergence pessimism
                                  0.203673  100.830864   library recovery time
                                            100.830864   data required time
---------------------------------------------------------------------------------------------
                                            100.830864   data required time
                                            -25.101633   data arrival time
---------------------------------------------------------------------------------------------
                                             75.729225   slack (MET)


Startpoint: _7074_ (rising edge-triggered flip-flop clocked by clk)
Endpoint: uo_out[5] (output port clocked by clk)
Path Group: clk
Path Type: max

Fanout         Cap        Slew       Delay        Time   Description
---------------------------------------------------------------------------------------------
                                  0.000000    0.000000   clock clk (rise edge)
                                  0.000000    0.000000   clock source latency
     1    0.037792    0.174692    0.121725    0.121725 ^ clk (in)
                                                         clk (net)
                      0.174707    0.000000    0.121725 ^ clkbuf_0_clk/A (sky130_fd_sc_hd__clkbuf_16)
     8    0.128384    0.142005    0.247788    0.369513 ^ clkbuf_0_clk/X (sky130_fd_sc_hd__clkbuf_16)
                                                         clknet_0_clk (net)
                      0.142734    0.008116    0.377629 ^ clkbuf_3_2_0_clk/A (sky130_fd_sc_hd__clkbuf_8)
     2    0.030127    0.066885    0.179647    0.557276 ^ clkbuf_3_2_0_clk/X (sky130_fd_sc_hd__clkbuf_8)
                                                         clknet_3_2_0_clk (net)
                      0.066886    0.000402    0.557678 ^ clkbuf_4_4__f_clk/A (sky130_fd_sc_hd__clkbuf_16)
     6    0.053853    0.072309    0.159953    0.717630 ^ clkbuf_4_4__f_clk/X (sky130_fd_sc_hd__clkbuf_16)
                                                         clknet_4_4__leaf_clk (net)
                      0.072350    0.001562    0.719193 ^ clkbuf_leaf_20_clk/A (sky130_fd_sc_hd__clkbuf_8)
    10    0.034170    0.072799    0.159639    0.878832 ^ clkbuf_leaf_20_clk/X (sky130_fd_sc_hd__clkbuf_8)
                                                         clknet_leaf_20_clk (net)
                      0.072801    0.000487    0.879318 ^ _7074_/CLK (sky130_fd_sc_hd__dfrtp_2)
     1    0.003719    0.042261    0.346181    1.225500 ^ _7074_/Q (sky130_fd_sc_hd__dfrtp_2)
                                                         output_index[0] (net)
                      0.042261    0.000051    1.225550 ^ fanout563/A (sky130_fd_sc_hd__clkdlybuf4s25_1)
     5    0.062232    0.619749    0.647680    1.873230 ^ fanout563/X (sky130_fd_sc_hd__clkdlybuf4s25_1)
                                                         net563 (net)
                      0.619749    0.000139    1.873369 ^ fanout558/A (sky130_fd_sc_hd__clkdlybuf4s25_1)
     7    0.036771    0.370524    0.588941    2.462310 ^ fanout558/X (sky130_fd_sc_hd__clkdlybuf4s25_1)
                                                         net558 (net)
                      0.370524    0.000432    2.462743 ^ _3107_/A (sky130_fd_sc_hd__and2_2)
     3    0.054833    0.282499    0.403057    2.865800 ^ _3107_/X (sky130_fd_sc_hd__and2_2)
                                                         _1061_ (net)
                      0.282499    0.000315    2.866115 ^ fanout416/A (sky130_fd_sc_hd__clkdlybuf4s25_1)
     6    0.042063    0.422266    0.576800    3.442915 ^ fanout416/X (sky130_fd_sc_hd__clkdlybuf4s25_1)
                                                         net416 (net)
                      0.422266    0.000097    3.443012 ^ fanout415/A (sky130_fd_sc_hd__clkdlybuf4s25_1)
    10    0.052520    0.524075    0.668788    4.111800 ^ fanout415/X (sky130_fd_sc_hd__clkdlybuf4s25_1)
                                                         net415 (net)
                      0.524075    0.001049    4.112849 ^ _3108_/B (sky130_fd_sc_hd__nor2_2)
     2    0.049317    0.204937    0.240579    4.353428 v _3108_/Y (sky130_fd_sc_hd__nor2_2)
                                                         _1062_ (net)
                      0.204954    0.001842    4.355269 v fanout309/A (sky130_fd_sc_hd__clkdlybuf4s25_1)
     5    0.024221    0.183643    0.423482    4.778752 v fanout309/X (sky130_fd_sc_hd__clkdlybuf4s25_1)
                                                         net309 (net)
                      0.183643    0.000286    4.779037 v load_slew310/A (sky130_fd_sc_hd__clkbuf_4)
     5    0.058125    0.119911    0.280412    5.059450 v load_slew310/X (sky130_fd_sc_hd__clkbuf_4)
                                                         net310 (net)
                      0.119926    0.001379    5.060828 v fanout308/A (sky130_fd_sc_hd__clkdlybuf4s25_1)
    10    0.050303    0.368008    0.530593    5.591421 v fanout308/X (sky130_fd_sc_hd__clkdlybuf4s25_1)
                                                         net308 (net)
                      0.368008    0.000738    5.592159 v _3189_/B1 (sky130_fd_sc_hd__a221o_2)
     1    0.003691    0.056000    0.437528    6.029687 v _3189_/X (sky130_fd_sc_hd__a221o_2)
                                                         _1138_ (net)
                      0.056000    0.000048    6.029735 v _3190_/B1 (sky130_fd_sc_hd__a21o_2)
     1    0.002508    0.032521    0.181319    6.211054 v _3190_/X (sky130_fd_sc_hd__a21o_2)
                                                         _1139_ (net)
                      0.032521    0.000028    6.211082 v _3194_/B (sky130_fd_sc_hd__and3_2)
     1    0.002852    0.038449    0.181847    6.392929 v _3194_/X (sky130_fd_sc_hd__and3_2)
                                                         _1143_ (net)
                      0.038449    0.000017    6.392946 v _3195_/B1 (sky130_fd_sc_hd__a31o_2)
     1    0.026335    0.091129    0.271848    6.664794 v _3195_/X (sky130_fd_sc_hd__a31o_2)
                                                         _1144_ (net)
                      0.091143    0.001160    6.665953 v _3196_/A1 (sky130_fd_sc_hd__mux2_1)
     1    0.045891    0.239112    0.495853    7.161806 v _3196_/X (sky130_fd_sc_hd__mux2_1)
                                                         net29 (net)
                      0.239176    0.003717    7.165524 v wire29/A (sky130_fd_sc_hd__buf_4)
     1    0.055021    0.080125    0.278000    7.443524 v wire29/X (sky130_fd_sc_hd__buf_4)
                                                         uo_out[5] (net)
                      0.080168    0.001713    7.445237 v uo_out[5] (out)
                                              7.445237   data arrival time

                                100.000000  100.000000   clock clk (rise edge)
                                  0.000000  100.000000   clock network delay (propagated)
                                 -0.250000   99.750000   clock uncertainty
                                  0.000000   99.750000   clock reconvergence pessimism
                                -20.000000   79.750000   output external delay
                                             79.750000   data required time
---------------------------------------------------------------------------------------------
                                             79.750000   data required time
                                             -7.445237   data arrival time
---------------------------------------------------------------------------------------------
                                             72.304756   slack (MET)




===========================================================================
report_checks --slack_max -0.01
============================================================================
======================= min_tt_025C_1v80 Corner ===================================

No paths found.


===========================================================================
 report_check_types -max_slew -max_cap -max_fanout -violators
============================================================================
======================= min_tt_025C_1v80 Corner ===================================

max slew

Pin                                        Limit        Slew       Slack
------------------------------------------------------------------------
ANTENNA_81/DIODE                        0.750000    1.395434   -0.645434 (VIOLATED)
fanout817/A                             0.750000    1.395435   -0.645435 (VIOLATED)
ANTENNA_80/DIODE                        0.750000    1.395420   -0.645420 (VIOLATED)
fanout803/A                             0.750000    1.395420   -0.645420 (VIOLATED)
ANTENNA_82/DIODE                        0.750000    1.395350   -0.645350 (VIOLATED)
fanout847/A                             0.750000    1.395351   -0.645351 (VIOLATED)
ANTENNA_79/DIODE                        0.750000    1.395252   -0.645253 (VIOLATED)
fanout790/A                             0.750000    1.395253   -0.645253 (VIOLATED)
fanout667/A                             0.750000    1.395209   -0.645209 (VIOLATED)
fanout698/A                             0.750000    1.395209   -0.645209 (VIOLATED)
fanout682/A                             0.750000    1.395206   -0.645206 (VIOLATED)
fanout740/A                             0.750000    1.395206   -0.645206 (VIOLATED)
fanout848/X                             0.750000    1.395206   -0.645206 (VIOLATED)
ANTENNA_64/DIODE                        0.750000    1.266564   -0.516564 (VIOLATED)
_3144_/C1                               0.750000    1.266564   -0.516564 (VIOLATED)
ANTENNA_62/DIODE                        0.750000    1.266562   -0.516562 (VIOLATED)
ANTENNA_65/DIODE                        0.750000    1.266562   -0.516562 (VIOLATED)
_3127_/C1                               0.750000    1.266563   -0.516563 (VIOLATED)
_3150_/C1                               0.750000    1.266563   -0.516563 (VIOLATED)
_3137_/C1                               0.750000    1.266562   -0.516562 (VIOLATED)
ANTENNA_63/DIODE                        0.750000    1.266561   -0.516561 (VIOLATED)
_3205_/B1                               0.750000    1.266477   -0.516477 (VIOLATED)
_3122_/C1                               0.750000    1.266396   -0.516396 (VIOLATED)
_3201_/C1                               0.750000    1.266396   -0.516396 (VIOLATED)
_3166_/C1                               0.750000    1.266395   -0.516395 (VIOLATED)
_3120_/C1                               0.750000    1.266393   -0.516393 (VIOLATED)
_3159_/B1                               0.750000    1.266385   -0.516385 (VIOLATED)
fanout313/X                             0.750000    1.266382   -0.516382 (VIOLATED)
_3142_/C1                               0.750000    1.212086   -0.462086 (VIOLATED)
_3134_/C1                               0.750000    1.212082   -0.462082 (VIOLATED)
_3130_/C1                               0.750000    1.212080   -0.462079 (VIOLATED)
_3213_/C1                               0.750000    1.211999   -0.461999 (VIOLATED)
_3208_/C1                               0.750000    1.211764   -0.461764 (VIOLATED)
_3199_/C1                               0.750000    1.211737   -0.461737 (VIOLATED)
_3121_/C1                               0.750000    1.211681   -0.461681 (VIOLATED)
_3163_/C1                               0.750000    1.211681   -0.461681 (VIOLATED)
_3117_/C1                               0.750000    1.211680   -0.461680 (VIOLATED)
_3156_/C1                               0.750000    1.211670   -0.461670 (VIOLATED)
fanout311/X                             0.750000    1.211668   -0.461668 (VIOLATED)
_3129_/A1                               0.750000    1.197606   -0.447606 (VIOLATED)
_3133_/A1                               0.750000    1.197604   -0.447604 (VIOLATED)
_3141_/A1                               0.750000    1.197596   -0.447596 (VIOLATED)
_3147_/A1                               0.750000    1.197565   -0.447565 (VIOLATED)
_3184_/A1                               0.750000    1.197454   -0.447454 (VIOLATED)
_3170_/A1                               0.750000    1.197382   -0.447382 (VIOLATED)
_3179_/A1                               0.750000    1.197258   -0.447258 (VIOLATED)
_3212_/A1                               0.750000    1.197068   -0.447068 (VIOLATED)
_3207_/A1                               0.750000    1.196750   -0.446750 (VIOLATED)
fanout554/A                             0.750000    1.196609   -0.446609 (VIOLATED)
fanout555/X                             0.750000    1.196609   -0.446609 (VIOLATED)
fanout120/A                             0.750000    1.162169   -0.412170 (VIOLATED)
fanout118/A                             0.750000    1.162167   -0.412167 (VIOLATED)
fanout117/A                             0.750000    1.162153   -0.412153 (VIOLATED)
ANTENNA_51/DIODE                        0.750000    1.162107   -0.412107 (VIOLATED)
fanout113/A                             0.750000    1.162102   -0.412102 (VIOLATED)
fanout109/A                             0.750000    1.162047   -0.412047 (VIOLATED)
fanout121/X                             0.750000    1.162047   -0.412047 (VIOLATED)
_3564_/A                                0.750000    1.125064   -0.375064 (VIOLATED)
_5596_/A1                               0.750000    1.125059   -0.375059 (VIOLATED)
_3552_/C1                               0.750000    1.125021   -0.375021 (VIOLATED)
_5587_/A1                               0.750000    1.125016   -0.375016 (VIOLATED)
_3603_/C1                               0.750000    1.124963   -0.374963 (VIOLATED)
_5577_/A                                0.750000    1.124947   -0.374947 (VIOLATED)
_5571_/A                                0.750000    1.124901   -0.374901 (VIOLATED)
_5584_/A1                               0.750000    1.124833   -0.374833 (VIOLATED)
_5589_/A1                               0.750000    1.124812   -0.374812 (VIOLATED)
fanout490/A                             0.750000    1.124739   -0.374739 (VIOLATED)
fanout493/X                             0.750000    1.124739   -0.374739 (VIOLATED)
fanout369/A                             0.750000    1.097499   -0.347499 (VIOLATED)
_5601_/A1                               0.750000    1.097481   -0.347481 (VIOLATED)
_3495_/B1                               0.750000    1.097471   -0.347471 (VIOLATED)
_3518_/A2                               0.750000    1.097441   -0.347441 (VIOLATED)
_4312_/A                                0.750000    1.097400   -0.347400 (VIOLATED)
_5593_/A2                               0.750000    1.097384   -0.347384 (VIOLATED)
_3595_/A2                               0.750000    1.097296   -0.347296 (VIOLATED)
_3602_/A2                               0.750000    1.097273   -0.347273 (VIOLATED)
_3551_/A2                               0.750000    1.097272   -0.347272 (VIOLATED)
_3567_/A2                               0.750000    1.097272   -0.347272 (VIOLATED)
fanout370/X                             0.750000    1.097272   -0.347272 (VIOLATED)
fanout452/A                             0.750000    1.089288   -0.339288 (VIOLATED)
_4540_/A1                               0.750000    1.089277   -0.339277 (VIOLATED)
_5514_/A                                0.750000    1.089261   -0.339261 (VIOLATED)
_4547_/A                                0.750000    1.089246   -0.339246 (VIOLATED)
_3506_/B1                               0.750000    1.089201   -0.339201 (VIOLATED)
_3512_/A                                0.750000    1.089182   -0.339182 (VIOLATED)
_3560_/A1                               0.750000    1.089093   -0.339093 (VIOLATED)
_3593_/A                                0.750000    1.089092   -0.339092 (VIOLATED)
_4495_/A1                               0.750000    1.089090   -0.339090 (VIOLATED)
_4503_/B2                               0.750000    1.089085   -0.339085 (VIOLATED)
fanout453/X                             0.750000    1.089085   -0.339085 (VIOLATED)
ANTENNA_76/DIODE                        0.750000    1.059759   -0.309760 (VIOLATED)
_5605_/A1                               0.750000    1.059759   -0.309760 (VIOLATED)
ANTENNA_77/DIODE                        0.750000    1.059743   -0.309743 (VIOLATED)
_5609_/A1                               0.750000    1.059743   -0.309743 (VIOLATED)
fanout493/A                             0.750000    1.059645   -0.309645 (VIOLATED)
_5580_/A1                               0.750000    1.059642   -0.309642 (VIOLATED)
_5581_/A                                0.750000    1.059642   -0.309642 (VIOLATED)
fanout489/A                             0.750000    1.059642   -0.309642 (VIOLATED)
fanout494/X                             0.750000    1.059642   -0.309642 (VIOLATED)
_3497_/A                                0.750000    1.005069   -0.255069 (VIOLATED)
_4266_/A                                0.750000    1.005069   -0.255069 (VIOLATED)
_4411_/C1                               0.750000    1.005069   -0.255069 (VIOLATED)
_4345_/A                                0.750000    1.005068   -0.255068 (VIOLATED)
_4571_/A1                               0.750000    1.005061   -0.255061 (VIOLATED)
_5508_/A                                0.750000    1.005061   -0.255061 (VIOLATED)
_4419_/A                                0.750000    1.005059   -0.255059 (VIOLATED)
_3495_/A1                               0.750000    1.005055   -0.255055 (VIOLATED)
_3492_/A                                0.750000    1.005049   -0.255050 (VIOLATED)
_4368_/A                                0.750000    1.005049   -0.255050 (VIOLATED)
fanout455/X                             0.750000    1.005049   -0.255050 (VIOLATED)
_5561_/A2                               0.750000    0.980214   -0.230215 (VIOLATED)
_5560_/A2                               0.750000    0.980205   -0.230205 (VIOLATED)
fanout518/A                             0.750000    0.980177   -0.230177 (VIOLATED)
_5563_/A2                               0.750000    0.980105   -0.230105 (VIOLATED)
_5555_/A2                               0.750000    0.980098   -0.230098 (VIOLATED)
_5539_/A2                               0.750000    0.980096   -0.230096 (VIOLATED)
_5547_/A2                               0.750000    0.980093   -0.230093 (VIOLATED)
_5558_/A2                               0.750000    0.980080   -0.230080 (VIOLATED)
_5566_/A2                               0.750000    0.980077   -0.230077 (VIOLATED)
_5542_/A2                               0.750000    0.980052   -0.230052 (VIOLATED)
fanout519/X                             0.750000    0.980052   -0.230052 (VIOLATED)
ANTENNA_61/DIODE                        0.750000    0.979582   -0.229582 (VIOLATED)
_4738_/A                                0.750000    0.979582   -0.229582 (VIOLATED)
_4731_/A1_N                             0.750000    0.979579   -0.229579 (VIOLATED)
_4753_/A1_N                             0.750000    0.979578   -0.229578 (VIOLATED)
_4609_/A1_N                             0.750000    0.979572   -0.229572 (VIOLATED)
_4746_/A1_N                             0.750000    0.979570   -0.229570 (VIOLATED)
_4058_/A1_N                             0.750000    0.979569   -0.229569 (VIOLATED)
_4724_/A1_N                             0.750000    0.979569   -0.229569 (VIOLATED)
_4776_/A1_N                             0.750000    0.979567   -0.229567 (VIOLATED)
ANTENNA_60/DIODE                        0.750000    0.979558   -0.229558 (VIOLATED)
_3718_/A                                0.750000    0.979558   -0.229558 (VIOLATED)
_4716_/A1_N                             0.750000    0.979558   -0.229558 (VIOLATED)
fanout169/X                             0.750000    0.979558   -0.229558 (VIOLATED)
_3549_/B2                               0.750000    0.971475   -0.221475 (VIOLATED)
_3633_/B2                               0.750000    0.971474   -0.221475 (VIOLATED)
_3536_/A1                               0.750000    0.971473   -0.221473 (VIOLATED)
_3086_/A                                0.750000    0.971436   -0.221436 (VIOLATED)
_3484_/A1                               0.750000    0.971431   -0.221431 (VIOLATED)
_5502_/A_N                              0.750000    0.971422   -0.221422 (VIOLATED)
_5359_/A_N                              0.750000    0.971416   -0.221416 (VIOLATED)
_5506_/A                                0.750000    0.971413   -0.221413 (VIOLATED)
_3485_/A                                0.750000    0.971409   -0.221409 (VIOLATED)
_3095_/A1                               0.750000    0.971402   -0.221402 (VIOLATED)
fanout495/X                             0.750000    0.971400   -0.221400 (VIOLATED)
_5607_/A2                               0.750000    0.967215   -0.217215 (VIOLATED)
_4445_/A1                               0.750000    0.967211   -0.217211 (VIOLATED)
_3518_/B1                               0.750000    0.967205   -0.217205 (VIOLATED)
_5602_/A2                               0.750000    0.967205   -0.217205 (VIOLATED)
_3594_/B1                               0.750000    0.967179   -0.217179 (VIOLATED)
_3602_/B1                               0.750000    0.967171   -0.217171 (VIOLATED)
_3567_/B1                               0.750000    0.967166   -0.217166 (VIOLATED)
_3551_/B1                               0.750000    0.967161   -0.217161 (VIOLATED)
_5605_/A2                               0.750000    0.967158   -0.217159 (VIOLATED)
_5604_/A1                               0.750000    0.967157   -0.217157 (VIOLATED)
fanout359/X                             0.750000    0.967157   -0.217157 (VIOLATED)
_3572_/S                                0.750000    0.960638   -0.210638 (VIOLATED)
_3599_/B1                               0.750000    0.960619   -0.210619 (VIOLATED)
_4495_/A2                               0.750000    0.960588   -0.210588 (VIOLATED)
_4850_/A2                               0.750000    0.960572   -0.210572 (VIOLATED)
fanout583/A                             0.750000    0.960500   -0.210500 (VIOLATED)
_3501_/A                                0.750000    0.960366   -0.210366 (VIOLATED)
_3505_/S                                0.750000    0.960347   -0.210347 (VIOLATED)
_4355_/A                                0.750000    0.960293   -0.210293 (VIOLATED)
_5510_/B1                               0.750000    0.960280   -0.210280 (VIOLATED)
fanout582/A                             0.750000    0.960280   -0.210280 (VIOLATED)
fanout584/X                             0.750000    0.960280   -0.210280 (VIOLATED)
ANTENNA_36/DIODE                        0.750000    0.913192   -0.163192 (VIOLATED)
fanout40/A                              0.750000    0.913192   -0.163192 (VIOLATED)
ANTENNA_38/DIODE                        0.750000    0.913185   -0.163185 (VIOLATED)
fanout44/A                              0.750000    0.913185   -0.163185 (VIOLATED)
fanout42/A                              0.750000    0.913174   -0.163174 (VIOLATED)
ANTENNA_37/DIODE                        0.750000    0.913173   -0.163173 (VIOLATED)
fanout45/A                              0.750000    0.913154   -0.163154 (VIOLATED)
ANTENNA_39/DIODE                        0.750000    0.913153   -0.163153 (VIOLATED)
fanout37/A                              0.750000    0.913107   -0.163107 (VIOLATED)
fanout47/X                              0.750000    0.913107   -0.163107 (VIOLATED)
fanout358/A                             0.750000    0.880175   -0.130175 (VIOLATED)
_5609_/A2                               0.750000    0.880170   -0.130170 (VIOLATED)
_5610_/A1                               0.750000    0.880155   -0.130155 (VIOLATED)
_5608_/A1                               0.750000    0.880041   -0.130041 (VIOLATED)
fanout359/A                             0.750000    0.880034   -0.130034 (VIOLATED)
fanout360/X                             0.750000    0.880034   -0.130034 (VIOLATED)
_5600_/A1                               0.750000    0.873060   -0.123061 (VIOLATED)
_5597_/A1                               0.750000    0.873058   -0.123058 (VIOLATED)
_5606_/A1                               0.750000    0.873056   -0.123057 (VIOLATED)
_5588_/A1                               0.750000    0.873041   -0.123041 (VIOLATED)
_5591_/A1                               0.750000    0.873035   -0.123035 (VIOLATED)
_3549_/A1                               0.750000    0.872981   -0.122982 (VIOLATED)
_3633_/A1                               0.750000    0.872970   -0.122970 (VIOLATED)
_3524_/C1                               0.750000    0.872914   -0.122914 (VIOLATED)
_3094_/A1                               0.750000    0.872786   -0.122786 (VIOLATED)
_5575_/A1                               0.750000    0.872786   -0.122786 (VIOLATED)
fanout489/X                             0.750000    0.872786   -0.122786 (VIOLATED)
_4871_/A1                               0.750000    0.845740   -0.095741 (VIOLATED)
fanout579/A                             0.750000    0.845725   -0.095725 (VIOLATED)
_3598_/S                                0.750000    0.845706   -0.095706 (VIOLATED)
_4378_/A                                0.750000    0.845702   -0.095702 (VIOLATED)
_4370_/A1_N                             0.750000    0.845701   -0.095701 (VIOLATED)
_4403_/A                                0.750000    0.845681   -0.095681 (VIOLATED)
_4395_/A1_N                             0.750000    0.845632   -0.095632 (VIOLATED)
_3516_/A1                               0.750000    0.845616   -0.095616 (VIOLATED)
_4360_/A                                0.750000    0.845590   -0.095590 (VIOLATED)
fanout580/X                             0.750000    0.845590   -0.095590 (VIOLATED)
_5557_/A2                               0.750000    0.834310   -0.084310 (VIOLATED)
_5565_/A2                               0.750000    0.834308   -0.084308 (VIOLATED)
fanout516/A                             0.750000    0.834287   -0.084287 (VIOLATED)
_5541_/A2                               0.750000    0.834277   -0.084277 (VIOLATED)
_5550_/A2                               0.750000    0.834224   -0.084224 (VIOLATED)
_3094_/B1                               0.750000    0.834196   -0.084196 (VIOLATED)
fanout517/X                             0.750000    0.834195   -0.084195 (VIOLATED)
_3150_/A2                               0.750000    0.833518   -0.083518 (VIOLATED)
_3144_/A2                               0.750000    0.833517   -0.083517 (VIOLATED)
_3147_/B2                               0.750000    0.833504   -0.083505 (VIOLATED)
fanout417/A                             0.750000    0.833464   -0.083464 (VIOLATED)
_3170_/B2                               0.750000    0.833378   -0.083378 (VIOLATED)
_3173_/A2                               0.750000    0.833375   -0.083375 (VIOLATED)
_3177_/A2                               0.750000    0.833352   -0.083352 (VIOLATED)
_3179_/B2                               0.750000    0.833349   -0.083349 (VIOLATED)
_3215_/A2                               0.750000    0.833334   -0.083334 (VIOLATED)
_3219_/B2                               0.750000    0.833322   -0.083322 (VIOLATED)
fanout418/X                             0.750000    0.833321   -0.083321 (VIOLATED)
_4046_/A3                               0.750000    0.816043   -0.066043 (VIOLATED)
_3916_/A3                               0.750000    0.816042   -0.066042 (VIOLATED)
_4094_/A3                               0.750000    0.816041   -0.066041 (VIOLATED)
_3996_/A3                               0.750000    0.816040   -0.066040 (VIOLATED)
_4248_/A0                               0.750000    0.816023   -0.066023 (VIOLATED)
_4651_/A0                               0.750000    0.816022   -0.066022 (VIOLATED)
_5600_/A3                               0.750000    0.816022   -0.066022 (VIOLATED)
_4473_/A0                               0.750000    0.816020   -0.066021 (VIOLATED)
_4828_/A0                               0.750000    0.816019   -0.066020 (VIOLATED)
_5609_/A3                               0.750000    0.815812   -0.065812 (VIOLATED)
fanout15/X                              0.750000    0.815812   -0.065812 (VIOLATED)
_3797_/A1                               0.750000    0.812736   -0.062736 (VIOLATED)
_3764_/A1                               0.750000    0.812735   -0.062735 (VIOLATED)
_3088_/B                                0.750000    0.812719   -0.062719 (VIOLATED)
_3939_/A1                               0.750000    0.812719   -0.062719 (VIOLATED)
_4028_/A1                               0.750000    0.812719   -0.062719 (VIOLATED)
_4046_/A1                               0.750000    0.812719   -0.062719 (VIOLATED)
_3831_/A1                               0.750000    0.812512   -0.062512 (VIOLATED)
_3916_/A1                               0.750000    0.812512   -0.062512 (VIOLATED)
_4008_/B                                0.750000    0.812512   -0.062512 (VIOLATED)
_4052_/A1                               0.750000    0.812512   -0.062512 (VIOLATED)
fanout320/X                             0.750000    0.812512   -0.062512 (VIOLATED)
_4064_/B1                               0.750000    0.796746   -0.046746 (VIOLATED)
_4070_/B1                               0.750000    0.796745   -0.046745 (VIOLATED)
_3095_/A2                               0.750000    0.796741   -0.046741 (VIOLATED)
_4082_/B1                               0.750000    0.796737   -0.046737 (VIOLATED)
_4100_/B1                               0.750000    0.796734   -0.046734 (VIOLATED)
_4076_/B1                               0.750000    0.796724   -0.046724 (VIOLATED)
_4094_/B1                               0.750000    0.796724   -0.046724 (VIOLATED)
_4058_/B2                               0.750000    0.796723   -0.046723 (VIOLATED)
_3484_/A2                               0.750000    0.796721   -0.046721 (VIOLATED)
_5515_/A1                               0.750000    0.796519   -0.046519 (VIOLATED)
fanout173/X                             0.750000    0.796519   -0.046519 (VIOLATED)
_4123_/A1_N                             0.750000    0.769406   -0.019406 (VIOLATED)
_3782_/A1_N                             0.750000    0.769406   -0.019406 (VIOLATED)
_3814_/A                                0.750000    0.769406   -0.019406 (VIOLATED)
_3908_/A                                0.750000    0.769404   -0.019404 (VIOLATED)
_4204_/A1_N                             0.750000    0.769404   -0.019404 (VIOLATED)
_4212_/A                                0.750000    0.769404   -0.019404 (VIOLATED)
_4242_/A                                0.750000    0.769404   -0.019404 (VIOLATED)
_4283_/A                                0.750000    0.769404   -0.019404 (VIOLATED)
_4295_/A1                               0.750000    0.769404   -0.019404 (VIOLATED)
_4329_/A1                               0.750000    0.769404   -0.019404 (VIOLATED)
fanout422/X                             0.750000    0.769404   -0.019404 (VIOLATED)
_3978_/A3                               0.750000    0.767602   -0.017602 (VIOLATED)
_4028_/A3                               0.750000    0.767598   -0.017598 (VIOLATED)
_3831_/A3                               0.750000    0.767592   -0.017592 (VIOLATED)
_5597_/A3                               0.750000    0.767589   -0.017589 (VIOLATED)
_5606_/A3                               0.750000    0.767588   -0.017588 (VIOLATED)
_4452_/A0                               0.750000    0.767574   -0.017574 (VIOLATED)
_4807_/A0                               0.750000    0.767574   -0.017574 (VIOLATED)
_4630_/A0                               0.750000    0.767564   -0.017564 (VIOLATED)
_4218_/A0                               0.750000    0.767551   -0.017551 (VIOLATED)
_4300_/B                                0.750000    0.767321   -0.017321 (VIOLATED)
fanout20/X                              0.750000    0.767321   -0.017321 (VIOLATED)
_4394_/C                                0.750000    0.757787   -0.007787 (VIOLATED)
_3515_/S                                0.750000    0.757786   -0.007786 (VIOLATED)
_4723_/B                                0.750000    0.757785   -0.007785 (VIOLATED)
_3557_/A                                0.750000    0.757785   -0.007785 (VIOLATED)
_3568_/B1                               0.750000    0.757784   -0.007784 (VIOLATED)
_3511_/S                                0.750000    0.757784   -0.007784 (VIOLATED)
_3600_/A1                               0.750000    0.757784   -0.007784 (VIOLATED)
_4278_/A1                               0.750000    0.757780   -0.007780 (VIOLATED)
_4313_/A1                               0.750000    0.757589   -0.007589 (VIOLATED)
_4694_/A                                0.750000    0.757589   -0.007589 (VIOLATED)
fanout450/X                             0.750000    0.757589   -0.007589 (VIOLATED)
_4224_/A1_N                             0.750000    0.756110   -0.006110 (VIOLATED)
_4251_/A                                0.750000    0.756110   -0.006110 (VIOLATED)
_3099_/B1                               0.750000    0.756109   -0.006109 (VIOLATED)
_4113_/A1                               0.750000    0.756109   -0.006109 (VIOLATED)
_4173_/A                                0.750000    0.756109   -0.006109 (VIOLATED)
_4194_/A1_N                             0.750000    0.756109   -0.006109 (VIOLATED)
_4272_/A1_N                             0.750000    0.756109   -0.006109 (VIOLATED)
_4306_/A                                0.750000    0.756109   -0.006109 (VIOLATED)
_4338_/A                                0.750000    0.756109   -0.006109 (VIOLATED)
_4350_/A1_N                             0.750000    0.756109   -0.006109 (VIOLATED)
fanout420/X                             0.750000    0.756109   -0.006109 (VIOLATED)

max fanout

Pin                                   Limit Fanout  Slack
---------------------------------------------------------
_3111_/X                                 10     16     -6 (VIOLATED)
fanout313/X                              10     14     -4 (VIOLATED)
_5879_/X                                 10     13     -3 (VIOLATED)
clkbuf_leaf_0_clk/X                      10     13     -3 (VIOLATED)
clkbuf_leaf_12_clk/X                     10     13     -3 (VIOLATED)
clkbuf_leaf_13_clk/X                     10     13     -3 (VIOLATED)
clkbuf_leaf_14_clk/X                     10     13     -3 (VIOLATED)
clkbuf_leaf_15_clk/X                     10     13     -3 (VIOLATED)
clkbuf_leaf_17_clk/X                     10     13     -3 (VIOLATED)
clkbuf_leaf_18_clk/X                     10     13     -3 (VIOLATED)
clkbuf_leaf_1_clk/X                      10     13     -3 (VIOLATED)
clkbuf_leaf_22_clk/X                     10     13     -3 (VIOLATED)
clkbuf_leaf_23_clk/X                     10     13     -3 (VIOLATED)
clkbuf_leaf_24_clk/X                     10     13     -3 (VIOLATED)
clkbuf_leaf_26_clk/X                     10     13     -3 (VIOLATED)
clkbuf_leaf_27_clk/X                     10     13     -3 (VIOLATED)
clkbuf_leaf_28_clk/X                     10     13     -3 (VIOLATED)
clkbuf_leaf_29_clk/X                     10     13     -3 (VIOLATED)
clkbuf_leaf_2_clk/X                      10     13     -3 (VIOLATED)
clkbuf_leaf_33_clk/X                     10     13     -3 (VIOLATED)
clkbuf_leaf_38_clk/X                     10     13     -3 (VIOLATED)
clkbuf_leaf_39_clk/X                     10     13     -3 (VIOLATED)
clkbuf_leaf_41_clk/X                     10     13     -3 (VIOLATED)
clkbuf_leaf_43_clk/X                     10     13     -3 (VIOLATED)
clkbuf_leaf_44_clk/X                     10     13     -3 (VIOLATED)
clkbuf_leaf_45_clk/X                     10     13     -3 (VIOLATED)
clkbuf_leaf_47_clk/X                     10     13     -3 (VIOLATED)
clkbuf_leaf_48_clk/X                     10     13     -3 (VIOLATED)
clkbuf_leaf_50_clk/X                     10     13     -3 (VIOLATED)
clkbuf_leaf_51_clk/X                     10     13     -3 (VIOLATED)
clkbuf_leaf_53_clk/X                     10     13     -3 (VIOLATED)
clkbuf_leaf_54_clk/X                     10     13     -3 (VIOLATED)
clkbuf_leaf_5_clk/X                      10     13     -3 (VIOLATED)
clkbuf_leaf_62_clk/X                     10     13     -3 (VIOLATED)
clkbuf_leaf_63_clk/X                     10     13     -3 (VIOLATED)
clkbuf_leaf_64_clk/X                     10     13     -3 (VIOLATED)
clkbuf_leaf_66_clk/X                     10     13     -3 (VIOLATED)
clkbuf_leaf_67_clk/X                     10     13     -3 (VIOLATED)
clkbuf_leaf_68_clk/X                     10     13     -3 (VIOLATED)
clkbuf_leaf_6_clk/X                      10     13     -3 (VIOLATED)
clkbuf_leaf_70_clk/X                     10     13     -3 (VIOLATED)
clkbuf_leaf_71_clk/X                     10     13     -3 (VIOLATED)
clkbuf_leaf_75_clk/X                     10     13     -3 (VIOLATED)
clkbuf_leaf_76_clk/X                     10     13     -3 (VIOLATED)
clkbuf_leaf_78_clk/X                     10     13     -3 (VIOLATED)
clkbuf_leaf_7_clk/X                      10     13     -3 (VIOLATED)
clkbuf_leaf_85_clk/X                     10     13     -3 (VIOLATED)
clkbuf_leaf_8_clk/X                      10     13     -3 (VIOLATED)
_5805_/X                                 10     12     -2 (VIOLATED)
clkbuf_leaf_11_clk/X                     10     12     -2 (VIOLATED)
clkbuf_leaf_16_clk/X                     10     12     -2 (VIOLATED)
clkbuf_leaf_19_clk/X                     10     12     -2 (VIOLATED)
clkbuf_leaf_21_clk/X                     10     12     -2 (VIOLATED)
clkbuf_leaf_25_clk/X                     10     12     -2 (VIOLATED)
clkbuf_leaf_34_clk/X                     10     12     -2 (VIOLATED)
clkbuf_leaf_35_clk/X                     10     12     -2 (VIOLATED)
clkbuf_leaf_36_clk/X                     10     12     -2 (VIOLATED)
clkbuf_leaf_37_clk/X                     10     12     -2 (VIOLATED)
clkbuf_leaf_3_clk/X                      10     12     -2 (VIOLATED)
clkbuf_leaf_40_clk/X                     10     12     -2 (VIOLATED)
clkbuf_leaf_42_clk/X                     10     12     -2 (VIOLATED)
clkbuf_leaf_46_clk/X                     10     12     -2 (VIOLATED)
clkbuf_leaf_49_clk/X                     10     12     -2 (VIOLATED)
clkbuf_leaf_4_clk/X                      10     12     -2 (VIOLATED)
clkbuf_leaf_52_clk/X                     10     12     -2 (VIOLATED)
clkbuf_leaf_55_clk/X                     10     12     -2 (VIOLATED)
clkbuf_leaf_57_clk/X                     10     12     -2 (VIOLATED)
clkbuf_leaf_58_clk/X                     10     12     -2 (VIOLATED)
clkbuf_leaf_59_clk/X                     10     12     -2 (VIOLATED)
clkbuf_leaf_60_clk/X                     10     12     -2 (VIOLATED)
clkbuf_leaf_61_clk/X                     10     12     -2 (VIOLATED)
clkbuf_leaf_65_clk/X                     10     12     -2 (VIOLATED)
clkbuf_leaf_69_clk/X                     10     12     -2 (VIOLATED)
clkbuf_leaf_72_clk/X                     10     12     -2 (VIOLATED)
clkbuf_leaf_73_clk/X                     10     12     -2 (VIOLATED)
clkbuf_leaf_77_clk/X                     10     12     -2 (VIOLATED)
clkbuf_leaf_79_clk/X                     10     12     -2 (VIOLATED)
clkbuf_leaf_82_clk/X                     10     12     -2 (VIOLATED)
clkbuf_leaf_83_clk/X                     10     12     -2 (VIOLATED)
clkbuf_leaf_84_clk/X                     10     12     -2 (VIOLATED)
clkbuf_leaf_9_clk/X                      10     12     -2 (VIOLATED)
fanout169/X                              10     12     -2 (VIOLATED)
fanout848/X                              10     12     -2 (VIOLATED)
max_cap162/X                             10     11        (VIOLATED)



===========================================================================
report_parasitic_annotation -report_unannotated
============================================================================
Found 80 unannotated drivers.
 ena
 uio_in[5]
 uio_in[6]
 uio_in[7]
 clkload0/X
 clkload1/X
 clkload10/X
 clkload11/X
 clkload12/X
 clkload13/X
 clkload14/X
 clkload15/X
 clkload16/X
 clkload17/Y
 clkload18/X
 clkload19/X
 clkload2/X
 clkload20/X
 clkload21/X
 clkload22/X
 clkload23/X
 clkload24/Y
 clkload25/X
 clkload26/X
 clkload27/X
 clkload28/X
 clkload29/X
 clkload3/X
 clkload30/X
 clkload31/X
 clkload32/X
 clkload33/X
 clkload34/X
 clkload35/X
 clkload36/X
 clkload37/X
 clkload38/X
 clkload39/X
 clkload4/X
 clkload40/Y
 clkload41/X
 clkload42/X
 clkload43/X
 clkload44/X
 clkload45/X
 clkload46/X
 clkload47/X
 clkload48/X
 clkload49/X
 clkload5/X
 clkload50/X
 clkload51/X
 clkload52/X
 clkload53/X
 clkload54/X
 clkload55/X
 clkload56/X
 clkload57/X
 clkload58/X
 clkload59/X
 clkload6/X
 clkload60/X
 clkload61/X
 clkload62/X
 clkload7/X
 clkload8/X
 clkload9/X
 tt_um_aes128_optimized/HI
 tt_um_aes128_optimized_849/HI
 tt_um_aes128_optimized_850/HI
 tt_um_aes128_optimized_851/HI
 tt_um_aes128_optimized_852/HI
 tt_um_aes128_optimized_853/HI
 tt_um_aes128_optimized_854/HI
 tt_um_aes128_optimized_855/HI
 tt_um_aes128_optimized_856/HI
 tt_um_aes128_optimized_857/HI
 tt_um_aes128_optimized_858/LO
 tt_um_aes128_optimized_859/LO
 tt_um_aes128_optimized_860/LO
Found 0 partially unannotated drivers.

===========================================================================
max slew violation count 299
max fanout violation count 84
max cap violation count 0
============================================================================

===========================================================================
check_setup -verbose -unconstrained_endpoints -multiple_clock -no_clock -no_input_delay -loops -generated_clocks
===========================================================================
