Clock: clk
Sources: clk 
Generated: no
Virtual: yes
Propagated: no
Period: 100.000000

===========================================================================
report_clock_properties
============================================================================
Clock                   Period          Waveform
----------------------------------------------------
clk                 100.000000    0.000000 50.000000

===========================================================================
report_clock_latency
============================================================================
Clock clk
rise -> rise
    min     max
0.000000 0.000000 source latency
0.858248         network latency _6836_/CLK
        0.894192 network latency _6455_/CLK
---------------
0.858248 0.894192 latency
        0.035944 skew

fall -> fall
    min     max
0.000000 0.000000 source latency
0.775007         network latency _6836_/CLK
        0.801936 network latency _6455_/CLK
---------------
0.775007 0.801936 latency
        0.026930 skew



===========================================================================
report_clock_min_period
============================================================================
clk period_min = 12.68 fmax = 78.86
