
===========================================================================
 report_power
============================================================================
======================= min_tt_025C_1v80 Corner ===================================

Group                    Internal    Switching      Leakage        Total
                            Power        Power        Power        Power (Watts)
------------------------------------------------------------------------
Sequential           4.301193e-04 8.893304e-06 1.229456e-08 4.390249e-04  53.3%
Combinational        4.619535e-05 2.736014e-05 2.271517e-08 7.357821e-05   8.9%
Clock                1.587584e-04 1.530243e-04 5.710585e-08 3.118398e-04  37.8%
Macro                0.000000e+00 0.000000e+00 0.000000e+00 0.000000e+00   0.0%
Pad                  0.000000e+00 0.000000e+00 0.000000e+00 0.000000e+00   0.0%
------------------------------------------------------------------------
Total                6.350728e-04 1.892778e-04 9.210878e-08 8.244427e-04 100.0%
                            77.0%        23.0%         0.0%

