                                                                       Cells by Function                                                                        
┏━━━━━━━━━━━━━━━━━━━━━━━━━━━━━━━━━━━━━━━━━━━━━━━━━━━━━━━━━━━━━━━━━━━━━━━━━━━━━━━━━━━━━━━━━━━━━━━━━━━━━━━━━━━━━━━━━━━━━━━━━━━━━━━━━┳━━━━━━━━━━━━━━━━━━━━━━━━━━━━┓
┃ Cell Function                                                                                                                   ┃ Count                      ┃
┡━━━━━━━━━━━━━━━━━━━━━━━━━━━━━━━━━━━━━━━━━━━━━━━━━━━━━━━━━━━━━━━━━━━━━━━━━━━━━━━━━━━━━━━━━━━━━━━━━━━━━━━━━━━━━━━━━━━━━━━━━━━━━━━━━╇━━━━━━━━━━━━━━━━━━━━━━━━━━━━┩
│ sky130_fd_sc_hd__a2111o                                                                                                         │ 22                         │
│ sky130_fd_sc_hd__a2111oi                                                                                                        │ 2                          │
│ sky130_fd_sc_hd__a211o                                                                                                          │ 269                        │
│ sky130_fd_sc_hd__a211oi                                                                                                         │ 55                         │
│ sky130_fd_sc_hd__a21bo                                                                                                          │ 80                         │
│ sky130_fd_sc_hd__a21boi                                                                                                         │ 11                         │
│ sky130_fd_sc_hd__a21o                                                                                                           │ 395                        │
│ sky130_fd_sc_hd__a21oi                                                                                                          │ 403                        │
│ sky130_fd_sc_hd__a221o                                                                                                          │ 269                        │
│ sky130_fd_sc_hd__a221oi                                                                                                         │ 16                         │
│ sky130_fd_sc_hd__a22o                                                                                                           │ 440                        │
│ sky130_fd_sc_hd__a22oi                                                                                                          │ 7                          │
│ sky130_fd_sc_hd__a2bb2o                                                                                                         │ 181                        │
│ sky130_fd_sc_hd__a311o                                                                                                          │ 163                        │
│ sky130_fd_sc_hd__a311oi                                                                                                         │ 17                         │
│ sky130_fd_sc_hd__a31o                                                                                                           │ 427                        │
│ sky130_fd_sc_hd__a31oi                                                                                                          │ 44                         │
│ sky130_fd_sc_hd__a32o                                                                                                           │ 114                        │
│ sky130_fd_sc_hd__a32oi                                                                                                          │ 5                          │
│ sky130_fd_sc_hd__a41o                                                                                                           │ 39                         │
│ sky130_fd_sc_hd__and2                                                                                                           │ 137                        │
│ sky130_fd_sc_hd__and2b                                                                                                          │ 172                        │
│ sky130_fd_sc_hd__and3                                                                                                           │ 209                        │
│ sky130_fd_sc_hd__and3b                                                                                                          │ 64                         │
│ sky130_fd_sc_hd__and4                                                                                                           │ 38                         │
│ sky130_fd_sc_hd__and4b                                                                                                          │ 14                         │
│ sky130_fd_sc_hd__and4bb                                                                                                         │ 2                          │
│ sky130_fd_sc_hd__buf                                                                                                            │ 278                        │
│ sky130_fd_sc_hd__bufinv                                                                                                         │ 1                          │
│ sky130_fd_sc_hd__clkbuf                                                                                                         │ 364                        │
│ sky130_fd_sc_hd__clkdlybuf4s25                                                                                                  │ 1547                       │
│ sky130_fd_sc_hd__clkinv                                                                                                         │ 4                          │
│ sky130_fd_sc_hd__conb                                                                                                           │ 13                         │
│ sky130_fd_sc_hd__decap                                                                                                          │ 38934                      │
│ sky130_fd_sc_hd__dfrtp                                                                                                          │ 798                        │
│ sky130_fd_sc_hd__diode                                                                                                          │ 300                        │
│ sky130_fd_sc_hd__dlygate4sd3                                                                                                    │ 249                        │
│ sky130_fd_sc_hd__fill                                                                                                           │ 7158                       │
│ sky130_fd_sc_hd__inv                                                                                                            │ 165                        │
│ sky130_fd_sc_hd__mux2                                                                                                           │ 497                        │
│ sky130_fd_sc_hd__mux4                                                                                                           │ 57                         │
│ sky130_fd_sc_hd__nand2                                                                                                          │ 658                        │
│ sky130_fd_sc_hd__nand2b                                                                                                         │ 161                        │
│ sky130_fd_sc_hd__nand3                                                                                                          │ 35                         │
│ sky130_fd_sc_hd__nand3b                                                                                                         │ 30                         │
│ sky130_fd_sc_hd__nand4                                                                                                          │ 2                          │
│ sky130_fd_sc_hd__nor2                                                                                                           │ 617                        │
│ sky130_fd_sc_hd__nor3                                                                                                           │ 33                         │
│ sky130_fd_sc_hd__nor3b                                                                                                          │ 37                         │
│ sky130_fd_sc_hd__nor4                                                                                                           │ 3                          │
│ sky130_fd_sc_hd__nor4b                                                                                                          │ 1                          │
│ sky130_fd_sc_hd__o2111a                                                                                                         │ 22                         │
│ sky130_fd_sc_hd__o2111ai                                                                                                        │ 7                          │
│ sky130_fd_sc_hd__o211a                                                                                                          │ 254                        │
│ sky130_fd_sc_hd__o211ai                                                                                                         │ 53                         │
│ sky130_fd_sc_hd__o21a                                                                                                           │ 228                        │
│ sky130_fd_sc_hd__o21ai                                                                                                          │ 240                        │
│ sky130_fd_sc_hd__o21ba                                                                                                          │ 65                         │
│ sky130_fd_sc_hd__o21bai                                                                                                         │ 20                         │
│ sky130_fd_sc_hd__o221a                                                                                                          │ 207                        │
│ sky130_fd_sc_hd__o221ai                                                                                                         │ 22                         │
│ sky130_fd_sc_hd__o22a                                                                                                           │ 107                        │
│ sky130_fd_sc_hd__o22ai                                                                                                          │ 3                          │
│ sky130_fd_sc_hd__o2bb2a                                                                                                         │ 57                         │
│ sky130_fd_sc_hd__o311a                                                                                                          │ 185                        │
│ sky130_fd_sc_hd__o311ai                                                                                                         │ 5                          │
│ sky130_fd_sc_hd__o31a                                                                                                           │ 172                        │
│ sky130_fd_sc_hd__o31ai                                                                                                          │ 50                         │
│ sky130_fd_sc_hd__o32a                                                                                                           │ 146                        │
│ sky130_fd_sc_hd__o32ai                                                                                                          │ 1                          │
│ sky130_fd_sc_hd__o41a                                                                                                           │ 22                         │
│ sky130_fd_sc_hd__or2                                                                                                            │ 233                        │
│ sky130_fd_sc_hd__or3                                                                                                            │ 262                        │
│ sky130_fd_sc_hd__or3b                                                                                                           │ 136                        │
│ sky130_fd_sc_hd__or4                                                                                                            │ 84                         │
│ sky130_fd_sc_hd__or4b                                                                                                           │ 22                         │
│ sky130_fd_sc_hd__or4bb                                                                                                          │ 2                          │
│ sky130_fd_sc_hd__tapvpwrvgnd                                                                                                    │ 4399                       │
│ sky130_fd_sc_hd__xnor2                                                                                                          │ 512                        │
│ sky130_fd_sc_hd__xor2                                                                                                           │ 368                        │
└─────────────────────────────────────────────────────────────────────────────────────────────────────────────────────────────────┴────────────────────────────┘
