
===========================================================================
report_checks -unconstrained
===========================================================================
======================= nom_tt_025C_1v80 Corner ===================================

Startpoint: rst_n (input port clocked by clk)
Endpoint: _18983_ (recovery check against rising-edge clock clk)
Path Group: asynchronous
Path Type: max

Fanout         Cap        Slew       Delay        Time   Description
---------------------------------------------------------------------------------------------
                                  0.000000    0.000000   clock clk (rise edge)
                                  0.000000    0.000000   clock network delay (propagated)
                                  4.000000    4.000000 ^ input external delay
     1    0.002905    0.020183    0.010692    4.010692 ^ rst_n (in)
                                                         rst_n (net)
                      0.020183    0.000000    4.010692 ^ input2/A (sky130_fd_sc_hd__clkdlybuf4s25_1)
     1    0.003577    0.050942    0.239859    4.250551 ^ input2/X (sky130_fd_sc_hd__clkdlybuf4s25_1)
                                                         net2 (net)
                      0.050942    0.000116    4.250667 ^ fanout2077/A (sky130_fd_sc_hd__clkdlybuf4s25_1)
     5    0.171326    1.691030    1.393169    5.643836 ^ fanout2077/X (sky130_fd_sc_hd__clkdlybuf4s25_1)
                                                         net2077 (net)
                      1.691034    0.002470    5.646306 ^ fanout2011/A (sky130_fd_sc_hd__clkdlybuf4s25_1)
     2    0.040288    0.404622    0.691029    6.337334 ^ fanout2011/X (sky130_fd_sc_hd__clkdlybuf4s25_1)
                                                         net2011 (net)
                      0.404622    0.000408    6.337742 ^ _09509_/B (sky130_fd_sc_hd__and2_2)
     1    0.007527    0.062037    0.231183    6.568925 ^ _09509_/X (sky130_fd_sc_hd__and2_2)
                                                         core_reset_n (net)
                      0.062038    0.000361    6.569286 ^ fanout1987/A (sky130_fd_sc_hd__clkdlybuf4s25_1)
     3    0.022025    0.227123    0.381150    6.950436 ^ fanout1987/X (sky130_fd_sc_hd__clkdlybuf4s25_1)
                                                         net1987 (net)
                      0.227123    0.000533    6.950969 ^ load_slew1990/A (sky130_fd_sc_hd__buf_2)
     3    0.060877    0.296684    0.337624    7.288593 ^ load_slew1990/X (sky130_fd_sc_hd__buf_2)
                                                         net1990 (net)
                      0.297064    0.008770    7.297363 ^ load_slew1989/A (sky130_fd_sc_hd__clkbuf_4)
     3    0.097492    0.290688    0.395579    7.692942 ^ load_slew1989/X (sky130_fd_sc_hd__clkbuf_4)
                                                         net1989 (net)
                      0.290842    0.005551    7.698493 ^ fanout1976/A (sky130_fd_sc_hd__clkdlybuf4s25_1)
     6    0.085268    0.846840    0.868332    8.566825 ^ fanout1976/X (sky130_fd_sc_hd__clkdlybuf4s25_1)
                                                         net1976 (net)
                      0.847189    0.014385    8.581210 ^ fanout1975/A (sky130_fd_sc_hd__clkdlybuf4s25_1)
     6    0.064731    0.643432    0.797192    9.378402 ^ fanout1975/X (sky130_fd_sc_hd__clkdlybuf4s25_1)
                                                         net1975 (net)
                      0.643432    0.001081    9.379482 ^ fanout1973/A (sky130_fd_sc_hd__clkdlybuf4s25_1)
     2    0.006869    0.081662    0.387157    9.766640 ^ fanout1973/X (sky130_fd_sc_hd__clkdlybuf4s25_1)
                                                         net1973 (net)
                      0.081662    0.000173    9.766812 ^ load_slew1974/A (sky130_fd_sc_hd__clkbuf_4)
     8    0.048180    0.151085    0.225645    9.992457 ^ load_slew1974/X (sky130_fd_sc_hd__clkbuf_4)
                                                         net1974 (net)
                      0.151205    0.002486    9.994944 ^ fanout1971/A (sky130_fd_sc_hd__clkdlybuf4s25_1)
     2    0.009301    0.104389    0.322303   10.317246 ^ fanout1971/X (sky130_fd_sc_hd__clkdlybuf4s25_1)
                                                         net1971 (net)
                      0.104389    0.000178   10.317425 ^ fanout1969/A (sky130_fd_sc_hd__clkdlybuf4s25_1)
     2    0.008607    0.097810    0.304367   10.621792 ^ fanout1969/X (sky130_fd_sc_hd__clkdlybuf4s25_1)
                                                         net1969 (net)
                      0.097810    0.000264   10.622056 ^ load_slew1970/A (sky130_fd_sc_hd__buf_4)
     9    0.046399    0.133868    0.197480   10.819536 ^ load_slew1970/X (sky130_fd_sc_hd__buf_4)
                                                         net1970 (net)
                      0.133975    0.002316   10.821852 ^ _18983_/RESET_B (sky130_fd_sc_hd__dfrtp_2)
                                             10.821852   data arrival time

                                 20.000000   20.000000   clock clk (rise edge)
                                  0.000000   20.000000   clock source latency
     2    0.151954    0.679954    0.483784   20.483784 ^ clk (in)
                                                         clk (net)
                      0.681129    0.000000   20.483784 ^ clkbuf_0_clk/A (sky130_fd_sc_hd__clkbuf_16)
     8    0.133310    0.151653    0.352303   20.836086 ^ clkbuf_0_clk/X (sky130_fd_sc_hd__clkbuf_16)
                                                         clknet_0_clk (net)
                      0.152920    0.010939   20.847027 ^ clkbuf_3_5_0_clk/A (sky130_fd_sc_hd__clkbuf_8)
     8    0.104509    0.184373    0.269743   21.116770 ^ clkbuf_3_5_0_clk/X (sky130_fd_sc_hd__clkbuf_8)
                                                         clknet_3_5_0_clk (net)
                      0.184528    0.003233   21.120003 ^ clkbuf_leaf_29_clk/A (sky130_fd_sc_hd__clkbuf_8)
    14    0.050508    0.099178    0.217094   21.337097 ^ clkbuf_leaf_29_clk/X (sky130_fd_sc_hd__clkbuf_8)
                                                         clknet_leaf_29_clk (net)
                      0.099183    0.000860   21.337955 ^ _18983_/CLK (sky130_fd_sc_hd__dfrtp_2)
                                 -0.250000   21.087957   clock uncertainty
                                  0.000000   21.087957   clock reconvergence pessimism
                                  0.209510   21.297468   library recovery time
                                             21.297468   data required time
---------------------------------------------------------------------------------------------
                                             21.297468   data required time
                                            -10.821852   data arrival time
---------------------------------------------------------------------------------------------
                                             10.475616   slack (MET)


Startpoint: _19530_ (rising edge-triggered flip-flop clocked by clk)
Endpoint: uio_out[7] (output port clocked by clk)
Path Group: clk
Path Type: max

Fanout         Cap        Slew       Delay        Time   Description
---------------------------------------------------------------------------------------------
                                  0.000000    0.000000   clock clk (rise edge)
                                  0.000000    0.000000   clock source latency
     2    0.151954    0.679954    0.483784    0.483784 ^ clk (in)
                                                         clk (net)
                      0.681129    0.000000    0.483784 ^ clkbuf_0_clk/A (sky130_fd_sc_hd__clkbuf_16)
     8    0.133310    0.151653    0.352304    0.836087 ^ clkbuf_0_clk/X (sky130_fd_sc_hd__clkbuf_16)
                                                         clknet_0_clk (net)
                      0.155034    0.017854    0.853942 ^ clkbuf_3_2_0_clk/A (sky130_fd_sc_hd__clkbuf_8)
     8    0.098257    0.174254    0.263596    1.117537 ^ clkbuf_3_2_0_clk/X (sky130_fd_sc_hd__clkbuf_8)
                                                         clknet_3_2_0_clk (net)
                      0.174602    0.006313    1.123851 ^ clkbuf_leaf_13_clk/A (sky130_fd_sc_hd__clkbuf_8)
    10    0.064915    0.122142    0.231479    1.355330 ^ clkbuf_leaf_13_clk/X (sky130_fd_sc_hd__clkbuf_8)
                                                         clknet_leaf_13_clk (net)
                      0.122164    0.001645    1.356975 ^ _19530_/CLK (sky130_fd_sc_hd__dfrtp_2)
     1    0.003667    0.040556    0.411384    1.768360 v _19530_/Q (sky130_fd_sc_hd__dfrtp_2)
                                                         busy_wire (net)
                      0.040556    0.000121    1.768481 v fanout899/A (sky130_fd_sc_hd__clkdlybuf4s25_1)
     8    0.124925    0.901460    0.879349    2.647830 v fanout899/X (sky130_fd_sc_hd__clkdlybuf4s25_1)
                                                         net899 (net)
                      0.901577    0.008788    2.656618 v fanout888/A (sky130_fd_sc_hd__clkdlybuf4s25_1)
     3    0.033612    0.250086    0.618998    3.275617 v fanout888/X (sky130_fd_sc_hd__clkdlybuf4s25_1)
                                                         net888 (net)
                      0.250086    0.000657    3.276274 v fanout885/A (sky130_fd_sc_hd__clkdlybuf4s25_1)
     3    0.011107    0.094096    0.368232    3.644506 v fanout885/X (sky130_fd_sc_hd__clkdlybuf4s25_1)
                                                         net885 (net)
                      0.094096    0.000236    3.644742 v load_slew886/A (sky130_fd_sc_hd__buf_4)
     8    0.055317    0.080072    0.210642    3.855383 v load_slew886/X (sky130_fd_sc_hd__buf_4)
                                                         net886 (net)
                      0.080663    0.005143    3.860526 v _09507_/A (sky130_fd_sc_hd__or3_2)
     1    0.010728    0.102770    0.523064    4.383591 v _09507_/X (sky130_fd_sc_hd__or3_2)
                                                         _01354_ (net)
                      0.102770    0.000433    4.384024 v _09508_/D (sky130_fd_sc_hd__nor4_4)
     1    0.056781    0.793096    0.613050    4.997074 ^ _09508_/Y (sky130_fd_sc_hd__nor4_4)
                                                         ready_wire (net)
                      0.793153    0.005540    5.002614 ^ wire234/A (sky130_fd_sc_hd__clkbuf_2)
     2    0.038803    0.214241    0.359238    5.361851 ^ wire234/X (sky130_fd_sc_hd__clkbuf_2)
                                                         net234 (net)
                      0.214527    0.005107    5.366958 ^ wire233/A (sky130_fd_sc_hd__clkbuf_2)
     2    0.031230    0.173296    0.246836    5.613794 ^ wire233/X (sky130_fd_sc_hd__clkbuf_2)
                                                         net233 (net)
                      0.173458    0.003417    5.617211 ^ _19547_/A (sky130_fd_sc_hd__buf_2)
     1    0.034697    0.172676    0.241766    5.858977 ^ _19547_/X (sky130_fd_sc_hd__buf_2)
                                                         uio_out[7] (net)
                      0.172677    0.000772    5.859750 ^ uio_out[7] (out)
                                              5.859750   data arrival time

                                 20.000000   20.000000   clock clk (rise edge)
                                  0.000000   20.000000   clock network delay (propagated)
                                 -0.250000   19.750002   clock uncertainty
                                  0.000000   19.750002   clock reconvergence pessimism
                                 -4.000000   15.750001   output external delay
                                             15.750001   data required time
---------------------------------------------------------------------------------------------
                                             15.750001   data required time
                                             -5.859750   data arrival time
---------------------------------------------------------------------------------------------
                                              9.890250   slack (MET)




===========================================================================
report_checks --slack_max -0.01
============================================================================
======================= nom_tt_025C_1v80 Corner ===================================

No paths found.


===========================================================================
 report_check_types -max_slew -max_cap -max_fanout -violators
============================================================================
======================= nom_tt_025C_1v80 Corner ===================================

max slew

Pin                                        Limit        Slew       Slack
------------------------------------------------------------------------
fanout2076/A                            0.750000    1.691540   -0.941540 (VIOLATED)
fanout2055/A                            0.750000    1.691426   -0.941426 (VIOLATED)
fanout2060/A                            0.750000    1.691413   -0.941413 (VIOLATED)
fanout2044/A                            0.750000    1.691150   -0.941150 (VIOLATED)
fanout2011/A                            0.750000    1.691034   -0.941034 (VIOLATED)
fanout2077/X                            0.750000    1.691030   -0.941030 (VIOLATED)
_17860_/A1                              0.750000    1.448111   -0.698111 (VIOLATED)
_17835_/A1                              0.750000    1.448107   -0.698107 (VIOLATED)
_17810_/A1                              0.750000    1.448104   -0.698104 (VIOLATED)
_17549_/A1                              0.750000    1.448077   -0.698077 (VIOLATED)
_17524_/A1                              0.750000    1.448046   -0.698046 (VIOLATED)
fanout900/A                             0.750000    1.448017   -0.698017 (VIOLATED)
_17964_/A1                              0.750000    1.448016   -0.698016 (VIOLATED)
_17731_/A1                              0.750000    1.448005   -0.698005 (VIOLATED)
_17785_/A1                              0.750000    1.448005   -0.698005 (VIOLATED)
fanout901/X                             0.750000    1.448003   -0.698003 (VIOLATED)
_12267_/A1                              0.750000    1.292229   -0.542229 (VIOLATED)
_11836_/A1                              0.750000    1.292223   -0.542223 (VIOLATED)
_15783_/A1                              0.750000    1.292139   -0.542139 (VIOLATED)
_15869_/A1                              0.750000    1.292080   -0.542080 (VIOLATED)
_09503_/A                               0.750000    1.292079   -0.542079 (VIOLATED)
_15846_/A1                              0.750000    1.292079   -0.542079 (VIOLATED)
_15860_/A1                              0.750000    1.292080   -0.542080 (VIOLATED)
_15845_/B                               0.750000    1.292077   -0.542077 (VIOLATED)
_15859_/B                               0.750000    1.292076   -0.542076 (VIOLATED)
_18136_/A                               0.750000    1.292068   -0.542068 (VIOLATED)
fanout235/X                             0.750000    1.292063   -0.542063 (VIOLATED)
fanout898/A                             0.750000    1.249338   -0.499338 (VIOLATED)
ANTENNA_246/DIODE                       0.750000    1.249336   -0.499336 (VIOLATED)
fanout892/A                             0.750000    1.249239   -0.499239 (VIOLATED)
ANTENNA_245/DIODE                       0.750000    1.249238   -0.499239 (VIOLATED)
fanout888/A                             0.750000    1.248911   -0.498911 (VIOLATED)
fanout884/A                             0.750000    1.248867   -0.498867 (VIOLATED)
fanout881/A                             0.750000    1.248833   -0.498833 (VIOLATED)
fanout882/A                             0.750000    1.248832   -0.498832 (VIOLATED)
fanout899/X                             0.750000    1.248824   -0.498824 (VIOLATED)
_18410_/B2                              0.750000    1.189287   -0.439288 (VIOLATED)
_18418_/B2                              0.750000    1.189250   -0.439250 (VIOLATED)
_18414_/B2                              0.750000    1.189249   -0.439249 (VIOLATED)
_18416_/B2                              0.750000    1.189245   -0.439245 (VIOLATED)
_18420_/B2                              0.750000    1.189225   -0.439225 (VIOLATED)
_18422_/B2                              0.750000    1.189183   -0.439183 (VIOLATED)
_18412_/B2                              0.750000    1.189130   -0.439130 (VIOLATED)
_18725_/C                               0.750000    1.188503   -0.438503 (VIOLATED)
ANTENNA_240/DIODE                       0.750000    1.188502   -0.438502 (VIOLATED)
_18312_/B                               0.750000    1.188436   -0.438436 (VIOLATED)
_18733_/A4                              0.750000    1.188426   -0.438426 (VIOLATED)
fanout373/X                             0.750000    1.188424   -0.438424 (VIOLATED)
fanout177/A                             0.750000    1.182289   -0.432289 (VIOLATED)
ANTENNA_237/DIODE                       0.750000    1.182289   -0.432289 (VIOLATED)
ANTENNA_236/DIODE                       0.750000    1.182278   -0.432278 (VIOLATED)
fanout170/A                             0.750000    1.182274   -0.432274 (VIOLATED)
fanout168/A                             0.750000    1.182254   -0.432254 (VIOLATED)
ANTENNA_235/DIODE                       0.750000    1.182252   -0.432252 (VIOLATED)
fanout166/A                             0.750000    1.182227   -0.432227 (VIOLATED)
ANTENNA_234/DIODE                       0.750000    1.182225   -0.432225 (VIOLATED)
fanout163/A                             0.750000    1.182142   -0.432142 (VIOLATED)
fanout155/A                             0.750000    1.182117   -0.432117 (VIOLATED)
fanout178/X                             0.750000    1.182113   -0.432113 (VIOLATED)
fanout1627/A                            0.750000    1.181621   -0.431621 (VIOLATED)
fanout1626/A                            0.750000    1.181570   -0.431570 (VIOLATED)
_10399_/C1                              0.750000    1.181567   -0.431567 (VIOLATED)
_11197_/B1                              0.750000    1.181543   -0.431543 (VIOLATED)
_17598_/A0                              0.750000    1.181414   -0.431414 (VIOLATED)
fanout1628/X                            0.750000    1.181412   -0.431412 (VIOLATED)
_17601_/A1                              0.750000    1.147997   -0.397997 (VIOLATED)
_17600_/X                               0.750000    1.147149   -0.397149 (VIOLATED)
_11702_/A1                              0.750000    1.105391   -0.355391 (VIOLATED)
_11746_/A1                              0.750000    1.105380   -0.355380 (VIOLATED)
fanout1059/A                            0.750000    1.105311   -0.355311 (VIOLATED)
_11413_/A                               0.750000    1.104876   -0.354876 (VIOLATED)
_17889_/A1                              0.750000    1.104866   -0.354866 (VIOLATED)
fanout1060/X                            0.750000    1.104860   -0.354860 (VIOLATED)
_17509_/A1                              0.750000    1.099075   -0.349075 (VIOLATED)
_17508_/X                               0.750000    1.097983   -0.347983 (VIOLATED)
_16423_/B                               0.750000    1.078361   -0.328361 (VIOLATED)
_16422_/X                               0.750000    1.076113   -0.326113 (VIOLATED)
_17518_/A1                              0.750000    1.070814   -0.320814 (VIOLATED)
_17517_/X                               0.750000    1.070301   -0.320301 (VIOLATED)
fanout964/A                             0.750000    1.067971   -0.317972 (VIOLATED)
fanout963/A                             0.750000    1.067950   -0.317950 (VIOLATED)
fanout962/A                             0.750000    1.067923   -0.317923 (VIOLATED)
ANTENNA_333/DIODE                       0.750000    1.067921   -0.317921 (VIOLATED)
_12213_/A                               0.750000    1.067358   -0.317358 (VIOLATED)
_17918_/A1                              0.750000    1.067356   -0.317356 (VIOLATED)
fanout965/X                             0.750000    1.067353   -0.317353 (VIOLATED)
_15825_/B                               0.750000    1.047144   -0.297144 (VIOLATED)
_15824_/X                               0.750000    1.046265   -0.296265 (VIOLATED)
_18163_/B1                              0.750000    1.041536   -0.291536 (VIOLATED)
_18307_/A1                              0.750000    1.041530   -0.291530 (VIOLATED)
_18162_/X                               0.750000    1.035133   -0.285133 (VIOLATED)
_17256_/B                               0.750000    1.034030   -0.284030 (VIOLATED)
_17255_/X                               0.750000    1.032120   -0.282120 (VIOLATED)
ANTENNA_289/DIODE                       0.750000    1.026110   -0.276110 (VIOLATED)
ANTENNA_291/DIODE                       0.750000    1.026110   -0.276110 (VIOLATED)
ANTENNA_293/DIODE                       0.750000    1.026110   -0.276110 (VIOLATED)
ANTENNA_295/DIODE                       0.750000    1.026111   -0.276111 (VIOLATED)
ANTENNA_297/DIODE                       0.750000    1.026111   -0.276111 (VIOLATED)
_17613_/A1                              0.750000    1.026110   -0.276110 (VIOLATED)
ANTENNA_288/DIODE                       0.750000    1.026107   -0.276107 (VIOLATED)
ANTENNA_290/DIODE                       0.750000    1.026105   -0.276105 (VIOLATED)
ANTENNA_292/DIODE                       0.750000    1.026105   -0.276105 (VIOLATED)
ANTENNA_294/DIODE                       0.750000    1.026105   -0.276105 (VIOLATED)
ANTENNA_296/DIODE                       0.750000    1.026105   -0.276105 (VIOLATED)
ANTENNA_298/DIODE                       0.750000    1.026104   -0.276104 (VIOLATED)
_17612_/X                               0.750000    1.025993   -0.275993 (VIOLATED)
_14821_/B                               0.750000    0.991340   -0.241340 (VIOLATED)
_14820_/X                               0.750000    0.990573   -0.240573 (VIOLATED)
_11414_/A                               0.750000    0.990170   -0.240170 (VIOLATED)
_11380_/X                               0.750000    0.988553   -0.238553 (VIOLATED)
_17709_/A1                              0.750000    0.977888   -0.227888 (VIOLATED)
_17708_/X                               0.750000    0.977225   -0.227225 (VIOLATED)
_10852_/B                               0.750000    0.969043   -0.219043 (VIOLATED)
_13669_/A                               0.750000    0.965642   -0.215642 (VIOLATED)
_17944_/B                               0.750000    0.965515   -0.215515 (VIOLATED)
_10851_/Y                               0.750000    0.965479   -0.215479 (VIOLATED)
_18157_/B1                              0.750000    0.961821   -0.211821 (VIOLATED)
_18304_/A1                              0.750000    0.961818   -0.211818 (VIOLATED)
_18156_/X                               0.750000    0.957285   -0.207285 (VIOLATED)
_17739_/A1                              0.750000    0.953070   -0.203070 (VIOLATED)
ANTENNA_189/DIODE                       0.750000    0.953069   -0.203069 (VIOLATED)
_17738_/X                               0.750000    0.952966   -0.202966 (VIOLATED)
_11583_/A                               0.750000    0.950510   -0.200510 (VIOLATED)
_11536_/X                               0.750000    0.949675   -0.199675 (VIOLATED)
ANTENNA_180/DIODE                       0.750000    0.945076   -0.195077 (VIOLATED)
ANTENNA_176/DIODE                       0.750000    0.945076   -0.195076 (VIOLATED)
ANTENNA_178/DIODE                       0.750000    0.945076   -0.195076 (VIOLATED)
ANTENNA_174/DIODE                       0.750000    0.945076   -0.195076 (VIOLATED)
ANTENNA_172/DIODE                       0.750000    0.945076   -0.195076 (VIOLATED)
_17700_/A1                              0.750000    0.945076   -0.195076 (VIOLATED)
ANTENNA_173/DIODE                       0.750000    0.945069   -0.195069 (VIOLATED)
ANTENNA_175/DIODE                       0.750000    0.945064   -0.195064 (VIOLATED)
ANTENNA_177/DIODE                       0.750000    0.945063   -0.195063 (VIOLATED)
ANTENNA_179/DIODE                       0.750000    0.945063   -0.195063 (VIOLATED)
_17699_/X                               0.750000    0.944515   -0.194515 (VIOLATED)
_18311_/A2                              0.750000    0.943123   -0.193123 (VIOLATED)
_18308_/A2                              0.750000    0.943071   -0.193071 (VIOLATED)
_18305_/A2                              0.750000    0.943027   -0.193027 (VIOLATED)
_18713_/A3                              0.750000    0.942827   -0.192827 (VIOLATED)
_18712_/A2                              0.750000    0.942818   -0.192818 (VIOLATED)
_18710_/A2                              0.750000    0.942813   -0.192813 (VIOLATED)
_18303_/B                               0.750000    0.942807   -0.192807 (VIOLATED)
_18711_/A2                              0.750000    0.942804   -0.192804 (VIOLATED)
_18715_/A3                              0.750000    0.942801   -0.192801 (VIOLATED)
_18716_/D                               0.750000    0.942790   -0.192790 (VIOLATED)
fanout255/X                             0.750000    0.942784   -0.192784 (VIOLATED)
_11950_/B                               0.750000    0.933756   -0.183756 (VIOLATED)
_14173_/A                               0.750000    0.932941   -0.182941 (VIOLATED)
_17973_/A2                              0.750000    0.932938   -0.182938 (VIOLATED)
_11949_/X                               0.750000    0.932936   -0.182936 (VIOLATED)
_11166_/B                               0.750000    0.932657   -0.182657 (VIOLATED)
_11165_/X                               0.750000    0.930945   -0.180945 (VIOLATED)
_13918_/A                               0.750000    0.930945   -0.180945 (VIOLATED)
_17949_/B1                              0.750000    0.930945   -0.180945 (VIOLATED)
_17795_/A1                              0.750000    0.928575   -0.178575 (VIOLATED)
_17794_/X                               0.750000    0.927767   -0.177767 (VIOLATED)
ANTENNA_117/DIODE                       0.750000    0.927549   -0.177549 (VIOLATED)
ANTENNA_119/DIODE                       0.750000    0.927549   -0.177549 (VIOLATED)
ANTENNA_121/DIODE                       0.750000    0.927549   -0.177549 (VIOLATED)
ANTENNA_123/DIODE                       0.750000    0.927549   -0.177549 (VIOLATED)
ANTENNA_125/DIODE                       0.750000    0.927549   -0.177549 (VIOLATED)
_17503_/A1                              0.750000    0.927549   -0.177549 (VIOLATED)
ANTENNA_116/DIODE                       0.750000    0.927546   -0.177546 (VIOLATED)
ANTENNA_118/DIODE                       0.750000    0.927544   -0.177544 (VIOLATED)
ANTENNA_120/DIODE                       0.750000    0.927544   -0.177544 (VIOLATED)
ANTENNA_122/DIODE                       0.750000    0.927544   -0.177544 (VIOLATED)
ANTENNA_124/DIODE                       0.750000    0.927543   -0.177543 (VIOLATED)
ANTENNA_126/DIODE                       0.750000    0.927543   -0.177543 (VIOLATED)
_17502_/X                               0.750000    0.927459   -0.177459 (VIOLATED)
_11912_/B1                              0.750000    0.927405   -0.177405 (VIOLATED)
_12068_/C1                              0.750000    0.927370   -0.177370 (VIOLATED)
_12207_/C1                              0.750000    0.927366   -0.177366 (VIOLATED)
_12107_/C1                              0.750000    0.927339   -0.177339 (VIOLATED)
_12116_/C1                              0.750000    0.927300   -0.177300 (VIOLATED)
_12235_/C1                              0.750000    0.927296   -0.177296 (VIOLATED)
_12075_/C1                              0.750000    0.927295   -0.177295 (VIOLATED)
_12231_/A                               0.750000    0.927295   -0.177295 (VIOLATED)
_11998_/B1                              0.750000    0.927276   -0.177276 (VIOLATED)
_11782_/A                               0.750000    0.927217   -0.177217 (VIOLATED)
fanout775/X                             0.750000    0.927213   -0.177213 (VIOLATED)
_09406_/A                               0.750000    0.905975   -0.155975 (VIOLATED)
_11911_/A1                              0.750000    0.905966   -0.155966 (VIOLATED)
_11907_/B2                              0.750000    0.905947   -0.155947 (VIOLATED)
_11945_/C1                              0.750000    0.905931   -0.155931 (VIOLATED)
_12208_/B1                              0.750000    0.905796   -0.155796 (VIOLATED)
_12084_/B1                              0.750000    0.905750   -0.155750 (VIOLATED)
_12091_/B2                              0.750000    0.905748   -0.155748 (VIOLATED)
_12069_/C1                              0.750000    0.905744   -0.155744 (VIOLATED)
_12132_/A1                              0.750000    0.905643   -0.155643 (VIOLATED)
_17904_/A1                              0.750000    0.905630   -0.155631 (VIOLATED)
fanout1010/X                            0.750000    0.905630   -0.155631 (VIOLATED)
_16195_/A_N                             0.750000    0.904594   -0.154594 (VIOLATED)
_16981_/A1                              0.750000    0.904589   -0.154589 (VIOLATED)
fanout1619/A                            0.750000    0.904588   -0.154588 (VIOLATED)
fanout1616/A                            0.750000    0.904584   -0.154584 (VIOLATED)
_17604_/A0                              0.750000    0.904556   -0.154556 (VIOLATED)
fanout1620/X                            0.750000    0.904554   -0.154554 (VIOLATED)
_17616_/A1                              0.750000    0.904015   -0.154015 (VIOLATED)
ANTENNA_150/DIODE                       0.750000    0.904014   -0.154014 (VIOLATED)
_17615_/X                               0.750000    0.903903   -0.153903 (VIOLATED)
_15850_/B                               0.750000    0.902517   -0.152517 (VIOLATED)
_15849_/X                               0.750000    0.902376   -0.152376 (VIOLATED)
ANTENNA_302/DIODE                       0.750000    0.899972   -0.149972 (VIOLATED)
ANTENNA_304/DIODE                       0.750000    0.899972   -0.149972 (VIOLATED)
ANTENNA_306/DIODE                       0.750000    0.899972   -0.149972 (VIOLATED)
ANTENNA_308/DIODE                       0.750000    0.899972   -0.149972 (VIOLATED)
ANTENNA_300/DIODE                       0.750000    0.899971   -0.149971 (VIOLATED)
_17721_/A1                              0.750000    0.899969   -0.149969 (VIOLATED)
ANTENNA_299/DIODE                       0.750000    0.899968   -0.149968 (VIOLATED)
ANTENNA_301/DIODE                       0.750000    0.899968   -0.149968 (VIOLATED)
ANTENNA_303/DIODE                       0.750000    0.899968   -0.149968 (VIOLATED)
ANTENNA_305/DIODE                       0.750000    0.899968   -0.149968 (VIOLATED)
ANTENNA_307/DIODE                       0.750000    0.899964   -0.149964 (VIOLATED)
ANTENNA_309/DIODE                       0.750000    0.899960   -0.149960 (VIOLATED)
wire1647/A                              0.750000    0.899848   -0.149848 (VIOLATED)
_17720_/X                               0.750000    0.899847   -0.149847 (VIOLATED)
ANTENNA_336/DIODE                       0.750000    0.899846   -0.149846 (VIOLATED)
_17589_/A0                              0.750000    0.899650   -0.149650 (VIOLATED)
fanout1646/X                            0.750000    0.899650   -0.149650 (VIOLATED)
_12008_/A                               0.750000    0.898326   -0.148326 (VIOLATED)
_11957_/X                               0.750000    0.897197   -0.147197 (VIOLATED)
_17742_/A1                              0.750000    0.890693   -0.140693 (VIOLATED)
ANTENNA_1/DIODE                         0.750000    0.890693   -0.140693 (VIOLATED)
ANTENNA_2/DIODE                         0.750000    0.890690   -0.140690 (VIOLATED)
_17741_/X                               0.750000    0.890496   -0.140496 (VIOLATED)
_17798_/A1                              0.750000    0.883234   -0.133234 (VIOLATED)
_17797_/X                               0.750000    0.882080   -0.132080 (VIOLATED)
_12926_/A2                              0.750000    0.881984   -0.131984 (VIOLATED)
_12914_/C                               0.750000    0.881978   -0.131978 (VIOLATED)
_12946_/C                               0.750000    0.881978   -0.131978 (VIOLATED)
_13308_/B                               0.750000    0.881962   -0.131962 (VIOLATED)
_12943_/A2                              0.750000    0.881940   -0.131940 (VIOLATED)
_13456_/A2                              0.750000    0.881900   -0.131900 (VIOLATED)
_12942_/B                               0.750000    0.881879   -0.131879 (VIOLATED)
_14081_/C                               0.750000    0.881877   -0.131877 (VIOLATED)
_13641_/A2                              0.750000    0.881859   -0.131859 (VIOLATED)
_13638_/B                               0.750000    0.881855   -0.131855 (VIOLATED)
fanout478/X                             0.750000    0.881849   -0.131849 (VIOLATED)
_17604_/A1                              0.750000    0.874051   -0.124051 (VIOLATED)
ANTENNA_144/DIODE                       0.750000    0.874050   -0.124050 (VIOLATED)
ANTENNA_146/DIODE                       0.750000    0.874049   -0.124049 (VIOLATED)
ANTENNA_143/DIODE                       0.750000    0.874049   -0.124049 (VIOLATED)
ANTENNA_145/DIODE                       0.750000    0.874048   -0.124048 (VIOLATED)
ANTENNA_147/DIODE                       0.750000    0.874048   -0.124048 (VIOLATED)
ANTENNA_148/DIODE                       0.750000    0.874048   -0.124048 (VIOLATED)
_17603_/X                               0.750000    0.873979   -0.123979 (VIOLATED)
_11865_/B                               0.750000    0.864848   -0.114849 (VIOLATED)
_11877_/B                               0.750000    0.864813   -0.114813 (VIOLATED)
_11868_/B                               0.750000    0.864806   -0.114806 (VIOLATED)
_11920_/A                               0.750000    0.864789   -0.114790 (VIOLATED)
_11978_/A1                              0.750000    0.864760   -0.114760 (VIOLATED)
_11867_/B                               0.750000    0.864740   -0.114740 (VIOLATED)
_11876_/B                               0.750000    0.864728   -0.114728 (VIOLATED)
_11981_/A2                              0.750000    0.864725   -0.114725 (VIOLATED)
_12070_/A2                              0.750000    0.864724   -0.114724 (VIOLATED)
_12082_/D                               0.750000    0.864723   -0.114723 (VIOLATED)
fanout497/X                             0.750000    0.864721   -0.114722 (VIOLATED)
ANTENNA_186/DIODE                       0.750000    0.859895   -0.109895 (VIOLATED)
_17706_/A1                              0.750000    0.859895   -0.109895 (VIOLATED)
ANTENNA_184/DIODE                       0.750000    0.859895   -0.109895 (VIOLATED)
ANTENNA_182/DIODE                       0.750000    0.859895   -0.109895 (VIOLATED)
ANTENNA_181/DIODE                       0.750000    0.859893   -0.109893 (VIOLATED)
ANTENNA_183/DIODE                       0.750000    0.859892   -0.109892 (VIOLATED)
ANTENNA_185/DIODE                       0.750000    0.859892   -0.109892 (VIOLATED)
ANTENNA_187/DIODE                       0.750000    0.859891   -0.109891 (VIOLATED)
_17705_/X                               0.750000    0.859042   -0.109042 (VIOLATED)
_18142_/C1                              0.750000    0.855323   -0.105323 (VIOLATED)
_12442_/A                               0.750000    0.853112   -0.103112 (VIOLATED)
_12384_/X                               0.750000    0.851638   -0.101638 (VIOLATED)
_17932_/B2                              0.750000    0.849997   -0.099997 (VIOLATED)
_17982_/A2_N                            0.750000    0.849988   -0.099988 (VIOLATED)
_17963_/B                               0.750000    0.849975   -0.099975 (VIOLATED)
fanout235/A                             0.750000    0.849907   -0.099907 (VIOLATED)
_17946_/B                               0.750000    0.849904   -0.099904 (VIOLATED)
_17996_/A2_N                            0.750000    0.849872   -0.099872 (VIOLATED)
_17735_/A3                              0.750000    0.849844   -0.099844 (VIOLATED)
_09502_/Y                               0.750000    0.849839   -0.099839 (VIOLATED)
_17749_/B1                              0.750000    0.849813   -0.099813 (VIOLATED)
_17756_/B1                              0.750000    0.849806   -0.099806 (VIOLATED)
_18136_/B                               0.750000    0.849804   -0.099804 (VIOLATED)
_17778_/A2                              0.750000    0.849785   -0.099785 (VIOLATED)
fanout278/X                             0.750000    0.849783   -0.099783 (VIOLATED)
_18161_/B1                              0.750000    0.848884   -0.098884 (VIOLATED)
_18306_/A1                              0.750000    0.848876   -0.098876 (VIOLATED)
ANTENNA_325/DIODE                       0.750000    0.847983   -0.097983 (VIOLATED)
_17512_/A1                              0.750000    0.847979   -0.097979 (VIOLATED)
_17511_/X                               0.750000    0.847563   -0.097563 (VIOLATED)
ANTENNA_252/DIODE                       0.750000    0.847189   -0.097189 (VIOLATED)
fanout1975/A                            0.750000    0.847189   -0.097189 (VIOLATED)
fanout1950/A                            0.750000    0.847073   -0.097073 (VIOLATED)
fanout1952/A                            0.750000    0.847058   -0.097058 (VIOLATED)
fanout1948/A                            0.750000    0.846903   -0.096903 (VIOLATED)
fanout1957/A                            0.750000    0.846841   -0.096841 (VIOLATED)
fanout1976/X                            0.750000    0.846840   -0.096840 (VIOLATED)
_17595_/A1                              0.750000    0.846639   -0.096639 (VIOLATED)
_17594_/X                               0.750000    0.846002   -0.096002 (VIOLATED)
ANTENNA_14/DIODE                        0.750000    0.845613   -0.095613 (VIOLATED)
ANTENNA_16/DIODE                        0.750000    0.845613   -0.095613 (VIOLATED)
ANTENNA_18/DIODE                        0.750000    0.845613   -0.095613 (VIOLATED)
ANTENNA_20/DIODE                        0.750000    0.845613   -0.095613 (VIOLATED)
ANTENNA_12/DIODE                        0.750000    0.845613   -0.095613 (VIOLATED)
ANTENNA_10/DIODE                        0.750000    0.845613   -0.095613 (VIOLATED)
_17772_/A1                              0.750000    0.845613   -0.095613 (VIOLATED)
ANTENNA_11/DIODE                        0.750000    0.845610   -0.095610 (VIOLATED)
ANTENNA_13/DIODE                        0.750000    0.845608   -0.095608 (VIOLATED)
ANTENNA_15/DIODE                        0.750000    0.845608   -0.095608 (VIOLATED)
ANTENNA_17/DIODE                        0.750000    0.845608   -0.095608 (VIOLATED)
ANTENNA_19/DIODE                        0.750000    0.845607   -0.095607 (VIOLATED)
_17771_/X                               0.750000    0.845546   -0.095546 (VIOLATED)
_18160_/X                               0.750000    0.845358   -0.095358 (VIOLATED)
_16471_/B                               0.750000    0.841881   -0.091881 (VIOLATED)
_16700_/A1                              0.750000    0.841877   -0.091877 (VIOLATED)
_16193_/A1                              0.750000    0.841844   -0.091844 (VIOLATED)
_16979_/C                               0.750000    0.841843   -0.091843 (VIOLATED)
_16676_/A2                              0.750000    0.841732   -0.091732 (VIOLATED)
_16982_/A2                              0.750000    0.841630   -0.091630 (VIOLATED)
_17050_/B1                              0.750000    0.841552   -0.091552 (VIOLATED)
_16675_/B                               0.750000    0.841548   -0.091548 (VIOLATED)
_16120_/A                               0.750000    0.841547   -0.091547 (VIOLATED)
_17182_/A2                              0.750000    0.841521   -0.091521 (VIOLATED)
fanout395/X                             0.750000    0.841519   -0.091519 (VIOLATED)
ANTENNA_162/DIODE                       0.750000    0.841017   -0.091017 (VIOLATED)
ANTENNA_164/DIODE                       0.750000    0.841017   -0.091017 (VIOLATED)
ANTENNA_157/DIODE                       0.750000    0.841017   -0.091017 (VIOLATED)
ANTENNA_159/DIODE                       0.750000    0.841017   -0.091017 (VIOLATED)
_17655_/A1                              0.750000    0.841017   -0.091017 (VIOLATED)
ANTENNA_158/DIODE                       0.750000    0.841016   -0.091016 (VIOLATED)
ANTENNA_160/DIODE                       0.750000    0.841016   -0.091016 (VIOLATED)
ANTENNA_161/DIODE                       0.750000    0.841016   -0.091016 (VIOLATED)
ANTENNA_163/DIODE                       0.750000    0.841016   -0.091016 (VIOLATED)
_17654_/X                               0.750000    0.840951   -0.090951 (VIOLATED)
_12574_/A                               0.750000    0.836376   -0.086376 (VIOLATED)
_12539_/X                               0.750000    0.835730   -0.085730 (VIOLATED)
_18130_/A                               0.750000    0.835268   -0.085268 (VIOLATED)
fanout858/A                             0.750000    0.835262   -0.085262 (VIOLATED)
ANTENNA_244/DIODE                       0.750000    0.835261   -0.085261 (VIOLATED)
_18142_/A1                              0.750000    0.835256   -0.085256 (VIOLATED)
fanout855/A                             0.750000    0.835188   -0.085188 (VIOLATED)
ANTENNA_243/DIODE                       0.750000    0.835187   -0.085187 (VIOLATED)
fanout857/A                             0.750000    0.835161   -0.085161 (VIOLATED)
fanout860/X                             0.750000    0.835155   -0.085155 (VIOLATED)
_14633_/A                               0.750000    0.833506   -0.083506 (VIOLATED)
_14634_/A                               0.750000    0.833505   -0.083505 (VIOLATED)
_14630_/A_N                             0.750000    0.833489   -0.083489 (VIOLATED)
_14851_/A1                              0.750000    0.833489   -0.083489 (VIOLATED)
_15476_/C1                              0.750000    0.833486   -0.083486 (VIOLATED)
_14610_/B                               0.750000    0.833485   -0.083485 (VIOLATED)
_14668_/B                               0.750000    0.833484   -0.083484 (VIOLATED)
_14662_/B                               0.750000    0.833463   -0.083463 (VIOLATED)
_14691_/A1                              0.750000    0.833455   -0.083455 (VIOLATED)
_14604_/A                               0.750000    0.833450   -0.083450 (VIOLATED)
fanout1574/X                            0.750000    0.833237   -0.083237 (VIOLATED)
_18723_/A                               0.750000    0.833121   -0.083121 (VIOLATED)
_18706_/B1                              0.750000    0.833110   -0.083110 (VIOLATED)
_18709_/A                               0.750000    0.833105   -0.083105 (VIOLATED)
_18713_/B1                              0.750000    0.833096   -0.083096 (VIOLATED)
fanout1866/A                            0.750000    0.832833   -0.082833 (VIOLATED)
ANTENNA_286/DIODE                       0.750000    0.832669   -0.082669 (VIOLATED)
ANTENNA_284/DIODE                       0.750000    0.832669   -0.082669 (VIOLATED)
_17577_/A1                              0.750000    0.832669   -0.082669 (VIOLATED)
ANTENNA_282/DIODE                       0.750000    0.832668   -0.082668 (VIOLATED)
ANTENNA_281/DIODE                       0.750000    0.832664   -0.082664 (VIOLATED)
ANTENNA_283/DIODE                       0.750000    0.832661   -0.082661 (VIOLATED)
ANTENNA_285/DIODE                       0.750000    0.832661   -0.082661 (VIOLATED)
ANTENNA_287/DIODE                       0.750000    0.832660   -0.082661 (VIOLATED)
_17576_/X                               0.750000    0.832355   -0.082355 (VIOLATED)
fanout645/A                             0.750000    0.831622   -0.081622 (VIOLATED)
fanout639/A                             0.750000    0.831525   -0.081525 (VIOLATED)
fanout634/A                             0.750000    0.831429   -0.081429 (VIOLATED)
fanout636/A                             0.750000    0.831410   -0.081410 (VIOLATED)
fanout633/A                             0.750000    0.831363   -0.081363 (VIOLATED)
fanout631/A                             0.750000    0.831359   -0.081359 (VIOLATED)
fanout646/X                             0.750000    0.831358   -0.081358 (VIOLATED)
_12192_/A1                              0.750000    0.828443   -0.078443 (VIOLATED)
_11854_/B                               0.750000    0.828442   -0.078442 (VIOLATED)
_12162_/B2                              0.750000    0.828439   -0.078439 (VIOLATED)
_11989_/A1                              0.750000    0.828435   -0.078435 (VIOLATED)
_12025_/A3                              0.750000    0.828428   -0.078428 (VIOLATED)
_11986_/A                               0.750000    0.828421   -0.078421 (VIOLATED)
_12114_/A                               0.750000    0.828373   -0.078373 (VIOLATED)
_11972_/A1                              0.750000    0.828356   -0.078356 (VIOLATED)
_11915_/A2                              0.750000    0.828351   -0.078351 (VIOLATED)
_11990_/A1                              0.750000    0.828351   -0.078351 (VIOLATED)
fanout501/X                             0.750000    0.828351   -0.078351 (VIOLATED)
_12076_/A1                              0.750000    0.827264   -0.077264 (VIOLATED)
_12237_/B1                              0.750000    0.827262   -0.077262 (VIOLATED)
_12117_/B1                              0.750000    0.827243   -0.077243 (VIOLATED)
_11831_/A                               0.750000    0.827241   -0.077241 (VIOLATED)
_11830_/B1                              0.750000    0.827239   -0.077239 (VIOLATED)
_12246_/B1                              0.750000    0.827196   -0.077196 (VIOLATED)
_12002_/A1                              0.750000    0.827179   -0.077179 (VIOLATED)
_11910_/C1                              0.750000    0.827162   -0.077162 (VIOLATED)
_11930_/B                               0.750000    0.827158   -0.077158 (VIOLATED)
_11905_/B1                              0.750000    0.827150   -0.077150 (VIOLATED)
fanout774/X                             0.750000    0.827143   -0.077143 (VIOLATED)
_10063_/B                               0.750000    0.826693   -0.076693 (VIOLATED)
_10083_/B                               0.750000    0.826686   -0.076686 (VIOLATED)
_11262_/A2                              0.750000    0.826686   -0.076686 (VIOLATED)
_10051_/A2                              0.750000    0.826686   -0.076686 (VIOLATED)
_11355_/A1                              0.750000    0.826682   -0.076682 (VIOLATED)
_10716_/A2                              0.750000    0.826680   -0.076680 (VIOLATED)
_11253_/B2                              0.750000    0.826676   -0.076676 (VIOLATED)
_10038_/B                               0.750000    0.826666   -0.076666 (VIOLATED)
_10070_/A2                              0.750000    0.826630   -0.076630 (VIOLATED)
_17610_/S                               0.750000    0.826620   -0.076620 (VIOLATED)
ANTENNA_241/DIODE                       0.750000    0.826617   -0.076617 (VIOLATED)
_11037_/A1                              0.750000    0.826596   -0.076596 (VIOLATED)
_18142_/B1                              0.750000    0.826586   -0.076586 (VIOLATED)
ANTENNA_242/DIODE                       0.750000    0.826586   -0.076586 (VIOLATED)
fanout1633/A                            0.750000    0.826583   -0.076583 (VIOLATED)
_10069_/B                               0.750000    0.826571   -0.076571 (VIOLATED)
fanout528/X                             0.750000    0.826563   -0.076563 (VIOLATED)
fanout1632/A                            0.750000    0.826548   -0.076548 (VIOLATED)
_17775_/A1                              0.750000    0.826525   -0.076525 (VIOLATED)
ANTENNA_21/DIODE                        0.750000    0.826525   -0.076525 (VIOLATED)
wire609/A                               0.750000    0.826520   -0.076520 (VIOLATED)
fanout1634/A                            0.750000    0.826505   -0.076505 (VIOLATED)
_17901_/A2                              0.750000    0.826486   -0.076486 (VIOLATED)
fanout608/X                             0.750000    0.826486   -0.076486 (VIOLATED)
_17774_/X                               0.750000    0.826448   -0.076448 (VIOLATED)
ANTENNA_335/DIODE                       0.750000    0.826370   -0.076370 (VIOLATED)
_17592_/A0                              0.750000    0.826370   -0.076370 (VIOLATED)
fanout1635/X                            0.750000    0.826366   -0.076366 (VIOLATED)
_09512_/Y                               0.750000    0.826056   -0.076056 (VIOLATED)
_17277_/C1                              0.750000    0.821230   -0.071231 (VIOLATED)
_14785_/A3                              0.750000    0.821189   -0.071189 (VIOLATED)
_14307_/A2                              0.750000    0.821186   -0.071186 (VIOLATED)
_14791_/B                               0.750000    0.821185   -0.071185 (VIOLATED)
_14776_/B                               0.750000    0.821181   -0.071181 (VIOLATED)
fanout1352/A                            0.750000    0.821178   -0.071178 (VIOLATED)
_16535_/B1                              0.750000    0.821156   -0.071156 (VIOLATED)
_16916_/C1                              0.750000    0.821154   -0.071154 (VIOLATED)
_14997_/C                               0.750000    0.821142   -0.071142 (VIOLATED)
_16659_/B1                              0.750000    0.821140   -0.071140 (VIOLATED)
_17129_/B1                              0.750000    0.821133   -0.071133 (VIOLATED)
_16934_/C1                              0.750000    0.821132   -0.071132 (VIOLATED)
_16652_/A                               0.750000    0.821130   -0.071130 (VIOLATED)
_15155_/A                               0.750000    0.821130   -0.071130 (VIOLATED)
_09481_/A                               0.750000    0.821120   -0.071120 (VIOLATED)
_14998_/C                               0.750000    0.821118   -0.071118 (VIOLATED)
_15274_/B                               0.750000    0.821118   -0.071118 (VIOLATED)
_15542_/A2                              0.750000    0.821117   -0.071117 (VIOLATED)
_15166_/A2                              0.750000    0.821116   -0.071116 (VIOLATED)
fanout452/X                             0.750000    0.821115   -0.071115 (VIOLATED)
_11392_/A                               0.750000    0.821098   -0.071098 (VIOLATED)
_11285_/A1                              0.750000    0.821087   -0.071087 (VIOLATED)
_11145_/B2                              0.750000    0.821073   -0.071073 (VIOLATED)
_17745_/A0                              0.750000    0.821060   -0.071060 (VIOLATED)
fanout1353/X                            0.750000    0.821058   -0.071058 (VIOLATED)
_11302_/B2                              0.750000    0.821015   -0.071015 (VIOLATED)
_10989_/A3                              0.750000    0.820914   -0.070914 (VIOLATED)
_10433_/C                               0.750000    0.820912   -0.070912 (VIOLATED)
_10657_/A1                              0.750000    0.820859   -0.070859 (VIOLATED)
_10179_/A                               0.750000    0.820850   -0.070850 (VIOLATED)
_10649_/B                               0.750000    0.820820   -0.070820 (VIOLATED)
_10837_/C                               0.750000    0.820811   -0.070811 (VIOLATED)
fanout520/X                             0.750000    0.820808   -0.070808 (VIOLATED)
_12264_/C                               0.750000    0.817901   -0.067901 (VIOLATED)
_12265_/B1                              0.750000    0.817723   -0.067723 (VIOLATED)
_12263_/X                               0.750000    0.817543   -0.067543 (VIOLATED)
fanout618/A                             0.750000    0.812245   -0.062245 (VIOLATED)
ANTENNA_62/DIODE                        0.750000    0.812243   -0.062243 (VIOLATED)
fanout606/A                             0.750000    0.812134   -0.062134 (VIOLATED)
fanout608/A                             0.750000    0.810393   -0.060393 (VIOLATED)
fanout602/A                             0.750000    0.808812   -0.058812 (VIOLATED)
_09499_/X                               0.750000    0.808771   -0.058771 (VIOLATED)
wire354/A                               0.750000    0.805799   -0.055799 (VIOLATED)
fanout350/A                             0.750000    0.805744   -0.055744 (VIOLATED)
fanout353/X                             0.750000    0.805742   -0.055742 (VIOLATED)
_12872_/A                               0.750000    0.804166   -0.054166 (VIOLATED)
_13721_/A1                              0.750000    0.804163   -0.054164 (VIOLATED)
_12853_/A                               0.750000    0.804136   -0.054136 (VIOLATED)
_12848_/A                               0.750000    0.804130   -0.054130 (VIOLATED)
_13456_/A1                              0.750000    0.804087   -0.054088 (VIOLATED)
_13632_/A1                              0.750000    0.804059   -0.054059 (VIOLATED)
_13950_/A1                              0.750000    0.804059   -0.054059 (VIOLATED)
_12941_/A1                              0.750000    0.803994   -0.053994 (VIOLATED)
_12926_/A1                              0.750000    0.803894   -0.053894 (VIOLATED)
_12931_/A                               0.750000    0.803893   -0.053893 (VIOLATED)
fanout736/X                             0.750000    0.803893   -0.053893 (VIOLATED)
_10455_/A1                              0.750000    0.803478   -0.053478 (VIOLATED)
_10452_/B1                              0.750000    0.803475   -0.053475 (VIOLATED)
_10477_/B1                              0.750000    0.803466   -0.053466 (VIOLATED)
_10678_/A1                              0.750000    0.803450   -0.053450 (VIOLATED)
_11001_/A1                              0.750000    0.803447   -0.053447 (VIOLATED)
_09393_/A                               0.750000    0.803447   -0.053447 (VIOLATED)
_11143_/B1                              0.750000    0.803441   -0.053441 (VIOLATED)
_11155_/C1                              0.750000    0.803409   -0.053409 (VIOLATED)
_11147_/B1                              0.750000    0.803389   -0.053389 (VIOLATED)
_10847_/B1                              0.750000    0.803383   -0.053383 (VIOLATED)
fanout908/X                             0.750000    0.803373   -0.053373 (VIOLATED)
_12420_/A1                              0.750000    0.801869   -0.051869 (VIOLATED)
_12581_/A1                              0.750000    0.801863   -0.051863 (VIOLATED)
_12396_/C1                              0.750000    0.801862   -0.051862 (VIOLATED)
_12339_/B                               0.750000    0.801848   -0.051848 (VIOLATED)
_12557_/A1                              0.750000    0.801848   -0.051848 (VIOLATED)
_12499_/B1                              0.750000    0.801833   -0.051833 (VIOLATED)
_12328_/A1                              0.750000    0.801791   -0.051791 (VIOLATED)
_12364_/C                               0.750000    0.801786   -0.051786 (VIOLATED)
_12515_/B                               0.750000    0.801786   -0.051786 (VIOLATED)
_12431_/B                               0.750000    0.801786   -0.051786 (VIOLATED)
fanout493/X                             0.750000    0.801785   -0.051785 (VIOLATED)
_12138_/A                               0.750000    0.801142   -0.051142 (VIOLATED)
_12103_/X                               0.750000    0.800830   -0.050830 (VIOLATED)
_11713_/B                               0.750000    0.800573   -0.050573 (VIOLATED)
_11712_/X                               0.750000    0.799891   -0.049891 (VIOLATED)
_10967_/C1                              0.750000    0.799065   -0.049065 (VIOLATED)
_11132_/A1                              0.750000    0.799061   -0.049061 (VIOLATED)
_10731_/A1                              0.750000    0.799060   -0.049060 (VIOLATED)
fanout1397/A                            0.750000    0.799049   -0.049049 (VIOLATED)
_09383_/A                               0.750000    0.799038   -0.049038 (VIOLATED)
_10969_/B2                              0.750000    0.799038   -0.049038 (VIOLATED)
_10970_/A1                              0.750000    0.799036   -0.049036 (VIOLATED)
_10959_/C1                              0.750000    0.799034   -0.049034 (VIOLATED)
_17718_/A0                              0.750000    0.799012   -0.049012 (VIOLATED)
fanout1398/X                            0.750000    0.799012   -0.049012 (VIOLATED)
_17506_/A1                              0.750000    0.798816   -0.048816 (VIOLATED)
_17505_/X                               0.750000    0.798435   -0.048435 (VIOLATED)
ANTENNA_279/DIODE                       0.750000    0.796688   -0.046688 (VIOLATED)
ANTENNA_277/DIODE                       0.750000    0.796688   -0.046688 (VIOLATED)
ANTENNA_275/DIODE                       0.750000    0.796688   -0.046688 (VIOLATED)
_17494_/A1                              0.750000    0.796688   -0.046688 (VIOLATED)
ANTENNA_273/DIODE                       0.750000    0.796688   -0.046688 (VIOLATED)
ANTENNA_272/DIODE                       0.750000    0.796687   -0.046687 (VIOLATED)
ANTENNA_274/DIODE                       0.750000    0.796686   -0.046686 (VIOLATED)
ANTENNA_276/DIODE                       0.750000    0.796686   -0.046686 (VIOLATED)
ANTENNA_278/DIODE                       0.750000    0.796685   -0.046685 (VIOLATED)
ANTENNA_280/DIODE                       0.750000    0.796685   -0.046685 (VIOLATED)
_12284_/B                               0.750000    0.796645   -0.046645 (VIOLATED)
_12324_/B                               0.750000    0.796638   -0.046638 (VIOLATED)
_12395_/B                               0.750000    0.796610   -0.046610 (VIOLATED)
_12344_/A2                              0.750000    0.796597   -0.046597 (VIOLATED)
_12675_/A4                              0.750000    0.796575   -0.046575 (VIOLATED)
_12386_/A2                              0.750000    0.796574   -0.046574 (VIOLATED)
_12361_/A2                              0.750000    0.796532   -0.046533 (VIOLATED)
_12387_/A2                              0.750000    0.796528   -0.046528 (VIOLATED)
_12356_/A                               0.750000    0.796526   -0.046526 (VIOLATED)
_12542_/A1                              0.750000    0.796525   -0.046525 (VIOLATED)
fanout491/X                             0.750000    0.796523   -0.046523 (VIOLATED)
_17493_/X                               0.750000    0.796418   -0.046418 (VIOLATED)
_11333_/A1                              0.750000    0.793991   -0.043991 (VIOLATED)
_10345_/A3                              0.750000    0.793987   -0.043987 (VIOLATED)
_10573_/A                               0.750000    0.793985   -0.043986 (VIOLATED)
_11313_/A                               0.750000    0.793982   -0.043982 (VIOLATED)
_10354_/B                               0.750000    0.793980   -0.043980 (VIOLATED)
_11316_/B1                              0.750000    0.793972   -0.043972 (VIOLATED)
_11041_/B                               0.750000    0.793941   -0.043941 (VIOLATED)
_10586_/B1                              0.750000    0.793936   -0.043936 (VIOLATED)
_09804_/B                               0.750000    0.793934   -0.043934 (VIOLATED)
_10898_/A2                              0.750000    0.793925   -0.043925 (VIOLATED)
fanout546/X                             0.750000    0.793921   -0.043921 (VIOLATED)
_17631_/A1                              0.750000    0.793480   -0.043480 (VIOLATED)
wire234/A                               0.750000    0.793153   -0.043153 (VIOLATED)
_17630_/X                               0.750000    0.793126   -0.043126 (VIOLATED)
_09508_/Y                               0.750000    0.793096   -0.043096 (VIOLATED)
ANTENNA_265/DIODE                       0.750000    0.788862   -0.038862 (VIOLATED)
ANTENNA_263/DIODE                       0.750000    0.788862   -0.038862 (VIOLATED)
ANTENNA_261/DIODE                       0.750000    0.788862   -0.038862 (VIOLATED)
ANTENNA_259/DIODE                       0.750000    0.788862   -0.038862 (VIOLATED)
ANTENNA_257/DIODE                       0.750000    0.788862   -0.038862 (VIOLATED)
ANTENNA_255/DIODE                       0.750000    0.788862   -0.038862 (VIOLATED)
_17745_/A1                              0.750000    0.788862   -0.038862 (VIOLATED)
ANTENNA_256/DIODE                       0.750000    0.788860   -0.038861 (VIOLATED)
ANTENNA_258/DIODE                       0.750000    0.788858   -0.038858 (VIOLATED)
ANTENNA_260/DIODE                       0.750000    0.788855   -0.038855 (VIOLATED)
ANTENNA_262/DIODE                       0.750000    0.788855   -0.038855 (VIOLATED)
ANTENNA_264/DIODE                       0.750000    0.788855   -0.038855 (VIOLATED)
_17744_/X                               0.750000    0.788779   -0.038779 (VIOLATED)
_13584_/A1                              0.750000    0.787169   -0.037169 (VIOLATED)
_13992_/B2                              0.750000    0.787167   -0.037167 (VIOLATED)
_13906_/A1                              0.750000    0.787163   -0.037163 (VIOLATED)
_13908_/B1                              0.750000    0.787157   -0.037157 (VIOLATED)
_13373_/B1                              0.750000    0.787146   -0.037146 (VIOLATED)
_13508_/B                               0.750000    0.787141   -0.037141 (VIOLATED)
_13899_/B1                              0.750000    0.787138   -0.037138 (VIOLATED)
_13576_/C1                              0.750000    0.787136   -0.037136 (VIOLATED)
_13599_/A1                              0.750000    0.787099   -0.037099 (VIOLATED)
_13747_/B                               0.750000    0.787065   -0.037065 (VIOLATED)
fanout328/X                             0.750000    0.787059   -0.037059 (VIOLATED)
_11766_/C1                              0.750000    0.786789   -0.036789 (VIOLATED)
_11695_/B1                              0.750000    0.786784   -0.036784 (VIOLATED)
_11745_/A1                              0.750000    0.786783   -0.036783 (VIOLATED)
_11559_/C1                              0.750000    0.786783   -0.036783 (VIOLATED)
_11647_/A1                              0.750000    0.786777   -0.036777 (VIOLATED)
_11764_/C1                              0.750000    0.786775   -0.036775 (VIOLATED)
_11757_/B1                              0.750000    0.786774   -0.036774 (VIOLATED)
_11524_/C1                              0.750000    0.786774   -0.036774 (VIOLATED)
_11668_/A1                              0.750000    0.786767   -0.036767 (VIOLATED)
_11628_/C1                              0.750000    0.786552   -0.036552 (VIOLATED)
fanout785/X                             0.750000    0.786552   -0.036552 (VIOLATED)
_15113_/B                               0.750000    0.786440   -0.036440 (VIOLATED)
_14897_/A2                              0.750000    0.786437   -0.036437 (VIOLATED)
_15369_/B                               0.750000    0.786431   -0.036431 (VIOLATED)
_15108_/A                               0.750000    0.786413   -0.036413 (VIOLATED)
_14865_/A2                              0.750000    0.786409   -0.036409 (VIOLATED)
_15454_/A2                              0.750000    0.786408   -0.036408 (VIOLATED)
_14542_/B1                              0.750000    0.786407   -0.036407 (VIOLATED)
_15442_/A3                              0.750000    0.786401   -0.036401 (VIOLATED)
_14885_/B                               0.750000    0.786400   -0.036400 (VIOLATED)
_15443_/B1                              0.750000    0.786195   -0.036195 (VIOLATED)
fanout433/X                             0.750000    0.786195   -0.036195 (VIOLATED)
_09728_/B1                              0.750000    0.780841   -0.030841 (VIOLATED)
_09671_/A1                              0.750000    0.780835   -0.030835 (VIOLATED)
_10512_/C1                              0.750000    0.780822   -0.030822 (VIOLATED)
_10504_/C1                              0.750000    0.780816   -0.030816 (VIOLATED)
_09695_/A                               0.750000    0.780806   -0.030806 (VIOLATED)
_09707_/B1                              0.750000    0.780799   -0.030799 (VIOLATED)
_10405_/A1                              0.750000    0.780797   -0.030797 (VIOLATED)
_09751_/A1                              0.750000    0.780796   -0.030796 (VIOLATED)
_10415_/A                               0.750000    0.780796   -0.030796 (VIOLATED)
_09775_/A1                              0.750000    0.780795   -0.030795 (VIOLATED)
fanout847/X                             0.750000    0.780792   -0.030792 (VIOLATED)
_14900_/A                               0.750000    0.778818   -0.028818 (VIOLATED)
_14899_/A1                              0.750000    0.778817   -0.028817 (VIOLATED)
_15200_/B1                              0.750000    0.778814   -0.028814 (VIOLATED)
_15447_/C1                              0.750000    0.778807   -0.028807 (VIOLATED)
_14596_/B1                              0.750000    0.778804   -0.028804 (VIOLATED)
_14598_/C1                              0.750000    0.778803   -0.028803 (VIOLATED)
_15463_/A1                              0.750000    0.778802   -0.028802 (VIOLATED)
_15629_/B1                              0.750000    0.778786   -0.028786 (VIOLATED)
_14898_/A                               0.750000    0.778756   -0.028756 (VIOLATED)
_09461_/A                               0.750000    0.778754   -0.028754 (VIOLATED)
fanout1777/X                            0.750000    0.778748   -0.028749 (VIOLATED)
_17769_/A1                              0.750000    0.778612   -0.028612 (VIOLATED)
_17768_/X                               0.750000    0.778497   -0.028497 (VIOLATED)
_16928_/C                               0.750000    0.778350   -0.028350 (VIOLATED)
_16651_/A2                              0.750000    0.778349   -0.028349 (VIOLATED)
_16663_/B1                              0.750000    0.778348   -0.028348 (VIOLATED)
_17116_/B1                              0.750000    0.778345   -0.028345 (VIOLATED)
_17228_/B1                              0.750000    0.778322   -0.028322 (VIOLATED)
_17267_/A                               0.750000    0.778310   -0.028310 (VIOLATED)
_16520_/A1                              0.750000    0.778309   -0.028309 (VIOLATED)
_16366_/A1                              0.750000    0.778293   -0.028293 (VIOLATED)
_16345_/A3                              0.750000    0.778289   -0.028289 (VIOLATED)
_16294_/B                               0.750000    0.778286   -0.028286 (VIOLATED)
fanout381/X                             0.750000    0.778281   -0.028281 (VIOLATED)
_10842_/C1                              0.750000    0.776852   -0.026853 (VIOLATED)
_10826_/C1                              0.750000    0.776851   -0.026851 (VIOLATED)
_11161_/B1                              0.750000    0.776850   -0.026850 (VIOLATED)
_10841_/C1                              0.750000    0.776849   -0.026849 (VIOLATED)
_11387_/A                               0.750000    0.776847   -0.026847 (VIOLATED)
_11394_/C1                              0.750000    0.776828   -0.026828 (VIOLATED)
_11305_/C1                              0.750000    0.776814   -0.026814 (VIOLATED)
_10833_/B1                              0.750000    0.776814   -0.026814 (VIOLATED)
_17937_/A1                              0.750000    0.776709   -0.026709 (VIOLATED)
_12684_/A                               0.750000    0.776705   -0.026705 (VIOLATED)
fanout903/X                             0.750000    0.776699   -0.026699 (VIOLATED)
_16650_/A2                              0.750000    0.775092   -0.025092 (VIOLATED)
_16656_/A3                              0.750000    0.775084   -0.025084 (VIOLATED)
_16926_/A3                              0.750000    0.775082   -0.025082 (VIOLATED)
_17228_/A2                              0.750000    0.775068   -0.025068 (VIOLATED)
_16365_/B                               0.750000    0.775046   -0.025046 (VIOLATED)
_16274_/B                               0.750000    0.775031   -0.025031 (VIOLATED)
_16343_/A1                              0.750000    0.775020   -0.025020 (VIOLATED)
_16548_/A3                              0.750000    0.775020   -0.025020 (VIOLATED)
_16638_/A1                              0.750000    0.775018   -0.025018 (VIOLATED)
_16539_/A                               0.750000    0.775015   -0.025015 (VIOLATED)
fanout385/X                             0.750000    0.775010   -0.025010 (VIOLATED)
_11907_/C1                              0.750000    0.772548   -0.022548 (VIOLATED)
_11944_/C1                              0.750000    0.772545   -0.022545 (VIOLATED)
_11919_/B1                              0.750000    0.772542   -0.022542 (VIOLATED)
_12246_/A1                              0.750000    0.772498   -0.022498 (VIOLATED)
_12117_/A1                              0.750000    0.772478   -0.022478 (VIOLATED)
_11980_/A1                              0.750000    0.772477   -0.022477 (VIOLATED)
_12205_/B1                              0.750000    0.772476   -0.022477 (VIOLATED)
_12092_/B2                              0.750000    0.772475   -0.022475 (VIOLATED)
_17901_/A1                              0.750000    0.772473   -0.022473 (VIOLATED)
_12128_/C1                              0.750000    0.772472   -0.022472 (VIOLATED)
fanout776/X                             0.750000    0.772471   -0.022471 (VIOLATED)
_11833_/B1                              0.750000    0.772372   -0.022372 (VIOLATED)
_11834_/A                               0.750000    0.772370   -0.022370 (VIOLATED)
_11792_/X                               0.750000    0.772242   -0.022242 (VIOLATED)
_13258_/A1                              0.750000    0.771148   -0.021148 (VIOLATED)
_13257_/C1                              0.750000    0.771147   -0.021147 (VIOLATED)
_13558_/C1                              0.750000    0.771135   -0.021135 (VIOLATED)
_13551_/C1                              0.750000    0.771128   -0.021128 (VIOLATED)
_12829_/B1                              0.750000    0.771097   -0.021097 (VIOLATED)
_12837_/A1                              0.750000    0.771072   -0.021072 (VIOLATED)
_12809_/A                               0.750000    0.771042   -0.021042 (VIOLATED)
_13825_/A1                              0.750000    0.771000   -0.021000 (VIOLATED)
_13934_/C1                              0.750000    0.770943   -0.020943 (VIOLATED)
_09415_/A                               0.750000    0.770851   -0.020851 (VIOLATED)
fanout1443/X                            0.750000    0.770845   -0.020845 (VIOLATED)
_17521_/A1                              0.750000    0.769107   -0.019107 (VIOLATED)
ANTENNA_326/DIODE                       0.750000    0.769105   -0.019105 (VIOLATED)
ANTENNA_327/DIODE                       0.750000    0.769105   -0.019105 (VIOLATED)
_17571_/A1                              0.750000    0.769103   -0.019103 (VIOLATED)
_17570_/X                               0.750000    0.768979   -0.018979 (VIOLATED)
_17520_/X                               0.750000    0.768848   -0.018848 (VIOLATED)
_11170_/B2                              0.750000    0.767976   -0.017976 (VIOLATED)
_11190_/A2                              0.750000    0.767974   -0.017974 (VIOLATED)
_09758_/A1                              0.750000    0.767968   -0.017968 (VIOLATED)
_09767_/A2                              0.750000    0.767958   -0.017958 (VIOLATED)
_09747_/A2                              0.750000    0.767948   -0.017948 (VIOLATED)
_09704_/A2                              0.750000    0.767940   -0.017940 (VIOLATED)
_10411_/A2                              0.750000    0.767921   -0.017921 (VIOLATED)
_09644_/A                               0.750000    0.767820   -0.017820 (VIOLATED)
_09652_/A2                              0.750000    0.767802   -0.017802 (VIOLATED)
_09657_/B                               0.750000    0.767800   -0.017800 (VIOLATED)
fanout555/X                             0.750000    0.767796   -0.017796 (VIOLATED)
wire1378/A                              0.750000    0.766789   -0.016789 (VIOLATED)
_17732_/A1                              0.750000    0.766553   -0.016553 (VIOLATED)
fanout1377/X                            0.750000    0.766548   -0.016548 (VIOLATED)
_18425_/B2                              0.750000    0.765030   -0.015030 (VIOLATED)
_18304_/A2                              0.750000    0.765027   -0.015027 (VIOLATED)
_18307_/A2                              0.750000    0.765020   -0.015020 (VIOLATED)
_18428_/B2                              0.750000    0.765000   -0.015000 (VIOLATED)
_18426_/B2                              0.750000    0.764980   -0.014980 (VIOLATED)
_18429_/B2                              0.750000    0.764934   -0.014934 (VIOLATED)
_18427_/B2                              0.750000    0.764900   -0.014900 (VIOLATED)
_18306_/A2                              0.750000    0.764791   -0.014791 (VIOLATED)
_18309_/A2                              0.750000    0.764762   -0.014762 (VIOLATED)
_18310_/A2                              0.750000    0.764750   -0.014750 (VIOLATED)
fanout254/X                             0.750000    0.764750   -0.014750 (VIOLATED)
_18285_/B2                              0.750000    0.764339   -0.014339 (VIOLATED)
_18157_/B2                              0.750000    0.764338   -0.014338 (VIOLATED)
_18163_/B2                              0.750000    0.764322   -0.014322 (VIOLATED)
_18286_/B2                              0.750000    0.764297   -0.014297 (VIOLATED)
_18169_/B2                              0.750000    0.764294   -0.014294 (VIOLATED)
_18290_/B2                              0.750000    0.764294   -0.014294 (VIOLATED)
_18167_/B2                              0.750000    0.764292   -0.014292 (VIOLATED)
_18161_/B2                              0.750000    0.764290   -0.014290 (VIOLATED)
_18291_/B2                              0.750000    0.764282   -0.014282 (VIOLATED)
_19068_/RESET_B                         0.750000    0.764277   -0.014277 (VIOLATED)
fanout1936/A                            0.750000    0.764242   -0.014242 (VIOLATED)
fanout1932/A                            0.750000    0.764180   -0.014180 (VIOLATED)
fanout1943/A                            0.750000    0.764066   -0.014066 (VIOLATED)
_18292_/B2                              0.750000    0.764053   -0.014053 (VIOLATED)
fanout276/X                             0.750000    0.764053   -0.014053 (VIOLATED)
fanout1929/A                            0.750000    0.763922   -0.013922 (VIOLATED)
fanout1944/X                            0.750000    0.763922   -0.013922 (VIOLATED)
_10997_/A1                              0.750000    0.763891   -0.013891 (VIOLATED)
_10250_/A1                              0.750000    0.763880   -0.013880 (VIOLATED)
_10674_/S0                              0.750000    0.763878   -0.013878 (VIOLATED)
_10196_/B1                              0.750000    0.763872   -0.013872 (VIOLATED)
_10455_/B1                              0.750000    0.763856   -0.013856 (VIOLATED)
_10472_/A1                              0.750000    0.763843   -0.013843 (VIOLATED)
_10238_/B1                              0.750000    0.763821   -0.013821 (VIOLATED)
_10677_/C1                              0.750000    0.763805   -0.013805 (VIOLATED)
_10680_/S0                              0.750000    0.763789   -0.013789 (VIOLATED)
_10822_/A                               0.750000    0.763754   -0.013754 (VIOLATED)
fanout806/X                             0.750000    0.763752   -0.013752 (VIOLATED)
_14090_/B1                              0.750000    0.763517   -0.013517 (VIOLATED)
_14104_/B1                              0.750000    0.763515   -0.013515 (VIOLATED)
_09428_/A                               0.750000    0.763505   -0.013505 (VIOLATED)
_13727_/S0                              0.750000    0.763502   -0.013502 (VIOLATED)
_13712_/A1                              0.750000    0.763474   -0.013474 (VIOLATED)
_13884_/C1                              0.750000    0.763460   -0.013460 (VIOLATED)
_13980_/A1                              0.750000    0.763444   -0.013444 (VIOLATED)
_13979_/B1                              0.750000    0.763443   -0.013444 (VIOLATED)
_13664_/A1                              0.750000    0.763442   -0.013442 (VIOLATED)
_13661_/C1                              0.750000    0.763441   -0.013441 (VIOLATED)
fanout1728/X                            0.750000    0.763438   -0.013438 (VIOLATED)
_15170_/B1                              0.750000    0.762595   -0.012595 (VIOLATED)
_15292_/C1                              0.750000    0.762592   -0.012592 (VIOLATED)
_15417_/C1                              0.750000    0.762587   -0.012587 (VIOLATED)
_15428_/C1                              0.750000    0.762584   -0.012584 (VIOLATED)
_15536_/B1                              0.750000    0.762584   -0.012584 (VIOLATED)
_15407_/C1                              0.750000    0.762555   -0.012555 (VIOLATED)
_15172_/A1                              0.750000    0.762538   -0.012538 (VIOLATED)
_15157_/B1                              0.750000    0.762536   -0.012536 (VIOLATED)
_14372_/S0                              0.750000    0.762530   -0.012530 (VIOLATED)
_14782_/B1                              0.750000    0.762453   -0.012453 (VIOLATED)
fanout722/X                             0.750000    0.762447   -0.012447 (VIOLATED)
_16122_/A                               0.750000    0.762259   -0.012259 (VIOLATED)
_17170_/B                               0.750000    0.762245   -0.012245 (VIOLATED)
_16503_/B                               0.750000    0.762238   -0.012238 (VIOLATED)
_16201_/C                               0.750000    0.762197   -0.012197 (VIOLATED)
_16791_/A2                              0.750000    0.762196   -0.012196 (VIOLATED)
_16778_/B1                              0.750000    0.762163   -0.012163 (VIOLATED)
_16992_/A                               0.750000    0.762121   -0.012121 (VIOLATED)
_16490_/A                               0.750000    0.762079   -0.012079 (VIOLATED)
_16178_/B                               0.750000    0.762073   -0.012073 (VIOLATED)
_17042_/B2                              0.750000    0.762068   -0.012068 (VIOLATED)
fanout397/X                             0.750000    0.762067   -0.012067 (VIOLATED)
_12703_/B                               0.750000    0.760365   -0.010365 (VIOLATED)
_12767_/A2                              0.750000    0.760353   -0.010353 (VIOLATED)
_12798_/A2                              0.750000    0.760350   -0.010350 (VIOLATED)
_13938_/A                               0.750000    0.760348   -0.010348 (VIOLATED)
_13942_/A2                              0.750000    0.760339   -0.010339 (VIOLATED)
_12831_/A2                              0.750000    0.760335   -0.010335 (VIOLATED)
_12794_/B                               0.750000    0.760331   -0.010331 (VIOLATED)
_13817_/A1                              0.750000    0.760331   -0.010331 (VIOLATED)
_12704_/B                               0.750000    0.760331   -0.010331 (VIOLATED)
_13541_/A2                              0.750000    0.760331   -0.010331 (VIOLATED)
fanout484/X                             0.750000    0.760329   -0.010329 (VIOLATED)
_16344_/C                               0.750000    0.759562   -0.009562 (VIOLATED)
_17246_/A                               0.750000    0.759551   -0.009551 (VIOLATED)
_16366_/B2                              0.750000    0.759537   -0.009537 (VIOLATED)
_16840_/B1                              0.750000    0.759529   -0.009529 (VIOLATED)
_16837_/A2                              0.750000    0.759529   -0.009529 (VIOLATED)
_16290_/B                               0.750000    0.759507   -0.009507 (VIOLATED)
_16335_/A1                              0.750000    0.759495   -0.009495 (VIOLATED)
_16662_/A1                              0.750000    0.759474   -0.009474 (VIOLATED)
_16651_/B2                              0.750000    0.759473   -0.009473 (VIOLATED)
_16935_/A2                              0.750000    0.759473   -0.009473 (VIOLATED)
fanout382/X                             0.750000    0.759467   -0.009467 (VIOLATED)
_19546_/A                               0.750000    0.758359   -0.008359 (VIOLATED)
_18722_/A                               0.750000    0.758312   -0.008312 (VIOLATED)
_18723_/C                               0.750000    0.758115   -0.008115 (VIOLATED)
_18724_/A2                              0.750000    0.758106   -0.008106 (VIOLATED)
_18733_/A1                              0.750000    0.754610   -0.004610 (VIOLATED)
_19528_/Q                               0.750000    0.754594   -0.004594 (VIOLATED)
ANTENNA_324/DIODE                       0.750000    0.754527   -0.004527 (VIOLATED)
_17321_/B                               0.750000    0.754521   -0.004521 (VIOLATED)
_18722_/Y                               0.750000    0.753662   -0.003662 (VIOLATED)
_15883_/B                               0.750000    0.753610   -0.003610 (VIOLATED)
_17320_/X                               0.750000    0.753583   -0.003583 (VIOLATED)
_10571_/A2                              0.750000    0.752472   -0.002472 (VIOLATED)
fanout1203/A                            0.750000    0.752443   -0.002443 (VIOLATED)
_15882_/X                               0.750000    0.752378   -0.002378 (VIOLATED)
_09801_/A                               0.750000    0.752347   -0.002347 (VIOLATED)
fanout1201/A                            0.750000    0.752344   -0.002344 (VIOLATED)
_09826_/A_N                             0.750000    0.752340   -0.002340 (VIOLATED)
_09838_/A2                              0.750000    0.752335   -0.002335 (VIOLATED)
_17826_/A0                              0.750000    0.752199   -0.002199 (VIOLATED)
fanout1204/X                            0.750000    0.752197   -0.002197 (VIOLATED)
_14383_/A_N                             0.750000    0.751165   -0.001165 (VIOLATED)
_14397_/A_N                             0.750000    0.751164   -0.001164 (VIOLATED)
_14384_/B                               0.750000    0.751164   -0.001164 (VIOLATED)
_09449_/A                               0.750000    0.751159   -0.001159 (VIOLATED)
_14381_/B                               0.750000    0.751148   -0.001148 (VIOLATED)
_15559_/A                               0.750000    0.751126   -0.001126 (VIOLATED)
_15308_/A1                              0.750000    0.751117   -0.001117 (VIOLATED)
_14467_/A_N                             0.750000    0.751114   -0.001114 (VIOLATED)
fanout1350/A                            0.750000    0.751101   -0.001101 (VIOLATED)
_12297_/A                               0.750000    0.751030   -0.001030 (VIOLATED)
_12281_/A_N                             0.750000    0.751030   -0.001030 (VIOLATED)
_12273_/A                               0.750000    0.751027   -0.001027 (VIOLATED)
_12293_/A                               0.750000    0.751026   -0.001026 (VIOLATED)
_12299_/A_N                             0.750000    0.751022   -0.001023 (VIOLATED)
_12300_/A_N                             0.750000    0.751021   -0.001021 (VIOLATED)
_12298_/A                               0.750000    0.751018   -0.001018 (VIOLATED)
_12282_/A                               0.750000    0.751005   -0.001005 (VIOLATED)
_12430_/C                               0.750000    0.751003   -0.001003 (VIOLATED)
_17748_/A0                              0.750000    0.750880   -0.000880 (VIOLATED)
fanout1351/X                            0.750000    0.750873   -0.000873 (VIOLATED)
_12318_/A                               0.750000    0.750791   -0.000791 (VIOLATED)
fanout1008/X                            0.750000    0.750791   -0.000791 (VIOLATED)
_09760_/A2                              0.750000    0.750418   -0.000418 (VIOLATED)
_09735_/B                               0.750000    0.750417   -0.000417 (VIOLATED)
_10867_/B                               0.750000    0.750413   -0.000413 (VIOLATED)
_10402_/C                               0.750000    0.750411   -0.000411 (VIOLATED)
_11192_/A3                              0.750000    0.750411   -0.000411 (VIOLATED)
_10409_/B                               0.750000    0.750409   -0.000409 (VIOLATED)
_09752_/B1                              0.750000    0.750405   -0.000405 (VIOLATED)
_10490_/A2                              0.750000    0.750387   -0.000387 (VIOLATED)
_10492_/A2_N                            0.750000    0.750386   -0.000386 (VIOLATED)
_10514_/A2                              0.750000    0.750385   -0.000385 (VIOLATED)
fanout549/X                             0.750000    0.750384   -0.000384 (VIOLATED)

max fanout

Pin                                   Limit Fanout  Slack
---------------------------------------------------------
clkbuf_leaf_4_clk/X                      10     16     -6 (VIOLATED)
clkbuf_leaf_20_clk/X                     10     15     -5 (VIOLATED)
clkbuf_leaf_22_clk/X                     10     15     -5 (VIOLATED)
clkbuf_leaf_2_clk/X                      10     15     -5 (VIOLATED)
clkbuf_leaf_31_clk/X                     10     15     -5 (VIOLATED)
clkbuf_leaf_32_clk/X                     10     15     -5 (VIOLATED)
clkbuf_leaf_33_clk/X                     10     15     -5 (VIOLATED)
clkbuf_leaf_35_clk/X                     10     15     -5 (VIOLATED)
clkbuf_leaf_3_clk/X                      10     15     -5 (VIOLATED)
clkbuf_leaf_44_clk/X                     10     15     -5 (VIOLATED)
clkbuf_leaf_47_clk/X                     10     15     -5 (VIOLATED)
clkbuf_leaf_48_clk/X                     10     15     -5 (VIOLATED)
clkbuf_leaf_49_clk/X                     10     15     -5 (VIOLATED)
clkbuf_leaf_51_clk/X                     10     15     -5 (VIOLATED)
clkbuf_leaf_54_clk/X                     10     15     -5 (VIOLATED)
clkbuf_leaf_55_clk/X                     10     15     -5 (VIOLATED)
clkbuf_leaf_58_clk/X                     10     15     -5 (VIOLATED)
clkbuf_leaf_59_clk/X                     10     15     -5 (VIOLATED)
clkbuf_leaf_8_clk/X                      10     15     -5 (VIOLATED)
clkbuf_leaf_9_clk/X                      10     15     -5 (VIOLATED)
clkbuf_leaf_10_clk/X                     10     14     -4 (VIOLATED)
clkbuf_leaf_11_clk/X                     10     14     -4 (VIOLATED)
clkbuf_leaf_15_clk/X                     10     14     -4 (VIOLATED)
clkbuf_leaf_16_clk/X                     10     14     -4 (VIOLATED)
clkbuf_leaf_18_clk/X                     10     14     -4 (VIOLATED)
clkbuf_leaf_19_clk/X                     10     14     -4 (VIOLATED)
clkbuf_leaf_21_clk/X                     10     14     -4 (VIOLATED)
clkbuf_leaf_23_clk/X                     10     14     -4 (VIOLATED)
clkbuf_leaf_27_clk/X                     10     14     -4 (VIOLATED)
clkbuf_leaf_29_clk/X                     10     14     -4 (VIOLATED)
clkbuf_leaf_30_clk/X                     10     14     -4 (VIOLATED)
clkbuf_leaf_34_clk/X                     10     14     -4 (VIOLATED)
clkbuf_leaf_38_clk/X                     10     14     -4 (VIOLATED)
clkbuf_leaf_39_clk/X                     10     14     -4 (VIOLATED)
clkbuf_leaf_40_clk/X                     10     14     -4 (VIOLATED)
clkbuf_leaf_41_clk/X                     10     14     -4 (VIOLATED)
clkbuf_leaf_42_clk/X                     10     14     -4 (VIOLATED)
clkbuf_leaf_43_clk/X                     10     14     -4 (VIOLATED)
clkbuf_leaf_45_clk/X                     10     14     -4 (VIOLATED)
clkbuf_leaf_50_clk/X                     10     14     -4 (VIOLATED)
clkbuf_leaf_52_clk/X                     10     14     -4 (VIOLATED)
clkbuf_leaf_53_clk/X                     10     14     -4 (VIOLATED)
clkbuf_leaf_56_clk/X                     10     14     -4 (VIOLATED)
clkbuf_leaf_57_clk/X                     10     14     -4 (VIOLATED)
clkbuf_leaf_5_clk/X                      10     14     -4 (VIOLATED)
clkbuf_leaf_6_clk/X                      10     14     -4 (VIOLATED)
clkbuf_leaf_7_clk/X                      10     14     -4 (VIOLATED)
clkbuf_leaf_12_clk/X                     10     13     -3 (VIOLATED)
clkbuf_leaf_14_clk/X                     10     13     -3 (VIOLATED)
clkbuf_leaf_17_clk/X                     10     13     -3 (VIOLATED)
clkbuf_leaf_24_clk/X                     10     13     -3 (VIOLATED)
clkbuf_leaf_28_clk/X                     10     13     -3 (VIOLATED)
clkbuf_leaf_46_clk/X                     10     13     -3 (VIOLATED)
_17502_/X                                10     12     -2 (VIOLATED)
_17612_/X                                10     12     -2 (VIOLATED)
_17720_/X                                10     12     -2 (VIOLATED)
_17744_/X                                10     12     -2 (VIOLATED)
_17771_/X                                10     12     -2 (VIOLATED)
clkbuf_leaf_1_clk/X                      10     12     -2 (VIOLATED)
wire20/X                                 10     12     -2 (VIOLATED)
_15890_/Y                                10     11        (VIOLATED)
_17850_/X                                10     11        (VIOLATED)
clkbuf_leaf_26_clk/X                     10     11        (VIOLATED)
clkbuf_leaf_36_clk/X                     10     11        (VIOLATED)
fanout373/X                              10     11        (VIOLATED)

max capacitance

Pin                                        Limit         Cap       Slack
------------------------------------------------------------------------
fanout2077/X                            0.151987    0.171326   -0.019339 (VIOLATED)
_18162_/X                               0.200000    0.207876   -0.007876 (VIOLATED)



===========================================================================
report_parasitic_annotation -report_unannotated
============================================================================
Found 61 unannotated drivers.
 uio_in[5]
 uio_in[6]
 uio_in[7]
 clkload0/X
 clkload1/X
 clkload10/X
 clkload11/X
 clkload12/Y
 clkload13/X
 clkload14/X
 clkload15/Y
 clkload16/Y
 clkload17/Y
 clkload18/Y
 clkload19/X
 clkload2/Y
 clkload20/X
 clkload21/X
 clkload22/X
 clkload23/X
 clkload24/X
 clkload25/X
 clkload26/X
 clkload27/X
 clkload28/X
 clkload29/X
 clkload3/X
 clkload30/X
 clkload31/Y
 clkload32/X
 clkload33/X
 clkload34/X
 clkload35/X
 clkload36/X
 clkload37/X
 clkload38/X
 clkload39/X
 clkload4/X
 clkload40/X
 clkload41/X
 clkload42/Y
 clkload43/X
 clkload44/X
 clkload5/Y
 clkload6/X
 clkload7/X
 clkload8/X
 clkload9/X
 tt_um_aes128_baseline/HI
 tt_um_aes128_baseline_2080/HI
 tt_um_aes128_baseline_2081/HI
 tt_um_aes128_baseline_2082/HI
 tt_um_aes128_baseline_2083/HI
 tt_um_aes128_baseline_2084/HI
 tt_um_aes128_baseline_2085/HI
 tt_um_aes128_baseline_2086/HI
 tt_um_aes128_baseline_2087/HI
 tt_um_aes128_baseline_2088/HI
 tt_um_aes128_baseline_2089/LO
 tt_um_aes128_baseline_2090/LO
 tt_um_aes128_baseline_2091/LO
Found 0 partially unannotated drivers.

===========================================================================
max slew violation count 850
max fanout violation count 65
max cap violation count 2
============================================================================

===========================================================================
check_setup -verbose -unconstrained_endpoints -multiple_clock -no_clock -no_input_delay -loops -generated_clocks
===========================================================================
