Clock: clk
Sources: clk 
Generated: no
Virtual: yes
Propagated: no
Period: 20.000000

===========================================================================
report_clock_properties
============================================================================
Clock                   Period          Waveform
----------------------------------------------------
clk                  20.000000    0.000000 10.000000

===========================================================================
report_clock_latency
============================================================================
Clock clk
rise -> rise
    min     max
0.000000 0.000000 source latency
1.301501         network latency _19338_/CLK
        1.390027 network latency _18958_/CLK
---------------
1.301501 1.390027 latency
        0.088526 skew

fall -> fall
    min     max
0.000000 0.000000 source latency
1.012419         network latency _19014_/CLK
        1.074778 network latency _18958_/CLK
---------------
1.012419 1.074778 latency
        0.062358 skew



===========================================================================
report_clock_min_period
============================================================================
clk period_min = 9.56 fmax = 104.65
