
===========================================================================
 report_power
============================================================================
======================= nom_tt_025C_1v80 Corner ===================================

Group                    Internal    Switching      Leakage        Total
                            Power        Power        Power        Power (Watts)
------------------------------------------------------------------------
Sequential           1.613271e-03 4.525791e-06 9.754831e-09 1.617806e-03  55.4%
Combinational        4.151661e-05 1.076866e-04 4.512306e-08 1.492484e-04   5.1%
Clock                4.558275e-04 6.975963e-04 1.268229e-07 1.153551e-03  39.5%
Macro                0.000000e+00 0.000000e+00 0.000000e+00 0.000000e+00   0.0%
Pad                  0.000000e+00 0.000000e+00 0.000000e+00 0.000000e+00   0.0%
------------------------------------------------------------------------
Total                2.110614e-03 8.098091e-04 1.816952e-07 2.920605e-03 100.0%
                            72.3%        27.7%         0.0%

