Clock: clk
Sources: clk 
Generated: no
Virtual: yes
Propagated: no
Period: 100.000000

===========================================================================
report_clock_properties
============================================================================
Clock                   Period          Waveform
----------------------------------------------------
clk                 100.000000    0.000000 50.000000

===========================================================================
report_clock_latency
============================================================================
Clock clk
rise -> rise
    min     max
0.000000 0.000000 source latency
1.543749         network latency _6836_/CLK
        1.608455 network latency _6721_/CLK
---------------
1.543749 1.608455 latency
        0.064706 skew

fall -> fall
    min     max
0.000000 0.000000 source latency
1.419046         network latency _6995_/CLK
        1.466432 network latency _6721_/CLK
---------------
1.419046 1.466432 latency
        0.047386 skew



===========================================================================
report_clock_min_period
============================================================================
clk period_min = 25.54 fmax = 39.15
