Clock: clk
Sources: clk 
Generated: no
Virtual: no
Propagated: no
Period: 20.000000

===========================================================================
report_clock_properties
============================================================================
Clock                   Period          Waveform
----------------------------------------------------
clk                  20.000000    0.000000 10.000000

===========================================================================
report_clock_latency
============================================================================
Clock clk
rise -> rise
    min     max
0.000000 0.000000 source latency
3.647011         network latency _18734_/CLK
        3.647011 network latency _18734_/CLK
---------------
3.647011 3.647011 latency
        0.000000 skew

fall -> fall
    min     max
0.000000 0.000000 source latency
1.589187         network latency _18734_/CLK
        1.589187 network latency _18734_/CLK
---------------
1.589187 1.589187 latency
        0.000000 skew



===========================================================================
report_clock_min_period
============================================================================
clk period_min = 3.85 fmax = 259.84
