Clock: clk
Sources: clk 
Generated: no
Virtual: yes
Propagated: no
Period: 20.000000

===========================================================================
report_clock_properties
============================================================================
Clock                   Period          Waveform
----------------------------------------------------
clk                  20.000000    0.000000 10.000000

===========================================================================
report_clock_latency
============================================================================
Clock clk
rise -> rise
    min     max
0.000000 0.000000 source latency
2.168165         network latency _19338_/CLK
        2.288282 network latency _18942_/CLK
---------------
2.168165 2.288282 latency
        0.120116 skew

fall -> fall
    min     max
0.000000 0.000000 source latency
1.741316         network latency _19338_/CLK
        1.828487 network latency _18942_/CLK
---------------
1.741316 1.828487 latency
        0.087171 skew



===========================================================================
report_clock_min_period
============================================================================
clk period_min = 17.31 fmax = 57.78
