Clock: clk
Sources: clk 
Generated: no
Virtual: yes
Propagated: no
Period: 100.000000

===========================================================================
report_clock_properties
============================================================================
Clock                   Period          Waveform
----------------------------------------------------
clk                 100.000000    0.000000 50.000000

===========================================================================
report_clock_latency
============================================================================
Clock clk
rise -> rise
    min     max
0.000000 0.000000 source latency
2.040555         network latency _19338_/CLK
        2.167830 network latency _18958_/CLK
---------------
2.040555 2.167830 latency
        0.127275 skew

fall -> fall
    min     max
0.000000 0.000000 source latency
1.650101         network latency _19014_/CLK
        1.743732 network latency _18958_/CLK
---------------
1.650101 1.743732 latency
        0.093632 skew



===========================================================================
report_clock_min_period
============================================================================
clk period_min = 18.92 fmax = 52.85
