Clock: clk
Sources: clk 
Generated: no
Virtual: no
Propagated: no
Period: 20.000000

===========================================================================
report_clock_properties
============================================================================
Clock                   Period          Waveform
----------------------------------------------------
clk                  20.000000    0.000000 10.000000

===========================================================================
report_clock_latency
============================================================================
Clock clk
rise -> rise
    min     max
0.000000 0.000000 source latency
7.026351         network latency _18734_/CLK
        7.026351 network latency _18734_/CLK
---------------
7.026351 7.026351 latency
        0.000000 skew

fall -> fall
    min     max
0.000000 0.000000 source latency
3.876916         network latency _18734_/CLK
        3.876916 network latency _18734_/CLK
---------------
3.876916 3.876916 latency
        0.000000 skew



===========================================================================
report_clock_min_period
============================================================================
clk period_min = 11.29 fmax = 88.59
