
===========================================================================
Violator List
============================================================================
[setup in-reg] rst_n -> _18734_/RESET_B : -3.702416
[setup in-reg] rst_n -> _18735_/RESET_B : -3.702416
[setup in-reg] rst_n -> _18736_/RESET_B : -3.702416
[setup in-reg] rst_n -> _18737_/RESET_B : -3.702416
[setup in-reg] rst_n -> _18738_/RESET_B : -3.702416
[setup in-reg] rst_n -> _18739_/RESET_B : -3.702416
[setup in-reg] rst_n -> _18740_/RESET_B : -3.702416
[setup in-reg] rst_n -> _18741_/RESET_B : -3.702416
[setup in-reg] rst_n -> _18742_/RESET_B : -3.702416
[setup in-reg] rst_n -> _18743_/RESET_B : -3.702416
[setup in-reg] rst_n -> _18744_/RESET_B : -3.702416
[setup in-reg] rst_n -> _18745_/RESET_B : -3.702416
[setup in-reg] rst_n -> _18746_/RESET_B : -3.702416
[setup in-reg] rst_n -> _18747_/RESET_B : -3.702416
[setup in-reg] rst_n -> _18748_/RESET_B : -3.702416
[setup in-reg] rst_n -> _18749_/RESET_B : -3.702416
[setup in-reg] rst_n -> _18750_/RESET_B : -3.702416
[setup in-reg] rst_n -> _18751_/RESET_B : -3.702416
[setup in-reg] rst_n -> _18752_/RESET_B : -3.702416
[setup in-reg] rst_n -> _18753_/RESET_B : -3.702416
[setup in-reg] rst_n -> _18754_/RESET_B : -3.702416
[setup in-reg] rst_n -> _18755_/RESET_B : -3.702416
[setup in-reg] rst_n -> _18756_/RESET_B : -3.702416
[setup in-reg] rst_n -> _18757_/RESET_B : -3.702416
[setup in-reg] rst_n -> _18758_/RESET_B : -3.702416
[setup in-reg] rst_n -> _18759_/RESET_B : -3.702416
[setup in-reg] rst_n -> _18760_/RESET_B : -3.702416
[setup in-reg] rst_n -> _18761_/RESET_B : -3.702416
[setup in-reg] rst_n -> _18762_/RESET_B : -3.702416
[setup in-reg] rst_n -> _18763_/RESET_B : -3.702416
[setup in-reg] rst_n -> _18764_/RESET_B : -3.702416
[setup in-reg] rst_n -> _18765_/RESET_B : -3.702416
[setup in-reg] rst_n -> _18766_/RESET_B : -3.702416
[setup in-reg] rst_n -> _18767_/RESET_B : -3.702416
[setup in-reg] rst_n -> _18768_/RESET_B : -3.702416
[setup in-reg] rst_n -> _18769_/RESET_B : -3.702416
[setup in-reg] rst_n -> _18770_/RESET_B : -3.702416
[setup in-reg] rst_n -> _18771_/RESET_B : -3.702416
[setup in-reg] rst_n -> _18772_/RESET_B : -3.702416
[setup in-reg] rst_n -> _18773_/RESET_B : -3.702416
[setup in-reg] rst_n -> _18774_/RESET_B : -3.702416
[setup in-reg] rst_n -> _18775_/RESET_B : -3.702416
[setup in-reg] rst_n -> _18776_/RESET_B : -3.702416
[setup in-reg] rst_n -> _18777_/RESET_B : -3.702416
[setup in-reg] rst_n -> _18778_/RESET_B : -3.702416
[setup in-reg] rst_n -> _18779_/RESET_B : -3.702416
[setup in-reg] rst_n -> _18780_/RESET_B : -3.702416
[setup in-reg] rst_n -> _18781_/RESET_B : -3.702416
[setup in-reg] rst_n -> _18782_/RESET_B : -3.702416
[setup in-reg] rst_n -> _18783_/RESET_B : -3.702416
[setup in-reg] rst_n -> _18784_/RESET_B : -3.702416
[setup in-reg] rst_n -> _18785_/RESET_B : -3.702416
[setup in-reg] rst_n -> _18786_/RESET_B : -3.702416
[setup in-reg] rst_n -> _18787_/RESET_B : -3.702416
[setup in-reg] rst_n -> _18788_/RESET_B : -3.702416
[setup in-reg] rst_n -> _18789_/RESET_B : -3.702416
[setup in-reg] rst_n -> _18790_/RESET_B : -3.702416
[setup in-reg] rst_n -> _18791_/RESET_B : -3.702416
[setup in-reg] rst_n -> _18792_/RESET_B : -3.702416
[setup in-reg] rst_n -> _18793_/RESET_B : -3.702416
[setup in-reg] rst_n -> _18794_/RESET_B : -3.702416
[setup in-reg] rst_n -> _18795_/RESET_B : -3.702416
[setup in-reg] rst_n -> _18796_/RESET_B : -3.702416
[setup in-reg] rst_n -> _18797_/RESET_B : -3.702416
[setup in-reg] rst_n -> _18798_/RESET_B : -3.702416
[setup in-reg] rst_n -> _18799_/RESET_B : -3.702416
[setup in-reg] rst_n -> _18800_/RESET_B : -3.702416
[setup in-reg] rst_n -> _18801_/RESET_B : -3.702416
[setup in-reg] rst_n -> _18802_/RESET_B : -3.702416
[setup in-reg] rst_n -> _18803_/RESET_B : -3.702416
[setup in-reg] rst_n -> _18804_/RESET_B : -3.702416
[setup in-reg] rst_n -> _18805_/RESET_B : -3.702416
[setup in-reg] rst_n -> _18806_/RESET_B : -3.702416
[setup in-reg] rst_n -> _18807_/RESET_B : -3.702416
[setup in-reg] rst_n -> _18808_/RESET_B : -3.702416
[setup in-reg] rst_n -> _18809_/RESET_B : -3.702416
[setup in-reg] rst_n -> _18810_/RESET_B : -3.702416
[setup in-reg] rst_n -> _18811_/RESET_B : -3.702416
[setup in-reg] rst_n -> _18812_/RESET_B : -3.702416
[setup in-reg] rst_n -> _18813_/RESET_B : -3.702416
[setup in-reg] rst_n -> _18814_/RESET_B : -3.702416
[setup in-reg] rst_n -> _18815_/RESET_B : -3.702416
[setup in-reg] rst_n -> _18816_/RESET_B : -3.702416
[setup in-reg] rst_n -> _18817_/RESET_B : -3.702416
[setup in-reg] rst_n -> _18818_/RESET_B : -3.702416
[setup in-reg] rst_n -> _18819_/RESET_B : -3.702416
[setup in-reg] rst_n -> _18820_/RESET_B : -3.702416
[setup in-reg] rst_n -> _18821_/RESET_B : -3.702416
[setup in-reg] rst_n -> _18822_/RESET_B : -3.702416
[setup in-reg] rst_n -> _18823_/RESET_B : -3.702416
[setup in-reg] rst_n -> _18824_/RESET_B : -3.702416
[setup in-reg] rst_n -> _18825_/RESET_B : -3.702416
[setup in-reg] rst_n -> _18826_/RESET_B : -3.702416
[setup in-reg] rst_n -> _18827_/RESET_B : -3.702416
[setup in-reg] rst_n -> _18828_/RESET_B : -3.702416
[setup in-reg] rst_n -> _18829_/RESET_B : -3.702416
[setup in-reg] rst_n -> _18830_/RESET_B : -3.702416
[setup in-reg] rst_n -> _18831_/RESET_B : -3.702416
[setup in-reg] rst_n -> _18832_/RESET_B : -3.702416
[setup in-reg] rst_n -> _18833_/RESET_B : -3.702416
[setup in-reg] rst_n -> _18834_/RESET_B : -3.702416
[setup in-reg] rst_n -> _18835_/RESET_B : -3.702416
[setup in-reg] rst_n -> _18836_/RESET_B : -3.702416
[setup in-reg] rst_n -> _18837_/RESET_B : -3.702416
[setup in-reg] rst_n -> _18838_/RESET_B : -3.702416
[setup in-reg] rst_n -> _18839_/RESET_B : -3.702416
[setup in-reg] rst_n -> _18840_/RESET_B : -3.702416
[setup in-reg] rst_n -> _18841_/RESET_B : -3.702416
[setup in-reg] rst_n -> _18842_/RESET_B : -3.702416
[setup in-reg] rst_n -> _18843_/RESET_B : -3.702416
[setup in-reg] rst_n -> _18844_/RESET_B : -3.702416
[setup in-reg] rst_n -> _18845_/RESET_B : -3.702416
[setup in-reg] rst_n -> _18846_/RESET_B : -3.702416
[setup in-reg] rst_n -> _18847_/RESET_B : -3.702416
[setup in-reg] rst_n -> _18848_/RESET_B : -3.702416
[setup in-reg] rst_n -> _18849_/RESET_B : -3.702416
[setup in-reg] rst_n -> _18850_/RESET_B : -3.702416
[setup in-reg] rst_n -> _18851_/RESET_B : -3.702416
[setup in-reg] rst_n -> _18852_/RESET_B : -3.702416
[setup in-reg] rst_n -> _18853_/RESET_B : -3.702416
[setup in-reg] rst_n -> _18854_/RESET_B : -3.702416
[setup in-reg] rst_n -> _18855_/RESET_B : -3.702416
[setup in-reg] rst_n -> _18856_/RESET_B : -3.702416
[setup in-reg] rst_n -> _18857_/RESET_B : -3.702416
[setup in-reg] rst_n -> _18858_/RESET_B : -3.702416
[setup in-reg] rst_n -> _18859_/RESET_B : -3.702416
[setup in-reg] rst_n -> _18860_/RESET_B : -3.702416
[setup in-reg] rst_n -> _18861_/RESET_B : -3.702416
[setup in-reg] rst_n -> _18862_/RESET_B : -3.702416
[setup in-reg] rst_n -> _18863_/RESET_B : -3.702416
[setup in-reg] rst_n -> _18864_/RESET_B : -3.702416
[setup in-reg] rst_n -> _18865_/RESET_B : -3.702416
[setup in-reg] rst_n -> _18866_/RESET_B : -3.702416
[setup in-reg] rst_n -> _18867_/RESET_B : -3.702416
[setup in-reg] rst_n -> _18868_/RESET_B : -3.702416
[setup in-reg] rst_n -> _18869_/RESET_B : -3.702416
[setup in-reg] rst_n -> _18870_/RESET_B : -3.702416
[setup in-reg] rst_n -> _18871_/RESET_B : -3.702416
[setup in-reg] rst_n -> _18872_/RESET_B : -3.702416
[setup in-reg] rst_n -> _18873_/RESET_B : -3.702416
[setup in-reg] rst_n -> _18874_/RESET_B : -3.702416
[setup in-reg] rst_n -> _18875_/RESET_B : -3.702416
[setup in-reg] rst_n -> _18876_/RESET_B : -3.702416
[setup in-reg] rst_n -> _18877_/RESET_B : -3.702416
[setup in-reg] rst_n -> _18878_/RESET_B : -3.702416
[setup in-reg] rst_n -> _18879_/RESET_B : -3.702416
[setup in-reg] rst_n -> _18880_/RESET_B : -3.702416
[setup in-reg] rst_n -> _18881_/RESET_B : -3.702416
[setup in-reg] rst_n -> _18882_/RESET_B : -3.702416
[setup in-reg] rst_n -> _18883_/RESET_B : -3.702416
[setup in-reg] rst_n -> _18884_/RESET_B : -3.702416
[setup in-reg] rst_n -> _18885_/RESET_B : -3.702416
[setup in-reg] rst_n -> _18886_/RESET_B : -3.702416
[setup in-reg] rst_n -> _18887_/RESET_B : -3.702416
[setup in-reg] rst_n -> _18888_/RESET_B : -3.702416
[setup in-reg] rst_n -> _18889_/RESET_B : -3.702416
[setup in-reg] rst_n -> _18890_/RESET_B : -3.702416
[setup in-reg] rst_n -> _18891_/RESET_B : -3.702416
[setup in-reg] rst_n -> _18892_/RESET_B : -3.702416
[setup in-reg] rst_n -> _18893_/RESET_B : -3.702416
[setup in-reg] rst_n -> _18894_/RESET_B : -3.702416
[setup in-reg] rst_n -> _18895_/RESET_B : -3.702416
[setup in-reg] rst_n -> _18896_/RESET_B : -3.702416
[setup in-reg] rst_n -> _18897_/RESET_B : -3.702416
[setup in-reg] rst_n -> _18898_/RESET_B : -3.702416
[setup in-reg] rst_n -> _18899_/RESET_B : -3.702416
[setup in-reg] rst_n -> _18900_/RESET_B : -3.702416
[setup in-reg] rst_n -> _18901_/RESET_B : -3.702416
[setup in-reg] rst_n -> _18902_/RESET_B : -3.702416
[setup in-reg] rst_n -> _18903_/RESET_B : -3.702416
[setup in-reg] rst_n -> _18904_/RESET_B : -3.702416
[setup in-reg] rst_n -> _18905_/RESET_B : -3.702416
[setup in-reg] rst_n -> _18906_/RESET_B : -3.702416
[setup in-reg] rst_n -> _18907_/RESET_B : -3.702416
[setup in-reg] rst_n -> _18908_/RESET_B : -3.702416
[setup in-reg] rst_n -> _18909_/RESET_B : -3.702416
[setup in-reg] rst_n -> _18910_/RESET_B : -3.702416
[setup in-reg] rst_n -> _18911_/RESET_B : -3.702416
[setup in-reg] rst_n -> _18912_/RESET_B : -3.702416
[setup in-reg] rst_n -> _18913_/RESET_B : -3.702416
[setup in-reg] rst_n -> _18914_/RESET_B : -3.702416
[setup in-reg] rst_n -> _18915_/RESET_B : -3.702416
[setup in-reg] rst_n -> _18916_/RESET_B : -3.702416
[setup in-reg] rst_n -> _18917_/RESET_B : -3.702416
[setup in-reg] rst_n -> _18918_/RESET_B : -3.702416
[setup in-reg] rst_n -> _18919_/RESET_B : -3.702416
[setup in-reg] rst_n -> _18920_/RESET_B : -3.702416
[setup in-reg] rst_n -> _18921_/RESET_B : -3.702416
[setup in-reg] rst_n -> _18922_/RESET_B : -3.702416
[setup in-reg] rst_n -> _18923_/RESET_B : -3.702416
[setup in-reg] rst_n -> _18924_/RESET_B : -3.702416
[setup in-reg] rst_n -> _18925_/RESET_B : -3.702416
[setup in-reg] rst_n -> _18926_/RESET_B : -3.702416
[setup in-reg] rst_n -> _18927_/RESET_B : -3.702416
[setup in-reg] rst_n -> _18928_/RESET_B : -3.702416
[setup in-reg] rst_n -> _18929_/RESET_B : -3.702416
[setup in-reg] rst_n -> _18930_/RESET_B : -3.702416
[setup in-reg] rst_n -> _18931_/RESET_B : -3.702416
[setup in-reg] rst_n -> _18932_/RESET_B : -3.702416
[setup in-reg] rst_n -> _18933_/RESET_B : -3.702416
[setup in-reg] rst_n -> _18934_/RESET_B : -3.702416
[setup in-reg] rst_n -> _18935_/RESET_B : -3.702416
[setup in-reg] rst_n -> _18936_/RESET_B : -3.702416
[setup in-reg] rst_n -> _18937_/RESET_B : -3.702416
[setup in-reg] rst_n -> _18938_/RESET_B : -3.702416
[setup in-reg] rst_n -> _18939_/RESET_B : -3.702416
[setup in-reg] rst_n -> _18940_/RESET_B : -3.702416
[setup in-reg] rst_n -> _18941_/RESET_B : -3.702416
[setup in-reg] rst_n -> _18942_/RESET_B : -3.702416
[setup in-reg] rst_n -> _18943_/RESET_B : -3.702416
[setup in-reg] rst_n -> _18944_/RESET_B : -3.702416
[setup in-reg] rst_n -> _18945_/RESET_B : -3.702416
[setup in-reg] rst_n -> _18946_/RESET_B : -3.702416
[setup in-reg] rst_n -> _18947_/RESET_B : -3.702416
[setup in-reg] rst_n -> _18948_/RESET_B : -3.702416
[setup in-reg] rst_n -> _18949_/RESET_B : -3.702416
[setup in-reg] rst_n -> _18950_/RESET_B : -3.702416
[setup in-reg] rst_n -> _18951_/RESET_B : -3.702416
[setup in-reg] rst_n -> _18952_/RESET_B : -3.702416
[setup in-reg] rst_n -> _18953_/RESET_B : -3.702416
[setup in-reg] rst_n -> _18954_/RESET_B : -3.702416
[setup in-reg] rst_n -> _18955_/RESET_B : -3.702416
[setup in-reg] rst_n -> _18956_/RESET_B : -3.702416
[setup in-reg] rst_n -> _18957_/RESET_B : -3.702416
[setup in-reg] rst_n -> _18958_/RESET_B : -3.702416
[setup in-reg] rst_n -> _18959_/RESET_B : -3.702416
[setup in-reg] rst_n -> _18960_/RESET_B : -3.702416
[setup in-reg] rst_n -> _18961_/RESET_B : -3.702416
[setup in-reg] rst_n -> _18962_/RESET_B : -3.702416
[setup in-reg] rst_n -> _18963_/RESET_B : -3.702416
[setup in-reg] rst_n -> _18964_/RESET_B : -3.702416
[setup in-reg] rst_n -> _18965_/RESET_B : -3.702416
[setup in-reg] rst_n -> _18966_/RESET_B : -3.702416
[setup in-reg] rst_n -> _18967_/RESET_B : -3.702416
[setup in-reg] rst_n -> _18968_/RESET_B : -3.702416
[setup in-reg] rst_n -> _18969_/RESET_B : -3.702416
[setup in-reg] rst_n -> _18970_/RESET_B : -3.702416
[setup in-reg] rst_n -> _18971_/RESET_B : -3.702416
[setup in-reg] rst_n -> _18972_/RESET_B : -3.702416
[setup in-reg] rst_n -> _18973_/RESET_B : -3.702416
[setup in-reg] rst_n -> _18974_/RESET_B : -3.702416
[setup in-reg] rst_n -> _18975_/RESET_B : -3.702416
[setup in-reg] rst_n -> _18976_/RESET_B : -3.702416
[setup in-reg] rst_n -> _18977_/RESET_B : -3.702416
[setup in-reg] rst_n -> _18978_/RESET_B : -3.702416
[setup in-reg] rst_n -> _18979_/RESET_B : -3.702416
[setup in-reg] rst_n -> _18980_/RESET_B : -3.702416
[setup in-reg] rst_n -> _18981_/RESET_B : -3.702416
[setup in-reg] rst_n -> _18982_/RESET_B : -3.702416
[setup in-reg] rst_n -> _18983_/RESET_B : -3.702416
[setup in-reg] rst_n -> _18984_/RESET_B : -3.702416
[setup in-reg] rst_n -> _18985_/RESET_B : -3.702416
[setup in-reg] rst_n -> _18986_/RESET_B : -3.702416
[setup in-reg] rst_n -> _18987_/RESET_B : -3.702416
[setup in-reg] rst_n -> _18988_/RESET_B : -3.702416
[setup in-reg] rst_n -> _18989_/RESET_B : -3.702416
[setup in-reg] rst_n -> _18990_/RESET_B : -3.702416
[setup in-reg] rst_n -> _18991_/RESET_B : -3.702416
[setup in-reg] rst_n -> _18992_/RESET_B : -3.702416
[setup in-reg] rst_n -> _18993_/RESET_B : -3.702416
[setup in-reg] rst_n -> _18994_/RESET_B : -3.702416
[setup in-reg] rst_n -> _18995_/RESET_B : -3.702416
[setup in-reg] rst_n -> _18996_/RESET_B : -3.702416
[setup in-reg] rst_n -> _18997_/RESET_B : -3.702416
[setup in-reg] rst_n -> _18998_/RESET_B : -3.702416
[setup in-reg] rst_n -> _18999_/RESET_B : -3.702416
[setup in-reg] rst_n -> _19000_/RESET_B : -3.702416
[setup in-reg] rst_n -> _19001_/RESET_B : -3.702416
[setup in-reg] rst_n -> _19002_/RESET_B : -3.702416
[setup in-reg] rst_n -> _19003_/RESET_B : -3.702416
[setup in-reg] rst_n -> _19004_/RESET_B : -3.702416
[setup in-reg] rst_n -> _19005_/RESET_B : -3.702416
[setup in-reg] rst_n -> _19006_/RESET_B : -3.702416
[setup in-reg] rst_n -> _19007_/RESET_B : -3.702416
[setup in-reg] rst_n -> _19008_/RESET_B : -3.702416
[setup in-reg] rst_n -> _19009_/RESET_B : -3.702416
[setup in-reg] rst_n -> _19010_/RESET_B : -3.702416
[setup in-reg] rst_n -> _19011_/RESET_B : -3.702416
[setup in-reg] rst_n -> _19012_/RESET_B : -3.702416
[setup in-reg] rst_n -> _19013_/RESET_B : -3.702416
[setup in-reg] rst_n -> _19014_/RESET_B : -3.702416
[setup in-reg] rst_n -> _19015_/RESET_B : -3.702416
[setup in-reg] rst_n -> _19016_/RESET_B : -3.702416
[setup in-reg] rst_n -> _19017_/RESET_B : -3.702416
[setup in-reg] rst_n -> _19018_/RESET_B : -3.702416
[setup in-reg] rst_n -> _19019_/RESET_B : -3.702416
[setup in-reg] rst_n -> _19020_/RESET_B : -3.702416
[setup in-reg] rst_n -> _19021_/RESET_B : -3.702416
[setup in-reg] rst_n -> _19022_/RESET_B : -3.702416
[setup in-reg] rst_n -> _19023_/RESET_B : -3.702416
[setup in-reg] rst_n -> _19024_/RESET_B : -3.702416
[setup in-reg] rst_n -> _19025_/RESET_B : -3.702416
[setup in-reg] rst_n -> _19026_/RESET_B : -3.702416
[setup in-reg] rst_n -> _19027_/RESET_B : -3.702416
[setup in-reg] rst_n -> _19028_/RESET_B : -3.702416
[setup in-reg] rst_n -> _19029_/RESET_B : -3.702416
[setup in-reg] rst_n -> _19030_/RESET_B : -3.702416
[setup in-reg] rst_n -> _19031_/RESET_B : -3.702416
[setup in-reg] rst_n -> _19032_/RESET_B : -3.702416
[setup in-reg] rst_n -> _19033_/RESET_B : -3.702416
[setup in-reg] rst_n -> _19034_/RESET_B : -3.702416
[setup in-reg] rst_n -> _19035_/RESET_B : -3.702416
[setup in-reg] rst_n -> _19036_/RESET_B : -3.702416
[setup in-reg] rst_n -> _19037_/RESET_B : -3.702416
[setup in-reg] rst_n -> _19038_/RESET_B : -3.702416
[setup in-reg] rst_n -> _19039_/RESET_B : -3.702416
[setup in-reg] rst_n -> _19040_/RESET_B : -3.702416
[setup in-reg] rst_n -> _19041_/RESET_B : -3.702416
[setup in-reg] rst_n -> _19042_/RESET_B : -3.702416
[setup in-reg] rst_n -> _19043_/RESET_B : -3.702416
[setup in-reg] rst_n -> _19044_/RESET_B : -3.702416
[setup in-reg] rst_n -> _19045_/RESET_B : -3.702416
[setup in-reg] rst_n -> _19046_/RESET_B : -3.702416
[setup in-reg] rst_n -> _19047_/RESET_B : -3.702416
[setup in-reg] rst_n -> _19048_/RESET_B : -3.702416
[setup in-reg] rst_n -> _19049_/RESET_B : -3.702416
[setup in-reg] rst_n -> _19050_/RESET_B : -3.702416
[setup in-reg] rst_n -> _19051_/RESET_B : -3.702416
[setup in-reg] rst_n -> _19052_/RESET_B : -3.702416
[setup in-reg] rst_n -> _19053_/RESET_B : -3.702416
[setup in-reg] rst_n -> _19054_/RESET_B : -3.702416
[setup in-reg] rst_n -> _19055_/RESET_B : -3.702416
[setup in-reg] rst_n -> _19056_/RESET_B : -3.702416
[setup in-reg] rst_n -> _19057_/RESET_B : -3.702416
[setup in-reg] rst_n -> _19058_/RESET_B : -3.702416
[setup in-reg] rst_n -> _19059_/RESET_B : -3.702416
[setup in-reg] rst_n -> _19060_/RESET_B : -3.702416
[setup in-reg] rst_n -> _19061_/RESET_B : -3.702416
[setup in-reg] rst_n -> _19062_/RESET_B : -3.702416
[setup in-reg] rst_n -> _19063_/RESET_B : -3.702416
[setup in-reg] rst_n -> _19064_/RESET_B : -3.702416
[setup in-reg] rst_n -> _19065_/RESET_B : -3.702416
[setup in-reg] rst_n -> _19066_/RESET_B : -3.702416
[setup in-reg] rst_n -> _19067_/RESET_B : -3.702416
[setup in-reg] rst_n -> _19068_/RESET_B : -3.702416
[setup in-reg] rst_n -> _19069_/RESET_B : -3.702416
[setup in-reg] rst_n -> _19070_/RESET_B : -3.702416
[setup in-reg] rst_n -> _19071_/RESET_B : -3.702416
[setup in-reg] rst_n -> _19072_/RESET_B : -3.702416
[setup in-reg] rst_n -> _19073_/RESET_B : -3.702416
[setup in-reg] rst_n -> _19074_/RESET_B : -3.702416
[setup in-reg] rst_n -> _19075_/RESET_B : -3.702416
[setup in-reg] rst_n -> _19076_/RESET_B : -3.702416
[setup in-reg] rst_n -> _19077_/RESET_B : -3.702416
[setup in-reg] rst_n -> _19078_/RESET_B : -3.702416
[setup in-reg] rst_n -> _19079_/RESET_B : -3.702416
[setup in-reg] rst_n -> _19080_/RESET_B : -3.702416
[setup in-reg] rst_n -> _19081_/RESET_B : -3.702416
[setup in-reg] rst_n -> _19082_/RESET_B : -3.702416
[setup in-reg] rst_n -> _19083_/RESET_B : -3.702416
[setup in-reg] rst_n -> _19084_/RESET_B : -3.702416
[setup in-reg] rst_n -> _19085_/RESET_B : -3.702416
[setup in-reg] rst_n -> _19086_/RESET_B : -3.702416
[setup in-reg] rst_n -> _19087_/RESET_B : -3.702416
[setup in-reg] rst_n -> _19088_/RESET_B : -3.702416
[setup in-reg] rst_n -> _19089_/RESET_B : -3.702416
[setup in-reg] rst_n -> _19090_/RESET_B : -3.702416
[setup in-reg] rst_n -> _19091_/RESET_B : -3.702416
[setup in-reg] rst_n -> _19092_/RESET_B : -3.702416
[setup in-reg] rst_n -> _19093_/RESET_B : -3.702416
[setup in-reg] rst_n -> _19094_/RESET_B : -3.702416
[setup in-reg] rst_n -> _19095_/RESET_B : -3.702416
[setup in-reg] rst_n -> _19096_/RESET_B : -3.702416
[setup in-reg] rst_n -> _19097_/RESET_B : -3.702416
[setup in-reg] rst_n -> _19098_/RESET_B : -3.702416
[setup in-reg] rst_n -> _19099_/RESET_B : -3.702416
[setup in-reg] rst_n -> _19100_/RESET_B : -3.702416
[setup in-reg] rst_n -> _19101_/RESET_B : -3.702416
[setup in-reg] rst_n -> _19102_/RESET_B : -3.702416
[setup in-reg] rst_n -> _19103_/RESET_B : -3.702416
[setup in-reg] rst_n -> _19104_/RESET_B : -3.702416
[setup in-reg] rst_n -> _19105_/RESET_B : -3.702416
[setup in-reg] rst_n -> _19106_/RESET_B : -3.702416
[setup in-reg] rst_n -> _19107_/RESET_B : -3.702416
[setup in-reg] rst_n -> _19108_/RESET_B : -3.702416
[setup in-reg] rst_n -> _19109_/RESET_B : -3.702416
[setup in-reg] rst_n -> _19110_/RESET_B : -3.702416
[setup in-reg] rst_n -> _19111_/RESET_B : -3.702416
[setup in-reg] rst_n -> _19112_/RESET_B : -3.702416
[setup in-reg] rst_n -> _19113_/RESET_B : -3.702416
[setup in-reg] rst_n -> _19114_/RESET_B : -3.702416
[setup in-reg] rst_n -> _19115_/RESET_B : -3.702416
[setup in-reg] rst_n -> _19116_/RESET_B : -3.702416
[setup in-reg] rst_n -> _19117_/RESET_B : -3.702416
[setup in-reg] rst_n -> _19118_/RESET_B : -3.702416
[setup in-reg] rst_n -> _19119_/RESET_B : -3.702416
[setup in-reg] rst_n -> _19120_/RESET_B : -3.702416
[setup in-reg] rst_n -> _19121_/RESET_B : -3.702416
[setup in-reg] rst_n -> _19122_/RESET_B : -3.702416
[setup in-reg] rst_n -> _19123_/RESET_B : -3.702416
[setup in-reg] rst_n -> _19124_/RESET_B : -3.702416
[setup in-reg] rst_n -> _19125_/RESET_B : -3.702416
[setup in-reg] rst_n -> _19126_/RESET_B : -3.702416
[setup in-reg] rst_n -> _19127_/RESET_B : -3.702416
[setup in-reg] rst_n -> _19128_/RESET_B : -3.702416
[setup in-reg] rst_n -> _19129_/RESET_B : -3.702416
[setup in-reg] rst_n -> _19530_/RESET_B : -3.702416
[setup in-reg] rst_n -> _19531_/RESET_B : -3.702416
