133. Printing statistics.

=== tt_um_aes128_optimized ===

        +----------Local Count, excluding submodules.
        |        +-Local Area, excluding submodules.
        |        | 
     5596        - wires
     7177        - wire bits
       37        - public wires
     1086        - public wire bits
        8        - ports
       43        - port bits
     6854 2.65E+04 cells
     1321        -   $_ANDNOT_
      191        -   $_AND_
     1798        -   $_MUX_
       53        -   $_NAND_
       75        -   $_NOR_
      306        -   $_NOT_
      211        -   $_ORNOT_
     1385        -   $_OR_
      128        -   $_XNOR_
      376        -   $_XOR_
     1009 2.65E+04   sky130_fd_sc_hd__dfrtp_2
        1   26.275   sky130_fd_sc_hd__dfstp_2

   Area for cell type $_ANDNOT_ is unknown!
   Area for cell type $_AND_ is unknown!
   Area for cell type $_MUX_ is unknown!
   Area for cell type $_NAND_ is unknown!
   Area for cell type $_NOR_ is unknown!
   Area for cell type $_NOT_ is unknown!
   Area for cell type $_ORNOT_ is unknown!
   Area for cell type $_OR_ is unknown!
   Area for cell type $_XNOR_ is unknown!
   Area for cell type $_XOR_ is unknown!

   Chip area for module '\tt_um_aes128_optimized': 26537.952000
     of which used for sequential elements: 26537.952000 (100.00%)

