Clock: clk
Sources: clk 
Generated: no
Virtual: yes
Propagated: no
Period: 20.000000

===========================================================================
report_clock_properties
============================================================================
Clock                   Period          Waveform
----------------------------------------------------
clk                  20.000000    0.000000 10.000000

===========================================================================
report_clock_latency
============================================================================
Clock clk
rise -> rise
    min     max
0.000000 0.000000 source latency
6.223281         network latency _18958_/CLK
        6.618154 network latency _18908_/CLK
---------------
6.223281 6.618154 latency
        0.394873 skew

fall -> fall
    min     max
0.000000 0.000000 source latency
2.976152         network latency _18958_/CLK
        3.344200 network latency _18908_/CLK
---------------
2.976152 3.344200 latency
        0.368048 skew



===========================================================================
report_clock_min_period
============================================================================
clk period_min = 9.72 fmax = 102.91
