
===========================================================================
 report_power
============================================================================
======================= nom_tt_025C_1v80 Corner ===================================

Group                    Internal    Switching      Leakage        Total
                            Power        Power        Power        Power (Watts)
------------------------------------------------------------------------
Sequential           1.883671e-03 2.866119e-06 9.754831e-09 1.886547e-03  97.7%
Combinational        4.530539e-06 4.046981e-05 3.589025e-08 4.503624e-05   2.3%
Clock                0.000000e+00 0.000000e+00 5.248863e-10 5.248863e-10   0.0%
Macro                0.000000e+00 0.000000e+00 0.000000e+00 0.000000e+00   0.0%
Pad                  0.000000e+00 0.000000e+00 0.000000e+00 0.000000e+00   0.0%
------------------------------------------------------------------------
Total                1.888201e-03 4.333591e-05 4.617042e-08 1.931583e-03 100.0%
                            97.8%         2.2%         0.0%
Writing metric power__internal__total: 0.001888201222755015
Writing metric power__switching__total: 4.333590550231747e-5
Writing metric power__leakage__total: 4.617042037580177e-8
Writing metric power__total: 0.0019315833924338222

