
===========================================================================
Violator List
============================================================================
[hold in-reg] uio_in[2] -> _19529_/D : -3.260641
[hold in-reg] ui_in[3] -> _19133_/D : -3.103179
[hold in-reg] ui_in[0] -> _19130_/D : -3.101478
[hold in-reg] ui_in[7] -> _19137_/D : -3.098293
[hold in-reg] ui_in[5] -> _19135_/D : -3.094518
[hold in-reg] ui_in[6] -> _19136_/D : -3.091751
[hold in-reg] ui_in[2] -> _19132_/D : -3.089222
[hold in-reg] ui_in[1] -> _19131_/D : -3.087502
[hold in-reg] ui_in[4] -> _19134_/D : -3.081703
[hold in-reg] ui_in[3] -> _19261_/D : -3.075394
[hold in-reg] ui_in[0] -> _19258_/D : -3.073310
[hold in-reg] ui_in[4] -> _19262_/D : -3.072411
[hold in-reg] ui_in[7] -> _19265_/D : -3.070136
[hold in-reg] uio_in[2] -> _19528_/D : -3.066029
[hold in-reg] ui_in[5] -> _19263_/D : -3.065516
[hold in-reg] ui_in[6] -> _19264_/D : -3.064775
[hold in-reg] ui_in[2] -> _19260_/D : -3.061268
[hold in-reg] ui_in[1] -> _19259_/D : -3.059863
[hold in-reg] ena -> _19518_/D : -3.045900
[hold in-reg] ena -> _19523_/D : -3.045136
[hold in-reg] uio_in[3] -> _19527_/D : -3.012295
[hold in-reg] uio_in[3] -> _19525_/D : -3.004005
[hold in-reg] ena -> _19514_/D : -2.995993
[hold in-reg] uio_in[3] -> _19524_/D : -2.984640
[hold in-reg] ena -> _19522_/D : -2.973546
[hold in-reg] ena -> _19519_/D : -2.973115
[hold in-reg] ena -> _19517_/D : -2.972666
[hold in-reg] ena -> _19515_/D : -2.919940
[hold in-reg] ena -> _19520_/D : -2.896977
[hold in-reg] uio_in[2] -> _19526_/D : -2.837860
[hold in-reg] uio_in[1] -> _19371_/D : -2.819460
[hold in-reg] uio_in[1] -> _19370_/D : -2.815367
[hold in-reg] uio_in[1] -> _19377_/D : -2.815164
[hold in-reg] uio_in[1] -> _19373_/D : -2.814619
[hold in-reg] uio_in[0] -> _19243_/D : -2.810428
[hold in-reg] uio_in[1] -> _19372_/D : -2.808070
[hold in-reg] uio_in[0] -> _19249_/D : -2.807550
[hold in-reg] uio_in[0] -> _19242_/D : -2.807158
[hold in-reg] uio_in[0] -> _19245_/D : -2.806794
[hold in-reg] uio_in[1] -> _19374_/D : -2.806428
[hold in-reg] uio_in[1] -> _19375_/D : -2.803317
[hold in-reg] uio_in[1] -> _19376_/D : -2.803184
[hold in-reg] uio_in[0] -> _19244_/D : -2.801230
[hold in-reg] uio_in[0] -> _19246_/D : -2.800431
[hold in-reg] uio_in[0] -> _19247_/D : -2.797632
[hold in-reg] uio_in[0] -> _19248_/D : -2.796344
[hold in-reg] uio_in[0] -> _19235_/D : -2.548867
[hold in-reg] uio_in[0] -> _19237_/D : -2.548310
[hold in-reg] uio_in[0] -> _19234_/D : -2.547400
[hold in-reg] uio_in[0] -> _19241_/D : -2.545378
[hold in-reg] uio_in[1] -> _19362_/D : -2.540564
[hold in-reg] uio_in[0] -> _19236_/D : -2.540113
[hold in-reg] uio_in[1] -> _19363_/D : -2.539690
[hold in-reg] uio_in[0] -> _19238_/D : -2.539674
[hold in-reg] uio_in[1] -> _19365_/D : -2.539161
[hold in-reg] uio_in[1] -> _19369_/D : -2.537628
[hold in-reg] uio_in[0] -> _19239_/D : -2.536179
[hold in-reg] uio_in[0] -> _19240_/D : -2.536007
[hold in-reg] uio_in[1] -> _19521_/D : -2.535778
[hold in-reg] uio_in[1] -> _19366_/D : -2.531362
[hold in-reg] uio_in[1] -> _19364_/D : -2.529806
[hold in-reg] uio_in[0] -> _19516_/D : -2.527945
[hold in-reg] uio_in[1] -> _19368_/D : -2.527537
[hold in-reg] uio_in[1] -> _19367_/D : -2.527517
[hold in-reg] uio_in[0] -> _19257_/D : -1.787384
[hold in-reg] uio_in[0] -> _19251_/D : -1.787102
[hold in-reg] uio_in[0] -> _19256_/D : -1.786775
[hold in-reg] uio_in[0] -> _19255_/D : -1.786312
[hold in-reg] uio_in[0] -> _19254_/D : -1.785904
[hold in-reg] uio_in[0] -> _19138_/D : -1.780999
[hold in-reg] uio_in[0] -> _19250_/D : -1.780462
[hold in-reg] uio_in[0] -> _19149_/D : -1.779763
[hold in-reg] uio_in[0] -> _19141_/D : -1.779571
[hold in-reg] uio_in[0] -> _19154_/D : -1.779248
[hold in-reg] uio_in[0] -> _19146_/D : -1.779117
[hold in-reg] uio_in[0] -> _19253_/D : -1.779012
[hold in-reg] uio_in[0] -> _19157_/D : -1.776749
[hold in-reg] uio_in[0] -> _19212_/D : -1.773850
[hold in-reg] uio_in[0] -> _19252_/D : -1.773659
[hold in-reg] uio_in[0] -> _19204_/D : -1.772802
[hold in-reg] uio_in[0] -> _19220_/D : -1.772784
[hold in-reg] uio_in[0] -> _19140_/D : -1.772423
[hold in-reg] uio_in[0] -> _19148_/D : -1.772274
[hold in-reg] uio_in[0] -> _19228_/D : -1.771045
[hold in-reg] uio_in[0] -> _19156_/D : -1.768330
[hold in-reg] uio_in[0] -> _19144_/D : -1.767836
[hold in-reg] uio_in[0] -> _19153_/D : -1.767782
[hold in-reg] uio_in[0] -> _19143_/D : -1.766845
[hold in-reg] uio_in[0] -> _19218_/D : -1.764671
[hold in-reg] uio_in[0] -> _19226_/D : -1.764618
[hold in-reg] uio_in[0] -> _19161_/D : -1.763937
[hold in-reg] uio_in[0] -> _19185_/D : -1.762633
[hold in-reg] uio_in[0] -> _19169_/D : -1.761762
[hold in-reg] uio_in[0] -> _19177_/D : -1.761583
[hold in-reg] uio_in[0] -> _19165_/D : -1.760426
[hold in-reg] uio_in[0] -> _19173_/D : -1.757770
[hold in-reg] uio_in[0] -> _19145_/D : -1.757413
[hold in-reg] uio_in[1] -> _19385_/D : -1.751270
[hold in-reg] uio_in[1] -> _19383_/D : -1.750649
[hold in-reg] uio_in[1] -> _19384_/D : -1.750645
[hold in-reg] uio_in[1] -> _19379_/D : -1.750439
[hold in-reg] uio_in[1] -> _19382_/D : -1.749279
[hold in-reg] uio_in[0] -> _19217_/D : -1.746034
[hold in-reg] uio_in[0] -> _19188_/D : -1.744618
[hold in-reg] uio_in[1] -> _19378_/D : -1.744237
[hold in-reg] uio_in[0] -> _19172_/D : -1.744107
[hold in-reg] uio_in[0] -> _19180_/D : -1.743960
[hold in-reg] uio_in[0] -> _19164_/D : -1.743731
[hold in-reg] uio_in[1] -> _19282_/D : -1.743706
[hold in-reg] uio_in[1] -> _19381_/D : -1.743210
[hold in-reg] uio_in[0] -> _19151_/D : -1.743121
[hold in-reg] uio_in[1] -> _19274_/D : -1.743036
[hold in-reg] uio_in[1] -> _19266_/D : -1.743006
[hold in-reg] uio_in[0] -> _19196_/D : -1.742979
[hold in-reg] uio_in[1] -> _19269_/D : -1.742680
[hold in-reg] uio_in[0] -> _19139_/D : -1.741881
[hold in-reg] uio_in[0] -> _19142_/D : -1.740716
[hold in-reg] uio_in[0] -> _19210_/D : -1.740579
[hold in-reg] uio_in[0] -> _19209_/D : -1.739726
[hold in-reg] uio_in[1] -> _19277_/D : -1.739677
[hold in-reg] uio_in[1] -> _19340_/D : -1.738176
[hold in-reg] uio_in[1] -> _19285_/D : -1.737669
[hold in-reg] uio_in[1] -> _19348_/D : -1.737293
[hold in-reg] uio_in[1] -> _19380_/D : -1.736829
[hold in-reg] uio_in[1] -> _19332_/D : -1.736094
[hold in-reg] uio_in[1] -> _19293_/D : -1.735228
[hold in-reg] uio_in[1] -> _19356_/D : -1.735208
[hold in-reg] uio_in[1] -> _19354_/D : -1.733037
[hold in-reg] uio_in[1] -> _19271_/D : -1.732668
[hold in-reg] uio_in[1] -> _19272_/D : -1.732392
[hold in-reg] uio_in[1] -> _19268_/D : -1.732388
[hold in-reg] uio_in[1] -> _19276_/D : -1.732305
[hold in-reg] uio_in[0] -> _19201_/D : -1.730600
[hold in-reg] uio_in[1] -> _19281_/D : -1.730300
[hold in-reg] uio_in[1] -> _19297_/D : -1.729920
[hold in-reg] uio_in[1] -> _19273_/D : -1.729243
[hold in-reg] uio_in[1] -> _19289_/D : -1.728613
[hold in-reg] uio_in[1] -> _19305_/D : -1.725383
[hold in-reg] uio_in[0] -> _19233_/D : -1.723789
[hold in-reg] uio_in[1] -> _19309_/D : -1.722425
[hold in-reg] uio_in[1] -> _19301_/D : -1.722066
[hold in-reg] uio_in[0] -> _19202_/D : -1.719194
[hold in-reg] uio_in[0] -> _19178_/D : -1.718286
[hold in-reg] uio_in[0] -> _19194_/D : -1.718173
[hold in-reg] uio_in[0] -> _19170_/D : -1.717797
[hold in-reg] uio_in[0] -> _19162_/D : -1.717297
[hold in-reg] uio_in[0] -> _19193_/D : -1.717202
[hold in-reg] uio_in[0] -> _19186_/D : -1.717066
[hold in-reg] uio_in[1] -> _19361_/D : -1.716179
[hold in-reg] uio_in[0] -> _19225_/D : -1.715756
[hold in-reg] uio_in[1] -> _19324_/D : -1.711084
[hold in-reg] uio_in[1] -> _19345_/D : -1.710565
[hold in-reg] uio_in[1] -> _19316_/D : -1.710288
[hold in-reg] uio_in[1] -> _19300_/D : -1.710054
[hold in-reg] uio_in[1] -> _19353_/D : -1.709294
[hold in-reg] uio_in[1] -> _19292_/D : -1.708814
[hold in-reg] uio_in[1] -> _19284_/D : -1.708390
[hold in-reg] uio_in[1] -> _19338_/D : -1.708278
[hold in-reg] uio_in[1] -> _19346_/D : -1.708257
[hold in-reg] uio_in[1] -> _19270_/D : -1.707308
[hold in-reg] uio_in[1] -> _19308_/D : -1.707244
[hold in-reg] uio_in[1] -> _19267_/D : -1.707209
[hold in-reg] uio_in[1] -> _19313_/D : -1.707086
[hold in-reg] uio_in[1] -> _19279_/D : -1.706546
[hold in-reg] uio_in[1] -> _19298_/D : -1.705237
[hold in-reg] uio_in[1] -> _19337_/D : -1.704130
[hold in-reg] uio_in[1] -> _19290_/D : -1.702585
[hold in-reg] uio_in[0] -> _19232_/D : -1.700066
[hold in-reg] uio_in[0] -> _19224_/D : -1.699425
[hold in-reg] uio_in[0] -> _19181_/D : -1.698102
[hold in-reg] uio_in[1] -> _19322_/D : -1.689737
[hold in-reg] uio_in[1] -> _19306_/D : -1.687205
[hold in-reg] uio_in[1] -> _19314_/D : -1.687073
[hold in-reg] uio_in[1] -> _19329_/D : -1.686364
[hold in-reg] uio_in[1] -> _19330_/D : -1.686230
[hold in-reg] uio_in[1] -> _19321_/D : -1.684472
[hold in-reg] uio_in[0] -> _19229_/D : -1.681594
[hold in-reg] uio_in[1] -> _19360_/D : -1.676476
[hold in-reg] uio_in[0] -> _19205_/D : -1.672102
[hold in-reg] uio_in[0] -> _19221_/D : -1.671634
[hold in-reg] uio_in[0] -> _19213_/D : -1.670717
[hold in-reg] uio_in[0] -> _19197_/D : -1.660374
[hold in-reg] uio_in[0] -> _19189_/D : -1.658321
[hold in-reg] uio_in[1] -> _19357_/D : -1.654147
[hold in-reg] uio_in[1] -> _19349_/D : -1.646143
[hold in-reg] uio_in[0] -> _19147_/D : -1.640482
[hold in-reg] uio_in[0] -> _19168_/D : -1.639466
[hold in-reg] uio_in[0] -> _19176_/D : -1.639458
[hold in-reg] uio_in[0] -> _19159_/D : -1.638533
[hold in-reg] uio_in[0] -> _19160_/D : -1.637877
[hold in-reg] uio_in[1] -> _19341_/D : -1.637778
[hold in-reg] uio_in[0] -> _19152_/D : -1.637377
[hold in-reg] uio_in[0] -> _19184_/D : -1.637363
[hold in-reg] uio_in[0] -> _19155_/D : -1.637034
[hold in-reg] uio_in[0] -> _19150_/D : -1.636424
[hold in-reg] uio_in[0] -> _19158_/D : -1.634455
[hold in-reg] uio_in[1] -> _19333_/D : -1.633544
[hold in-reg] uio_in[0] -> _19208_/D : -1.632827
[hold in-reg] uio_in[0] -> _19227_/D : -1.631834
[hold in-reg] uio_in[0] -> _19163_/D : -1.631585
[hold in-reg] uio_in[0] -> _19216_/D : -1.630274
[hold in-reg] uio_in[0] -> _19200_/D : -1.629975
[hold in-reg] uio_in[0] -> _19171_/D : -1.629870
[hold in-reg] uio_in[0] -> _19192_/D : -1.628774
[hold in-reg] uio_in[1] -> _19325_/D : -1.628222
[hold in-reg] uio_in[0] -> _19166_/D : -1.627896
[hold in-reg] uio_in[0] -> _19175_/D : -1.625005
[hold in-reg] uio_in[0] -> _19167_/D : -1.623215
[hold in-reg] uio_in[0] -> _19183_/D : -1.622889
[hold in-reg] uio_in[0] -> _19219_/D : -1.621438
[hold in-reg] uio_in[1] -> _19317_/D : -1.620698
[hold in-reg] uio_in[0] -> _19211_/D : -1.620441
[hold in-reg] uio_in[0] -> _19231_/D : -1.619849
[hold in-reg] uio_in[0] -> _19199_/D : -1.619814
[hold in-reg] uio_in[0] -> _19215_/D : -1.619347
[hold in-reg] uio_in[0] -> _19223_/D : -1.618972
[hold in-reg] uio_in[0] -> _19191_/D : -1.618870
[hold in-reg] uio_in[0] -> _19207_/D : -1.617707
[hold in-reg] uio_in[0] -> _19174_/D : -1.610381
[hold in-reg] uio_in[0] -> _19187_/D : -1.609676
[hold in-reg] uio_in[0] -> _19230_/D : -1.609506
[hold in-reg] uio_in[0] -> _19203_/D : -1.609215
[hold in-reg] uio_in[0] -> _19195_/D : -1.608725
[hold in-reg] uio_in[0] -> _19179_/D : -1.607890
[hold in-reg] uio_in[1] -> _19275_/D : -1.606975
[hold in-reg] uio_in[0] -> _19222_/D : -1.606177
[hold in-reg] uio_in[1] -> _19304_/D : -1.605498
[hold in-reg] uio_in[1] -> _19287_/D : -1.604197
[hold in-reg] uio_in[1] -> _19312_/D : -1.604045
[hold in-reg] uio_in[0] -> _19190_/D : -1.603819
[hold in-reg] uio_in[1] -> _19278_/D : -1.603510
[hold in-reg] uio_in[1] -> _19283_/D : -1.603156
[hold in-reg] uio_in[0] -> _19198_/D : -1.603152
[hold in-reg] uio_in[0] -> _19206_/D : -1.603099
[hold in-reg] uio_in[1] -> _19288_/D : -1.603025
[hold in-reg] uio_in[1] -> _19296_/D : -1.602515
[hold in-reg] uio_in[1] -> _19280_/D : -1.602195
[hold in-reg] uio_in[0] -> _19182_/D : -1.602139
[hold in-reg] uio_in[1] -> _19286_/D : -1.602069
[hold in-reg] uio_in[0] -> _19214_/D : -1.601656
[hold in-reg] uio_in[1] -> _19295_/D : -1.601605
[hold in-reg] uio_in[1] -> _19336_/D : -1.598076
[hold in-reg] uio_in[1] -> _19344_/D : -1.597481
[hold in-reg] uio_in[1] -> _19291_/D : -1.597313
[hold in-reg] uio_in[1] -> _19299_/D : -1.597205
[hold in-reg] uio_in[1] -> _19355_/D : -1.596724
[hold in-reg] uio_in[1] -> _19328_/D : -1.596415
[hold in-reg] uio_in[1] -> _19320_/D : -1.596024
[hold in-reg] uio_in[1] -> _19352_/D : -1.595993
[hold in-reg] uio_in[1] -> _19294_/D : -1.594600
[hold in-reg] uio_in[1] -> _19302_/D : -1.592507
[hold in-reg] uio_in[1] -> _19303_/D : -1.592184
[hold in-reg] uio_in[1] -> _19359_/D : -1.590661
[hold in-reg] uio_in[1] -> _19347_/D : -1.588230
[hold in-reg] uio_in[1] -> _19351_/D : -1.587468
[hold in-reg] uio_in[1] -> _19339_/D : -1.587438
[hold in-reg] uio_in[1] -> _19343_/D : -1.586909
[hold in-reg] uio_in[1] -> _19335_/D : -1.583982
[hold in-reg] uio_in[1] -> _19311_/D : -1.583480
[hold in-reg] uio_in[1] -> _19358_/D : -1.578111
[hold in-reg] uio_in[1] -> _19331_/D : -1.576440
[hold in-reg] uio_in[1] -> _19323_/D : -1.576271
[hold in-reg] uio_in[1] -> _19319_/D : -1.575186
[hold in-reg] uio_in[1] -> _19327_/D : -1.574979
[hold in-reg] uio_in[1] -> _19350_/D : -1.572991
[hold in-reg] uio_in[1] -> _19315_/D : -1.570565
[hold in-reg] uio_in[1] -> _19342_/D : -1.569813
[hold in-reg] uio_in[1] -> _19307_/D : -1.568925
[hold in-reg] uio_in[1] -> _19310_/D : -1.568746
[hold in-reg] uio_in[1] -> _19334_/D : -1.568325
[hold in-reg] uio_in[1] -> _19318_/D : -1.568268
[hold in-reg] uio_in[1] -> _19326_/D : -1.568206
[hold in-reg] ena -> _19501_/D : -1.445167
[hold in-reg] ena -> _19509_/D : -1.443287
[hold in-reg] ena -> _19498_/D : -1.442329
[hold in-reg] ena -> _19386_/D : -1.442323
[hold in-reg] ena -> _19490_/D : -1.442198
[hold in-reg] ena -> _19513_/D : -1.441614
[hold in-reg] ena -> _19410_/D : -1.441401
[hold in-reg] ena -> _19389_/D : -1.441177
[hold in-reg] ena -> _19506_/D : -1.440431
[hold in-reg] ena -> _19484_/D : -1.440391
[hold in-reg] ena -> _19493_/D : -1.439994
[hold in-reg] ena -> _19433_/D : -1.439631
[hold in-reg] ena -> _19428_/D : -1.439124
[hold in-reg] ena -> _19396_/D : -1.438885
[hold in-reg] ena -> _19394_/D : -1.438849
[hold in-reg] ena -> _19500_/D : -1.438477
[hold in-reg] ena -> _19492_/D : -1.437560
[hold in-reg] ena -> _19393_/D : -1.437472
[hold in-reg] ena -> _19397_/D : -1.437223
[hold in-reg] ena -> _19391_/D : -1.436363
[hold in-reg] ena -> _19388_/D : -1.436133
[hold in-reg] ena -> _19496_/D : -1.436060
[hold in-reg] ena -> _19502_/D : -1.435938
[hold in-reg] ena -> _19468_/D : -1.435911
[hold in-reg] ena -> _19511_/D : -1.435872
[hold in-reg] ena -> _19409_/D : -1.435799
[hold in-reg] ena -> _19400_/D : -1.435793
[hold in-reg] ena -> _19401_/D : -1.435404
[hold in-reg] ena -> _19465_/D : -1.435130
[hold in-reg] ena -> _19402_/D : -1.435093
[hold in-reg] ena -> _19418_/D : -1.434841
[hold in-reg] ena -> _19508_/D : -1.434773
[hold in-reg] ena -> _19495_/D : -1.434698
[hold in-reg] ena -> _19392_/D : -1.434649
[hold in-reg] ena -> _19413_/D : -1.434474
[hold in-reg] ena -> _19497_/D : -1.434381
[hold in-reg] ena -> _19390_/D : -1.434233
[hold in-reg] ena -> _19503_/D : -1.433836
[hold in-reg] ena -> _19494_/D : -1.433457
[hold in-reg] ena -> _19450_/D : -1.433212
[hold in-reg] ena -> _19387_/D : -1.433150
[hold in-reg] ena -> _19512_/D : -1.432866
[hold in-reg] ena -> _19429_/D : -1.432730
[hold in-reg] ena -> _19505_/D : -1.432489
[hold in-reg] ena -> _19504_/D : -1.432235
[hold in-reg] ena -> _19499_/D : -1.431744
[hold in-reg] ena -> _19425_/D : -1.431486
[hold in-reg] ena -> _19421_/D : -1.431332
[hold in-reg] ena -> _19491_/D : -1.430529
[hold in-reg] ena -> _19510_/D : -1.429973
[hold in-reg] ena -> _19489_/D : -1.429226
[hold in-reg] ena -> _19405_/D : -1.428724
[hold in-reg] ena -> _19482_/D : -1.426857
[hold in-reg] ena -> _19434_/D : -1.424016
[hold in-reg] ena -> _19458_/D : -1.423037
[hold in-reg] ena -> _19466_/D : -1.422811
[hold in-reg] ena -> _19426_/D : -1.422739
[hold in-reg] ena -> _19398_/D : -1.421948
[hold in-reg] ena -> _19473_/D : -1.421077
[hold in-reg] ena -> _19395_/D : -1.420201
[hold in-reg] ena -> _19507_/D : -1.420166
[hold in-reg] ena -> _19411_/D : -1.419588
[hold in-reg] ena -> _19417_/D : -1.419267
[hold in-reg] ena -> _19441_/D : -1.418183
[hold in-reg] ena -> _19399_/D : -1.417134
[hold in-reg] ena -> _19452_/D : -1.417105
[hold in-reg] ena -> _19457_/D : -1.416670
[hold in-reg] ena -> _19481_/D : -1.416577
[hold in-reg] ena -> _19449_/D : -1.416185
[hold in-reg] ena -> _19416_/D : -1.415644
[hold in-reg] ena -> _19461_/D : -1.415453
[hold in-reg] ena -> _19476_/D : -1.414409
[hold in-reg] ena -> _19460_/D : -1.413480
[hold in-reg] ena -> _19404_/D : -1.413018
[hold in-reg] ena -> _19415_/D : -1.411953
[hold in-reg] ena -> _19444_/D : -1.411835
[hold in-reg] ena -> _19412_/D : -1.411696
[hold in-reg] ena -> _19420_/D : -1.411316
[hold in-reg] ena -> _19474_/D : -1.408682
[hold in-reg] ena -> _19442_/D : -1.407747
[hold in-reg] ena -> _19485_/D : -1.406111
[hold in-reg] ena -> _19469_/D : -1.401123
[hold in-reg] ena -> _19483_/D : -1.394280
[hold in-reg] ena -> _19445_/D : -1.390238
[hold in-reg] ena -> _19437_/D : -1.386940
[hold in-reg] ena -> _19477_/D : -1.379343
[hold in-reg] ena -> _19453_/D : -1.371621
[hold in-reg] ena -> _19467_/D : -1.369461
[hold in-reg] ena -> _19459_/D : -1.369287
[hold in-reg] ena -> _19443_/D : -1.355046
[hold in-reg] ena -> _19479_/D : -1.354374
[hold in-reg] ena -> _19486_/D : -1.351363
[hold in-reg] ena -> _19478_/D : -1.350901
[hold in-reg] ena -> _19470_/D : -1.348518
[hold in-reg] ena -> _19451_/D : -1.347863
[hold in-reg] ena -> _19438_/D : -1.347545
[hold in-reg] ena -> _19446_/D : -1.347233
[hold in-reg] ena -> _19454_/D : -1.346709
[hold in-reg] ena -> _19406_/D : -1.338120
[hold in-reg] ena -> _19407_/D : -1.337611
[hold in-reg] ena -> _19424_/D : -1.335651
[hold in-reg] ena -> _19475_/D : -1.335060
[hold in-reg] ena -> _19427_/D : -1.334356
[hold in-reg] ena -> _19448_/D : -1.332212
[hold in-reg] ena -> _19447_/D : -1.330456
[hold in-reg] ena -> _19487_/D : -1.330176
[hold in-reg] ena -> _19439_/D : -1.328509
[hold in-reg] ena -> _19462_/D : -1.328311
[hold in-reg] ena -> _19471_/D : -1.328119
[hold in-reg] ena -> _19422_/D : -1.327869
[hold in-reg] ena -> _19430_/D : -1.326810
[hold in-reg] ena -> _19419_/D : -1.326693
[hold in-reg] ena -> _19440_/D : -1.326204
[hold in-reg] ena -> _19455_/D : -1.326146
[hold in-reg] ena -> _19435_/D : -1.325687
[hold in-reg] ena -> _19463_/D : -1.324383
[hold in-reg] ena -> _19423_/D : -1.323873
[hold in-reg] ena -> _19431_/D : -1.323290
[hold in-reg] ena -> _19480_/D : -1.323222
[hold in-reg] ena -> _19414_/D : -1.323192
[hold in-reg] ena -> _19488_/D : -1.319204
[hold in-reg] ena -> _19456_/D : -1.317994
[hold in-reg] ena -> _19472_/D : -1.317232
[hold in-reg] ena -> _19464_/D : -1.315639
[hold in-reg] ena -> _19403_/D : -1.314800
[hold in-reg] ena -> _19408_/D : -1.311311
[hold in-reg] ena -> _19436_/D : -1.302644
[hold in-reg] ena -> _19432_/D : -1.301920
[hold in-reg] rst_n -> _19394_/RESET_B : -0.299802
[hold in-reg] rst_n -> _19397_/RESET_B : -0.299789
[hold in-reg] rst_n -> _19402_/RESET_B : -0.296537
[hold in-reg] rst_n -> _19429_/RESET_B : -0.296512
[hold in-reg] rst_n -> _19466_/RESET_B : -0.290090
[hold in-reg] rst_n -> _19482_/RESET_B : -0.290064
[hold in-reg] rst_n -> _19458_/RESET_B : -0.289981
[hold in-reg] rst_n -> _19434_/RESET_B : -0.289933
[hold in-reg] rst_n -> _19426_/RESET_B : -0.289876
[hold in-reg] rst_n -> _19218_/RESET_B : -0.289363
[hold in-reg] rst_n -> _19226_/RESET_B : -0.289340
[hold in-reg] rst_n -> _19354_/RESET_B : -0.289339
[hold in-reg] rst_n -> _19483_/RESET_B : -0.285911
[hold in-reg] rst_n -> _19251_/RESET_B : -0.274906
[hold in-reg] rst_n -> _19257_/RESET_B : -0.274904
[hold in-reg] rst_n -> _19385_/RESET_B : -0.274901
[hold in-reg] rst_n -> _19384_/RESET_B : -0.274798
[hold in-reg] rst_n -> _19317_/RESET_B : -0.274775
[hold in-reg] rst_n -> _19383_/RESET_B : -0.274773
[hold in-reg] rst_n -> _19255_/RESET_B : -0.274772
[hold in-reg] rst_n -> _19382_/RESET_B : -0.274772
[hold in-reg] rst_n -> _19254_/RESET_B : -0.274770
[hold in-reg] rst_n -> _19256_/RESET_B : -0.274763
[hold in-reg] rst_n -> _19189_/RESET_B : -0.274526
[hold in-reg] rst_n -> _19325_/RESET_B : -0.274401
[hold in-reg] rst_n -> _19333_/RESET_B : -0.274281
[hold in-reg] rst_n -> _19379_/RESET_B : -0.274259
[hold in-reg] rst_n -> _19371_/RESET_B : -0.274085
[hold in-reg] rst_n -> _19341_/RESET_B : -0.273853
[hold in-reg] rst_n -> _19219_/RESET_B : -0.273719
[hold in-reg] rst_n -> _19349_/RESET_B : -0.273668
[hold in-reg] rst_n -> _19437_/RESET_B : -0.273546
[hold in-reg] rst_n -> _19262_/RESET_B : -0.273384
[hold in-reg] rst_n -> _19355_/RESET_B : -0.273305
[hold in-reg] rst_n -> _19227_/RESET_B : -0.273120
[hold in-reg] rst_n -> _19357_/RESET_B : -0.272799
[hold in-reg] rst_n -> _19243_/RESET_B : -0.272651
[hold in-reg] rst_n -> _19477_/RESET_B : -0.272486
[hold in-reg] rst_n -> _19489_/RESET_B : -0.272240
[hold in-reg] rst_n -> _19347_/RESET_B : -0.271906
[hold in-reg] rst_n -> _19339_/RESET_B : -0.271436
[hold in-reg] rst_n -> _19211_/RESET_B : -0.271092
[hold in-reg] rst_n -> _19149_/RESET_B : -0.271066
[hold in-reg] rst_n -> _19235_/RESET_B : -0.270824
[hold in-reg] rst_n -> _19393_/RESET_B : -0.270663
[hold in-reg] rst_n -> _19506_/RESET_B : -0.270351
[hold in-reg] rst_n -> _19205_/RESET_B : -0.270306
[hold in-reg] rst_n -> _19213_/RESET_B : -0.270306
[hold in-reg] rst_n -> _19221_/RESET_B : -0.270302
[hold in-reg] rst_n -> _19490_/RESET_B : -0.270215
[hold in-reg] rst_n -> _19153_/RESET_B : -0.270060
[hold in-reg] rst_n -> _19361_/RESET_B : -0.270001
[hold in-reg] rst_n -> _19197_/RESET_B : -0.269922
[hold in-reg] rst_n -> _19445_/RESET_B : -0.269907
[hold in-reg] rst_n -> _19232_/RESET_B : -0.269893
[hold in-reg] rst_n -> _19224_/RESET_B : -0.269868
[hold in-reg] rst_n -> _19233_/RESET_B : -0.269655
[hold in-reg] rst_n -> _19363_/RESET_B : -0.269552
[hold in-reg] rst_n -> _19501_/RESET_B : -0.269531
[hold in-reg] rst_n -> _19229_/RESET_B : -0.269360
[hold in-reg] rst_n -> _19389_/RESET_B : -0.269233
[hold in-reg] rst_n -> _19433_/RESET_B : -0.269230
[hold in-reg] rst_n -> _19225_/RESET_B : -0.269184
[hold in-reg] rst_n -> _19418_/RESET_B : -0.269136
[hold in-reg] rst_n -> _19277_/RESET_B : -0.268969
[hold in-reg] rst_n -> _19249_/RESET_B : -0.268891
[hold in-reg] rst_n -> _19157_/RESET_B : -0.268797
[hold in-reg] rst_n -> _19493_/RESET_B : -0.268702
[hold in-reg] rst_n -> _19461_/RESET_B : -0.268622
[hold in-reg] rst_n -> _19450_/RESET_B : -0.268606
[hold in-reg] rst_n -> _19302_/RESET_B : -0.268400
[hold in-reg] rst_n -> _19369_/RESET_B : -0.268392
[hold in-reg] rst_n -> _19360_/RESET_B : -0.268337
[hold in-reg] rst_n -> _19237_/RESET_B : -0.268151
[hold in-reg] rst_n -> _19241_/RESET_B : -0.268077
[hold in-reg] rst_n -> _19525_/RESET_B : -0.268076
[hold in-reg] rst_n -> _19141_/RESET_B : -0.267828
[hold in-reg] rst_n -> _19181_/RESET_B : -0.267823
[hold in-reg] rst_n -> _19467_/RESET_B : -0.267725
[hold in-reg] rst_n -> _19165_/RESET_B : -0.267690
[hold in-reg] rst_n -> _19253_/RESET_B : -0.267656
[hold in-reg] rst_n -> _19133_/RESET_B : -0.267644
[hold in-reg] rst_n -> _19498_/RESET_B : -0.267644
[hold in-reg] rst_n -> _19169_/RESET_B : -0.267610
[hold in-reg] rst_n -> _19509_/RESET_B : -0.267608
[hold in-reg] rst_n -> _19298_/RESET_B : -0.267600
[hold in-reg] rst_n -> _19290_/RESET_B : -0.267598
[hold in-reg] rst_n -> _19524_/RESET_B : -0.267598
[hold in-reg] rst_n -> _19459_/RESET_B : -0.267582
[hold in-reg] rst_n -> _19526_/RESET_B : -0.267567
[hold in-reg] rst_n -> _19305_/RESET_B : -0.267547
[hold in-reg] rst_n -> _19527_/RESET_B : -0.267536
[hold in-reg] rst_n -> _19386_/RESET_B : -0.267521
[hold in-reg] rst_n -> _19245_/RESET_B : -0.267506
[hold in-reg] rst_n -> _19469_/RESET_B : -0.267498
[hold in-reg] rst_n -> _19261_/RESET_B : -0.267352
[hold in-reg] rst_n -> _19401_/RESET_B : -0.267295
[hold in-reg] rst_n -> _19269_/RESET_B : -0.267283
[hold in-reg] rst_n -> _19365_/RESET_B : -0.267226
[hold in-reg] rst_n -> _19301_/RESET_B : -0.267181
[hold in-reg] rst_n -> _19465_/RESET_B : -0.267179
[hold in-reg] rst_n -> _19378_/RESET_B : -0.267050
[hold in-reg] rst_n -> _19146_/RESET_B : -0.267027
[hold in-reg] rst_n -> _19138_/RESET_B : -0.267004
[hold in-reg] rst_n -> _19410_/RESET_B : -0.266952
[hold in-reg] rst_n -> _19373_/RESET_B : -0.266936
[hold in-reg] rst_n -> _19281_/RESET_B : -0.266919
[hold in-reg] rst_n -> _19274_/RESET_B : -0.266886
[hold in-reg] rst_n -> _19273_/RESET_B : -0.266856
[hold in-reg] rst_n -> _19242_/RESET_B : -0.266821
[hold in-reg] rst_n -> _19234_/RESET_B : -0.266803
[hold in-reg] rst_n -> _19381_/RESET_B : -0.266801
[hold in-reg] rst_n -> _19282_/RESET_B : -0.266785
[hold in-reg] rst_n -> _19362_/RESET_B : -0.266783
[hold in-reg] rst_n -> _19154_/RESET_B : -0.266767
[hold in-reg] rst_n -> _19250_/RESET_B : -0.266735
[hold in-reg] rst_n -> _19266_/RESET_B : -0.266719
[hold in-reg] rst_n -> _19513_/RESET_B : -0.266708
[hold in-reg] rst_n -> _19177_/RESET_B : -0.266706
[hold in-reg] rst_n -> _19377_/RESET_B : -0.266702
[hold in-reg] rst_n -> _19258_/RESET_B : -0.266676
[hold in-reg] rst_n -> _19130_/RESET_B : -0.266667
[hold in-reg] rst_n -> _19370_/RESET_B : -0.266664
[hold in-reg] rst_n -> _19210_/RESET_B : -0.266644
[hold in-reg] rst_n -> _19338_/RESET_B : -0.266597
[hold in-reg] rst_n -> _19346_/RESET_B : -0.266587
[hold in-reg] rst_n -> _19452_/RESET_B : -0.266586
[hold in-reg] rst_n -> _19515_/RESET_B : -0.266579
[hold in-reg] rst_n -> _19514_/RESET_B : -0.266577
[hold in-reg] rst_n -> _19142_/RESET_B : -0.266572
[hold in-reg] rst_n -> _19285_/RESET_B : -0.266507
[hold in-reg] rst_n -> _19183_/RESET_B : -0.266409
[hold in-reg] rst_n -> _19303_/RESET_B : -0.266389
[hold in-reg] rst_n -> _19309_/RESET_B : -0.266381
[hold in-reg] rst_n -> _19175_/RESET_B : -0.266367
[hold in-reg] rst_n -> _19167_/RESET_B : -0.266345
[hold in-reg] rst_n -> _19481_/RESET_B : -0.266279
[hold in-reg] rst_n -> _19209_/RESET_B : -0.265961
[hold in-reg] rst_n -> _19421_/RESET_B : -0.265811
[hold in-reg] rst_n -> _19395_/RESET_B : -0.265777
[hold in-reg] rst_n -> _19398_/RESET_B : -0.265737
[hold in-reg] rst_n -> _19411_/RESET_B : -0.265723
[hold in-reg] rst_n -> _19425_/RESET_B : -0.265374
[hold in-reg] rst_n -> _19185_/RESET_B : -0.265284
[hold in-reg] rst_n -> _19173_/RESET_B : -0.265124
[hold in-reg] rst_n -> _19337_/RESET_B : -0.265092
[hold in-reg] rst_n -> _19207_/RESET_B : -0.264904
[hold in-reg] rst_n -> _19353_/RESET_B : -0.264738
[hold in-reg] rst_n -> _19293_/RESET_B : -0.264568
[hold in-reg] rst_n -> _19400_/RESET_B : -0.264341
[hold in-reg] rst_n -> _19508_/RESET_B : -0.264334
[hold in-reg] rst_n -> _19289_/RESET_B : -0.264329
[hold in-reg] rst_n -> _19297_/RESET_B : -0.264327
[hold in-reg] rst_n -> _19457_/RESET_B : -0.264214
[hold in-reg] rst_n -> _19345_/RESET_B : -0.264059
[hold in-reg] rst_n -> _19201_/RESET_B : -0.264034
[hold in-reg] rst_n -> _19217_/RESET_B : -0.264022
[hold in-reg] rst_n -> _19161_/RESET_B : -0.263974
[hold in-reg] rst_n -> _19199_/RESET_B : -0.263482
[hold in-reg] rst_n -> _19335_/RESET_B : -0.263391
[hold in-reg] rst_n -> _19340_/RESET_B : -0.263214
[hold in-reg] rst_n -> _19191_/RESET_B : -0.263209
[hold in-reg] rst_n -> _19484_/RESET_B : -0.263199
[hold in-reg] rst_n -> _19311_/RESET_B : -0.263171
[hold in-reg] rst_n -> _19443_/RESET_B : -0.263077
[hold in-reg] rst_n -> _19479_/RESET_B : -0.263070
[hold in-reg] rst_n -> _19212_/RESET_B : -0.262943
[hold in-reg] rst_n -> _19236_/RESET_B : -0.262767
[hold in-reg] rst_n -> _19244_/RESET_B : -0.262764
[hold in-reg] rst_n -> _19468_/RESET_B : -0.262695
[hold in-reg] rst_n -> _19246_/RESET_B : -0.262672
[hold in-reg] rst_n -> _19238_/RESET_B : -0.262626
[hold in-reg] rst_n -> _19387_/RESET_B : -0.262467
[hold in-reg] rst_n -> _19492_/RESET_B : -0.262450
[hold in-reg] rst_n -> _19263_/RESET_B : -0.262432
[hold in-reg] rst_n -> _19388_/RESET_B : -0.262416
[hold in-reg] rst_n -> _19391_/RESET_B : -0.262411
[hold in-reg] rst_n -> _19135_/RESET_B : -0.262405
[hold in-reg] rst_n -> _19220_/RESET_B : -0.262394
[hold in-reg] rst_n -> _19348_/RESET_B : -0.262391
[hold in-reg] rst_n -> _19392_/RESET_B : -0.262372
[hold in-reg] rst_n -> _19390_/RESET_B : -0.262359
[hold in-reg] rst_n -> _19228_/RESET_B : -0.262350
[hold in-reg] rst_n -> _19356_/RESET_B : -0.262346
[hold in-reg] rst_n -> _19500_/RESET_B : -0.262277
[hold in-reg] rst_n -> _19441_/RESET_B : -0.262212
[hold in-reg] rst_n -> _19409_/RESET_B : -0.262202
[hold in-reg] rst_n -> _19140_/RESET_B : -0.262096
[hold in-reg] rst_n -> _19132_/RESET_B : -0.262017
[hold in-reg] rst_n -> _19453_/RESET_B : -0.261948
[hold in-reg] rst_n -> _19260_/RESET_B : -0.261927
[hold in-reg] rst_n -> _19332_/RESET_B : -0.261907
[hold in-reg] rst_n -> _19204_/RESET_B : -0.261887
[hold in-reg] rst_n -> _19148_/RESET_B : -0.261857
[hold in-reg] rst_n -> _19252_/RESET_B : -0.261636
[hold in-reg] rst_n -> _19380_/RESET_B : -0.261626
[hold in-reg] rst_n -> _19511_/RESET_B : -0.261583
[hold in-reg] rst_n -> _19473_/RESET_B : -0.261559
[hold in-reg] rst_n -> _19502_/RESET_B : -0.261531
[hold in-reg] rst_n -> _19247_/RESET_B : -0.261424
[hold in-reg] rst_n -> _19478_/RESET_B : -0.261392
[hold in-reg] rst_n -> _19239_/RESET_B : -0.261381
[hold in-reg] rst_n -> _19496_/RESET_B : -0.260939
[hold in-reg] rst_n -> _19271_/RESET_B : -0.260924
[hold in-reg] rst_n -> _19272_/RESET_B : -0.260918
[hold in-reg] rst_n -> _19505_/RESET_B : -0.260620
[hold in-reg] rst_n -> _19504_/RESET_B : -0.260584
[hold in-reg] rst_n -> _19364_/RESET_B : -0.260572
[hold in-reg] rst_n -> _19366_/RESET_B : -0.260572
[hold in-reg] rst_n -> _19495_/RESET_B : -0.260571
[hold in-reg] rst_n -> _19503_/RESET_B : -0.260558
[hold in-reg] rst_n -> _19372_/RESET_B : -0.260551
[hold in-reg] rst_n -> _19494_/RESET_B : -0.260550
[hold in-reg] rst_n -> _19374_/RESET_B : -0.260446
[hold in-reg] rst_n -> _19264_/RESET_B : -0.260219
[hold in-reg] rst_n -> _19413_/RESET_B : -0.260125
[hold in-reg] rst_n -> _19528_/RESET_B : -0.260111
[hold in-reg] rst_n -> _19523_/RESET_B : -0.260084
[hold in-reg] rst_n -> _19522_/RESET_B : -0.260083
[hold in-reg] rst_n -> _19521_/RESET_B : -0.260076
[hold in-reg] rst_n -> _19186_/RESET_B : -0.260064
[hold in-reg] rst_n -> _19314_/RESET_B : -0.260049
[hold in-reg] rst_n -> _19486_/RESET_B : -0.259945
[hold in-reg] rst_n -> _19529_/RESET_B : -0.259791
[hold in-reg] rst_n -> _19144_/RESET_B : -0.259778
[hold in-reg] rst_n -> _19451_/RESET_B : -0.259734
[hold in-reg] rst_n -> _19136_/RESET_B : -0.259710
[hold in-reg] rst_n -> _19442_/RESET_B : -0.259661
[hold in-reg] rst_n -> _19497_/RESET_B : -0.259482
[hold in-reg] rst_n -> _19143_/RESET_B : -0.259360
[hold in-reg] rst_n -> _19512_/RESET_B : -0.259333
[hold in-reg] rst_n -> _19474_/RESET_B : -0.259177
[hold in-reg] rst_n -> _19499_/RESET_B : -0.259106
[hold in-reg] rst_n -> _19485_/RESET_B : -0.259087
[hold in-reg] rst_n -> _19405_/RESET_B : -0.258948
[hold in-reg] rst_n -> _19265_/RESET_B : -0.258927
[hold in-reg] rst_n -> _19137_/RESET_B : -0.258922
[hold in-reg] rst_n -> _19145_/RESET_B : -0.258905
[hold in-reg] rst_n -> _19428_/RESET_B : -0.258862
[hold in-reg] rst_n -> _19396_/RESET_B : -0.258759
[hold in-reg] rst_n -> _19491_/RESET_B : -0.258643
[hold in-reg] rst_n -> _19156_/RESET_B : -0.258607
[hold in-reg] rst_n -> _19276_/RESET_B : -0.258399
[hold in-reg] rst_n -> _19510_/RESET_B : -0.258285
[hold in-reg] rst_n -> _19268_/RESET_B : -0.258233
[hold in-reg] rst_n -> _19240_/RESET_B : -0.258058
[hold in-reg] rst_n -> _19248_/RESET_B : -0.257848
[hold in-reg] rst_n -> _19230_/RESET_B : -0.257657
[hold in-reg] rst_n -> _19187_/RESET_B : -0.257617
[hold in-reg] rst_n -> _19195_/RESET_B : -0.257597
[hold in-reg] rst_n -> _19420_/RESET_B : -0.257595
[hold in-reg] rst_n -> _19323_/RESET_B : -0.257590
[hold in-reg] rst_n -> _19331_/RESET_B : -0.257545
[hold in-reg] rst_n -> _19179_/RESET_B : -0.257496
[hold in-reg] rst_n -> _19174_/RESET_B : -0.257463
[hold in-reg] rst_n -> _19358_/RESET_B : -0.257353
[hold in-reg] rst_n -> _19368_/RESET_B : -0.257289
[hold in-reg] rst_n -> _19203_/RESET_B : -0.257069
[hold in-reg] rst_n -> _19139_/RESET_B : -0.257052
[hold in-reg] rst_n -> _19376_/RESET_B : -0.256859
[hold in-reg] rst_n -> _19460_/RESET_B : -0.256779
[hold in-reg] rst_n -> _19412_/RESET_B : -0.256778
[hold in-reg] rst_n -> _19454_/RESET_B : -0.256740
[hold in-reg] rst_n -> _19476_/RESET_B : -0.256691
[hold in-reg] rst_n -> _19470_/RESET_B : -0.256616
[hold in-reg] rst_n -> _19267_/RESET_B : -0.256603
[hold in-reg] rst_n -> _19367_/RESET_B : -0.256470
[hold in-reg] rst_n -> _19446_/RESET_B : -0.256422
[hold in-reg] rst_n -> _19415_/RESET_B : -0.256281
[hold in-reg] rst_n -> _19375_/RESET_B : -0.256271
[hold in-reg] rst_n -> _19327_/RESET_B : -0.256195
[hold in-reg] rst_n -> _19444_/RESET_B : -0.256117
[hold in-reg] rst_n -> _19438_/RESET_B : -0.256044
[hold in-reg] rst_n -> _19319_/RESET_B : -0.256043
[hold in-reg] rst_n -> _19507_/RESET_B : -0.256005
[hold in-reg] rst_n -> _19404_/RESET_B : -0.256000
[hold in-reg] rst_n -> _19313_/RESET_B : -0.255888
[hold in-reg] rst_n -> _19151_/RESET_B : -0.255308
[hold in-reg] rst_n -> _19270_/RESET_B : -0.255139
[hold in-reg] rst_n -> _19279_/RESET_B : -0.255138
[hold in-reg] rst_n -> _19416_/RESET_B : -0.254983
[hold in-reg] rst_n -> _19399_/RESET_B : -0.254930
[hold in-reg] rst_n -> _19222_/RESET_B : -0.254516
[hold in-reg] rst_n -> _19449_/RESET_B : -0.254506
[hold in-reg] rst_n -> _19350_/RESET_B : -0.254402
[hold in-reg] rst_n -> _19193_/RESET_B : -0.254218
[hold in-reg] rst_n -> _19134_/RESET_B : -0.254200
[hold in-reg] rst_n -> _19259_/RESET_B : -0.253818
[hold in-reg] rst_n -> _19131_/RESET_B : -0.253701
[hold in-reg] rst_n -> _19417_/RESET_B : -0.253444
[hold in-reg] rst_n -> _19321_/RESET_B : -0.252809
[hold in-reg] rst_n -> _19310_/RESET_B : -0.251946
[hold in-reg] rst_n -> _19318_/RESET_B : -0.251924
[hold in-reg] rst_n -> _19326_/RESET_B : -0.251874
[hold in-reg] rst_n -> _19315_/RESET_B : -0.251848
[hold in-reg] rst_n -> _19307_/RESET_B : -0.251837
[hold in-reg] rst_n -> _19334_/RESET_B : -0.251832
[hold in-reg] rst_n -> _19182_/RESET_B : -0.251784
[hold in-reg] rst_n -> _19190_/RESET_B : -0.251783
[hold in-reg] rst_n -> _19198_/RESET_B : -0.251754
[hold in-reg] rst_n -> _19342_/RESET_B : -0.251748
[hold in-reg] rst_n -> _19206_/RESET_B : -0.251738
[hold in-reg] rst_n -> _19214_/RESET_B : -0.251693
[hold in-reg] rst_n -> _19329_/RESET_B : -0.248743
[hold in-reg] rst_n -> _19194_/RESET_B : -0.244585
[hold in-reg] rst_n -> _19322_/RESET_B : -0.244548
[hold in-reg] rst_n -> _19202_/RESET_B : -0.244166
[hold in-reg] rst_n -> _19162_/RESET_B : -0.244138
[hold in-reg] rst_n -> _19306_/RESET_B : -0.244105
[hold in-reg] rst_n -> _19170_/RESET_B : -0.244071
[hold in-reg] rst_n -> _19520_/RESET_B : -0.244042
[hold in-reg] rst_n -> _19519_/RESET_B : -0.244026
[hold in-reg] rst_n -> _19330_/RESET_B : -0.243951
[hold in-reg] rst_n -> _19178_/RESET_B : -0.243916
[hold in-reg] rst_n -> _19518_/RESET_B : -0.243883
[hold in-reg] rst_n -> _19516_/RESET_B : -0.243872
[hold in-reg] rst_n -> _19517_/RESET_B : -0.243869
[hold in-reg] rst_n -> _19359_/RESET_B : -0.240453
[hold in-reg] rst_n -> _19231_/RESET_B : -0.237700
[hold in-reg] rst_n -> _19351_/RESET_B : -0.237657
[hold in-reg] rst_n -> _19343_/RESET_B : -0.237616
[hold in-reg] rst_n -> _19223_/RESET_B : -0.237600
[hold in-reg] rst_n -> _19215_/RESET_B : -0.237567
[hold in-reg] rst_n -> _19196_/RESET_B : -0.234183
[hold in-reg] rst_n -> _19180_/RESET_B : -0.234163
[hold in-reg] rst_n -> _19188_/RESET_B : -0.234147
[hold in-reg] rst_n -> _19172_/RESET_B : -0.234133
[hold in-reg] rst_n -> _19284_/RESET_B : -0.234133
[hold in-reg] rst_n -> _19164_/RESET_B : -0.234105
[hold in-reg] rst_n -> _19292_/RESET_B : -0.234071
[hold in-reg] rst_n -> _19324_/RESET_B : -0.234017
[hold in-reg] rst_n -> _19300_/RESET_B : -0.234015
[hold in-reg] rst_n -> _19316_/RESET_B : -0.233994
[hold in-reg] rst_n -> _19308_/RESET_B : -0.233950
[hold in-reg] rst_n -> _19147_/RESET_B : -0.225701
[hold in-reg] rst_n -> _19275_/RESET_B : -0.225685
[hold in-reg] rst_n -> _19403_/RESET_B : -0.225475
[hold in-reg] rst_n -> _19155_/RESET_B : -0.225319
[hold in-reg] rst_n -> _19283_/RESET_B : -0.225238
[hold in-reg] rst_n -> _19304_/RESET_B : -0.225017
[hold in-reg] rst_n -> _19176_/RESET_B : -0.224998
[hold in-reg] rst_n -> _19312_/RESET_B : -0.224998
[hold in-reg] rst_n -> _19168_/RESET_B : -0.224978
[hold in-reg] rst_n -> _19424_/RESET_B : -0.224956
[hold in-reg] rst_n -> _19184_/RESET_B : -0.224922
[hold in-reg] rst_n -> _19448_/RESET_B : -0.224912
[hold in-reg] rst_n -> _19488_/RESET_B : -0.224841
[hold in-reg] rst_n -> _19278_/RESET_B : -0.224608
[hold in-reg] rst_n -> _19150_/RESET_B : -0.224606
[hold in-reg] rst_n -> _19407_/RESET_B : -0.224508
[hold in-reg] rst_n -> _19456_/RESET_B : -0.224240
[hold in-reg] rst_n -> _19472_/RESET_B : -0.224222
[hold in-reg] rst_n -> _19216_/RESET_B : -0.224084
[hold in-reg] rst_n -> _19406_/RESET_B : -0.224023
[hold in-reg] rst_n -> _19475_/RESET_B : -0.223705
[hold in-reg] rst_n -> _19414_/RESET_B : -0.223615
[hold in-reg] rst_n -> _19286_/RESET_B : -0.223609
[hold in-reg] rst_n -> _19344_/RESET_B : -0.223596
[hold in-reg] rst_n -> _19158_/RESET_B : -0.223467
[hold in-reg] rst_n -> _19427_/RESET_B : -0.223286
[hold in-reg] rst_n -> _19447_/RESET_B : -0.223283
[hold in-reg] rst_n -> _19463_/RESET_B : -0.223199
[hold in-reg] rst_n -> _19208_/RESET_B : -0.223134
[hold in-reg] rst_n -> _19439_/RESET_B : -0.223115
[hold in-reg] rst_n -> _19480_/RESET_B : -0.223016
[hold in-reg] rst_n -> _19431_/RESET_B : -0.222583
[hold in-reg] rst_n -> _19487_/RESET_B : -0.222400
[hold in-reg] rst_n -> _19435_/RESET_B : -0.222301
[hold in-reg] rst_n -> _19455_/RESET_B : -0.221450
[hold in-reg] rst_n -> _19471_/RESET_B : -0.221084
[hold in-reg] rst_n -> _19462_/RESET_B : -0.220952
[hold in-reg] rst_n -> _19328_/RESET_B : -0.220751
[hold in-reg] rst_n -> _19200_/RESET_B : -0.220727
[hold in-reg] rst_n -> _19320_/RESET_B : -0.220727
[hold in-reg] rst_n -> _19192_/RESET_B : -0.220719
[hold in-reg] rst_n -> _19430_/RESET_B : -0.220626
[hold in-reg] rst_n -> _19166_/RESET_B : -0.220461
[hold in-reg] rst_n -> _19291_/RESET_B : -0.220004
[hold in-reg] rst_n -> _19299_/RESET_B : -0.219980
[hold in-reg] rst_n -> _19163_/RESET_B : -0.219957
[hold in-reg] rst_n -> _19422_/RESET_B : -0.219922
[hold in-reg] rst_n -> _19171_/RESET_B : -0.219898
[hold in-reg] rst_n -> _19336_/RESET_B : -0.219860
[hold in-reg] rst_n -> _19419_/RESET_B : -0.218223
[hold in-reg] rst_n -> _19440_/RESET_B : -0.218219
[hold in-reg] rst_n -> _19294_/RESET_B : -0.218202
[hold in-reg] rst_n -> _19423_/RESET_B : -0.217366
[hold in-reg] rst_n -> _19352_/RESET_B : -0.199974
[hold in-reg] rst_n -> _19464_/RESET_B : -0.161966
[hold in-reg] rst_n -> _19287_/RESET_B : -0.150086
[hold in-reg] rst_n -> _19408_/RESET_B : -0.150086
[hold in-reg] rst_n -> _19159_/RESET_B : -0.150027
[hold in-reg] rst_n -> _19295_/RESET_B : -0.150010
[hold in-reg] rst_n -> _19152_/RESET_B : -0.149953
[hold in-reg] rst_n -> _19436_/RESET_B : -0.149951
[hold in-reg] rst_n -> _19280_/RESET_B : -0.149944
[hold in-reg] rst_n -> _19432_/RESET_B : -0.149922
[hold in-reg] rst_n -> _19160_/RESET_B : -0.149907
[hold in-reg] rst_n -> _19296_/RESET_B : -0.149900
[hold in-reg] rst_n -> _19288_/RESET_B : -0.149898
Writing metric timing__hold_vio__count__corner:nom_tt_025C_1v80: 800
Writing metric timing__hold_r2r__ws__corner:nom_tt_025C_1v80: 0.489785
Writing metric timing__hold_r2r_vio__count__corner:nom_tt_025C_1v80: 0
Writing metric timing__setup_vio__count__corner:nom_tt_025C_1v80: 0
Writing metric timing__setup_r2r__ws__corner:nom_tt_025C_1v80: 10.282356
Writing metric timing__setup_r2r_vio__count__corner:nom_tt_025C_1v80: 0
