Clock: clk
Sources: clk 
Generated: no
Virtual: yes
Propagated: no
Period: 100.000000

===========================================================================
report_clock_properties
============================================================================
Clock                   Period          Waveform
----------------------------------------------------
clk                 100.000000    0.000000 50.000000

===========================================================================
report_clock_latency
============================================================================
Clock clk
rise -> rise
    min     max
0.000000 0.000000 source latency
0.744038         network latency _6836_/CLK
        0.762918 network latency _6888_/CLK
---------------
0.744038 0.762918 latency
        0.018879 skew

fall -> fall
    min     max
0.000000 0.000000 source latency
0.697167         network latency _6836_/CLK
        0.710536 network latency _6888_/CLK
---------------
0.697167 0.710536 latency
        0.013369 skew



===========================================================================
report_clock_min_period
============================================================================
clk period_min = 11.33 fmax = 88.28
