
===========================================================================
report_checks -unconstrained
===========================================================================
======================= nom_tt_025C_1v80 Corner ===================================

Startpoint: rst_n (input port clocked by clk)
Endpoint: _6462_ (recovery check against rising-edge clock clk)
Path Group: asynchronous
Path Type: max

Fanout         Cap        Slew       Delay        Time   Description
---------------------------------------------------------------------------------------------
                                  0.000000    0.000000   clock clk (rise edge)
                                  0.000000    0.000000   clock network delay (propagated)
                                  4.000000    4.000000 ^ input external delay
     1    0.008639    0.045384    0.029727    4.029727 ^ rst_n (in)
                                                         rst_n (net)
                      0.045388    0.000000    4.029727 ^ input1/A (sky130_fd_sc_hd__clkdlybuf4s25_1)
     1    0.005460    0.068312    0.261809    4.291536 ^ input1/X (sky130_fd_sc_hd__clkdlybuf4s25_1)
                                                         net1 (net)
                      0.068312    0.000171    4.291707 ^ fanout848/A (sky130_fd_sc_hd__clkdlybuf4s25_1)
    11    0.148293    1.465982    1.241691    5.533398 ^ fanout848/X (sky130_fd_sc_hd__clkdlybuf4s25_1)
                                                         net848 (net)
                      1.465988    0.002633    5.536031 ^ fanout740/A (sky130_fd_sc_hd__clkdlybuf4s25_1)
     5    0.065678    0.651503    0.848118    6.384150 ^ fanout740/X (sky130_fd_sc_hd__clkdlybuf4s25_1)
                                                         net740 (net)
                      0.651526    0.004523    6.388672 ^ fanout713/A (sky130_fd_sc_hd__clkdlybuf4s25_1)
     7    0.056105    0.560019    0.724053    7.112725 ^ fanout713/X (sky130_fd_sc_hd__clkdlybuf4s25_1)
                                                         net713 (net)
                      0.560019    0.000986    7.113712 ^ fanout704/A (sky130_fd_sc_hd__clkdlybuf4s25_1)
     5    0.022708    0.233341    0.484016    7.597728 ^ fanout704/X (sky130_fd_sc_hd__clkdlybuf4s25_1)
                                                         net704 (net)
                      0.233342    0.001010    7.598738 ^ fanout703/A (sky130_fd_sc_hd__clkdlybuf4s25_1)
     8    0.048412    0.484508    0.607971    8.206709 ^ fanout703/X (sky130_fd_sc_hd__clkdlybuf4s25_1)
                                                         net703 (net)
                      0.484508    0.001556    8.208265 ^ fanout701/A (sky130_fd_sc_hd__clkdlybuf4s25_1)
     2    0.008779    0.099399    0.378460    8.586725 ^ fanout701/X (sky130_fd_sc_hd__clkdlybuf4s25_1)
                                                         net701 (net)
                      0.099399    0.000241    8.586967 ^ load_slew702/A (sky130_fd_sc_hd__clkbuf_4)
     9    0.045777    0.144395    0.227877    8.814843 ^ load_slew702/X (sky130_fd_sc_hd__clkbuf_4)
                                                         net702 (net)
                      0.144450    0.002640    8.817483 ^ fanout699/A (sky130_fd_sc_hd__clkdlybuf4s25_1)
     2    0.008238    0.094388    0.313391    9.130874 ^ fanout699/X (sky130_fd_sc_hd__clkdlybuf4s25_1)
                                                         net699 (net)
                      0.094388    0.000145    9.131019 ^ load_slew700/A (sky130_fd_sc_hd__buf_4)
     9    0.044059    0.128176    0.191976    9.322995 ^ load_slew700/X (sky130_fd_sc_hd__buf_4)
                                                         net700 (net)
                      0.128197    0.001633    9.324629 ^ _6462_/RESET_B (sky130_fd_sc_hd__dfrtp_2)
                                              9.324629   data arrival time

                                 20.000000   20.000000   clock clk (rise edge)
                                  0.000000   20.000000   clock source latency
     1    0.039816    0.183589    0.128036   20.128036 ^ clk (in)
                                                         clk (net)
                      0.183604    0.000000   20.128036 ^ clkbuf_0_clk/A (sky130_fd_sc_hd__clkbuf_16)
     8    0.138919    0.151947    0.254875   20.382912 ^ clkbuf_0_clk/X (sky130_fd_sc_hd__clkbuf_16)
                                                         clknet_0_clk (net)
                      0.153590    0.012591   20.395502 ^ clkbuf_3_1_0_clk/A (sky130_fd_sc_hd__clkbuf_8)
     2    0.026501    0.061505    0.178380   20.573883 ^ clkbuf_3_1_0_clk/X (sky130_fd_sc_hd__clkbuf_8)
                                                         clknet_3_1_0_clk (net)
                      0.061535    0.001231   20.575113 ^ clkbuf_4_2__f_clk/A (sky130_fd_sc_hd__clkbuf_16)
     6    0.064252    0.081934    0.165334   20.740448 ^ clkbuf_4_2__f_clk/X (sky130_fd_sc_hd__clkbuf_16)
                                                         clknet_4_2__leaf_clk (net)
                      0.082004    0.002162   20.742611 ^ clkbuf_leaf_82_clk/A (sky130_fd_sc_hd__clkbuf_8)
    12    0.035909    0.075424    0.165116   20.907726 ^ clkbuf_leaf_82_clk/X (sky130_fd_sc_hd__clkbuf_8)
                                                         clknet_leaf_82_clk (net)
                      0.075424    0.000389   20.908115 ^ _6462_/CLK (sky130_fd_sc_hd__dfrtp_2)
                                 -0.250000   20.658115   clock uncertainty
                                  0.000000   20.658115   clock reconvergence pessimism
                                  0.203825   20.861940   library recovery time
                                             20.861940   data required time
---------------------------------------------------------------------------------------------
                                             20.861940   data required time
                                             -9.324629   data arrival time
---------------------------------------------------------------------------------------------
                                             11.537312   slack (MET)


Startpoint: _7074_ (rising edge-triggered flip-flop clocked by clk)
Endpoint: uo_out[5] (output port clocked by clk)
Path Group: clk
Path Type: max

Fanout         Cap        Slew       Delay        Time   Description
---------------------------------------------------------------------------------------------
                                  0.000000    0.000000   clock clk (rise edge)
                                  0.000000    0.000000   clock source latency
     1    0.039816    0.183589    0.128036    0.128036 ^ clk (in)
                                                         clk (net)
                      0.183604    0.000000    0.128036 ^ clkbuf_0_clk/A (sky130_fd_sc_hd__clkbuf_16)
     8    0.138919    0.151947    0.254876    0.382911 ^ clkbuf_0_clk/X (sky130_fd_sc_hd__clkbuf_16)
                                                         clknet_0_clk (net)
                      0.153837    0.013486    0.396398 ^ clkbuf_3_2_0_clk/A (sky130_fd_sc_hd__clkbuf_8)
     2    0.029192    0.065584    0.181494    0.577891 ^ clkbuf_3_2_0_clk/X (sky130_fd_sc_hd__clkbuf_8)
                                                         clknet_3_2_0_clk (net)
                      0.065623    0.001466    0.579357 ^ clkbuf_4_4__f_clk/A (sky130_fd_sc_hd__clkbuf_16)
     6    0.054182    0.072612    0.159494    0.738851 ^ clkbuf_4_4__f_clk/X (sky130_fd_sc_hd__clkbuf_16)
                                                         clknet_4_4__leaf_clk (net)
                      0.072660    0.001668    0.740519 ^ clkbuf_leaf_20_clk/A (sky130_fd_sc_hd__clkbuf_8)
    10    0.036185    0.075841    0.161924    0.902443 ^ clkbuf_leaf_20_clk/X (sky130_fd_sc_hd__clkbuf_8)
                                                         clknet_leaf_20_clk (net)
                      0.075859    0.001110    0.903553 ^ _7074_/CLK (sky130_fd_sc_hd__dfrtp_2)
     1    0.003983    0.043175    0.348837    1.252391 ^ _7074_/Q (sky130_fd_sc_hd__dfrtp_2)
                                                         output_index[0] (net)
                      0.043586    0.000131    1.252522 ^ fanout563/A (sky130_fd_sc_hd__clkdlybuf4s25_1)
     5    0.071109    0.706848    0.708054    1.960576 ^ fanout563/X (sky130_fd_sc_hd__clkdlybuf4s25_1)
                                                         net563 (net)
                      0.706849    0.000755    1.961330 ^ fanout558/A (sky130_fd_sc_hd__clkdlybuf4s25_1)
     7    0.040185    0.404083    0.619961    2.581291 ^ fanout558/X (sky130_fd_sc_hd__clkdlybuf4s25_1)
                                                         net558 (net)
                      0.404083    0.001441    2.582731 ^ _3107_/A (sky130_fd_sc_hd__and2_2)
     3    0.100313    0.502674    0.560697    3.143428 ^ _3107_/X (sky130_fd_sc_hd__and2_2)
                                                         _1061_ (net)
                      0.502680    0.001540    3.144968 ^ fanout416/A (sky130_fd_sc_hd__clkdlybuf4s25_1)
     6    0.044555    0.446994    0.623845    3.768813 ^ fanout416/X (sky130_fd_sc_hd__clkdlybuf4s25_1)
                                                         net416 (net)
                      0.446994    0.000791    3.769604 ^ fanout415/A (sky130_fd_sc_hd__clkdlybuf4s25_1)
    10    0.058933    0.587248    0.715221    4.484826 ^ fanout415/X (sky130_fd_sc_hd__clkdlybuf4s25_1)
                                                         net415 (net)
                      0.587251    0.002384    4.487209 ^ _3108_/B (sky130_fd_sc_hd__nor2_2)
     2    0.056275    0.220583    0.274185    4.761395 v _3108_/Y (sky130_fd_sc_hd__nor2_2)
                                                         _1062_ (net)
                      0.220958    0.007053    4.768447 v fanout309/A (sky130_fd_sc_hd__clkdlybuf4s25_1)
     5    0.025642    0.193781    0.436271    5.204719 v fanout309/X (sky130_fd_sc_hd__clkdlybuf4s25_1)
                                                         net309 (net)
                      0.193781    0.000385    5.205103 v load_slew310/A (sky130_fd_sc_hd__clkbuf_4)
     5    0.065296    0.133358    0.292736    5.497839 v load_slew310/X (sky130_fd_sc_hd__clkbuf_4)
                                                         net310 (net)
                      0.133534    0.004327    5.502167 v fanout308/A (sky130_fd_sc_hd__clkdlybuf4s25_1)
    10    0.051678    0.378021    0.542107    6.044274 v fanout308/X (sky130_fd_sc_hd__clkdlybuf4s25_1)
                                                         net308 (net)
                      0.378025    0.001717    6.045991 v _3189_/B1 (sky130_fd_sc_hd__a221o_2)
     1    0.003966    0.057340    0.442611    6.488603 v _3189_/X (sky130_fd_sc_hd__a221o_2)
                                                         _1138_ (net)
                      0.057340    0.000129    6.488732 v _3190_/B1 (sky130_fd_sc_hd__a21o_2)
     1    0.002517    0.032553    0.181871    6.670602 v _3190_/X (sky130_fd_sc_hd__a21o_2)
                                                         _1139_ (net)
                      0.032553    0.000077    6.670680 v _3194_/B (sky130_fd_sc_hd__and3_2)
     1    0.002700    0.039390    0.181092    6.851772 v _3194_/X (sky130_fd_sc_hd__and3_2)
                                                         _1143_ (net)
                      0.039390    0.000055    6.851827 v _3195_/B1 (sky130_fd_sc_hd__a31o_2)
     1    0.028041    0.095246    0.276161    7.127989 v _3195_/X (sky130_fd_sc_hd__a31o_2)
                                                         _1144_ (net)
                      0.095262    0.001226    7.129214 v _3196_/A1 (sky130_fd_sc_hd__mux2_1)
     1    0.050735    0.260422    0.513766    7.642980 v _3196_/X (sky130_fd_sc_hd__mux2_1)
                                                         net29 (net)
                      0.260594    0.006104    7.649083 v wire29/A (sky130_fd_sc_hd__buf_4)
     1    0.057690    0.083442    0.289525    7.938608 v wire29/X (sky130_fd_sc_hd__buf_4)
                                                         uo_out[5] (net)
                      0.083551    0.002692    7.941300 v uo_out[5] (out)
                                              7.941300   data arrival time

                                 20.000000   20.000000   clock clk (rise edge)
                                  0.000000   20.000000   clock network delay (propagated)
                                 -0.250000   19.750002   clock uncertainty
                                  0.000000   19.750002   clock reconvergence pessimism
                                 -4.000000   15.750001   output external delay
                                             15.750001   data required time
---------------------------------------------------------------------------------------------
                                             15.750001   data required time
                                             -7.941300   data arrival time
---------------------------------------------------------------------------------------------
                                              7.808701   slack (MET)




===========================================================================
report_checks --slack_max -0.01
============================================================================
======================= nom_tt_025C_1v80 Corner ===================================

No paths found.


===========================================================================
 report_check_types -max_slew -max_cap -max_fanout -violators
============================================================================
======================= nom_tt_025C_1v80 Corner ===================================

max slew

Pin                                        Limit        Slew       Slack
------------------------------------------------------------------------
fanout817/A                             0.750000    1.466516   -0.716517 (VIOLATED)
ANTENNA_77/DIODE                        0.750000    1.466514   -0.716514 (VIOLATED)
ANTENNA_76/DIODE                        0.750000    1.466488   -0.716488 (VIOLATED)
fanout803/A                             0.750000    1.466483   -0.716483 (VIOLATED)
fanout847/A                             0.750000    1.466343   -0.716343 (VIOLATED)
ANTENNA_78/DIODE                        0.750000    1.466341   -0.716341 (VIOLATED)
fanout790/A                             0.750000    1.466130   -0.716130 (VIOLATED)
fanout667/A                             0.750000    1.466074   -0.716074 (VIOLATED)
fanout698/A                             0.750000    1.466003   -0.716003 (VIOLATED)
fanout740/A                             0.750000    1.465988   -0.715988 (VIOLATED)
fanout682/A                             0.750000    1.465986   -0.715986 (VIOLATED)
fanout848/X                             0.750000    1.465982   -0.715982 (VIOLATED)
_3127_/C1                               0.750000    1.455149   -0.705149 (VIOLATED)
ANTENNA_62/DIODE                        0.750000    1.455148   -0.705149 (VIOLATED)
_3137_/C1                               0.750000    1.455148   -0.705148 (VIOLATED)
_3144_/C1                               0.750000    1.455144   -0.705144 (VIOLATED)
_3150_/C1                               0.750000    1.455144   -0.705144 (VIOLATED)
ANTENNA_64/DIODE                        0.750000    1.455143   -0.705143 (VIOLATED)
ANTENNA_65/DIODE                        0.750000    1.455144   -0.705144 (VIOLATED)
ANTENNA_63/DIODE                        0.750000    1.455142   -0.705142 (VIOLATED)
_3205_/B1                               0.750000    1.454925   -0.704925 (VIOLATED)
_3122_/C1                               0.750000    1.454680   -0.704680 (VIOLATED)
_3201_/C1                               0.750000    1.454681   -0.704681 (VIOLATED)
_3166_/C1                               0.750000    1.454678   -0.704678 (VIOLATED)
_3120_/C1                               0.750000    1.454675   -0.704675 (VIOLATED)
_3159_/B1                               0.750000    1.454650   -0.704650 (VIOLATED)
fanout313/X                             0.750000    1.454637   -0.704637 (VIOLATED)
_3129_/A1                               0.750000    1.397155   -0.647155 (VIOLATED)
_3133_/A1                               0.750000    1.397151   -0.647151 (VIOLATED)
_3141_/A1                               0.750000    1.397142   -0.647142 (VIOLATED)
_3147_/A1                               0.750000    1.397099   -0.647099 (VIOLATED)
_3184_/A1                               0.750000    1.396990   -0.646990 (VIOLATED)
_3170_/A1                               0.750000    1.396914   -0.646914 (VIOLATED)
_3179_/A1                               0.750000    1.396851   -0.646851 (VIOLATED)
_3212_/A1                               0.750000    1.396514   -0.646514 (VIOLATED)
_3207_/A1                               0.750000    1.396054   -0.646054 (VIOLATED)
fanout554/A                             0.750000    1.395841   -0.645841 (VIOLATED)
fanout555/X                             0.750000    1.395841   -0.645841 (VIOLATED)
_3142_/C1                               0.750000    1.381574   -0.631574 (VIOLATED)
_3134_/C1                               0.750000    1.381569   -0.631569 (VIOLATED)
_3130_/C1                               0.750000    1.381560   -0.631560 (VIOLATED)
_3213_/C1                               0.750000    1.381330   -0.631330 (VIOLATED)
_3208_/C1                               0.750000    1.380687   -0.630687 (VIOLATED)
_3199_/C1                               0.750000    1.380608   -0.630608 (VIOLATED)
_3117_/C1                               0.750000    1.380270   -0.630270 (VIOLATED)
_3121_/C1                               0.750000    1.380250   -0.630250 (VIOLATED)
_3163_/C1                               0.750000    1.380200   -0.630200 (VIOLATED)
_3156_/C1                               0.750000    1.380179   -0.630179 (VIOLATED)
fanout311/X                             0.750000    1.380169   -0.630169 (VIOLATED)
fanout120/A                             0.750000    1.284459   -0.534459 (VIOLATED)
ANTENNA_53/DIODE                        0.750000    1.284458   -0.534458 (VIOLATED)
fanout118/A                             0.750000    1.284446   -0.534446 (VIOLATED)
ANTENNA_52/DIODE                        0.750000    1.284445   -0.534445 (VIOLATED)
fanout117/A                             0.750000    1.284430   -0.534430 (VIOLATED)
fanout113/A                             0.750000    1.284311   -0.534311 (VIOLATED)
ANTENNA_51/DIODE                        0.750000    1.284310   -0.534310 (VIOLATED)
fanout109/A                             0.750000    1.284189   -0.534189 (VIOLATED)
fanout121/X                             0.750000    1.284185   -0.534185 (VIOLATED)
_3564_/A                                0.750000    1.216648   -0.466649 (VIOLATED)
_5596_/A1                               0.750000    1.216633   -0.466633 (VIOLATED)
_3552_/C1                               0.750000    1.216561   -0.466561 (VIOLATED)
_5587_/A1                               0.750000    1.216505   -0.466505 (VIOLATED)
_3603_/C1                               0.750000    1.216312   -0.466312 (VIOLATED)
_5577_/A                                0.750000    1.216186   -0.466186 (VIOLATED)
_5571_/A                                0.750000    1.216050   -0.466050 (VIOLATED)
_5584_/A1                               0.750000    1.215924   -0.465924 (VIOLATED)
_5589_/A1                               0.750000    1.215856   -0.465856 (VIOLATED)
fanout490/A                             0.750000    1.215625   -0.465625 (VIOLATED)
fanout493/X                             0.750000    1.215625   -0.465625 (VIOLATED)
_5605_/A1                               0.750000    1.201394   -0.451394 (VIOLATED)
ANTENNA_72/DIODE                        0.750000    1.201393   -0.451393 (VIOLATED)
ANTENNA_73/DIODE                        0.750000    1.201341   -0.451341 (VIOLATED)
_5609_/A1                               0.750000    1.201341   -0.451341 (VIOLATED)
fanout493/A                             0.750000    1.201114   -0.451114 (VIOLATED)
fanout489/A                             0.750000    1.201110   -0.451110 (VIOLATED)
_5581_/A                                0.750000    1.201109   -0.451109 (VIOLATED)
_5580_/A1                               0.750000    1.201108   -0.451108 (VIOLATED)
fanout494/X                             0.750000    1.201103   -0.451103 (VIOLATED)
fanout452/A                             0.750000    1.177613   -0.427613 (VIOLATED)
_5514_/A                                0.750000    1.177573   -0.427573 (VIOLATED)
_4540_/A1                               0.750000    1.177572   -0.427572 (VIOLATED)
_4547_/A                                0.750000    1.177546   -0.427546 (VIOLATED)
_3506_/B1                               0.750000    1.177471   -0.427471 (VIOLATED)
_3512_/A                                0.750000    1.177296   -0.427296 (VIOLATED)
_3560_/A1                               0.750000    1.177045   -0.427045 (VIOLATED)
_3593_/A                                0.750000    1.177034   -0.427034 (VIOLATED)
ANTENNA_93/DIODE                        0.750000    1.177030   -0.427030 (VIOLATED)
_4495_/A1                               0.750000    1.176908   -0.426908 (VIOLATED)
_4503_/B2                               0.750000    1.176887   -0.426887 (VIOLATED)
fanout453/X                             0.750000    1.176886   -0.426886 (VIOLATED)
_4738_/A                                0.750000    1.156239   -0.406239 (VIOLATED)
_4731_/A1_N                             0.750000    1.156234   -0.406234 (VIOLATED)
_4753_/A1_N                             0.750000    1.156221   -0.406221 (VIOLATED)
ANTENNA_60/DIODE                        0.750000    1.156220   -0.406220 (VIOLATED)
_4776_/A1_N                             0.750000    1.156174   -0.406174 (VIOLATED)
ANTENNA_61/DIODE                        0.750000    1.156173   -0.406173 (VIOLATED)
ANTENNA_57/DIODE                        0.750000    1.156168   -0.406168 (VIOLATED)
_4058_/A1_N                             0.750000    1.156168   -0.406168 (VIOLATED)
_4609_/A1_N                             0.750000    1.156168   -0.406168 (VIOLATED)
ANTENNA_59/DIODE                        0.750000    1.156165   -0.406166 (VIOLATED)
_4746_/A1_N                             0.750000    1.156165   -0.406165 (VIOLATED)
ANTENNA_58/DIODE                        0.750000    1.156164   -0.406164 (VIOLATED)
_4724_/A1_N                             0.750000    1.156160   -0.406160 (VIOLATED)
_4716_/A1_N                             0.750000    1.156159   -0.406159 (VIOLATED)
_3718_/A                                0.750000    1.156157   -0.406157 (VIOLATED)
fanout169/X                             0.750000    1.156154   -0.406154 (VIOLATED)
_3497_/A                                0.750000    1.106395   -0.356395 (VIOLATED)
_4266_/A                                0.750000    1.106395   -0.356395 (VIOLATED)
_4411_/C1                               0.750000    1.106388   -0.356388 (VIOLATED)
_4345_/A                                0.750000    1.106382   -0.356382 (VIOLATED)
_5508_/A                                0.750000    1.106350   -0.356350 (VIOLATED)
_4571_/A1                               0.750000    1.106349   -0.356349 (VIOLATED)
_4419_/A                                0.750000    1.106338   -0.356338 (VIOLATED)
_3495_/A1                               0.750000    1.106323   -0.356323 (VIOLATED)
_3492_/A                                0.750000    1.106265   -0.356265 (VIOLATED)
_4368_/A                                0.750000    1.106260   -0.356260 (VIOLATED)
fanout455/X                             0.750000    1.106253   -0.356253 (VIOLATED)
_3572_/S                                0.750000    1.075778   -0.325778 (VIOLATED)
_3599_/B1                               0.750000    1.075753   -0.325753 (VIOLATED)
_4495_/A2                               0.750000    1.075673   -0.325673 (VIOLATED)
_4850_/A2                               0.750000    1.075638   -0.325638 (VIOLATED)
fanout583/A                             0.750000    1.075481   -0.325481 (VIOLATED)
_3501_/A                                0.750000    1.075220   -0.325220 (VIOLATED)
_3505_/S                                0.750000    1.075187   -0.325187 (VIOLATED)
_4355_/A                                0.750000    1.075096   -0.325096 (VIOLATED)
_5510_/B1                               0.750000    1.075057   -0.325057 (VIOLATED)
fanout582/A                             0.750000    1.075057   -0.325057 (VIOLATED)
fanout584/X                             0.750000    1.075057   -0.325057 (VIOLATED)
_5561_/A2                               0.750000    1.073771   -0.323771 (VIOLATED)
_5560_/A2                               0.750000    1.073756   -0.323756 (VIOLATED)
fanout518/A                             0.750000    1.073707   -0.323707 (VIOLATED)
_5563_/A2                               0.750000    1.073594   -0.323594 (VIOLATED)
_5555_/A2                               0.750000    1.073582   -0.323582 (VIOLATED)
_5539_/A2                               0.750000    1.073566   -0.323566 (VIOLATED)
_5547_/A2                               0.750000    1.073544   -0.323544 (VIOLATED)
_5566_/A2                               0.750000    1.073526   -0.323526 (VIOLATED)
_5558_/A2                               0.750000    1.073522   -0.323522 (VIOLATED)
_5542_/A2                               0.750000    1.073478   -0.323478 (VIOLATED)
fanout519/X                             0.750000    1.073476   -0.323476 (VIOLATED)
_3549_/B2                               0.750000    1.050294   -0.300294 (VIOLATED)
_3633_/B2                               0.750000    1.050294   -0.300294 (VIOLATED)
_3536_/A1                               0.750000    1.050292   -0.300292 (VIOLATED)
_3086_/A                                0.750000    1.050249   -0.300249 (VIOLATED)
_3484_/A1                               0.750000    1.050234   -0.300234 (VIOLATED)
_5502_/A_N                              0.750000    1.050214   -0.300214 (VIOLATED)
_5359_/A_N                              0.750000    1.050206   -0.300206 (VIOLATED)
_5506_/A                                0.750000    1.050199   -0.300199 (VIOLATED)
_3485_/A                                0.750000    1.050177   -0.300177 (VIOLATED)
_3095_/A1                               0.750000    1.050164   -0.300164 (VIOLATED)
fanout495/X                             0.750000    1.050155   -0.300155 (VIOLATED)
_5607_/A2                               0.750000    1.014507   -0.264507 (VIOLATED)
_4445_/A1                               0.750000    1.014485   -0.264485 (VIOLATED)
_5602_/A2                               0.750000    1.014463   -0.264463 (VIOLATED)
_3518_/B1                               0.750000    1.014460   -0.264460 (VIOLATED)
_3594_/B1                               0.750000    1.014360   -0.264360 (VIOLATED)
_3602_/B1                               0.750000    1.014300   -0.264300 (VIOLATED)
_3567_/B1                               0.750000    1.014265   -0.264265 (VIOLATED)
_3551_/B1                               0.750000    1.014231   -0.264231 (VIOLATED)
_5604_/A1                               0.750000    1.014222   -0.264222 (VIOLATED)
_5605_/A2                               0.750000    1.014210   -0.264210 (VIOLATED)
fanout359/X                             0.750000    1.014202   -0.264202 (VIOLATED)
fanout40/A                              0.750000    0.997901   -0.247901 (VIOLATED)
fanout44/A                              0.750000    0.997891   -0.247891 (VIOLATED)
fanout42/A                              0.750000    0.997860   -0.247860 (VIOLATED)
fanout45/A                              0.750000    0.997828   -0.247828 (VIOLATED)
fanout37/A                              0.750000    0.997704   -0.247704 (VIOLATED)
fanout47/X                              0.750000    0.997704   -0.247704 (VIOLATED)
_5557_/A2                               0.750000    0.941665   -0.191665 (VIOLATED)
_5565_/A2                               0.750000    0.941662   -0.191662 (VIOLATED)
fanout516/A                             0.750000    0.941634   -0.191634 (VIOLATED)
_5541_/A2                               0.750000    0.941615   -0.191615 (VIOLATED)
_5550_/A2                               0.750000    0.941558   -0.191558 (VIOLATED)
_3094_/B1                               0.750000    0.941546   -0.191546 (VIOLATED)
fanout517/X                             0.750000    0.941540   -0.191540 (VIOLATED)
_5600_/A1                               0.750000    0.931732   -0.181732 (VIOLATED)
_5597_/A1                               0.750000    0.931727   -0.181727 (VIOLATED)
_5606_/A1                               0.750000    0.931723   -0.181723 (VIOLATED)
_5588_/A1                               0.750000    0.931660   -0.181660 (VIOLATED)
_5591_/A1                               0.750000    0.931647   -0.181647 (VIOLATED)
_3549_/A1                               0.750000    0.931530   -0.181530 (VIOLATED)
_3633_/A1                               0.750000    0.931500   -0.181500 (VIOLATED)
_3524_/C1                               0.750000    0.931433   -0.181433 (VIOLATED)
_3094_/A1                               0.750000    0.931208   -0.181208 (VIOLATED)
_5575_/A1                               0.750000    0.931207   -0.181207 (VIOLATED)
fanout489/X                             0.750000    0.931205   -0.181205 (VIOLATED)
_4871_/A1                               0.750000    0.927140   -0.177141 (VIOLATED)
fanout579/A                             0.750000    0.927105   -0.177105 (VIOLATED)
_3598_/S                                0.750000    0.927102   -0.177102 (VIOLATED)
_4370_/A1_N                             0.750000    0.927099   -0.177099 (VIOLATED)
_4378_/A                                0.750000    0.927089   -0.177089 (VIOLATED)
_4403_/A                                0.750000    0.926987   -0.176987 (VIOLATED)
_4395_/A1_N                             0.750000    0.926928   -0.176928 (VIOLATED)
_3516_/A1                               0.750000    0.926854   -0.176854 (VIOLATED)
_4360_/A                                0.750000    0.926812   -0.176812 (VIOLATED)
fanout580/X                             0.750000    0.926811   -0.176811 (VIOLATED)
_3150_/A2                               0.750000    0.913915   -0.163915 (VIOLATED)
_3144_/A2                               0.750000    0.913914   -0.163914 (VIOLATED)
_3147_/B2                               0.750000    0.913884   -0.163884 (VIOLATED)
fanout417/A                             0.750000    0.913794   -0.163794 (VIOLATED)
_3170_/B2                               0.750000    0.913591   -0.163591 (VIOLATED)
_3173_/A2                               0.750000    0.913581   -0.163581 (VIOLATED)
_3179_/B2                               0.750000    0.913531   -0.163531 (VIOLATED)
_3177_/A2                               0.750000    0.913492   -0.163492 (VIOLATED)
_3215_/A2                               0.750000    0.913480   -0.163480 (VIOLATED)
_3219_/B2                               0.750000    0.913455   -0.163455 (VIOLATED)
fanout418/X                             0.750000    0.913451   -0.163451 (VIOLATED)
_3797_/A1                               0.750000    0.902999   -0.152999 (VIOLATED)
_3764_/A1                               0.750000    0.902998   -0.152998 (VIOLATED)
_4046_/A1                               0.750000    0.902953   -0.152953 (VIOLATED)
_4028_/A1                               0.750000    0.902952   -0.152952 (VIOLATED)
_3916_/A1                               0.750000    0.902950   -0.152950 (VIOLATED)
_3939_/A1                               0.750000    0.902949   -0.152949 (VIOLATED)
_3831_/A1                               0.750000    0.902948   -0.152948 (VIOLATED)
_3088_/B                                0.750000    0.902947   -0.152947 (VIOLATED)
_4052_/A1                               0.750000    0.902945   -0.152945 (VIOLATED)
_4008_/B                                0.750000    0.902940   -0.152940 (VIOLATED)
fanout320/X                             0.750000    0.902938   -0.152938 (VIOLATED)
_5790_/B1                               0.750000    0.862457   -0.112457 (VIOLATED)
_5796_/B1                               0.750000    0.862452   -0.112452 (VIOLATED)
_5792_/B1                               0.750000    0.862446   -0.112446 (VIOLATED)
_5798_/B1                               0.750000    0.862442   -0.112442 (VIOLATED)
_5788_/B2                               0.750000    0.862402   -0.112402 (VIOLATED)
_5794_/B1                               0.750000    0.862401   -0.112401 (VIOLATED)
_5800_/B1                               0.750000    0.862397   -0.112397 (VIOLATED)
_5841_/C                                0.750000    0.862345   -0.112345 (VIOLATED)
_5814_/C                                0.750000    0.862310   -0.112310 (VIOLATED)
_6072_/B1                               0.750000    0.862310   -0.112310 (VIOLATED)
fanout99/X                              0.750000    0.862309   -0.112309 (VIOLATED)
_4064_/B1                               0.750000    0.839165   -0.089165 (VIOLATED)
_4070_/B1                               0.750000    0.839164   -0.089165 (VIOLATED)
_4082_/B1                               0.750000    0.839156   -0.089156 (VIOLATED)
_3095_/A2                               0.750000    0.839153   -0.089153 (VIOLATED)
_4100_/B1                               0.750000    0.839147   -0.089147 (VIOLATED)
_4076_/B1                               0.750000    0.839126   -0.089126 (VIOLATED)
_4094_/B1                               0.750000    0.839126   -0.089126 (VIOLATED)
_4058_/B2                               0.750000    0.839125   -0.089125 (VIOLATED)
_3484_/A2                               0.750000    0.839123   -0.089123 (VIOLATED)
_5515_/A1                               0.750000    0.839108   -0.089108 (VIOLATED)
fanout173/X                             0.750000    0.839107   -0.089107 (VIOLATED)
_3557_/A                                0.750000    0.823830   -0.073830 (VIOLATED)
_3568_/B1                               0.750000    0.823827   -0.073827 (VIOLATED)
_3600_/A1                               0.750000    0.823823   -0.073823 (VIOLATED)
_4394_/C                                0.750000    0.823807   -0.073807 (VIOLATED)
_3515_/S                                0.750000    0.823798   -0.073798 (VIOLATED)
_4723_/B                                0.750000    0.823798   -0.073798 (VIOLATED)
_4278_/A1                               0.750000    0.823797   -0.073797 (VIOLATED)
_3511_/S                                0.750000    0.823792   -0.073792 (VIOLATED)
_4313_/A1                               0.750000    0.823730   -0.073730 (VIOLATED)
_4694_/A                                0.750000    0.823725   -0.073725 (VIOLATED)
fanout450/X                             0.750000    0.823718   -0.073718 (VIOLATED)
_4094_/A3                               0.750000    0.817042   -0.067042 (VIOLATED)
_3996_/A3                               0.750000    0.817035   -0.067035 (VIOLATED)
_4046_/A3                               0.750000    0.817029   -0.067029 (VIOLATED)
_3916_/A3                               0.750000    0.817025   -0.067025 (VIOLATED)
_4248_/A0                               0.750000    0.816990   -0.066990 (VIOLATED)
_4651_/A0                               0.750000    0.816948   -0.066948 (VIOLATED)
_4473_/A0                               0.750000    0.816909   -0.066909 (VIOLATED)
_5600_/A3                               0.750000    0.816894   -0.066894 (VIOLATED)
_4828_/A0                               0.750000    0.816891   -0.066891 (VIOLATED)
_5609_/A3                               0.750000    0.816845   -0.066845 (VIOLATED)
fanout15/X                              0.750000    0.816843   -0.066843 (VIOLATED)
_5597_/A3                               0.750000    0.808136   -0.058136 (VIOLATED)
_5606_/A3                               0.750000    0.808135   -0.058135 (VIOLATED)
_4807_/A0                               0.750000    0.808110   -0.058110 (VIOLATED)
_4452_/A0                               0.750000    0.808103   -0.058103 (VIOLATED)
_4630_/A0                               0.750000    0.808085   -0.058085 (VIOLATED)
_3978_/A3                               0.750000    0.808083   -0.058083 (VIOLATED)
_4028_/A3                               0.750000    0.808075   -0.058075 (VIOLATED)
_3831_/A3                               0.750000    0.808072   -0.058072 (VIOLATED)
_4218_/A0                               0.750000    0.808055   -0.058056 (VIOLATED)
_4300_/B                                0.750000    0.807976   -0.057976 (VIOLATED)
fanout20/X                              0.750000    0.807973   -0.057973 (VIOLATED)
_4123_/A1_N                             0.750000    0.806338   -0.056338 (VIOLATED)
_4204_/A1_N                             0.750000    0.806338   -0.056338 (VIOLATED)
_4212_/A                                0.750000    0.806338   -0.056338 (VIOLATED)
_3782_/A1_N                             0.750000    0.806337   -0.056337 (VIOLATED)
_4242_/A                                0.750000    0.806337   -0.056337 (VIOLATED)
_3814_/A                                0.750000    0.806337   -0.056337 (VIOLATED)
_3908_/A                                0.750000    0.806334   -0.056334 (VIOLATED)
_4295_/A1                               0.750000    0.806334   -0.056334 (VIOLATED)
_4283_/A                                0.750000    0.806333   -0.056333 (VIOLATED)
_4329_/A1                               0.750000    0.806333   -0.056333 (VIOLATED)
fanout422/X                             0.750000    0.806333   -0.056333 (VIOLATED)
_3958_/A                                0.750000    0.800323   -0.050323 (VIOLATED)
_3088_/A                                0.750000    0.800320   -0.050320 (VIOLATED)
_4412_/A1                               0.750000    0.800285   -0.050285 (VIOLATED)
_3629_/A1                               0.750000    0.800278   -0.050278 (VIOLATED)
_3535_/A1                               0.750000    0.800269   -0.050269 (VIOLATED)
_4783_/A                                0.750000    0.800234   -0.050234 (VIOLATED)
_4608_/A                                0.750000    0.800227   -0.050227 (VIOLATED)
_4488_/A1                               0.750000    0.800210   -0.050210 (VIOLATED)
_4510_/A1                               0.750000    0.799973   -0.049973 (VIOLATED)
_4532_/A                                0.750000    0.799973   -0.049973 (VIOLATED)
fanout452/X                             0.750000    0.799973   -0.049973 (VIOLATED)
_4082_/A3                               0.750000    0.798073   -0.048073 (VIOLATED)
_3984_/A3                               0.750000    0.798071   -0.048071 (VIOLATED)
_4034_/A3                               0.750000    0.798068   -0.048068 (VIOLATED)
_3857_/A3                               0.750000    0.798052   -0.048052 (VIOLATED)
_4229_/A0                               0.750000    0.797953   -0.047953 (VIOLATED)
_4637_/A0                               0.750000    0.797928   -0.047928 (VIOLATED)
_5607_/A3                               0.750000    0.797906   -0.047906 (VIOLATED)
_4312_/B                                0.750000    0.797896   -0.047896 (VIOLATED)
_4459_/A0                               0.750000    0.797870   -0.047870 (VIOLATED)
_4814_/A0                               0.750000    0.797870   -0.047870 (VIOLATED)
fanout18/X                              0.750000    0.797870   -0.047870 (VIOLATED)
_3483_/A                                0.750000    0.794682   -0.044682 (VIOLATED)
_3093_/B1                               0.750000    0.794682   -0.044682 (VIOLATED)
_3742_/A2                               0.750000    0.794640   -0.044640 (VIOLATED)
_4225_/A2                               0.750000    0.794569   -0.044569 (VIOLATED)
_4252_/A2                               0.750000    0.794567   -0.044567 (VIOLATED)
_4273_/A2                               0.750000    0.794563   -0.044563 (VIOLATED)
_4195_/A2                               0.750000    0.794563   -0.044563 (VIOLATED)
_4339_/A2                               0.750000    0.794500   -0.044500 (VIOLATED)
_4307_/A2                               0.750000    0.794446   -0.044446 (VIOLATED)
_4351_/A2                               0.750000    0.794411   -0.044411 (VIOLATED)
fanout315/X                             0.750000    0.794398   -0.044398 (VIOLATED)
_4300_/C                                0.750000    0.793896   -0.043896 (VIOLATED)
_4334_/B1                               0.750000    0.793896   -0.043896 (VIOLATED)
_4411_/B1                               0.750000    0.793893   -0.043893 (VIOLATED)
_4344_/C                                0.750000    0.793874   -0.043874 (VIOLATED)
_4571_/A3                               0.750000    0.793829   -0.043829 (VIOLATED)
_4357_/C_N                              0.750000    0.793825   -0.043825 (VIOLATED)
_4419_/C                                0.750000    0.793819   -0.043819 (VIOLATED)
_4586_/C                                0.750000    0.793635   -0.043635 (VIOLATED)
fanout139/A                             0.750000    0.793627   -0.043627 (VIOLATED)
fanout140/X                             0.750000    0.793627   -0.043627 (VIOLATED)
_4052_/A2                               0.750000    0.784725   -0.034726 (VIOLATED)
_4094_/A2                               0.750000    0.784715   -0.034715 (VIOLATED)
_4687_/A2                               0.750000    0.784713   -0.034713 (VIOLATED)
_4076_/A2                               0.750000    0.784711   -0.034711 (VIOLATED)
_4709_/A2                               0.750000    0.784708   -0.034708 (VIOLATED)
_4046_/A2                               0.750000    0.784704   -0.034704 (VIOLATED)
_4666_/A2                               0.750000    0.784701   -0.034701 (VIOLATED)
_4028_/A2                               0.750000    0.784700   -0.034700 (VIOLATED)
_4009_/A2                               0.750000    0.784474   -0.034474 (VIOLATED)
_3717_/A                                0.750000    0.784467   -0.034467 (VIOLATED)
fanout170/X                             0.750000    0.784467   -0.034467 (VIOLATED)
_3507_/A1                               0.750000    0.782355   -0.032355 (VIOLATED)
_4893_/A1                               0.750000    0.782297   -0.032297 (VIOLATED)
_4864_/A1                               0.750000    0.782258   -0.032258 (VIOLATED)
_4843_/A1                               0.750000    0.782221   -0.032222 (VIOLATED)
_4189_/A                                0.750000    0.782200   -0.032200 (VIOLATED)
_4428_/A                                0.750000    0.782192   -0.032192 (VIOLATED)
_3713_/A                                0.750000    0.782110   -0.032110 (VIOLATED)
_3714_/A                                0.750000    0.782101   -0.032101 (VIOLATED)
_3086_/B                                0.750000    0.782080   -0.032080 (VIOLATED)
_3085_/A                                0.750000    0.782043   -0.032043 (VIOLATED)
fanout576/X                             0.750000    0.782038   -0.032038 (VIOLATED)
_5550_/B2                               0.750000    0.780044   -0.030044 (VIOLATED)
_5565_/B2                               0.750000    0.780044   -0.030044 (VIOLATED)
_5557_/B2                               0.750000    0.780038   -0.030038 (VIOLATED)
_5502_/D                                0.750000    0.780026   -0.030026 (VIOLATED)
fanout324/A                             0.750000    0.779774   -0.029774 (VIOLATED)
fanout326/X                             0.750000    0.779774   -0.029774 (VIOLATED)
_4886_/A1                               0.750000    0.772363   -0.022364 (VIOLATED)
_4191_/A1_N                             0.750000    0.772330   -0.022330 (VIOLATED)
_3548_/S1                               0.750000    0.772319   -0.022319 (VIOLATED)
_3628_/C1                               0.750000    0.772314   -0.022314 (VIOLATED)
_3529_/B1                               0.750000    0.772302   -0.022302 (VIOLATED)
_4387_/A1_N                             0.750000    0.772207   -0.022207 (VIOLATED)
fanout577/A                             0.750000    0.772178   -0.022178 (VIOLATED)
fanout576/A                             0.750000    0.772155   -0.022155 (VIOLATED)
fanout578/X                             0.750000    0.772151   -0.022151 (VIOLATED)
_4350_/A1_N                             0.750000    0.768026   -0.018026 (VIOLATED)
_4306_/A                                0.750000    0.768022   -0.018022 (VIOLATED)
_4224_/A1_N                             0.750000    0.768014   -0.018014 (VIOLATED)
_4338_/A                                0.750000    0.768013   -0.018013 (VIOLATED)
_4251_/A                                0.750000    0.768013   -0.018013 (VIOLATED)
_4194_/A1_N                             0.750000    0.768008   -0.018008 (VIOLATED)
_4272_/A1_N                             0.750000    0.768004   -0.018004 (VIOLATED)
_4173_/A                                0.750000    0.767985   -0.017985 (VIOLATED)
_3099_/B1                               0.750000    0.767748   -0.017748 (VIOLATED)
_4113_/A1                               0.750000    0.767748   -0.017748 (VIOLATED)
fanout420/X                             0.750000    0.767748   -0.017748 (VIOLATED)
_4694_/B                                0.750000    0.767447   -0.017447 (VIOLATED)
_4702_/A1                               0.750000    0.767439   -0.017439 (VIOLATED)
_4680_/A1                               0.750000    0.767434   -0.017434 (VIOLATED)
_4673_/A2                               0.750000    0.767402   -0.017402 (VIOLATED)
_4040_/A2                               0.750000    0.767341   -0.017341 (VIOLATED)
_4022_/A2                               0.750000    0.767341   -0.017341 (VIOLATED)
_4016_/A2                               0.750000    0.767340   -0.017340 (VIOLATED)
_4064_/A2                               0.750000    0.767333   -0.017333 (VIOLATED)
_4070_/A2                               0.750000    0.767329   -0.017329 (VIOLATED)
_4034_/A2                               0.750000    0.767319   -0.017319 (VIOLATED)
fanout171/X                             0.750000    0.767318   -0.017318 (VIOLATED)
_5536_/A2                               0.750000    0.766100   -0.016100 (VIOLATED)
_5544_/A2                               0.750000    0.766097   -0.016097 (VIOLATED)
_5556_/A2                               0.750000    0.766095   -0.016096 (VIOLATED)
_5553_/A2                               0.750000    0.766095   -0.016095 (VIOLATED)
_5537_/A2                               0.750000    0.766095   -0.016095 (VIOLATED)
_5545_/A2                               0.750000    0.766094   -0.016094 (VIOLATED)
_5552_/A2                               0.750000    0.766085   -0.016085 (VIOLATED)
_5548_/A2                               0.750000    0.766075   -0.016075 (VIOLATED)
_5540_/A2                               0.750000    0.766071   -0.016071 (VIOLATED)
_5564_/A2                               0.750000    0.766071   -0.016071 (VIOLATED)
fanout518/X                             0.750000    0.766071   -0.016071 (VIOLATED)
_3970_/C1                               0.750000    0.764961   -0.014961 (VIOLATED)
_3784_/C1                               0.750000    0.764957   -0.014957 (VIOLATED)
_3817_/C1                               0.750000    0.764952   -0.014952 (VIOLATED)
_3911_/C1                               0.750000    0.764905   -0.014905 (VIOLATED)
_4074_/C1                               0.750000    0.764835   -0.014835 (VIOLATED)
_4092_/C1                               0.750000    0.764813   -0.014813 (VIOLATED)
_4038_/C1                               0.750000    0.764799   -0.014799 (VIOLATED)
_3988_/C1                               0.750000    0.764780   -0.014780 (VIOLATED)
_4086_/C1                               0.750000    0.764772   -0.014772 (VIOLATED)
_3877_/C1                               0.750000    0.764765   -0.014765 (VIOLATED)
fanout72/X                              0.750000    0.764765   -0.014765 (VIOLATED)
_5890_/S                                0.750000    0.758311   -0.008311 (VIOLATED)
_5891_/S                                0.750000    0.758307   -0.008307 (VIOLATED)
_5894_/S                                0.750000    0.758279   -0.008279 (VIOLATED)
_5893_/S                                0.750000    0.758221   -0.008221 (VIOLATED)
_5896_/S                                0.750000    0.757585   -0.007585 (VIOLATED)
_5895_/S                                0.750000    0.757357   -0.007357 (VIOLATED)
_5892_/S                                0.750000    0.757157   -0.007157 (VIOLATED)
_5889_/S                                0.750000    0.757054   -0.007054 (VIOLATED)
_5888_/X                                0.750000    0.756951   -0.006951 (VIOLATED)

max fanout

Pin                                   Limit Fanout  Slack
---------------------------------------------------------
fanout169/X                              10     15     -5 (VIOLATED)
_5649_/X                                 10     14     -4 (VIOLATED)
fanout313/X                              10     14     -4 (VIOLATED)
clkbuf_leaf_0_clk/X                      10     13     -3 (VIOLATED)
clkbuf_leaf_12_clk/X                     10     13     -3 (VIOLATED)
clkbuf_leaf_13_clk/X                     10     13     -3 (VIOLATED)
clkbuf_leaf_14_clk/X                     10     13     -3 (VIOLATED)
clkbuf_leaf_15_clk/X                     10     13     -3 (VIOLATED)
clkbuf_leaf_17_clk/X                     10     13     -3 (VIOLATED)
clkbuf_leaf_18_clk/X                     10     13     -3 (VIOLATED)
clkbuf_leaf_1_clk/X                      10     13     -3 (VIOLATED)
clkbuf_leaf_22_clk/X                     10     13     -3 (VIOLATED)
clkbuf_leaf_23_clk/X                     10     13     -3 (VIOLATED)
clkbuf_leaf_24_clk/X                     10     13     -3 (VIOLATED)
clkbuf_leaf_26_clk/X                     10     13     -3 (VIOLATED)
clkbuf_leaf_27_clk/X                     10     13     -3 (VIOLATED)
clkbuf_leaf_28_clk/X                     10     13     -3 (VIOLATED)
clkbuf_leaf_29_clk/X                     10     13     -3 (VIOLATED)
clkbuf_leaf_2_clk/X                      10     13     -3 (VIOLATED)
clkbuf_leaf_33_clk/X                     10     13     -3 (VIOLATED)
clkbuf_leaf_38_clk/X                     10     13     -3 (VIOLATED)
clkbuf_leaf_39_clk/X                     10     13     -3 (VIOLATED)
clkbuf_leaf_41_clk/X                     10     13     -3 (VIOLATED)
clkbuf_leaf_43_clk/X                     10     13     -3 (VIOLATED)
clkbuf_leaf_44_clk/X                     10     13     -3 (VIOLATED)
clkbuf_leaf_45_clk/X                     10     13     -3 (VIOLATED)
clkbuf_leaf_47_clk/X                     10     13     -3 (VIOLATED)
clkbuf_leaf_48_clk/X                     10     13     -3 (VIOLATED)
clkbuf_leaf_50_clk/X                     10     13     -3 (VIOLATED)
clkbuf_leaf_51_clk/X                     10     13     -3 (VIOLATED)
clkbuf_leaf_53_clk/X                     10     13     -3 (VIOLATED)
clkbuf_leaf_54_clk/X                     10     13     -3 (VIOLATED)
clkbuf_leaf_5_clk/X                      10     13     -3 (VIOLATED)
clkbuf_leaf_62_clk/X                     10     13     -3 (VIOLATED)
clkbuf_leaf_63_clk/X                     10     13     -3 (VIOLATED)
clkbuf_leaf_64_clk/X                     10     13     -3 (VIOLATED)
clkbuf_leaf_66_clk/X                     10     13     -3 (VIOLATED)
clkbuf_leaf_67_clk/X                     10     13     -3 (VIOLATED)
clkbuf_leaf_68_clk/X                     10     13     -3 (VIOLATED)
clkbuf_leaf_6_clk/X                      10     13     -3 (VIOLATED)
clkbuf_leaf_70_clk/X                     10     13     -3 (VIOLATED)
clkbuf_leaf_71_clk/X                     10     13     -3 (VIOLATED)
clkbuf_leaf_75_clk/X                     10     13     -3 (VIOLATED)
clkbuf_leaf_76_clk/X                     10     13     -3 (VIOLATED)
clkbuf_leaf_78_clk/X                     10     13     -3 (VIOLATED)
clkbuf_leaf_7_clk/X                      10     13     -3 (VIOLATED)
clkbuf_leaf_85_clk/X                     10     13     -3 (VIOLATED)
clkbuf_leaf_8_clk/X                      10     13     -3 (VIOLATED)
_4783_/X                                 10     12     -2 (VIOLATED)
_5805_/X                                 10     12     -2 (VIOLATED)
_7075_/Q                                 10     12     -2 (VIOLATED)
clkbuf_leaf_11_clk/X                     10     12     -2 (VIOLATED)
clkbuf_leaf_16_clk/X                     10     12     -2 (VIOLATED)
clkbuf_leaf_19_clk/X                     10     12     -2 (VIOLATED)
clkbuf_leaf_21_clk/X                     10     12     -2 (VIOLATED)
clkbuf_leaf_25_clk/X                     10     12     -2 (VIOLATED)
clkbuf_leaf_34_clk/X                     10     12     -2 (VIOLATED)
clkbuf_leaf_35_clk/X                     10     12     -2 (VIOLATED)
clkbuf_leaf_36_clk/X                     10     12     -2 (VIOLATED)
clkbuf_leaf_37_clk/X                     10     12     -2 (VIOLATED)
clkbuf_leaf_3_clk/X                      10     12     -2 (VIOLATED)
clkbuf_leaf_40_clk/X                     10     12     -2 (VIOLATED)
clkbuf_leaf_42_clk/X                     10     12     -2 (VIOLATED)
clkbuf_leaf_46_clk/X                     10     12     -2 (VIOLATED)
clkbuf_leaf_49_clk/X                     10     12     -2 (VIOLATED)
clkbuf_leaf_4_clk/X                      10     12     -2 (VIOLATED)
clkbuf_leaf_52_clk/X                     10     12     -2 (VIOLATED)
clkbuf_leaf_55_clk/X                     10     12     -2 (VIOLATED)
clkbuf_leaf_57_clk/X                     10     12     -2 (VIOLATED)
clkbuf_leaf_58_clk/X                     10     12     -2 (VIOLATED)
clkbuf_leaf_59_clk/X                     10     12     -2 (VIOLATED)
clkbuf_leaf_60_clk/X                     10     12     -2 (VIOLATED)
clkbuf_leaf_61_clk/X                     10     12     -2 (VIOLATED)
clkbuf_leaf_65_clk/X                     10     12     -2 (VIOLATED)
clkbuf_leaf_69_clk/X                     10     12     -2 (VIOLATED)
clkbuf_leaf_72_clk/X                     10     12     -2 (VIOLATED)
clkbuf_leaf_73_clk/X                     10     12     -2 (VIOLATED)
clkbuf_leaf_77_clk/X                     10     12     -2 (VIOLATED)
clkbuf_leaf_79_clk/X                     10     12     -2 (VIOLATED)
clkbuf_leaf_82_clk/X                     10     12     -2 (VIOLATED)
clkbuf_leaf_83_clk/X                     10     12     -2 (VIOLATED)
clkbuf_leaf_84_clk/X                     10     12     -2 (VIOLATED)
clkbuf_leaf_9_clk/X                      10     12     -2 (VIOLATED)
_3111_/X                                 10     11        (VIOLATED)
fanout440/X                              10     11        (VIOLATED)
fanout453/X                              10     11        (VIOLATED)
fanout848/X                              10     11        (VIOLATED)
max_cap84/X                              10     11        (VIOLATED)



===========================================================================
report_parasitic_annotation -report_unannotated
============================================================================
Found 80 unannotated drivers.
 ena
 uio_in[5]
 uio_in[6]
 uio_in[7]
 clkload0/X
 clkload1/X
 clkload10/X
 clkload11/X
 clkload12/X
 clkload13/X
 clkload14/X
 clkload15/X
 clkload16/X
 clkload17/Y
 clkload18/X
 clkload19/X
 clkload2/X
 clkload20/X
 clkload21/X
 clkload22/X
 clkload23/X
 clkload24/Y
 clkload25/X
 clkload26/X
 clkload27/X
 clkload28/X
 clkload29/X
 clkload3/X
 clkload30/X
 clkload31/X
 clkload32/X
 clkload33/X
 clkload34/X
 clkload35/X
 clkload36/X
 clkload37/X
 clkload38/X
 clkload39/X
 clkload4/X
 clkload40/Y
 clkload41/X
 clkload42/X
 clkload43/X
 clkload44/X
 clkload45/X
 clkload46/X
 clkload47/X
 clkload48/X
 clkload49/X
 clkload5/X
 clkload50/X
 clkload51/X
 clkload52/X
 clkload53/X
 clkload54/X
 clkload55/X
 clkload56/X
 clkload57/X
 clkload58/X
 clkload59/X
 clkload6/X
 clkload60/X
 clkload61/X
 clkload62/X
 clkload7/X
 clkload8/X
 clkload9/X
 tt_um_aes128_optimized/HI
 tt_um_aes128_optimized_849/HI
 tt_um_aes128_optimized_850/HI
 tt_um_aes128_optimized_851/HI
 tt_um_aes128_optimized_852/HI
 tt_um_aes128_optimized_853/HI
 tt_um_aes128_optimized_854/HI
 tt_um_aes128_optimized_855/HI
 tt_um_aes128_optimized_856/HI
 tt_um_aes128_optimized_857/HI
 tt_um_aes128_optimized_858/LO
 tt_um_aes128_optimized_859/LO
 tt_um_aes128_optimized_860/LO
Found 0 partially unannotated drivers.

===========================================================================
max slew violation count 416
max fanout violation count 88
max cap violation count 0
============================================================================

===========================================================================
check_setup -verbose -unconstrained_endpoints -multiple_clock -no_clock -no_input_delay -loops -generated_clocks
===========================================================================
