Clock: clk
Sources: clk 
Generated: no
Virtual: yes
Propagated: no
Period: 20.000000

===========================================================================
report_clock_properties
============================================================================
Clock                   Period          Waveform
----------------------------------------------------
clk                  20.000000    0.000000 10.000000

===========================================================================
report_clock_latency
============================================================================
Clock clk
rise -> rise
    min     max
0.000000 0.000000 source latency
0.887861         network latency _6995_/CLK
        0.932136 network latency _6826_/CLK
---------------
0.887861 0.932136 latency
        0.044276 skew

fall -> fall
    min     max
0.000000 0.000000 source latency
0.796302         network latency _6995_/CLK
        0.830443 network latency _6826_/CLK
---------------
0.796302 0.830443 latency
        0.034142 skew



===========================================================================
report_clock_min_period
============================================================================
clk period_min = 12.02 fmax = 83.23
