Clock: clk
Sources: clk 
Generated: no
Virtual: no
Propagated: no
Period: 20.000000

===========================================================================
report_clock_properties
============================================================================
Clock                   Period          Waveform
----------------------------------------------------
clk                  20.000000    0.000000 10.000000

===========================================================================
report_clock_latency
============================================================================
Clock clk
rise -> rise
    min     max
0.000000 0.000000 source latency
4.555952         network latency _18734_/CLK
        4.555952 network latency _18734_/CLK
---------------
4.555952 4.555952 latency
        0.000000 skew

fall -> fall
    min     max
0.000000 0.000000 source latency
2.229775         network latency _18734_/CLK
        2.229775 network latency _18734_/CLK
---------------
2.229775 2.229775 latency
        0.000000 skew



===========================================================================
report_clock_min_period
============================================================================
clk period_min = 5.72 fmax = 174.83
