Clock: clk
Sources: clk 
Generated: no
Virtual: yes
Propagated: no
Period: 20.000000

===========================================================================
report_clock_properties
============================================================================
Clock                   Period          Waveform
----------------------------------------------------
clk                  20.000000    0.000000 10.000000

===========================================================================
report_clock_latency
============================================================================
Clock clk
rise -> rise
    min     max
0.000000 0.000000 source latency
1.497997         network latency _6995_/CLK
        1.555266 network latency _6824_/CLK
---------------
1.497997 1.555266 latency
        0.057268 skew

fall -> fall
    min     max
0.000000 0.000000 source latency
1.386049         network latency _6995_/CLK
        1.427758 network latency _6824_/CLK
---------------
1.386049 1.427758 latency
        0.041709 skew



===========================================================================
report_clock_min_period
============================================================================
clk period_min = 22.23 fmax = 44.98
