
===========================================================================
 report_power
============================================================================
======================= min_ss_100C_1v60 Corner ===================================

Group                    Internal    Switching      Leakage        Total
                            Power        Power        Power        Power (Watts)
------------------------------------------------------------------------
Sequential           1.650515e-03 3.448487e-05 1.916694e-05 1.704166e-03  52.2%
Combinational        1.842237e-04 1.045656e-04 2.706182e-05 3.158512e-04   9.7%
Clock                6.507992e-04 5.942831e-04 1.969649e-06 1.247052e-03  38.2%
Macro                0.000000e+00 0.000000e+00 0.000000e+00 0.000000e+00   0.0%
Pad                  0.000000e+00 0.000000e+00 0.000000e+00 0.000000e+00   0.0%
------------------------------------------------------------------------
Total                2.485539e-03 7.333325e-04 4.819950e-05 3.267071e-03 100.0%
                            76.1%        22.4%         1.5%

