┏━━━━━━━┳━━━━━━━━━┳━━━━━━━━━━┳━━━━━━━━━━━━━━━━━━━━━━━━━━━━━━━━━━━━━━━━━━━━━━━━━┳━━━━━━━━━━━━━━━━┳━━━━━━━┓
┃ P / R ┃ Partial ┃ Required ┃ Net                                             ┃ Pin            ┃ Layer ┃
┡━━━━━━━╇━━━━━━━━━╇━━━━━━━━━━╇━━━━━━━━━━━━━━━━━━━━━━━━━━━━━━━━━━━━━━━━━━━━━━━━━╇━━━━━━━━━━━━━━━━╇━━━━━━━┩
│ 10.78 │ 4311.05 │ 400.00   │ _09340_                                         │ _17709_/A1     │ met3  │
│ 10.12 │ 4048.19 │ 400.00   │ _09288_                                         │ _17631_/A1     │ met3  │
│ 9.88  │ 3951.81 │ 400.00   │ _00818_                                         │ _17769_/A1     │ met3  │
│ 9.20  │ 3680.19 │ 400.00   │ _09334_                                         │ _17700_/A1     │ met3  │
│ 8.65  │ 3461.14 │ 400.00   │ _09276_                                         │ _17613_/A1     │ met3  │
│ 8.13  │ 3250.86 │ 400.00   │ _09250_                                         │ _17574_/A1     │ met3  │
│ 7.29  │ 2917.97 │ 400.00   │ _09338_                                         │ _17706_/A1     │ met3  │
│ 6.64  │ 2655.05 │ 400.00   │ _09314_                                         │ _17670_/A1     │ met3  │
│ 6.62  │ 2646.29 │ 400.00   │ _09268_                                         │ _17601_/A1     │ met3  │
│ 6.40  │ 2558.67 │ 400.00   │ net16                                           │ _17782_/A1     │ met3  │
│ 5.72  │ 2287.05 │ 400.00   │ _09282_                                         │ _17622_/A1     │ met3  │
│ 5.72  │ 2287.05 │ 400.00   │ _09300_                                         │ _17649_/A1     │ met3  │
│ 5.08  │ 2032.95 │ 400.00   │ net18                                           │ _17755_/A1     │ met3  │
│ 4.49  │ 1796.44 │ 400.00   │ _09210_                                         │ _17515_/A1     │ met3  │
│ 4.45  │ 1778.92 │ 400.00   │ _09361_                                         │ _17739_/A1     │ met3  │
│ 4.23  │ 1691.30 │ 400.00   │ _09332_                                         │ _17697_/A1     │ met3  │
│ 4.14  │ 1654.98 │ 400.00   │ plaintext_reg[99\]                              │ _18416_/A1     │ met3  │
│ 3.79  │ 1516.00 │ 400.00   │ _09346_                                         │ _17718_/A1     │ met3  │
│ 3.40  │ 1358.08 │ 400.00   │ net234                                          │ wire233/A      │ met3  │
│ 3.31  │ 1324.34 │ 400.00   │ u_aes128_baseline.u_aes_core.state_reg[32\]     │ fanout1674/A   │ met3  │
│ 3.31  │ 1324.34 │ 400.00   │ u_aes128_baseline.u_aes_core.state_reg[32\]     │ fanout1678/A   │ met3  │
│ 3.31  │ 1323.24 │ 400.00   │ _09316_                                         │ _17673_/A1     │ met3  │
│ 3.11  │ 1244.38 │ 400.00   │ _01251_                                         │ _12085_/A      │ met3  │
│ 2.99  │ 1197.41 │ 400.00   │ _01348_                                         │ fanout618/A    │ met3  │
│ 2.82  │ 1128.63 │ 400.00   │ ciphertext_reg[105\]                            │ _09552_/B2     │ met3  │
│ 2.71  │ 1084.58 │ 400.00   │ _09198_                                         │ _17497_/A1     │ met2  │
│ 2.65  │ 1060.38 │ 400.00   │ _00859_                                         │ _17829_/A1     │ met3  │
│ 2.65  │ 1060.38 │ 400.00   │ _03019_                                         │ _11194_/B      │ met3  │
│ 2.51  │ 1002.04 │ 400.00   │ u_aes128_baseline.u_aes_core.state_reg[25\]     │ _10259_/B      │ met3  │
│ 2.51  │ 1002.04 │ 400.00   │ u_aes128_baseline.u_aes_core.state_reg[25\]     │ fanout1713/A   │ met3  │
│ 2.51  │ 1002.04 │ 400.00   │ u_aes128_baseline.u_aes_core.state_reg[25\]     │ fanout1719/A   │ met3  │
│ 2.48  │ 990.35  │ 400.00   │ ciphertext_reg[126\]                            │ _09608_/A1     │ met3  │
│ 2.45  │ 981.52  │ 400.00   │ _00801_                                         │ _17745_/A1     │ met3  │
│ 2.43  │ 973.15  │ 400.00   │ clk                                             │ clkbuf_0_clk/A │ met3  │
│ 2.43  │ 972.76  │ 400.00   │ _00857_                                         │ _17826_/A1     │ met3  │
│ 2.43  │ 972.76  │ 400.00   │ _09348_                                         │ _17721_/A1     │ met3  │
│ 2.36  │ 943.44  │ 400.00   │ u_aes128_baseline.u_aes_core.state_reg[126\]    │ fanout1109/A   │ met3  │
│ 2.36  │ 942.39  │ 400.00   │ _09270_                                         │ _17604_/A1     │ met2  │
│ 2.35  │ 938.25  │ 400.00   │ u_aes128_baseline.u_aes_core.round_key_reg[18\] │ fanout999/A    │ met3  │
│ 2.35  │ 938.25  │ 400.00   │ net1988                                         │ fanout1984/A   │ met3  │
│ 2.25  │ 901.14  │ 400.00   │ ciphertext_reg[5\]                              │ _09592_/A1     │ met3  │
│ 2.25  │ 901.14  │ 400.00   │ plaintext_reg[101\]                             │ _18420_/A1     │ met3  │
│ 2.21  │ 885.14  │ 400.00   │ _03749_                                         │ _11930_/A      │ met3  │
│ 2.15  │ 860.56  │ 400.00   │ _01350_                                         │ fanout570/A    │ met3  │
│ 2.15  │ 860.56  │ 400.00   │ _01350_                                         │ fanout586/A    │ met3  │
│ 2.10  │ 839.77  │ 400.00   │ ready_wire                                      │ wire234/A      │ met3  │
│ 2.09  │ 834.20  │ 400.00   │ _09359_                                         │ _17736_/B1     │ met3  │
│ 2.08  │ 831.81  │ 400.00   │ _00822_                                         │ _17775_/A1     │ met2  │
│ 1.99  │ 797.84  │ 400.00   │ _07718_                                         │ _15979_/A1     │ met3  │
│ 1.99  │ 797.43  │ 400.00   │ net2079                                         │ _18153_/C      │ met3  │
│ 1.99  │ 797.43  │ 400.00   │ net2079                                         │ _18154_/C_N    │ met3  │
│ 1.98  │ 793.47  │ 400.00   │ _09268_                                         │ _17601_/A1     │ met2  │
│ 1.97  │ 787.94  │ 400.00   │ u_aes128_baseline.u_aes_core.state_reg[23\]     │ fanout1728/A   │ met3  │
│ 1.93  │ 771.73  │ 400.00   │ _09184_                                         │ _17884_/B2     │ met3  │
│ 1.93  │ 771.73  │ 400.00   │ _09184_                                         │ _17900_/B2     │ met3  │
│ 1.83  │ 730.93  │ 400.00   │ u_aes128_baseline.u_aes_core.state_reg[77\]     │ fanout1405/A   │ met3  │
│ 1.80  │ 718.73  │ 400.00   │ _09278_                                         │ _17616_/A1     │ met3  │
│ 1.80  │ 718.25  │ 400.00   │ key_reg[100\]                                   │ _18278_/A1     │ met3  │
│ 1.77  │ 709.90  │ 400.00   │ _04906_                                         │ _13208_/C      │ met3  │
│ 1.71  │ 682.57  │ 400.00   │ ciphertext_reg[4\]                              │ _09582_/A1     │ met3  │
│ 1.68  │ 671.37  │ 400.00   │ _05186_                                         │ wire138/A      │ met3  │
│ 1.67  │ 666.81  │ 400.00   │ _00859_                                         │ _17829_/A1     │ met2  │
│ 1.58  │ 631.05  │ 400.00   │ _09225_                                         │ _17537_/A1     │ met3  │
│ 1.56  │ 624.58  │ 400.00   │ _00818_                                         │ _17769_/A1     │ met2  │
│ 1.50  │ 4442.29 │ 2956.40  │ net20                                           │ _17592_/A1     │ met3  │
│ 1.49  │ 594.11  │ 400.00   │ _09266_                                         │ _17598_/A1     │ met1  │
│ 1.47  │ 589.81  │ 400.00   │ net373                                          │ _18725_/C      │ met1  │
│ 1.46  │ 584.73  │ 400.00   │ _06546_                                         │ _15418_/B2     │ met3  │
│ 1.46  │ 584.60  │ 400.00   │ _01463_                                         │ _09652_/A1     │ met3  │
│ 1.46  │ 584.44  │ 400.00   │ _04387_                                         │ _12590_/C1     │ met3  │
│ 1.45  │ 580.62  │ 400.00   │ net1976                                         │ fanout1975/A   │ met3  │
│ 1.44  │ 575.63  │ 400.00   │ ciphertext_reg[24\]                             │ _09545_/A1     │ met2  │
│ 1.44  │ 575.44  │ 400.00   │ u_aes128_baseline.u_aes_core.round_key_reg[30\] │ fanout905/A    │ met3  │
│ 1.44  │ 575.44  │ 400.00   │ u_aes128_baseline.u_aes_core.state_reg[26\]     │ fanout1705/A   │ met3  │
│ 1.43  │ 3960.38 │ 2771.60  │ _09254_                                         │ _17580_/A1     │ met3  │
│ 1.41  │ 564.76  │ 400.00   │ _02054_                                         │ _10219_/B1     │ met3  │
│ 1.41  │ 564.76  │ 400.00   │ _02054_                                         │ _10831_/B1_N   │ met3  │
│ 1.41  │ 562.57  │ 400.00   │ _07061_                                         │ _15301_/A3     │ met3  │
│ 1.40  │ 3881.52 │ 2771.60  │ _00870_                                         │ _17845_/A1     │ met3  │
│ 1.39  │ 556.01  │ 400.00   │ _02870_                                         │ _11135_/A0     │ met3  │
│ 1.39  │ 556.01  │ 400.00   │ _02870_                                         │ _11199_/A      │ met3  │
│ 1.39  │ 555.69  │ 400.00   │ _00807_                                         │ _17754_/A1     │ met2  │
│ 1.38  │ 552.25  │ 400.00   │ _09212_                                         │ _17518_/A1     │ met3  │
│ 1.38  │ 551.81  │ 400.00   │ _09212_                                         │ _17518_/A1     │ met2  │
│ 1.37  │ 547.67  │ 400.00   │ _09328_                                         │ _17691_/A1     │ met1  │
│ 1.36  │ 3776.38 │ 2771.60  │ _09304_                                         │ _17655_/A1     │ met3  │
│ 1.35  │ 539.83  │ 400.00   │ _02105_                                         │ _10272_/A2     │ met3  │
│ 1.35  │ 539.83  │ 400.00   │ _02409_                                         │ _10577_/A2     │ met3  │
│ 1.35  │ 539.83  │ 400.00   │ _03080_                                         │ wire142/A      │ met3  │
│ 1.35  │ 538.97  │ 400.00   │ net354                                          │ _12653_/B1     │ met2  │
│ 1.34  │ 537.55  │ 400.00   │ _00895_                                         │ _17885_/B1     │ met3  │
│ 1.34  │ 537.55  │ 400.00   │ net235                                          │ _11836_/A1     │ met3  │
│ 1.34  │ 537.55  │ 400.00   │ net235                                          │ _12267_/A1     │ met3  │
│ 1.34  │ 535.24  │ 400.00   │ _07863_                                         │ _16151_/A      │ met3  │
│ 1.34  │ 534.67  │ 400.00   │ _03632_                                         │ _11812_/B      │ met3  │
│ 1.32  │ 528.90  │ 400.00   │ net860                                          │ fanout855/A    │ met3  │
│ 1.31  │ 525.90  │ 400.00   │ u_aes128_baseline.u_aes_core.state_reg[15\]     │ fanout1776/A   │ met2  │
│ 1.31  │ 523.61  │ 400.00   │ _01216_                                         │ fanout842/A    │ met3  │
│ 1.26  │ 504.31  │ 400.00   │ net198                                          │ _18408_/A2     │ met3  │
│ 1.24  │ 3434.67 │ 2771.60  │ _00861_                                         │ _17832_/A1     │ met3  │
│ 1.24  │ 495.22  │ 400.00   │ _06716_                                         │ _14950_/A2     │ met3  │
│ 1.24  │ 495.22  │ 400.00   │ _08897_                                         │ _17165_/A2     │ met3  │
│ 1.22  │ 3513.71 │ 2881.16  │ net1646                                         │ _17589_/A0     │ met3  │
│ 1.21  │ 3347.05 │ 2771.60  │ _00866_                                         │ _17839_/A1     │ met3  │
│ 1.20  │ 479.04  │ 400.00   │ _04331_                                         │ _12523_/B1     │ met3  │
│ 1.20  │ 479.04  │ 400.00   │ _04331_                                         │ _12592_/C      │ met3  │
│ 1.18  │ 471.25  │ 400.00   │ _09288_                                         │ _17631_/A1     │ met2  │
│ 1.18  │ 3259.43 │ 2771.60  │ _09188_                                         │ _17482_/A1     │ met4  │
│ 1.17  │ 467.36  │ 400.00   │ _00866_                                         │ _17839_/A1     │ met2  │
│ 1.16  │ 465.64  │ 400.00   │ net944                                          │ _11296_/A2     │ met3  │
│ 1.16  │ 465.64  │ 400.00   │ net944                                          │ fanout937/A    │ met3  │
│ 1.16  │ 465.64  │ 400.00   │ net944                                          │ fanout941/A    │ met3  │
│ 1.14  │ 3171.81 │ 2771.60  │ _00836_                                         │ _17795_/A1     │ met4  │
│ 1.14  │ 3171.81 │ 2771.60  │ _09192_                                         │ _17488_/A1     │ met3  │
│ 1.14  │ 457.50  │ 400.00   │ done_latched                                    │ _18722_/A      │ met3  │
│ 1.14  │ 457.50  │ 400.00   │ done_latched                                    │ _19546_/A      │ met3  │
│ 1.13  │ 453.89  │ 400.00   │ net42                                           │ _11005_/B      │ met3  │
│ 1.13  │ 450.78  │ 400.00   │ _03681_                                         │ _12220_/A1     │ met3  │
│ 1.13  │ 450.62  │ 400.00   │ net353                                          │ wire354/A      │ met3  │
│ 1.12  │ 447.05  │ 400.00   │ _01888_                                         │ _11128_/C      │ met3  │
│ 1.12  │ 447.05  │ 400.00   │ _09242_                                         │ _17562_/A1     │ met3  │
│ 1.12  │ 3092.95 │ 2771.60  │ _09208_                                         │ _17512_/A1     │ met4  │
│ 1.11  │ 3084.19 │ 2771.60  │ _00803_                                         │ _17748_/A1     │ met4  │
│ 1.11  │ 442.06  │ 400.00   │ _09342_                                         │ _17712_/A1     │ met1  │
│ 1.10  │ 441.58  │ 400.00   │ u_aes128_baseline.u_aes_core.state_reg[24\]     │ fanout1720/A   │ met1  │
│ 1.10  │ 440.69  │ 400.00   │ _09330_                                         │ _17694_/A1     │ met2  │
│ 1.10  │ 440.17  │ 400.00   │ net18                                           │ _17755_/A1     │ met2  │
│ 1.09  │ 434.20  │ 400.00   │ _05016_                                         │ wire139/A      │ met3  │
│ 1.08  │ 2996.57 │ 2771.60  │ _09238_                                         │ _17556_/A1     │ met3  │
│ 1.07  │ 429.03  │ 400.00   │ net3                                            │ _18156_/A      │ met2  │
│ 1.06  │ 423.70  │ 400.00   │ _04681_                                         │ _13868_/B2     │ met3  │
│ 1.05  │ 419.94  │ 400.00   │ _01272_                                         │ fanout750/A    │ met3  │
│ 1.05  │ 2908.95 │ 2771.60  │ _09186_                                         │ _17479_/A1     │ met3  │
│ 1.05  │ 2908.95 │ 2771.60  │ _09312_                                         │ _17667_/A1     │ met3  │
│ 1.03  │ 410.51  │ 400.00   │ plaintext_reg[100\]                             │ _18418_/A1     │ met3  │
│ 1.03  │ 410.47  │ 400.00   │ _03255_                                         │ _11818_/A2     │ met3  │
│ 1.02  │ 406.01  │ 400.00   │ _05102_                                         │ _13302_/B1     │ met3  │
│ 1.02  │ 406.01  │ 400.00   │ _07732_                                         │ _17206_/A2     │ met3  │
│ 1.01  │ 402.67  │ 400.00   │ net965                                          │ fanout962/A    │ met3  │
│ 1.01  │ 402.67  │ 400.00   │ net965                                          │ fanout963/A    │ met3  │
│ 1.01  │ 402.67  │ 400.00   │ net965                                          │ fanout964/A    │ met3  │
│ 1.01  │ 402.36  │ 400.00   │ _00801_                                         │ _17745_/A1     │ met2  │
└───────┴─────────┴──────────┴─────────────────────────────────────────────────┴────────────────┴───────┘
