
===========================================================================
report_checks -unconstrained
===========================================================================
======================= max_tt_025C_1v80 Corner ===================================

Startpoint: rst_n (input port clocked by clk)
Endpoint: _6462_ (recovery check against rising-edge clock clk)
Path Group: asynchronous
Path Type: max

Fanout         Cap        Slew       Delay        Time   Description
---------------------------------------------------------------------------------------------
                                  0.000000    0.000000   clock clk (rise edge)
                                  0.000000    0.000000   clock network delay (propagated)
                                 20.000000   20.000000 ^ input external delay
     1    0.008221    0.043520    0.028416   20.028418 ^ rst_n (in)
                                                         rst_n (net)
                      0.043524    0.000000   20.028418 ^ input1/A (sky130_fd_sc_hd__clkdlybuf4s25_1)
     1    0.005540    0.069076    0.261707   20.290123 ^ input1/X (sky130_fd_sc_hd__clkdlybuf4s25_1)
                                                         net1 (net)
                      0.069076    0.000252   20.290377 ^ fanout848/A (sky130_fd_sc_hd__clkdlybuf4s25_1)
    12    0.168511    1.665614    1.375110   21.665485 ^ fanout848/X (sky130_fd_sc_hd__clkdlybuf4s25_1)
                                                         net848 (net)
                      1.665636    0.005270   21.670757 ^ fanout740/A (sky130_fd_sc_hd__clkdlybuf4s25_1)
     5    0.068120    0.675265    0.877520   22.548277 ^ fanout740/X (sky130_fd_sc_hd__clkdlybuf4s25_1)
                                                         net740 (net)
                      0.675309    0.005867   22.554144 ^ fanout713/A (sky130_fd_sc_hd__clkdlybuf4s25_1)
     7    0.060043    0.598548    0.750536   23.304680 ^ fanout713/X (sky130_fd_sc_hd__clkdlybuf4s25_1)
                                                         net713 (net)
                      0.598548    0.001586   23.306267 ^ fanout704/A (sky130_fd_sc_hd__clkdlybuf4s25_1)
     5    0.023939    0.245570    0.496659   23.802925 ^ fanout704/X (sky130_fd_sc_hd__clkdlybuf4s25_1)
                                                         net704 (net)
                      0.245605    0.002945   23.805870 ^ fanout703/A (sky130_fd_sc_hd__clkdlybuf4s25_1)
     8    0.048173    0.482511    0.607512   24.413382 ^ fanout703/X (sky130_fd_sc_hd__clkdlybuf4s25_1)
                                                         net703 (net)
                      0.482515    0.002364   24.415747 ^ fanout701/A (sky130_fd_sc_hd__clkdlybuf4s25_1)
     2    0.008926    0.100827    0.379032   24.794779 ^ fanout701/X (sky130_fd_sc_hd__clkdlybuf4s25_1)
                                                         net701 (net)
                      0.100828    0.000545   24.795324 ^ load_slew702/A (sky130_fd_sc_hd__clkbuf_4)
     9    0.047233    0.149298    0.229559   25.024883 ^ load_slew702/X (sky130_fd_sc_hd__clkbuf_4)
                                                         net702 (net)
                      0.149617    0.005070   25.029953 ^ fanout699/A (sky130_fd_sc_hd__clkdlybuf4s25_1)
     2    0.008436    0.096223    0.315898   25.345850 ^ fanout699/X (sky130_fd_sc_hd__clkdlybuf4s25_1)
                                                         net699 (net)
                      0.096223    0.000357   25.346209 ^ load_slew700/A (sky130_fd_sc_hd__buf_4)
     9    0.045935    0.132659    0.195019   25.541227 ^ load_slew700/X (sky130_fd_sc_hd__buf_4)
                                                         net700 (net)
                      0.132842    0.003469   25.544697 ^ _6462_/RESET_B (sky130_fd_sc_hd__dfrtp_2)
                                             25.544697   data arrival time

                                100.000000  100.000000   clock clk (rise edge)
                                  0.000000  100.000000   clock source latency
     1    0.042371    0.195121    0.136893  100.136887 ^ clk (in)
                                                         clk (net)
                      0.195193    0.000000  100.136887 ^ clkbuf_0_clk/A (sky130_fd_sc_hd__clkbuf_16)
     8    0.151698    0.165562    0.262325  100.399216 ^ clkbuf_0_clk/X (sky130_fd_sc_hd__clkbuf_16)
                                                         clknet_0_clk (net)
                      0.170655    0.022872  100.422089 ^ clkbuf_3_1_0_clk/A (sky130_fd_sc_hd__clkbuf_8)
     2    0.027612    0.063610    0.184620  100.606705 ^ clkbuf_3_1_0_clk/X (sky130_fd_sc_hd__clkbuf_8)
                                                         clknet_3_1_0_clk (net)
                      0.063739    0.002444  100.609154 ^ clkbuf_4_2__f_clk/A (sky130_fd_sc_hd__clkbuf_16)
     6    0.069381    0.087095    0.169230  100.778381 ^ clkbuf_4_2__f_clk/X (sky130_fd_sc_hd__clkbuf_16)
                                                         clknet_4_2__leaf_clk (net)
                      0.087359    0.003418  100.781799 ^ clkbuf_leaf_82_clk/A (sky130_fd_sc_hd__clkbuf_8)
    12    0.036943    0.077034    0.167766  100.949570 ^ clkbuf_leaf_82_clk/X (sky130_fd_sc_hd__clkbuf_8)
                                                         clknet_leaf_82_clk (net)
                      0.077043    0.000931  100.950500 ^ _6462_/CLK (sky130_fd_sc_hd__dfrtp_2)
                                 -0.250000  100.700500   clock uncertainty
                                  0.000000  100.700500   clock reconvergence pessimism
                                  0.202951  100.903450   library recovery time
                                            100.903450   data required time
---------------------------------------------------------------------------------------------
                                            100.903450   data required time
                                            -25.544697   data arrival time
---------------------------------------------------------------------------------------------
                                             75.358757   slack (MET)


Startpoint: _7074_ (rising edge-triggered flip-flop clocked by clk)
Endpoint: uo_out[2] (output port clocked by clk)
Path Group: clk
Path Type: max

Fanout         Cap        Slew       Delay        Time   Description
---------------------------------------------------------------------------------------------
                                  0.000000    0.000000   clock clk (rise edge)
                                  0.000000    0.000000   clock source latency
     1    0.042371    0.195121    0.136896    0.136896 ^ clk (in)
                                                         clk (net)
                      0.195193    0.000000    0.136896 ^ clkbuf_0_clk/A (sky130_fd_sc_hd__clkbuf_16)
     8    0.151698    0.165562    0.262324    0.399220 ^ clkbuf_0_clk/X (sky130_fd_sc_hd__clkbuf_16)
                                                         clknet_0_clk (net)
                      0.171417    0.024523    0.423743 ^ clkbuf_3_2_0_clk/A (sky130_fd_sc_hd__clkbuf_8)
     2    0.033611    0.072912    0.191848    0.615591 ^ clkbuf_3_2_0_clk/X (sky130_fd_sc_hd__clkbuf_8)
                                                         clknet_3_2_0_clk (net)
                      0.073026    0.002512    0.618103 ^ clkbuf_4_4__f_clk/A (sky130_fd_sc_hd__clkbuf_16)
     6    0.060733    0.079052    0.165254    0.783357 ^ clkbuf_4_4__f_clk/X (sky130_fd_sc_hd__clkbuf_16)
                                                         clknet_4_4__leaf_clk (net)
                      0.079862    0.006301    0.789658 ^ clkbuf_leaf_20_clk/A (sky130_fd_sc_hd__clkbuf_8)
    10    0.036487    0.076572    0.164301    0.953959 ^ clkbuf_leaf_20_clk/X (sky130_fd_sc_hd__clkbuf_8)
                                                         clknet_leaf_20_clk (net)
                      0.076646    0.002126    0.956086 ^ _7074_/CLK (sky130_fd_sc_hd__dfrtp_2)
     1    0.004106    0.043805    0.349796    1.305882 ^ _7074_/Q (sky130_fd_sc_hd__dfrtp_2)
                                                         output_index[0] (net)
                      0.044212    0.000289    1.306172 ^ fanout563/A (sky130_fd_sc_hd__clkdlybuf4s25_1)
     5    0.074602    0.741353    0.728494    2.034665 ^ fanout563/X (sky130_fd_sc_hd__clkdlybuf4s25_1)
                                                         net563 (net)
                      0.741360    0.001902    2.036568 ^ fanout558/A (sky130_fd_sc_hd__clkdlybuf4s25_1)
     7    0.041207    0.414179    0.628978    2.665545 ^ fanout558/X (sky130_fd_sc_hd__clkdlybuf4s25_1)
                                                         net558 (net)
                      0.414184    0.002093    2.667638 ^ _3107_/A (sky130_fd_sc_hd__and2_2)
     3    0.065973    0.336968    0.446947    3.114585 ^ _3107_/X (sky130_fd_sc_hd__and2_2)
                                                         _1061_ (net)
                      0.336986    0.002791    3.117376 ^ fanout416/A (sky130_fd_sc_hd__clkdlybuf4s25_1)
     6    0.049025    0.490798    0.628955    3.746330 ^ fanout416/X (sky130_fd_sc_hd__clkdlybuf4s25_1)
                                                         net416 (net)
                      0.490961    0.001294    3.747625 ^ fanout415/A (sky130_fd_sc_hd__clkdlybuf4s25_1)
    10    0.058727    0.585636    0.718411    4.466036 ^ fanout415/X (sky130_fd_sc_hd__clkdlybuf4s25_1)
                                                         net415 (net)
                      0.585656    0.004111    4.470147 ^ _3108_/B (sky130_fd_sc_hd__nor2_2)
     2    0.058954    0.224744    0.280423    4.750570 v _3108_/Y (sky130_fd_sc_hd__nor2_2)
                                                         _1062_ (net)
                      0.224948    0.005302    4.755872 v fanout309/A (sky130_fd_sc_hd__clkdlybuf4s25_1)
     5    0.027606    0.207998    0.447218    5.203090 v fanout309/X (sky130_fd_sc_hd__clkdlybuf4s25_1)
                                                         net309 (net)
                      0.208005    0.001388    5.204477 v load_slew310/A (sky130_fd_sc_hd__clkbuf_4)
     5    0.069113    0.140440    0.303527    5.508005 v load_slew310/X (sky130_fd_sc_hd__clkbuf_4)
                                                         net310 (net)
                      0.140930    0.006362    5.514367 v fanout308/A (sky130_fd_sc_hd__clkdlybuf4s25_1)
    10    0.057384    0.419490    0.571458    6.085825 v fanout308/X (sky130_fd_sc_hd__clkdlybuf4s25_1)
                                                         net308 (net)
                      0.419894    0.009377    6.095203 v _3144_/B1 (sky130_fd_sc_hd__a221o_2)
     1    0.004253    0.069906    0.458189    6.553392 v _3144_/X (sky130_fd_sc_hd__a221o_2)
                                                         _1096_ (net)
                      0.069906    0.000307    6.553699 v _3145_/C (sky130_fd_sc_hd__and3_2)
     1    0.003149    0.038143    0.213859    6.767558 v _3145_/X (sky130_fd_sc_hd__and3_2)
                                                         _1097_ (net)
                      0.038143    0.000132    6.767691 v _3152_/B1 (sky130_fd_sc_hd__a31o_2)
     1    0.055854    0.151014    0.325974    7.093665 v _3152_/X (sky130_fd_sc_hd__a31o_2)
                                                         _1104_ (net)
                      0.151330    0.006033    7.099698 v _3153_/A1 (sky130_fd_sc_hd__mux2_1)
     1    0.072627    0.347005    0.611604    7.711302 v _3153_/X (sky130_fd_sc_hd__mux2_1)
                                                         net80 (net)
                      0.347264    0.008579    7.719881 v wire80/A (sky130_fd_sc_hd__buf_4)
     1    0.062371    0.091178    0.323652    8.043533 v wire80/X (sky130_fd_sc_hd__buf_4)
                                                         uo_out[2] (net)
                      0.092638    0.008710    8.052243 v uo_out[2] (out)
                                              8.052243   data arrival time

                                100.000000  100.000000   clock clk (rise edge)
                                  0.000000  100.000000   clock network delay (propagated)
                                 -0.250000   99.750000   clock uncertainty
                                  0.000000   99.750000   clock reconvergence pessimism
                                -20.000000   79.750000   output external delay
                                             79.750000   data required time
---------------------------------------------------------------------------------------------
                                             79.750000   data required time
                                             -8.052243   data arrival time
---------------------------------------------------------------------------------------------
                                             71.697754   slack (MET)




===========================================================================
report_checks --slack_max -0.01
============================================================================
======================= max_tt_025C_1v80 Corner ===================================

No paths found.


===========================================================================
 report_check_types -max_slew -max_cap -max_fanout -violators
============================================================================
======================= max_tt_025C_1v80 Corner ===================================

max slew

Pin                                        Limit        Slew       Slack
------------------------------------------------------------------------
fanout817/A                             0.750000    1.667133   -0.917133 (VIOLATED)
ANTENNA_81/DIODE                        0.750000    1.667125   -0.917125 (VIOLATED)
ANTENNA_80/DIODE                        0.750000    1.667009   -0.917009 (VIOLATED)
fanout803/A                             0.750000    1.666989   -0.916989 (VIOLATED)
fanout847/A                             0.750000    1.666603   -0.916603 (VIOLATED)
ANTENNA_82/DIODE                        0.750000    1.666596   -0.916596 (VIOLATED)
fanout790/A                             0.750000    1.666081   -0.916081 (VIOLATED)
ANTENNA_79/DIODE                        0.750000    1.666076   -0.916076 (VIOLATED)
fanout698/A                             0.750000    1.665671   -0.915671 (VIOLATED)
fanout667/A                             0.750000    1.665668   -0.915668 (VIOLATED)
fanout682/A                             0.750000    1.665640   -0.915640 (VIOLATED)
fanout740/A                             0.750000    1.665636   -0.915636 (VIOLATED)
fanout848/X                             0.750000    1.665614   -0.915614 (VIOLATED)
_3127_/C1                               0.750000    1.483571   -0.733571 (VIOLATED)
ANTENNA_62/DIODE                        0.750000    1.483562   -0.733562 (VIOLATED)
_3137_/C1                               0.750000    1.483552   -0.733552 (VIOLATED)
ANTENNA_63/DIODE                        0.750000    1.483534   -0.733534 (VIOLATED)
_3144_/C1                               0.750000    1.483532   -0.733532 (VIOLATED)
ANTENNA_64/DIODE                        0.750000    1.483529   -0.733529 (VIOLATED)
_3150_/C1                               0.750000    1.483529   -0.733529 (VIOLATED)
ANTENNA_65/DIODE                        0.750000    1.483520   -0.733520 (VIOLATED)
_3205_/B1                               0.750000    1.483159   -0.733159 (VIOLATED)
_3201_/C1                               0.750000    1.482432   -0.732432 (VIOLATED)
_3122_/C1                               0.750000    1.482429   -0.732429 (VIOLATED)
_3166_/C1                               0.750000    1.482417   -0.732417 (VIOLATED)
_3120_/C1                               0.750000    1.482397   -0.732397 (VIOLATED)
_3159_/B1                               0.750000    1.482247   -0.732248 (VIOLATED)
fanout313/X                             0.750000    1.482165   -0.732165 (VIOLATED)
_3142_/C1                               0.750000    1.431097   -0.681097 (VIOLATED)
_3134_/C1                               0.750000    1.431061   -0.681061 (VIOLATED)
_3130_/C1                               0.750000    1.431044   -0.681044 (VIOLATED)
_3213_/C1                               0.750000    1.430677   -0.680677 (VIOLATED)
_3208_/C1                               0.750000    1.429420   -0.679420 (VIOLATED)
_3199_/C1                               0.750000    1.429137   -0.679137 (VIOLATED)
_3129_/A1                               0.750000    1.429122   -0.679122 (VIOLATED)
_3133_/A1                               0.750000    1.429111   -0.679111 (VIOLATED)
_3141_/A1                               0.750000    1.429055   -0.679056 (VIOLATED)
_3147_/A1                               0.750000    1.428900   -0.678900 (VIOLATED)
_3163_/C1                               0.750000    1.428659   -0.678659 (VIOLATED)
_3121_/C1                               0.750000    1.428655   -0.678655 (VIOLATED)
_3117_/C1                               0.750000    1.428651   -0.678651 (VIOLATED)
_3156_/C1                               0.750000    1.428499   -0.678499 (VIOLATED)
fanout311/X                             0.750000    1.428424   -0.678424 (VIOLATED)
_3184_/A1                               0.750000    1.428178   -0.678178 (VIOLATED)
_3170_/A1                               0.750000    1.427562   -0.677562 (VIOLATED)
_3179_/A1                               0.750000    1.426878   -0.676878 (VIOLATED)
_3212_/A1                               0.750000    1.425968   -0.675968 (VIOLATED)
_3207_/A1                               0.750000    1.423970   -0.673970 (VIOLATED)
fanout554/A                             0.750000    1.423172   -0.673172 (VIOLATED)
fanout555/X                             0.750000    1.423172   -0.673172 (VIOLATED)
fanout120/A                             0.750000    1.370824   -0.620824 (VIOLATED)
fanout118/A                             0.750000    1.370800   -0.620800 (VIOLATED)
fanout117/A                             0.750000    1.370712   -0.620712 (VIOLATED)
ANTENNA_51/DIODE                        0.750000    1.370282   -0.620282 (VIOLATED)
fanout113/A                             0.750000    1.370131   -0.620131 (VIOLATED)
fanout109/A                             0.750000    1.369732   -0.619732 (VIOLATED)
fanout121/X                             0.750000    1.369701   -0.619701 (VIOLATED)
_3564_/A                                0.750000    1.319088   -0.569088 (VIOLATED)
_5596_/A1                               0.750000    1.319046   -0.569046 (VIOLATED)
_3552_/C1                               0.750000    1.318856   -0.568856 (VIOLATED)
_5587_/A1                               0.750000    1.318769   -0.568769 (VIOLATED)
_3603_/C1                               0.750000    1.318266   -0.568266 (VIOLATED)
_5577_/A                                0.750000    1.318140   -0.568140 (VIOLATED)
_5571_/A                                0.750000    1.317614   -0.567614 (VIOLATED)
_5584_/A1                               0.750000    1.317014   -0.567014 (VIOLATED)
_5589_/A1                               0.750000    1.316842   -0.566842 (VIOLATED)
fanout490/A                             0.750000    1.316225   -0.566225 (VIOLATED)
fanout493/X                             0.750000    1.316215   -0.566215 (VIOLATED)
fanout369/A                             0.750000    1.288507   -0.538507 (VIOLATED)
_5601_/A1                               0.750000    1.288390   -0.538390 (VIOLATED)
_3495_/B1                               0.750000    1.288293   -0.538293 (VIOLATED)
_3518_/A2                               0.750000    1.288094   -0.538094 (VIOLATED)
_4312_/A                                0.750000    1.287800   -0.537800 (VIOLATED)
_5593_/A2                               0.750000    1.287674   -0.537674 (VIOLATED)
_3595_/A2                               0.750000    1.286987   -0.536987 (VIOLATED)
_3602_/A2                               0.750000    1.286780   -0.536780 (VIOLATED)
_3551_/A2                               0.750000    1.286755   -0.536755 (VIOLATED)
_3567_/A2                               0.750000    1.286741   -0.536741 (VIOLATED)
fanout370/X                             0.750000    1.286741   -0.536741 (VIOLATED)
fanout452/A                             0.750000    1.280227   -0.530227 (VIOLATED)
_5514_/A                                0.750000    1.280162   -0.530162 (VIOLATED)
_4540_/A1                               0.750000    1.280148   -0.530148 (VIOLATED)
_4547_/A                                0.750000    1.280039   -0.530039 (VIOLATED)
_3506_/B1                               0.750000    1.279582   -0.529582 (VIOLATED)
_3512_/A                                0.750000    1.279379   -0.529379 (VIOLATED)
_3560_/A1                               0.750000    1.278760   -0.528760 (VIOLATED)
_3593_/A                                0.750000    1.278750   -0.528750 (VIOLATED)
_4495_/A1                               0.750000    1.278697   -0.528697 (VIOLATED)
_4503_/B2                               0.750000    1.278628   -0.528628 (VIOLATED)
fanout453/X                             0.750000    1.278618   -0.528618 (VIOLATED)
_5605_/A1                               0.750000    1.250767   -0.500767 (VIOLATED)
ANTENNA_76/DIODE                        0.750000    1.250765   -0.500765 (VIOLATED)
_5609_/A1                               0.750000    1.250704   -0.500704 (VIOLATED)
ANTENNA_77/DIODE                        0.750000    1.250703   -0.500703 (VIOLATED)
fanout493/A                             0.750000    1.250262   -0.500262 (VIOLATED)
fanout489/A                             0.750000    1.250255   -0.500255 (VIOLATED)
_5581_/A                                0.750000    1.250250   -0.500250 (VIOLATED)
_5580_/A1                               0.750000    1.250240   -0.500241 (VIOLATED)
fanout494/X                             0.750000    1.250222   -0.500222 (VIOLATED)
_4738_/A                                0.750000    1.168878   -0.418878 (VIOLATED)
ANTENNA_61/DIODE                        0.750000    1.168871   -0.418871 (VIOLATED)
_4731_/A1_N                             0.750000    1.168851   -0.418851 (VIOLATED)
_4753_/A1_N                             0.750000    1.168842   -0.418842 (VIOLATED)
_4609_/A1_N                             0.750000    1.168811   -0.418811 (VIOLATED)
_4746_/A1_N                             0.750000    1.168797   -0.418797 (VIOLATED)
_4724_/A1_N                             0.750000    1.168786   -0.418786 (VIOLATED)
_4058_/A1_N                             0.750000    1.168780   -0.418780 (VIOLATED)
_4776_/A1_N                             0.750000    1.168760   -0.418760 (VIOLATED)
ANTENNA_60/DIODE                        0.750000    1.168681   -0.418681 (VIOLATED)
_4716_/A1_N                             0.750000    1.168681   -0.418681 (VIOLATED)
_3718_/A                                0.750000    1.168665   -0.418665 (VIOLATED)
fanout169/X                             0.750000    1.168665   -0.418665 (VIOLATED)
_3497_/A                                0.750000    1.161905   -0.411905 (VIOLATED)
_4266_/A                                0.750000    1.161904   -0.411904 (VIOLATED)
_4411_/C1                               0.750000    1.161902   -0.411902 (VIOLATED)
_4345_/A                                0.750000    1.161883   -0.411883 (VIOLATED)
_5508_/A                                0.750000    1.161835   -0.411835 (VIOLATED)
_4571_/A1                               0.750000    1.161834   -0.411834 (VIOLATED)
_4419_/A                                0.750000    1.161803   -0.411803 (VIOLATED)
_3495_/A1                               0.750000    1.161761   -0.411761 (VIOLATED)
_4368_/A                                0.750000    1.161672   -0.411672 (VIOLATED)
_3492_/A                                0.750000    1.161651   -0.411651 (VIOLATED)
fanout455/X                             0.750000    1.161614   -0.411614 (VIOLATED)
_5561_/A2                               0.750000    1.151151   -0.401151 (VIOLATED)
_5560_/A2                               0.750000    1.151108   -0.401108 (VIOLATED)
fanout518/A                             0.750000    1.150957   -0.400957 (VIOLATED)
_5563_/A2                               0.750000    1.150580   -0.400580 (VIOLATED)
_5539_/A2                               0.750000    1.150560   -0.400560 (VIOLATED)
_5555_/A2                               0.750000    1.150542   -0.400542 (VIOLATED)
_5547_/A2                               0.750000    1.150497   -0.400497 (VIOLATED)
_5558_/A2                               0.750000    1.150386   -0.400386 (VIOLATED)
_5566_/A2                               0.750000    1.150347   -0.400347 (VIOLATED)
_5542_/A2                               0.750000    1.150214   -0.400214 (VIOLATED)
fanout519/X                             0.750000    1.150203   -0.400203 (VIOLATED)
_3549_/B2                               0.750000    1.135127   -0.385127 (VIOLATED)
_3633_/B2                               0.750000    1.135120   -0.385120 (VIOLATED)
_3536_/A1                               0.750000    1.135106   -0.385106 (VIOLATED)
_3086_/A                                0.750000    1.134843   -0.384843 (VIOLATED)
_3484_/A1                               0.750000    1.134816   -0.384816 (VIOLATED)
_5502_/A_N                              0.750000    1.134705   -0.384705 (VIOLATED)
_5359_/A_N                              0.750000    1.134595   -0.384595 (VIOLATED)
_5506_/A                                0.750000    1.134555   -0.384555 (VIOLATED)
_3485_/A                                0.750000    1.134470   -0.384470 (VIOLATED)
_3095_/A1                               0.750000    1.134435   -0.384436 (VIOLATED)
fanout495/X                             0.750000    1.134376   -0.384376 (VIOLATED)
_5607_/A2                               0.750000    1.133225   -0.383225 (VIOLATED)
_4445_/A1                               0.750000    1.133201   -0.383201 (VIOLATED)
_5602_/A2                               0.750000    1.133150   -0.383150 (VIOLATED)
_3518_/B1                               0.750000    1.133104   -0.383104 (VIOLATED)
_3594_/B1                               0.750000    1.132894   -0.382894 (VIOLATED)
_3602_/B1                               0.750000    1.132752   -0.382752 (VIOLATED)
_3567_/B1                               0.750000    1.132711   -0.382711 (VIOLATED)
_3551_/B1                               0.750000    1.132644   -0.382644 (VIOLATED)
_5605_/A2                               0.750000    1.132593   -0.382593 (VIOLATED)
_5604_/A1                               0.750000    1.132589   -0.382589 (VIOLATED)
fanout359/X                             0.750000    1.132571   -0.382571 (VIOLATED)
_3572_/S                                0.750000    1.130531   -0.380531 (VIOLATED)
_3599_/B1                               0.750000    1.130431   -0.380431 (VIOLATED)
_4495_/A2                               0.750000    1.130217   -0.380217 (VIOLATED)
_4850_/A2                               0.750000    1.130084   -0.380084 (VIOLATED)
fanout583/A                             0.750000    1.129736   -0.379736 (VIOLATED)
_3501_/A                                0.750000    1.128949   -0.378949 (VIOLATED)
_3505_/S                                0.750000    1.128765   -0.378765 (VIOLATED)
_4355_/A                                0.750000    1.128354   -0.378354 (VIOLATED)
fanout582/A                             0.750000    1.128271   -0.378272 (VIOLATED)
_5510_/B1                               0.750000    1.128270   -0.378270 (VIOLATED)
fanout584/X                             0.750000    1.128262   -0.378262 (VIOLATED)
fanout44/A                              0.750000    1.089484   -0.339484 (VIOLATED)
ANTENNA_38/DIODE                        0.750000    1.089483   -0.339483 (VIOLATED)
fanout40/A                              0.750000    1.089384   -0.339384 (VIOLATED)
ANTENNA_36/DIODE                        0.750000    1.089382   -0.339382 (VIOLATED)
fanout42/A                              0.750000    1.089373   -0.339373 (VIOLATED)
ANTENNA_37/DIODE                        0.750000    1.089337   -0.339337 (VIOLATED)
fanout45/A                              0.750000    1.089115   -0.339115 (VIOLATED)
ANTENNA_39/DIODE                        0.750000    1.089109   -0.339109 (VIOLATED)
fanout37/A                              0.750000    1.088599   -0.338599 (VIOLATED)
fanout47/X                              0.750000    1.088590   -0.338590 (VIOLATED)
fanout358/A                             0.750000    1.054159   -0.304159 (VIOLATED)
_5609_/A2                               0.750000    1.054119   -0.304119 (VIOLATED)
_5610_/A1                               0.750000    1.054032   -0.304032 (VIOLATED)
_5608_/A1                               0.750000    1.053407   -0.303407 (VIOLATED)
fanout359/A                             0.750000    1.053340   -0.303340 (VIOLATED)
fanout360/X                             0.750000    1.053310   -0.303310 (VIOLATED)
_5600_/A1                               0.750000    1.034723   -0.284723 (VIOLATED)
_5597_/A1                               0.750000    1.034708   -0.284708 (VIOLATED)
_5606_/A1                               0.750000    1.034696   -0.284696 (VIOLATED)
_5588_/A1                               0.750000    1.034609   -0.284609 (VIOLATED)
_5591_/A1                               0.750000    1.034582   -0.284582 (VIOLATED)
_3549_/A1                               0.750000    1.034370   -0.284370 (VIOLATED)
_3633_/A1                               0.750000    1.034235   -0.284235 (VIOLATED)
_3524_/C1                               0.750000    1.033831   -0.283831 (VIOLATED)
_3094_/A1                               0.750000    1.033303   -0.283303 (VIOLATED)
_5575_/A1                               0.750000    1.033302   -0.283302 (VIOLATED)
fanout489/X                             0.750000    1.033293   -0.283293 (VIOLATED)
_5557_/A2                               0.750000    1.003448   -0.253448 (VIOLATED)
_5565_/A2                               0.750000    1.003447   -0.253447 (VIOLATED)
fanout516/A                             0.750000    1.003321   -0.253321 (VIOLATED)
_5541_/A2                               0.750000    1.003242   -0.253242 (VIOLATED)
_5550_/A2                               0.750000    1.002683   -0.252683 (VIOLATED)
_3094_/B1                               0.750000    1.002316   -0.252316 (VIOLATED)
fanout517/X                             0.750000    1.002265   -0.252265 (VIOLATED)
_4871_/A1                               0.750000    0.992723   -0.242723 (VIOLATED)
fanout579/A                             0.750000    0.992623   -0.242623 (VIOLATED)
_3598_/S                                0.750000    0.992542   -0.242542 (VIOLATED)
_4378_/A                                0.750000    0.992499   -0.242499 (VIOLATED)
_4370_/A1_N                             0.750000    0.992472   -0.242472 (VIOLATED)
_4403_/A                                0.750000    0.992242   -0.242242 (VIOLATED)
_4395_/A1_N                             0.750000    0.991807   -0.241807 (VIOLATED)
_3516_/A1                               0.750000    0.991676   -0.241676 (VIOLATED)
_4360_/A                                0.750000    0.991410   -0.241410 (VIOLATED)
fanout580/X                             0.750000    0.991384   -0.241384 (VIOLATED)
_3150_/A2                               0.750000    0.977400   -0.227400 (VIOLATED)
_3144_/A2                               0.750000    0.977386   -0.227386 (VIOLATED)
_3147_/B2                               0.750000    0.977311   -0.227311 (VIOLATED)
fanout417/A                             0.750000    0.976959   -0.226959 (VIOLATED)
_3170_/B2                               0.750000    0.976355   -0.226355 (VIOLATED)
_3173_/A2                               0.750000    0.976331   -0.226331 (VIOLATED)
_3177_/A2                               0.750000    0.976019   -0.226019 (VIOLATED)
_3179_/B2                               0.750000    0.975973   -0.225973 (VIOLATED)
_3215_/A2                               0.750000    0.975859   -0.225859 (VIOLATED)
_3219_/B2                               0.750000    0.975709   -0.225709 (VIOLATED)
fanout418/X                             0.750000    0.975679   -0.225679 (VIOLATED)
_4046_/A3                               0.750000    0.973813   -0.223813 (VIOLATED)
_3916_/A3                               0.750000    0.973808   -0.223808 (VIOLATED)
_4094_/A3                               0.750000    0.973799   -0.223799 (VIOLATED)
_3996_/A3                               0.750000    0.973795   -0.223795 (VIOLATED)
_4248_/A0                               0.750000    0.973776   -0.223776 (VIOLATED)
_5600_/A3                               0.750000    0.973773   -0.223773 (VIOLATED)
_4651_/A0                               0.750000    0.973769   -0.223769 (VIOLATED)
_4473_/A0                               0.750000    0.973758   -0.223758 (VIOLATED)
_4828_/A0                               0.750000    0.973746   -0.223746 (VIOLATED)
_5609_/A3                               0.750000    0.973697   -0.223697 (VIOLATED)
fanout15/X                              0.750000    0.973681   -0.223681 (VIOLATED)
_3797_/A1                               0.750000    0.938896   -0.188896 (VIOLATED)
_3764_/A1                               0.750000    0.938894   -0.188894 (VIOLATED)
_3939_/A1                               0.750000    0.938746   -0.188746 (VIOLATED)
_3088_/B                                0.750000    0.938733   -0.188733 (VIOLATED)
_4028_/A1                               0.750000    0.938729   -0.188729 (VIOLATED)
_4046_/A1                               0.750000    0.938729   -0.188729 (VIOLATED)
_3831_/A1                               0.750000    0.938727   -0.188727 (VIOLATED)
_3916_/A1                               0.750000    0.938727   -0.188727 (VIOLATED)
_4052_/A1                               0.750000    0.938713   -0.188713 (VIOLATED)
_4008_/B                                0.750000    0.938702   -0.188702 (VIOLATED)
fanout320/X                             0.750000    0.938686   -0.188687 (VIOLATED)
_4064_/B1                               0.750000    0.933376   -0.183376 (VIOLATED)
_4070_/B1                               0.750000    0.933371   -0.183371 (VIOLATED)
_3095_/A2                               0.750000    0.933335   -0.183335 (VIOLATED)
_4082_/B1                               0.750000    0.933300   -0.183300 (VIOLATED)
_4100_/B1                               0.750000    0.933273   -0.183273 (VIOLATED)
_4076_/B1                               0.750000    0.933210   -0.183210 (VIOLATED)
_4094_/B1                               0.750000    0.933210   -0.183210 (VIOLATED)
_4058_/B2                               0.750000    0.933198   -0.183198 (VIOLATED)
_3484_/A2                               0.750000    0.933187   -0.183187 (VIOLATED)
_5515_/A1                               0.750000    0.933158   -0.183158 (VIOLATED)
fanout173/X                             0.750000    0.933137   -0.183137 (VIOLATED)
_5597_/A3                               0.750000    0.909233   -0.159233 (VIOLATED)
_5606_/A3                               0.750000    0.909225   -0.159225 (VIOLATED)
_3978_/A3                               0.750000    0.909215   -0.159215 (VIOLATED)
_4028_/A3                               0.750000    0.909182   -0.159182 (VIOLATED)
_3831_/A3                               0.750000    0.909142   -0.159142 (VIOLATED)
_4807_/A0                               0.750000    0.909134   -0.159134 (VIOLATED)
_4452_/A0                               0.750000    0.909131   -0.159131 (VIOLATED)
_4630_/A0                               0.750000    0.909054   -0.159054 (VIOLATED)
_4218_/A0                               0.750000    0.908924   -0.158924 (VIOLATED)
_4300_/B                                0.750000    0.908676   -0.158676 (VIOLATED)
fanout20/X                              0.750000    0.908669   -0.158669 (VIOLATED)
_4394_/C                                0.750000    0.890710   -0.140711 (VIOLATED)
_3515_/S                                0.750000    0.890707   -0.140707 (VIOLATED)
_4723_/B                                0.750000    0.890698   -0.140698 (VIOLATED)
_3511_/S                                0.750000    0.890693   -0.140693 (VIOLATED)
_3557_/A                                0.750000    0.890691   -0.140691 (VIOLATED)
_3568_/B1                               0.750000    0.890689   -0.140689 (VIOLATED)
_3600_/A1                               0.750000    0.890682   -0.140682 (VIOLATED)
_4278_/A1                               0.750000    0.890661   -0.140661 (VIOLATED)
_4313_/A1                               0.750000    0.890598   -0.140598 (VIOLATED)
_4694_/A                                0.750000    0.890598   -0.140598 (VIOLATED)
fanout450/X                             0.750000    0.890598   -0.140598 (VIOLATED)
_4123_/A1_N                             0.750000    0.875336   -0.125336 (VIOLATED)
_3782_/A1_N                             0.750000    0.875331   -0.125331 (VIOLATED)
_3814_/A                                0.750000    0.875327   -0.125327 (VIOLATED)
_3908_/A                                0.750000    0.875301   -0.125301 (VIOLATED)
_4212_/A                                0.750000    0.875231   -0.125231 (VIOLATED)
_4204_/A1_N                             0.750000    0.875231   -0.125231 (VIOLATED)
_4242_/A                                0.750000    0.875229   -0.125229 (VIOLATED)
_4295_/A1                               0.750000    0.875224   -0.125224 (VIOLATED)
_4329_/A1                               0.750000    0.875222   -0.125222 (VIOLATED)
_4283_/A                                0.750000    0.875205   -0.125205 (VIOLATED)
fanout422/X                             0.750000    0.874932   -0.124932 (VIOLATED)
_4224_/A1_N                             0.750000    0.873501   -0.123501 (VIOLATED)
_4251_/A                                0.750000    0.873498   -0.123498 (VIOLATED)
_4194_/A1_N                             0.750000    0.873482   -0.123482 (VIOLATED)
_4338_/A                                0.750000    0.873476   -0.123476 (VIOLATED)
_4272_/A1_N                             0.750000    0.873453   -0.123453 (VIOLATED)
_4306_/A                                0.750000    0.873407   -0.123408 (VIOLATED)
_4350_/A1_N                             0.750000    0.873404   -0.123404 (VIOLATED)
_4173_/A                                0.750000    0.873398   -0.123399 (VIOLATED)
_4113_/A1                               0.750000    0.873338   -0.123338 (VIOLATED)
_3099_/B1                               0.750000    0.873332   -0.123332 (VIOLATED)
fanout420/X                             0.750000    0.873300   -0.123300 (VIOLATED)
_5565_/B2                               0.750000    0.871954   -0.121954 (VIOLATED)
_5550_/B2                               0.750000    0.871952   -0.121952 (VIOLATED)
ANTENNA_66/DIODE                        0.750000    0.871951   -0.121951 (VIOLATED)
_5557_/B2                               0.750000    0.871947   -0.121947 (VIOLATED)
_5502_/D                                0.750000    0.871941   -0.121941 (VIOLATED)
fanout324/A                             0.750000    0.871900   -0.121900 (VIOLATED)
fanout326/X                             0.750000    0.871664   -0.121664 (VIOLATED)
_5790_/B1                               0.750000    0.864658   -0.114658 (VIOLATED)
_5796_/B1                               0.750000    0.864649   -0.114649 (VIOLATED)
_5792_/B1                               0.750000    0.864632   -0.114632 (VIOLATED)
_5798_/B1                               0.750000    0.864622   -0.114622 (VIOLATED)
_3093_/B1                               0.750000    0.864595   -0.114595 (VIOLATED)
_3483_/A                                0.750000    0.864589   -0.114589 (VIOLATED)
_5788_/B2                               0.750000    0.864567   -0.114567 (VIOLATED)
_5794_/B1                               0.750000    0.864565   -0.114565 (VIOLATED)
_5800_/B1                               0.750000    0.864563   -0.114563 (VIOLATED)
_5841_/C                                0.750000    0.864500   -0.114500 (VIOLATED)
_3742_/A2                               0.750000    0.864454   -0.114454 (VIOLATED)
_5814_/C                                0.750000    0.864409   -0.114409 (VIOLATED)
_6072_/B1                               0.750000    0.864409   -0.114409 (VIOLATED)
fanout99/X                              0.750000    0.864401   -0.114401 (VIOLATED)
_4225_/A2                               0.750000    0.864152   -0.114152 (VIOLATED)
_4252_/A2                               0.750000    0.864145   -0.114145 (VIOLATED)
_4195_/A2                               0.750000    0.864128   -0.114128 (VIOLATED)
_4273_/A2                               0.750000    0.864127   -0.114127 (VIOLATED)
_4334_/B1                               0.750000    0.864007   -0.114007 (VIOLATED)
_4339_/A2                               0.750000    0.864003   -0.114003 (VIOLATED)
_4411_/B1                               0.750000    0.864000   -0.114000 (VIOLATED)
_4300_/C                                0.750000    0.863996   -0.113996 (VIOLATED)
_4344_/C                                0.750000    0.863944   -0.113945 (VIOLATED)
_4307_/A2                               0.750000    0.863859   -0.113859 (VIOLATED)
_4571_/A3                               0.750000    0.863797   -0.113797 (VIOLATED)
_4357_/C_N                              0.750000    0.863790   -0.113790 (VIOLATED)
_4419_/C                                0.750000    0.863761   -0.113761 (VIOLATED)
_4351_/A2                               0.750000    0.863746   -0.113746 (VIOLATED)
fanout315/X                             0.750000    0.863681   -0.113681 (VIOLATED)
_4586_/C                                0.750000    0.863113   -0.113113 (VIOLATED)
fanout139/A                             0.750000    0.863087   -0.113087 (VIOLATED)
fanout140/X                             0.750000    0.863087   -0.113087 (VIOLATED)
_4052_/A2                               0.750000    0.859808   -0.109808 (VIOLATED)
_4094_/A2                               0.750000    0.859792   -0.109792 (VIOLATED)
_4076_/A2                               0.750000    0.859769   -0.109769 (VIOLATED)
_4687_/A2                               0.750000    0.859761   -0.109761 (VIOLATED)
_4046_/A2                               0.750000    0.859755   -0.109755 (VIOLATED)
_4709_/A2                               0.750000    0.859755   -0.109755 (VIOLATED)
_4028_/A2                               0.750000    0.859741   -0.109741 (VIOLATED)
_4666_/A2                               0.750000    0.859736   -0.109736 (VIOLATED)
_4009_/A2                               0.750000    0.859713   -0.109713 (VIOLATED)
_3717_/A                                0.750000    0.859670   -0.109670 (VIOLATED)
fanout170/X                             0.750000    0.859417   -0.109417 (VIOLATED)
_3507_/A1                               0.750000    0.845168   -0.095168 (VIOLATED)
_4893_/A1                               0.750000    0.845040   -0.095040 (VIOLATED)
_4864_/A1                               0.750000    0.844908   -0.094908 (VIOLATED)
_4843_/A1                               0.750000    0.844795   -0.094795 (VIOLATED)
_4189_/A                                0.750000    0.844721   -0.094721 (VIOLATED)
_4428_/A                                0.750000    0.844700   -0.094700 (VIOLATED)
_3713_/A                                0.750000    0.844465   -0.094465 (VIOLATED)
_3714_/A                                0.750000    0.844415   -0.094415 (VIOLATED)
_3086_/B                                0.750000    0.844320   -0.094320 (VIOLATED)
_3085_/A                                0.750000    0.844268   -0.094268 (VIOLATED)
fanout576/X                             0.750000    0.844227   -0.094227 (VIOLATED)
_5537_/A2                               0.750000    0.843289   -0.093289 (VIOLATED)
_5545_/A2                               0.750000    0.843285   -0.093285 (VIOLATED)
_5556_/A2                               0.750000    0.843284   -0.093284 (VIOLATED)
_5553_/A2                               0.750000    0.843284   -0.093284 (VIOLATED)
_5536_/A2                               0.750000    0.843266   -0.093266 (VIOLATED)
_5544_/A2                               0.750000    0.843245   -0.093245 (VIOLATED)
_5552_/A2                               0.750000    0.843228   -0.093228 (VIOLATED)
_5548_/A2                               0.750000    0.843165   -0.093165 (VIOLATED)
_5564_/A2                               0.750000    0.843110   -0.093110 (VIOLATED)
_5540_/A2                               0.750000    0.843101   -0.093101 (VIOLATED)
fanout518/X                             0.750000    0.842846   -0.092846 (VIOLATED)
_3970_/C1                               0.750000    0.822389   -0.072389 (VIOLATED)
_3784_/C1                               0.750000    0.822379   -0.072379 (VIOLATED)
_3817_/C1                               0.750000    0.822358   -0.072358 (VIOLATED)
_3911_/C1                               0.750000    0.822134   -0.072134 (VIOLATED)
_4074_/C1                               0.750000    0.821841   -0.071841 (VIOLATED)
_4092_/C1                               0.750000    0.821798   -0.071798 (VIOLATED)
_4038_/C1                               0.750000    0.821698   -0.071698 (VIOLATED)
_3988_/C1                               0.750000    0.821588   -0.071588 (VIOLATED)
_4086_/C1                               0.750000    0.821559   -0.071559 (VIOLATED)
_3877_/C1                               0.750000    0.821526   -0.071526 (VIOLATED)
fanout72/X                              0.750000    0.821526   -0.071526 (VIOLATED)
_4886_/A1                               0.750000    0.821482   -0.071482 (VIOLATED)
_3548_/S1                               0.750000    0.821398   -0.071398 (VIOLATED)
_4191_/A1_N                             0.750000    0.821393   -0.071393 (VIOLATED)
_3628_/C1                               0.750000    0.821388   -0.071388 (VIOLATED)
_3529_/B1                               0.750000    0.821359   -0.071359 (VIOLATED)
_4387_/A1_N                             0.750000    0.821113   -0.071113 (VIOLATED)
fanout577/A                             0.750000    0.821000   -0.071000 (VIOLATED)
fanout576/A                             0.750000    0.820951   -0.070951 (VIOLATED)
fanout578/X                             0.750000    0.820924   -0.070924 (VIOLATED)
_3984_/A3                               0.750000    0.820164   -0.070164 (VIOLATED)
_4082_/A3                               0.750000    0.820158   -0.070158 (VIOLATED)
_4034_/A3                               0.750000    0.820152   -0.070152 (VIOLATED)
_3857_/A3                               0.750000    0.820104   -0.070104 (VIOLATED)
_3958_/A                                0.750000    0.819984   -0.069984 (VIOLATED)
_3088_/A                                0.750000    0.819976   -0.069976 (VIOLATED)
_4229_/A0                               0.750000    0.819953   -0.069953 (VIOLATED)
_4637_/A0                               0.750000    0.819894   -0.069894 (VIOLATED)
_4412_/A1                               0.750000    0.819874   -0.069874 (VIOLATED)
_3629_/A1                               0.750000    0.819872   -0.069872 (VIOLATED)
_5607_/A3                               0.750000    0.819865   -0.069865 (VIOLATED)
_3535_/A1                               0.750000    0.819864   -0.069864 (VIOLATED)
_4312_/B                                0.750000    0.819851   -0.069851 (VIOLATED)
_4814_/A0                               0.750000    0.819782   -0.069782 (VIOLATED)
_4459_/A0                               0.750000    0.819781   -0.069781 (VIOLATED)
fanout18/X                              0.750000    0.819763   -0.069763 (VIOLATED)
_4783_/A                                0.750000    0.819753   -0.069753 (VIOLATED)
_4608_/A                                0.750000    0.819723   -0.069724 (VIOLATED)
_4488_/A1                               0.750000    0.819706   -0.069706 (VIOLATED)
_4532_/A                                0.750000    0.819682   -0.069682 (VIOLATED)
_4510_/A1                               0.750000    0.819653   -0.069653 (VIOLATED)
fanout452/X                             0.750000    0.819646   -0.069646 (VIOLATED)
_3573_/B1                               0.750000    0.810088   -0.060088 (VIOLATED)
_3561_/A1                               0.750000    0.810086   -0.060086 (VIOLATED)
_3604_/A1                               0.750000    0.809962   -0.059962 (VIOLATED)
_3516_/B1                               0.750000    0.809354   -0.059354 (VIOLATED)
_3508_/B2                               0.750000    0.809324   -0.059324 (VIOLATED)
_3486_/A                                0.750000    0.809184   -0.059184 (VIOLATED)
fanout496/X                             0.750000    0.809177   -0.059177 (VIOLATED)
_4694_/B                                0.750000    0.808347   -0.058347 (VIOLATED)
_4702_/A1                               0.750000    0.808327   -0.058327 (VIOLATED)
_4680_/A1                               0.750000    0.808326   -0.058327 (VIOLATED)
_4673_/A2                               0.750000    0.808242   -0.058242 (VIOLATED)
_4016_/A2                               0.750000    0.808162   -0.058162 (VIOLATED)
_4022_/A2                               0.750000    0.808161   -0.058161 (VIOLATED)
_4040_/A2                               0.750000    0.808160   -0.058160 (VIOLATED)
_4064_/A2                               0.750000    0.808123   -0.058124 (VIOLATED)
_4070_/A2                               0.750000    0.808109   -0.058109 (VIOLATED)
_4034_/A2                               0.750000    0.808070   -0.058070 (VIOLATED)
fanout171/X                             0.750000    0.808050   -0.058050 (VIOLATED)
_3627_/S                                0.750000    0.806065   -0.056065 (VIOLATED)
_3621_/C1                               0.750000    0.806062   -0.056062 (VIOLATED)
_3548_/S0                               0.750000    0.806046   -0.056046 (VIOLATED)
_3531_/C1                               0.750000    0.805911   -0.055911 (VIOLATED)
_4886_/A2                               0.750000    0.805899   -0.055899 (VIOLATED)
_3525_/C1                               0.750000    0.805889   -0.055889 (VIOLATED)
_4532_/B                                0.750000    0.805883   -0.055883 (VIOLATED)
_4190_/A                                0.750000    0.805853   -0.055853 (VIOLATED)
_3710_/A                                0.750000    0.805527   -0.055527 (VIOLATED)
fanout581/A                             0.750000    0.805468   -0.055468 (VIOLATED)
fanout582/X                             0.750000    0.805430   -0.055430 (VIOLATED)
_4070_/A3                               0.750000    0.803424   -0.053424 (VIOLATED)
_4022_/A3                               0.750000    0.803413   -0.053413 (VIOLATED)
_3972_/A3                               0.750000    0.803408   -0.053408 (VIOLATED)
_3797_/A3                               0.750000    0.803381   -0.053381 (VIOLATED)
_5596_/A3                               0.750000    0.803368   -0.053368 (VIOLATED)
_5605_/A3                               0.750000    0.803364   -0.053364 (VIOLATED)
_4800_/A0                               0.750000    0.803342   -0.053342 (VIOLATED)
_4623_/A0                               0.750000    0.803331   -0.053331 (VIOLATED)
_4209_/A0                               0.750000    0.803312   -0.053312 (VIOLATED)
_4445_/A2                               0.750000    0.803294   -0.053294 (VIOLATED)
fanout17/X                              0.750000    0.803287   -0.053287 (VIOLATED)
fanout615/A                             0.750000    0.796753   -0.046753 (VIOLATED)
fanout616/A                             0.750000    0.796675   -0.046675 (VIOLATED)
fanout617/A                             0.750000    0.796620   -0.046621 (VIOLATED)
input6/X                                0.750000    0.796518   -0.046518 (VIOLATED)
_4133_/A                                0.750000    0.784754   -0.034754 (VIOLATED)
_4163_/A                                0.750000    0.784747   -0.034747 (VIOLATED)
_4154_/A1_N                             0.750000    0.784732   -0.034732 (VIOLATED)
fanout422/A                             0.750000    0.784692   -0.034692 (VIOLATED)
_3875_/A1_N                             0.750000    0.784689   -0.034689 (VIOLATED)
_4318_/A                                0.750000    0.784688   -0.034688 (VIOLATED)
_4234_/A1_N                             0.750000    0.784677   -0.034677 (VIOLATED)
fanout423/X                             0.750000    0.784659   -0.034659 (VIOLATED)
_3555_/S                                0.750000    0.777944   -0.027944 (VIOLATED)
_3559_/A1                               0.750000    0.777918   -0.027918 (VIOLATED)
_3569_/A1                               0.750000    0.777871   -0.027871 (VIOLATED)
_4267_/B                                0.750000    0.777560   -0.027560 (VIOLATED)
_4665_/B                                0.750000    0.777465   -0.027465 (VIOLATED)
_3043_/A                                0.750000    0.777378   -0.027378 (VIOLATED)
_4502_/C1                               0.750000    0.777316   -0.027316 (VIOLATED)
_4524_/C1                               0.750000    0.777285   -0.027285 (VIOLATED)
_4871_/A2                               0.750000    0.777238   -0.027238 (VIOLATED)
_4517_/A2                               0.750000    0.777222   -0.027222 (VIOLATED)
fanout583/X                             0.750000    0.777187   -0.027187 (VIOLATED)
_5881_/S                                0.750000    0.776646   -0.026646 (VIOLATED)
ANTENNA_25/DIODE                        0.750000    0.776626   -0.026626 (VIOLATED)
_5882_/S                                0.750000    0.776378   -0.026378 (VIOLATED)
ANTENNA_26/DIODE                        0.750000    0.776343   -0.026343 (VIOLATED)
_5885_/S                                0.750000    0.775886   -0.025887 (VIOLATED)
ANTENNA_28/DIODE                        0.750000    0.775862   -0.025862 (VIOLATED)
_5884_/S                                0.750000    0.775292   -0.025292 (VIOLATED)
ANTENNA_27/DIODE                        0.750000    0.775225   -0.025225 (VIOLATED)
_5887_/S                                0.750000    0.770055   -0.020055 (VIOLATED)
ANTENNA_29/DIODE                        0.750000    0.769738   -0.019738 (VIOLATED)
wire152/A                               0.750000    0.768694   -0.018694 (VIOLATED)
_3739_/A                                0.750000    0.768647   -0.018647 (VIOLATED)
_3731_/Y                                0.750000    0.768631   -0.018631 (VIOLATED)
_5886_/S                                0.750000    0.768479   -0.018479 (VIOLATED)
_5883_/S                                0.750000    0.768402   -0.018402 (VIOLATED)
_5880_/S                                0.750000    0.768343   -0.018343 (VIOLATED)
_5879_/X                                0.750000    0.768111   -0.018111 (VIOLATED)
fanout438/A                             0.750000    0.767697   -0.017697 (VIOLATED)
ANTENNA_71/DIODE                        0.750000    0.767696   -0.017696 (VIOLATED)
_5116_/B1                               0.750000    0.767641   -0.017641 (VIOLATED)
ANTENNA_70/DIODE                        0.750000    0.767638   -0.017638 (VIOLATED)
_4933_/B1                               0.750000    0.767625   -0.017625 (VIOLATED)
load_slew441/A                          0.750000    0.767621   -0.017621 (VIOLATED)
_5107_/A                                0.750000    0.767611   -0.017611 (VIOLATED)
_5108_/B1                               0.750000    0.767609   -0.017609 (VIOLATED)
_5132_/B1                               0.750000    0.767553   -0.017553 (VIOLATED)
fanout440/X                             0.750000    0.767553   -0.017553 (VIOLATED)
_3148_/C1                               0.750000    0.754464   -0.004464 (VIOLATED)
_3193_/C1                               0.750000    0.754416   -0.004416 (VIOLATED)
_3185_/C1                               0.750000    0.754399   -0.004399 (VIOLATED)
_3171_/C1                               0.750000    0.754367   -0.004367 (VIOLATED)
_3180_/C1                               0.750000    0.754320   -0.004320 (VIOLATED)
_3220_/C1                               0.750000    0.754269   -0.004269 (VIOLATED)
fanout312/X                             0.750000    0.754269   -0.004269 (VIOLATED)
_3628_/A1                               0.750000    0.751727   -0.001727 (VIOLATED)
_3084_/A                                0.750000    0.751710   -0.001710 (VIOLATED)
_3533_/C1                               0.750000    0.751710   -0.001710 (VIOLATED)
_3528_/C1                               0.750000    0.751696   -0.001696 (VIOLATED)
_4428_/B                                0.750000    0.751641   -0.001641 (VIOLATED)
_4783_/B                                0.750000    0.751640   -0.001640 (VIOLATED)
_4268_/A1                               0.750000    0.751624   -0.001624 (VIOLATED)
_4666_/A1                               0.750000    0.751614   -0.001614 (VIOLATED)
_4709_/A1                               0.750000    0.751606   -0.001606 (VIOLATED)
_4335_/A1                               0.750000    0.751605   -0.001605 (VIOLATED)
fanout448/X                             0.750000    0.751383   -0.001383 (VIOLATED)
_4524_/D1                               0.750000    0.750349   -0.000349 (VIOLATED)
_4502_/D1                               0.750000    0.750346   -0.000346 (VIOLATED)
_4324_/D1                               0.750000    0.750342   -0.000342 (VIOLATED)
_3041_/A                                0.750000    0.750334   -0.000334 (VIOLATED)
_4289_/D1                               0.750000    0.750325   -0.000325 (VIOLATED)
_4277_/A                                0.750000    0.750274   -0.000274 (VIOLATED)
fanout588/A                             0.750000    0.750246   -0.000246 (VIOLATED)
_3510_/S1                               0.750000    0.750225   -0.000225 (VIOLATED)
_4369_/A                                0.750000    0.750208   -0.000208 (VIOLATED)
_4394_/A                                0.750000    0.750180   -0.000180 (VIOLATED)
fanout589/X                             0.750000    0.750180   -0.000180 (VIOLATED)

max fanout

Pin                                   Limit Fanout  Slack
---------------------------------------------------------
_3111_/X                                 10     16     -6 (VIOLATED)
fanout313/X                              10     14     -4 (VIOLATED)
_5879_/X                                 10     13     -3 (VIOLATED)
clkbuf_leaf_0_clk/X                      10     13     -3 (VIOLATED)
clkbuf_leaf_12_clk/X                     10     13     -3 (VIOLATED)
clkbuf_leaf_13_clk/X                     10     13     -3 (VIOLATED)
clkbuf_leaf_14_clk/X                     10     13     -3 (VIOLATED)
clkbuf_leaf_15_clk/X                     10     13     -3 (VIOLATED)
clkbuf_leaf_17_clk/X                     10     13     -3 (VIOLATED)
clkbuf_leaf_18_clk/X                     10     13     -3 (VIOLATED)
clkbuf_leaf_1_clk/X                      10     13     -3 (VIOLATED)
clkbuf_leaf_22_clk/X                     10     13     -3 (VIOLATED)
clkbuf_leaf_23_clk/X                     10     13     -3 (VIOLATED)
clkbuf_leaf_24_clk/X                     10     13     -3 (VIOLATED)
clkbuf_leaf_26_clk/X                     10     13     -3 (VIOLATED)
clkbuf_leaf_27_clk/X                     10     13     -3 (VIOLATED)
clkbuf_leaf_28_clk/X                     10     13     -3 (VIOLATED)
clkbuf_leaf_29_clk/X                     10     13     -3 (VIOLATED)
clkbuf_leaf_2_clk/X                      10     13     -3 (VIOLATED)
clkbuf_leaf_33_clk/X                     10     13     -3 (VIOLATED)
clkbuf_leaf_38_clk/X                     10     13     -3 (VIOLATED)
clkbuf_leaf_39_clk/X                     10     13     -3 (VIOLATED)
clkbuf_leaf_41_clk/X                     10     13     -3 (VIOLATED)
clkbuf_leaf_43_clk/X                     10     13     -3 (VIOLATED)
clkbuf_leaf_44_clk/X                     10     13     -3 (VIOLATED)
clkbuf_leaf_45_clk/X                     10     13     -3 (VIOLATED)
clkbuf_leaf_47_clk/X                     10     13     -3 (VIOLATED)
clkbuf_leaf_48_clk/X                     10     13     -3 (VIOLATED)
clkbuf_leaf_50_clk/X                     10     13     -3 (VIOLATED)
clkbuf_leaf_51_clk/X                     10     13     -3 (VIOLATED)
clkbuf_leaf_53_clk/X                     10     13     -3 (VIOLATED)
clkbuf_leaf_54_clk/X                     10     13     -3 (VIOLATED)
clkbuf_leaf_5_clk/X                      10     13     -3 (VIOLATED)
clkbuf_leaf_62_clk/X                     10     13     -3 (VIOLATED)
clkbuf_leaf_63_clk/X                     10     13     -3 (VIOLATED)
clkbuf_leaf_64_clk/X                     10     13     -3 (VIOLATED)
clkbuf_leaf_66_clk/X                     10     13     -3 (VIOLATED)
clkbuf_leaf_67_clk/X                     10     13     -3 (VIOLATED)
clkbuf_leaf_68_clk/X                     10     13     -3 (VIOLATED)
clkbuf_leaf_6_clk/X                      10     13     -3 (VIOLATED)
clkbuf_leaf_70_clk/X                     10     13     -3 (VIOLATED)
clkbuf_leaf_71_clk/X                     10     13     -3 (VIOLATED)
clkbuf_leaf_75_clk/X                     10     13     -3 (VIOLATED)
clkbuf_leaf_76_clk/X                     10     13     -3 (VIOLATED)
clkbuf_leaf_78_clk/X                     10     13     -3 (VIOLATED)
clkbuf_leaf_7_clk/X                      10     13     -3 (VIOLATED)
clkbuf_leaf_85_clk/X                     10     13     -3 (VIOLATED)
clkbuf_leaf_8_clk/X                      10     13     -3 (VIOLATED)
_5805_/X                                 10     12     -2 (VIOLATED)
clkbuf_leaf_11_clk/X                     10     12     -2 (VIOLATED)
clkbuf_leaf_16_clk/X                     10     12     -2 (VIOLATED)
clkbuf_leaf_19_clk/X                     10     12     -2 (VIOLATED)
clkbuf_leaf_21_clk/X                     10     12     -2 (VIOLATED)
clkbuf_leaf_25_clk/X                     10     12     -2 (VIOLATED)
clkbuf_leaf_34_clk/X                     10     12     -2 (VIOLATED)
clkbuf_leaf_35_clk/X                     10     12     -2 (VIOLATED)
clkbuf_leaf_36_clk/X                     10     12     -2 (VIOLATED)
clkbuf_leaf_37_clk/X                     10     12     -2 (VIOLATED)
clkbuf_leaf_3_clk/X                      10     12     -2 (VIOLATED)
clkbuf_leaf_40_clk/X                     10     12     -2 (VIOLATED)
clkbuf_leaf_42_clk/X                     10     12     -2 (VIOLATED)
clkbuf_leaf_46_clk/X                     10     12     -2 (VIOLATED)
clkbuf_leaf_49_clk/X                     10     12     -2 (VIOLATED)
clkbuf_leaf_4_clk/X                      10     12     -2 (VIOLATED)
clkbuf_leaf_52_clk/X                     10     12     -2 (VIOLATED)
clkbuf_leaf_55_clk/X                     10     12     -2 (VIOLATED)
clkbuf_leaf_57_clk/X                     10     12     -2 (VIOLATED)
clkbuf_leaf_58_clk/X                     10     12     -2 (VIOLATED)
clkbuf_leaf_59_clk/X                     10     12     -2 (VIOLATED)
clkbuf_leaf_60_clk/X                     10     12     -2 (VIOLATED)
clkbuf_leaf_61_clk/X                     10     12     -2 (VIOLATED)
clkbuf_leaf_65_clk/X                     10     12     -2 (VIOLATED)
clkbuf_leaf_69_clk/X                     10     12     -2 (VIOLATED)
clkbuf_leaf_72_clk/X                     10     12     -2 (VIOLATED)
clkbuf_leaf_73_clk/X                     10     12     -2 (VIOLATED)
clkbuf_leaf_77_clk/X                     10     12     -2 (VIOLATED)
clkbuf_leaf_79_clk/X                     10     12     -2 (VIOLATED)
clkbuf_leaf_82_clk/X                     10     12     -2 (VIOLATED)
clkbuf_leaf_83_clk/X                     10     12     -2 (VIOLATED)
clkbuf_leaf_84_clk/X                     10     12     -2 (VIOLATED)
clkbuf_leaf_9_clk/X                      10     12     -2 (VIOLATED)
fanout169/X                              10     12     -2 (VIOLATED)
fanout848/X                              10     12     -2 (VIOLATED)
max_cap162/X                             10     11        (VIOLATED)

max capacitance

Pin                                        Limit         Cap       Slack
------------------------------------------------------------------------
fanout848/X                             0.151987    0.168511   -0.016524 (VIOLATED)



===========================================================================
report_parasitic_annotation -report_unannotated
============================================================================
Found 80 unannotated drivers.
 ena
 uio_in[5]
 uio_in[6]
 uio_in[7]
 clkload0/X
 clkload1/X
 clkload10/X
 clkload11/X
 clkload12/X
 clkload13/X
 clkload14/X
 clkload15/X
 clkload16/X
 clkload17/Y
 clkload18/X
 clkload19/X
 clkload2/X
 clkload20/X
 clkload21/X
 clkload22/X
 clkload23/X
 clkload24/Y
 clkload25/X
 clkload26/X
 clkload27/X
 clkload28/X
 clkload29/X
 clkload3/X
 clkload30/X
 clkload31/X
 clkload32/X
 clkload33/X
 clkload34/X
 clkload35/X
 clkload36/X
 clkload37/X
 clkload38/X
 clkload39/X
 clkload4/X
 clkload40/Y
 clkload41/X
 clkload42/X
 clkload43/X
 clkload44/X
 clkload45/X
 clkload46/X
 clkload47/X
 clkload48/X
 clkload49/X
 clkload5/X
 clkload50/X
 clkload51/X
 clkload52/X
 clkload53/X
 clkload54/X
 clkload55/X
 clkload56/X
 clkload57/X
 clkload58/X
 clkload59/X
 clkload6/X
 clkload60/X
 clkload61/X
 clkload62/X
 clkload7/X
 clkload8/X
 clkload9/X
 tt_um_aes128_optimized/HI
 tt_um_aes128_optimized_849/HI
 tt_um_aes128_optimized_850/HI
 tt_um_aes128_optimized_851/HI
 tt_um_aes128_optimized_852/HI
 tt_um_aes128_optimized_853/HI
 tt_um_aes128_optimized_854/HI
 tt_um_aes128_optimized_855/HI
 tt_um_aes128_optimized_856/HI
 tt_um_aes128_optimized_857/HI
 tt_um_aes128_optimized_858/LO
 tt_um_aes128_optimized_859/LO
 tt_um_aes128_optimized_860/LO
Found 0 partially unannotated drivers.

===========================================================================
max slew violation count 532
max fanout violation count 84
max cap violation count 1
============================================================================

===========================================================================
check_setup -verbose -unconstrained_endpoints -multiple_clock -no_clock -no_input_delay -loops -generated_clocks
===========================================================================
