Clock: clk
Sources: clk 
Generated: no
Virtual: yes
Propagated: no
Period: 100.000000

===========================================================================
report_clock_properties
============================================================================
Clock                   Period          Waveform
----------------------------------------------------
clk                 100.000000    0.000000 50.000000

===========================================================================
report_clock_latency
============================================================================
Clock clk
rise -> rise
    min     max
0.000000 0.000000 source latency
0.920259         network latency _6995_/CLK
        0.974194 network latency _6826_/CLK
---------------
0.920259 0.974194 latency
        0.053936 skew

fall -> fall
    min     max
0.000000 0.000000 source latency
0.819139         network latency _6995_/CLK
        0.862840 network latency _6826_/CLK
---------------
0.819139 0.862840 latency
        0.043702 skew



===========================================================================
report_clock_min_period
============================================================================
clk period_min = 13.41 fmax = 74.59
