Clock: clk
Sources: clk 
Generated: no
Virtual: yes
Propagated: no
Period: 20.000000

===========================================================================
report_clock_properties
============================================================================
Clock                   Period          Waveform
----------------------------------------------------
clk                  20.000000    0.000000 10.000000

===========================================================================
report_clock_latency
============================================================================
Clock clk
rise -> rise
    min     max
0.000000 0.000000 source latency
0.759965         network latency _6995_/CLK
        0.780296 network latency _6888_/CLK
---------------
0.759965 0.780296 latency
        0.020331 skew

fall -> fall
    min     max
0.000000 0.000000 source latency
0.709742         network latency _6995_/CLK
        0.724252 network latency _6888_/CLK
---------------
0.709742 0.724252 latency
        0.014510 skew



===========================================================================
report_clock_min_period
============================================================================
clk period_min = 10.39 fmax = 96.27
