
===========================================================================
report_checks -unconstrained
===========================================================================
======================= max_tt_025C_1v80 Corner ===================================

Startpoint: rst_n (input port clocked by clk)
Endpoint: _6462_ (recovery check against rising-edge clock clk)
Path Group: asynchronous
Path Type: max

Fanout         Cap        Slew       Delay        Time   Description
---------------------------------------------------------------------------------------------
                                  0.000000    0.000000   clock clk (rise edge)
                                  0.000000    0.000000   clock network delay (propagated)
                                  4.000000    4.000000 ^ input external delay
     1    0.008957    0.046813    0.030854    4.030854 ^ rst_n (in)
                                                         rst_n (net)
                      0.046822    0.000000    4.030854 ^ input1/A (sky130_fd_sc_hd__clkdlybuf4s25_1)
     1    0.005630    0.069905    0.263476    4.294330 ^ input1/X (sky130_fd_sc_hd__clkdlybuf4s25_1)
                                                         net1 (net)
                      0.069905    0.000262    4.294592 ^ fanout848/A (sky130_fd_sc_hd__clkdlybuf4s25_1)
    11    0.159635    1.571632    1.312966    5.607558 ^ fanout848/X (sky130_fd_sc_hd__clkdlybuf4s25_1)
                                                         net848 (net)
                      1.571656    0.005269    5.612827 ^ fanout740/A (sky130_fd_sc_hd__clkdlybuf4s25_1)
     5    0.069863    0.692547    0.882007    6.494834 ^ fanout740/X (sky130_fd_sc_hd__clkdlybuf4s25_1)
                                                         net740 (net)
                      0.692645    0.008209    6.503043 ^ fanout713/A (sky130_fd_sc_hd__clkdlybuf4s25_1)
     7    0.059923    0.597446    0.750456    7.253500 ^ fanout713/X (sky130_fd_sc_hd__clkdlybuf4s25_1)
                                                         net713 (net)
                      0.597647    0.002672    7.256171 ^ fanout704/A (sky130_fd_sc_hd__clkdlybuf4s25_1)
     5    0.023775    0.243879    0.495860    7.752031 ^ fanout704/X (sky130_fd_sc_hd__clkdlybuf4s25_1)
                                                         net704 (net)
                      0.243897    0.002264    7.754295 ^ fanout703/A (sky130_fd_sc_hd__clkdlybuf4s25_1)
     8    0.050749    0.507433    0.623932    8.378227 ^ fanout703/X (sky130_fd_sc_hd__clkdlybuf4s25_1)
                                                         net703 (net)
                      0.507620    0.003991    8.382217 ^ fanout701/A (sky130_fd_sc_hd__clkdlybuf4s25_1)
     2    0.009116    0.102655    0.383817    8.766035 ^ fanout701/X (sky130_fd_sc_hd__clkdlybuf4s25_1)
                                                         net701 (net)
                      0.102656    0.000559    8.766594 ^ load_slew702/A (sky130_fd_sc_hd__clkbuf_4)
     9    0.047650    0.150547    0.230972    8.997565 ^ load_slew702/X (sky130_fd_sc_hd__clkbuf_4)
                                                         net702 (net)
                      0.150894    0.005917    9.003483 ^ fanout699/A (sky130_fd_sc_hd__clkdlybuf4s25_1)
     2    0.008463    0.096470    0.316397    9.319880 ^ fanout699/X (sky130_fd_sc_hd__clkdlybuf4s25_1)
                                                         net699 (net)
                      0.096470    0.000358    9.320237 ^ load_slew700/A (sky130_fd_sc_hd__buf_4)
     9    0.045490    0.131496    0.194410    9.514647 ^ load_slew700/X (sky130_fd_sc_hd__buf_4)
                                                         net700 (net)
                      0.131679    0.003442    9.518088 ^ _6462_/RESET_B (sky130_fd_sc_hd__dfrtp_2)
                                              9.518088   data arrival time

                                 20.000000   20.000000   clock clk (rise edge)
                                  0.000000   20.000000   clock source latency
     1    0.041539    0.191382    0.133845   20.133846 ^ clk (in)
                                                         clk (net)
                      0.191427    0.000000   20.133846 ^ clkbuf_0_clk/A (sky130_fd_sc_hd__clkbuf_16)
     8    0.151794    0.165850    0.259732   20.393578 ^ clkbuf_0_clk/X (sky130_fd_sc_hd__clkbuf_16)
                                                         clknet_0_clk (net)
                      0.171893    0.024883   20.418461 ^ clkbuf_3_1_0_clk/A (sky130_fd_sc_hd__clkbuf_8)
     2    0.027826    0.063969    0.185420   20.603880 ^ clkbuf_3_1_0_clk/X (sky130_fd_sc_hd__clkbuf_8)
                                                         clknet_3_1_0_clk (net)
                      0.064057    0.002041   20.605921 ^ clkbuf_4_2__f_clk/A (sky130_fd_sc_hd__clkbuf_16)
     6    0.068050    0.085842    0.168301   20.774221 ^ clkbuf_4_2__f_clk/X (sky130_fd_sc_hd__clkbuf_16)
                                                         clknet_4_2__leaf_clk (net)
                      0.086146    0.003670   20.777891 ^ clkbuf_leaf_82_clk/A (sky130_fd_sc_hd__clkbuf_8)
    12    0.037594    0.078311    0.168036   20.945929 ^ clkbuf_leaf_82_clk/X (sky130_fd_sc_hd__clkbuf_8)
                                                         clknet_leaf_82_clk (net)
                      0.078320    0.000954   20.946882 ^ _6462_/CLK (sky130_fd_sc_hd__dfrtp_2)
                                 -0.250000   20.696882   clock uncertainty
                                  0.000000   20.696882   clock reconvergence pessimism
                                  0.203693   20.900576   library recovery time
                                             20.900576   data required time
---------------------------------------------------------------------------------------------
                                             20.900576   data required time
                                             -9.518088   data arrival time
---------------------------------------------------------------------------------------------
                                             11.382487   slack (MET)


Startpoint: _7074_ (rising edge-triggered flip-flop clocked by clk)
Endpoint: uo_out[5] (output port clocked by clk)
Path Group: clk
Path Type: max

Fanout         Cap        Slew       Delay        Time   Description
---------------------------------------------------------------------------------------------
                                  0.000000    0.000000   clock clk (rise edge)
                                  0.000000    0.000000   clock source latency
     1    0.041539    0.191382    0.133845    0.133845 ^ clk (in)
                                                         clk (net)
                      0.191427    0.000000    0.133845 ^ clkbuf_0_clk/A (sky130_fd_sc_hd__clkbuf_16)
     8    0.151794    0.165850    0.259731    0.393576 ^ clkbuf_0_clk/X (sky130_fd_sc_hd__clkbuf_16)
                                                         clknet_0_clk (net)
                      0.172424    0.025948    0.419525 ^ clkbuf_3_2_0_clk/A (sky130_fd_sc_hd__clkbuf_8)
     2    0.030718    0.068426    0.188455    0.607980 ^ clkbuf_3_2_0_clk/X (sky130_fd_sc_hd__clkbuf_8)
                                                         clknet_3_2_0_clk (net)
                      0.068587    0.002862    0.610842 ^ clkbuf_4_4__f_clk/A (sky130_fd_sc_hd__clkbuf_16)
     6    0.057228    0.075701    0.161792    0.772634 ^ clkbuf_4_4__f_clk/X (sky130_fd_sc_hd__clkbuf_16)
                                                         clknet_4_4__leaf_clk (net)
                      0.076048    0.003705    0.776340 ^ clkbuf_leaf_20_clk/A (sky130_fd_sc_hd__clkbuf_8)
    10    0.037576    0.078288    0.164145    0.940485 ^ clkbuf_leaf_20_clk/X (sky130_fd_sc_hd__clkbuf_8)
                                                         clknet_leaf_20_clk (net)
                      0.078388    0.002464    0.942949 ^ _7074_/CLK (sky130_fd_sc_hd__dfrtp_2)
     1    0.004229    0.044500    0.351166    1.294114 ^ _7074_/Q (sky130_fd_sc_hd__dfrtp_2)
                                                         output_index[0] (net)
                      0.044500    0.000295    1.294410 ^ fanout563/A (sky130_fd_sc_hd__clkdlybuf4s25_1)
     5    0.074712    0.742858    0.730017    2.024426 ^ fanout563/X (sky130_fd_sc_hd__clkdlybuf4s25_1)
                                                         net563 (net)
                      0.742865    0.001915    2.026342 ^ fanout558/A (sky130_fd_sc_hd__clkdlybuf4s25_1)
     7    0.042712    0.429138    0.638282    2.664623 ^ fanout558/X (sky130_fd_sc_hd__clkdlybuf4s25_1)
                                                         net558 (net)
                      0.429163    0.003624    2.668247 ^ _3107_/A (sky130_fd_sc_hd__and2_2)
     3    0.106527    0.533447    0.581167    3.249414 ^ _3107_/X (sky130_fd_sc_hd__and2_2)
                                                         _1061_ (net)
                      0.533494    0.004286    3.253700 ^ fanout416/A (sky130_fd_sc_hd__clkdlybuf4s25_1)
     6    0.047495    0.474223    0.645972    3.899672 ^ fanout416/X (sky130_fd_sc_hd__clkdlybuf4s25_1)
                                                         net416 (net)
                      0.474225    0.002078    3.901750 ^ fanout415/A (sky130_fd_sc_hd__clkdlybuf4s25_1)
    10    0.062638    0.623656    0.742038    4.643789 ^ fanout415/X (sky130_fd_sc_hd__clkdlybuf4s25_1)
                                                         net415 (net)
                      0.623901    0.005635    4.649424 ^ _3108_/B (sky130_fd_sc_hd__nor2_2)
     2    0.060115    0.236789    0.289414    4.938838 v _3108_/Y (sky130_fd_sc_hd__nor2_2)
                                                         _1062_ (net)
                      0.237806    0.012115    4.950953 v fanout309/A (sky130_fd_sc_hd__clkdlybuf4s25_1)
     5    0.027238    0.205315    0.449925    5.400878 v fanout309/X (sky130_fd_sc_hd__clkdlybuf4s25_1)
                                                         net309 (net)
                      0.205315    0.000828    5.401706 v load_slew310/A (sky130_fd_sc_hd__clkbuf_4)
     5    0.069388    0.141720    0.300321    5.702026 v load_slew310/X (sky130_fd_sc_hd__clkbuf_4)
                                                         net310 (net)
                      0.142641    0.008933    5.710960 v fanout308/A (sky130_fd_sc_hd__clkdlybuf4s25_1)
    10    0.054966    0.402096    0.560444    6.271404 v fanout308/X (sky130_fd_sc_hd__clkdlybuf4s25_1)
                                                         net308 (net)
                      0.402129    0.003802    6.275206 v _3189_/B1 (sky130_fd_sc_hd__a221o_2)
     1    0.004239    0.058714    0.452289    6.727494 v _3189_/X (sky130_fd_sc_hd__a221o_2)
                                                         _1138_ (net)
                      0.058714    0.000269    6.727763 v _3190_/B1 (sky130_fd_sc_hd__a21o_2)
     1    0.002691    0.032964    0.183215    6.910978 v _3190_/X (sky130_fd_sc_hd__a21o_2)
                                                         _1139_ (net)
                      0.033030    0.000165    6.911143 v _3194_/B (sky130_fd_sc_hd__and3_2)
     1    0.002760    0.040668    0.181582    7.092725 v _3194_/X (sky130_fd_sc_hd__and3_2)
                                                         _1143_ (net)
                      0.040668    0.000128    7.092854 v _3195_/B1 (sky130_fd_sc_hd__a31o_2)
     1    0.029963    0.100476    0.280225    7.373078 v _3195_/X (sky130_fd_sc_hd__a31o_2)
                                                         _1144_ (net)
                      0.100549    0.002454    7.375532 v _3196_/A1 (sky130_fd_sc_hd__mux2_1)
     1    0.054377    0.277612    0.524957    7.900488 v _3196_/X (sky130_fd_sc_hd__mux2_1)
                                                         net29 (net)
                      0.278500    0.012347    7.912835 v wire29/A (sky130_fd_sc_hd__buf_4)
     1    0.059112    0.085293    0.297526    8.210361 v wire29/X (sky130_fd_sc_hd__buf_4)
                                                         uo_out[5] (net)
                      0.085694    0.004987    8.215347 v uo_out[5] (out)
                                              8.215347   data arrival time

                                 20.000000   20.000000   clock clk (rise edge)
                                  0.000000   20.000000   clock network delay (propagated)
                                 -0.250000   19.750002   clock uncertainty
                                  0.000000   19.750002   clock reconvergence pessimism
                                 -4.000000   15.750001   output external delay
                                             15.750001   data required time
---------------------------------------------------------------------------------------------
                                             15.750001   data required time
                                             -8.215347   data arrival time
---------------------------------------------------------------------------------------------
                                              7.534653   slack (MET)




===========================================================================
report_checks --slack_max -0.01
============================================================================
======================= max_tt_025C_1v80 Corner ===================================

No paths found.


===========================================================================
 report_check_types -max_slew -max_cap -max_fanout -violators
============================================================================
======================= max_tt_025C_1v80 Corner ===================================

max slew

Pin                                        Limit        Slew       Slack
------------------------------------------------------------------------
fanout817/A                             0.750000    1.573205   -0.823205 (VIOLATED)
ANTENNA_77/DIODE                        0.750000    1.573196   -0.823196 (VIOLATED)
ANTENNA_76/DIODE                        0.750000    1.573099   -0.823099 (VIOLATED)
fanout803/A                             0.750000    1.573077   -0.823077 (VIOLATED)
fanout847/A                             0.750000    1.572687   -0.822687 (VIOLATED)
ANTENNA_78/DIODE                        0.750000    1.572680   -0.822680 (VIOLATED)
fanout790/A                             0.750000    1.572118   -0.822118 (VIOLATED)
fanout667/A                             0.750000    1.571959   -0.821959 (VIOLATED)
fanout698/A                             0.750000    1.571709   -0.821709 (VIOLATED)
fanout740/A                             0.750000    1.571656   -0.821656 (VIOLATED)
fanout682/A                             0.750000    1.571653   -0.821653 (VIOLATED)
fanout848/X                             0.750000    1.571632   -0.821632 (VIOLATED)
_3127_/C1                               0.750000    1.529543   -0.779543 (VIOLATED)
ANTENNA_62/DIODE                        0.750000    1.529540   -0.779540 (VIOLATED)
_3137_/C1                               0.750000    1.529534   -0.779534 (VIOLATED)
ANTENNA_63/DIODE                        0.750000    1.529514   -0.779514 (VIOLATED)
_3144_/C1                               0.750000    1.529510   -0.779510 (VIOLATED)
_3150_/C1                               0.750000    1.529511   -0.779511 (VIOLATED)
ANTENNA_64/DIODE                        0.750000    1.529507   -0.779507 (VIOLATED)
ANTENNA_65/DIODE                        0.750000    1.529507   -0.779507 (VIOLATED)
_3205_/B1                               0.750000    1.528981   -0.778981 (VIOLATED)
_3201_/C1                               0.750000    1.528146   -0.778146 (VIOLATED)
_3122_/C1                               0.750000    1.528142   -0.778142 (VIOLATED)
_3166_/C1                               0.750000    1.528130   -0.778130 (VIOLATED)
_3120_/C1                               0.750000    1.528118   -0.778118 (VIOLATED)
_3159_/B1                               0.750000    1.527972   -0.777972 (VIOLATED)
fanout313/X                             0.750000    1.527888   -0.777888 (VIOLATED)
_3129_/A1                               0.750000    1.502753   -0.752753 (VIOLATED)
_3133_/A1                               0.750000    1.502746   -0.752746 (VIOLATED)
_3141_/A1                               0.750000    1.502704   -0.752704 (VIOLATED)
_3147_/A1                               0.750000    1.502589   -0.752589 (VIOLATED)
_3184_/A1                               0.750000    1.502359   -0.752359 (VIOLATED)
_3170_/A1                               0.750000    1.502107   -0.752107 (VIOLATED)
_3179_/A1                               0.750000    1.501932   -0.751932 (VIOLATED)
_3212_/A1                               0.750000    1.500934   -0.750934 (VIOLATED)
_3207_/A1                               0.750000    1.499260   -0.749260 (VIOLATED)
fanout554/A                             0.750000    1.498674   -0.748674 (VIOLATED)
fanout555/X                             0.750000    1.498674   -0.748674 (VIOLATED)
_3142_/C1                               0.750000    1.476522   -0.726522 (VIOLATED)
_3134_/C1                               0.750000    1.476513   -0.726513 (VIOLATED)
_3130_/C1                               0.750000    1.476479   -0.726479 (VIOLATED)
_3213_/C1                               0.750000    1.475995   -0.725995 (VIOLATED)
_3208_/C1                               0.750000    1.474439   -0.724439 (VIOLATED)
_3199_/C1                               0.750000    1.474169   -0.724169 (VIOLATED)
_3117_/C1                               0.750000    1.473075   -0.723075 (VIOLATED)
_3121_/C1                               0.750000    1.473022   -0.723022 (VIOLATED)
_3163_/C1                               0.750000    1.472757   -0.722758 (VIOLATED)
_3156_/C1                               0.750000    1.472646   -0.722646 (VIOLATED)
fanout311/X                             0.750000    1.472599   -0.722599 (VIOLATED)
fanout120/A                             0.750000    1.361526   -0.611526 (VIOLATED)
ANTENNA_53/DIODE                        0.750000    1.361519   -0.611519 (VIOLATED)
fanout118/A                             0.750000    1.361503   -0.611503 (VIOLATED)
ANTENNA_52/DIODE                        0.750000    1.361496   -0.611496 (VIOLATED)
fanout117/A                             0.750000    1.361461   -0.611461 (VIOLATED)
fanout113/A                             0.750000    1.361080   -0.611080 (VIOLATED)
ANTENNA_51/DIODE                        0.750000    1.361075   -0.611075 (VIOLATED)
fanout109/A                             0.750000    1.360687   -0.610687 (VIOLATED)
fanout121/X                             0.750000    1.360654   -0.610654 (VIOLATED)
_3564_/A                                0.750000    1.316682   -0.566682 (VIOLATED)
_5596_/A1                               0.750000    1.316630   -0.566630 (VIOLATED)
_3552_/C1                               0.750000    1.316450   -0.566450 (VIOLATED)
_5587_/A1                               0.750000    1.316223   -0.566223 (VIOLATED)
_3603_/C1                               0.750000    1.315468   -0.565468 (VIOLATED)
_5577_/A                                0.750000    1.315065   -0.565065 (VIOLATED)
_5571_/A                                0.750000    1.314395   -0.564395 (VIOLATED)
_5584_/A1                               0.750000    1.314095   -0.564095 (VIOLATED)
_5589_/A1                               0.750000    1.313812   -0.563812 (VIOLATED)
fanout490/A                             0.750000    1.313074   -0.563074 (VIOLATED)
fanout493/X                             0.750000    1.313074   -0.563074 (VIOLATED)
_5605_/A1                               0.750000    1.289412   -0.539412 (VIOLATED)
ANTENNA_72/DIODE                        0.750000    1.289410   -0.539410 (VIOLATED)
_5609_/A1                               0.750000    1.289334   -0.539334 (VIOLATED)
ANTENNA_73/DIODE                        0.750000    1.289333   -0.539333 (VIOLATED)
fanout493/A                             0.750000    1.288725   -0.538725 (VIOLATED)
fanout489/A                             0.750000    1.288718   -0.538718 (VIOLATED)
_5581_/A                                0.750000    1.288707   -0.538707 (VIOLATED)
_5580_/A1                               0.750000    1.288703   -0.538703 (VIOLATED)
fanout494/X                             0.750000    1.288664   -0.538664 (VIOLATED)
fanout452/A                             0.750000    1.281960   -0.531960 (VIOLATED)
_5514_/A                                0.750000    1.281885   -0.531885 (VIOLATED)
_4540_/A1                               0.750000    1.281814   -0.531814 (VIOLATED)
_4547_/A                                0.750000    1.281803   -0.531803 (VIOLATED)
_3506_/B1                               0.750000    1.281542   -0.531542 (VIOLATED)
_3512_/A                                0.750000    1.280867   -0.530867 (VIOLATED)
_3560_/A1                               0.750000    1.280087   -0.530087 (VIOLATED)
_3593_/A                                0.750000    1.280054   -0.530054 (VIOLATED)
ANTENNA_93/DIODE                        0.750000    1.280035   -0.530035 (VIOLATED)
_4495_/A1                               0.750000    1.279526   -0.529526 (VIOLATED)
_4503_/B2                               0.750000    1.279438   -0.529438 (VIOLATED)
fanout453/X                             0.750000    1.279428   -0.529428 (VIOLATED)
_4738_/A                                0.750000    1.251200   -0.501200 (VIOLATED)
_4731_/A1_N                             0.750000    1.251187   -0.501187 (VIOLATED)
_4753_/A1_N                             0.750000    1.251140   -0.501140 (VIOLATED)
ANTENNA_60/DIODE                        0.750000    1.251137   -0.501137 (VIOLATED)
_4776_/A1_N                             0.750000    1.250984   -0.500984 (VIOLATED)
ANTENNA_61/DIODE                        0.750000    1.250981   -0.500981 (VIOLATED)
ANTENNA_57/DIODE                        0.750000    1.250957   -0.500957 (VIOLATED)
_4058_/A1_N                             0.750000    1.250957   -0.500957 (VIOLATED)
_4609_/A1_N                             0.750000    1.250950   -0.500950 (VIOLATED)
ANTENNA_59/DIODE                        0.750000    1.250946   -0.500946 (VIOLATED)
_4746_/A1_N                             0.750000    1.250942   -0.500943 (VIOLATED)
ANTENNA_58/DIODE                        0.750000    1.250939   -0.500939 (VIOLATED)
_4724_/A1_N                             0.750000    1.250920   -0.500920 (VIOLATED)
_4716_/A1_N                             0.750000    1.250915   -0.500915 (VIOLATED)
_3718_/A                                0.750000    1.250906   -0.500906 (VIOLATED)
fanout169/X                             0.750000    1.250888   -0.500888 (VIOLATED)
_3497_/A                                0.750000    1.174145   -0.424145 (VIOLATED)
_4266_/A                                0.750000    1.174142   -0.424142 (VIOLATED)
_4411_/C1                               0.750000    1.174108   -0.424108 (VIOLATED)
_4345_/A                                0.750000    1.174084   -0.424084 (VIOLATED)
_5508_/A                                0.750000    1.173971   -0.423971 (VIOLATED)
_4571_/A1                               0.750000    1.173968   -0.423968 (VIOLATED)
_4419_/A                                0.750000    1.173920   -0.423920 (VIOLATED)
_3495_/A1                               0.750000    1.173881   -0.423881 (VIOLATED)
_3492_/A                                0.750000    1.173651   -0.423651 (VIOLATED)
_4368_/A                                0.750000    1.173613   -0.423613 (VIOLATED)
fanout455/X                             0.750000    1.173570   -0.423570 (VIOLATED)
_3572_/S                                0.750000    1.156648   -0.406648 (VIOLATED)
_3599_/B1                               0.750000    1.156590   -0.406590 (VIOLATED)
_4495_/A2                               0.750000    1.156312   -0.406312 (VIOLATED)
_4850_/A2                               0.750000    1.156176   -0.406176 (VIOLATED)
fanout583/A                             0.750000    1.155729   -0.405729 (VIOLATED)
_3501_/A                                0.750000    1.154922   -0.404922 (VIOLATED)
_3505_/S                                0.750000    1.154771   -0.404771 (VIOLATED)
_4355_/A                                0.750000    1.154505   -0.404505 (VIOLATED)
_5510_/B1                               0.750000    1.154356   -0.404356 (VIOLATED)
fanout582/A                             0.750000    1.154356   -0.404356 (VIOLATED)
fanout584/X                             0.750000    1.154356   -0.404356 (VIOLATED)
_5561_/A2                               0.750000    1.147662   -0.397662 (VIOLATED)
_5560_/A2                               0.750000    1.147623   -0.397623 (VIOLATED)
fanout518/A                             0.750000    1.147498   -0.397498 (VIOLATED)
_5563_/A2                               0.750000    1.147267   -0.397267 (VIOLATED)
_5555_/A2                               0.750000    1.147228   -0.397228 (VIOLATED)
_5539_/A2                               0.750000    1.147186   -0.397186 (VIOLATED)
_5547_/A2                               0.750000    1.147081   -0.397081 (VIOLATED)
_5566_/A2                               0.750000    1.146999   -0.396999 (VIOLATED)
_5558_/A2                               0.750000    1.146992   -0.396992 (VIOLATED)
_5542_/A2                               0.750000    1.146881   -0.396881 (VIOLATED)
fanout519/X                             0.750000    1.146870   -0.396870 (VIOLATED)
_3549_/B2                               0.750000    1.115332   -0.365332 (VIOLATED)
_3633_/B2                               0.750000    1.115332   -0.365332 (VIOLATED)
_3536_/A1                               0.750000    1.115327   -0.365328 (VIOLATED)
_3086_/A                                0.750000    1.115191   -0.365191 (VIOLATED)
_3484_/A1                               0.750000    1.115148   -0.365148 (VIOLATED)
_5502_/A_N                              0.750000    1.115062   -0.365062 (VIOLATED)
_5359_/A_N                              0.750000    1.115028   -0.365028 (VIOLATED)
_5506_/A                                0.750000    1.115012   -0.365012 (VIOLATED)
_3485_/A                                0.750000    1.114933   -0.364933 (VIOLATED)
_3095_/A1                               0.750000    1.114890   -0.364890 (VIOLATED)
fanout495/X                             0.750000    1.114836   -0.364836 (VIOLATED)
_5607_/A2                               0.750000    1.089352   -0.339352 (VIOLATED)
_4445_/A1                               0.750000    1.089278   -0.339278 (VIOLATED)
_5602_/A2                               0.750000    1.089191   -0.339191 (VIOLATED)
_3518_/B1                               0.750000    1.089139   -0.339139 (VIOLATED)
_3594_/B1                               0.750000    1.088769   -0.338769 (VIOLATED)
_3602_/B1                               0.750000    1.088541   -0.338541 (VIOLATED)
_3567_/B1                               0.750000    1.088407   -0.338407 (VIOLATED)
_3551_/B1                               0.750000    1.088255   -0.338255 (VIOLATED)
_5604_/A1                               0.750000    1.088224   -0.338224 (VIOLATED)
_5605_/A2                               0.750000    1.088154   -0.338154 (VIOLATED)
fanout359/X                             0.750000    1.088113   -0.338113 (VIOLATED)
fanout40/A                              0.750000    1.076917   -0.326917 (VIOLATED)
fanout44/A                              0.750000    1.076912   -0.326912 (VIOLATED)
fanout42/A                              0.750000    1.076845   -0.326845 (VIOLATED)
fanout45/A                              0.750000    1.076770   -0.326771 (VIOLATED)
fanout37/A                              0.750000    1.076498   -0.326498 (VIOLATED)
fanout47/X                              0.750000    1.076498   -0.326498 (VIOLATED)
_5557_/A2                               0.750000    1.024501   -0.274501 (VIOLATED)
_5565_/A2                               0.750000    1.024496   -0.274496 (VIOLATED)
fanout516/A                             0.750000    1.024384   -0.274384 (VIOLATED)
_5541_/A2                               0.750000    1.024349   -0.274349 (VIOLATED)
_5550_/A2                               0.750000    1.024176   -0.274176 (VIOLATED)
_3094_/B1                               0.750000    1.024127   -0.274128 (VIOLATED)
fanout517/X                             0.750000    1.024091   -0.274091 (VIOLATED)
_5600_/A1                               0.750000    1.023541   -0.273542 (VIOLATED)
_5597_/A1                               0.750000    1.023525   -0.273525 (VIOLATED)
_5606_/A1                               0.750000    1.023512   -0.273512 (VIOLATED)
_5588_/A1                               0.750000    1.023289   -0.273289 (VIOLATED)
_5591_/A1                               0.750000    1.023260   -0.273261 (VIOLATED)
_3549_/A1                               0.750000    1.022866   -0.272866 (VIOLATED)
_3633_/A1                               0.750000    1.022729   -0.272729 (VIOLATED)
_3524_/C1                               0.750000    1.022559   -0.272559 (VIOLATED)
_3094_/A1                               0.750000    1.021932   -0.271932 (VIOLATED)
_5575_/A1                               0.750000    1.021929   -0.271929 (VIOLATED)
fanout489/X                             0.750000    1.021920   -0.271920 (VIOLATED)
_4871_/A1                               0.750000    0.995053   -0.245053 (VIOLATED)
fanout579/A                             0.750000    0.994952   -0.244952 (VIOLATED)
_4370_/A1_N                             0.750000    0.994917   -0.244917 (VIOLATED)
_3598_/S                                0.750000    0.994911   -0.244911 (VIOLATED)
_4378_/A                                0.750000    0.994892   -0.244892 (VIOLATED)
_4403_/A                                0.750000    0.994487   -0.244487 (VIOLATED)
_4395_/A1_N                             0.750000    0.994241   -0.244241 (VIOLATED)
_3516_/A1                               0.750000    0.993948   -0.243948 (VIOLATED)
_4360_/A                                0.750000    0.993820   -0.243820 (VIOLATED)
fanout580/X                             0.750000    0.993812   -0.243812 (VIOLATED)
_3150_/A2                               0.750000    0.982100   -0.232100 (VIOLATED)
_3144_/A2                               0.750000    0.982097   -0.232097 (VIOLATED)
_3147_/B2                               0.750000    0.981998   -0.231998 (VIOLATED)
fanout417/A                             0.750000    0.981617   -0.231617 (VIOLATED)
_3170_/B2                               0.750000    0.980926   -0.230927 (VIOLATED)
_3173_/A2                               0.750000    0.980904   -0.230904 (VIOLATED)
_3179_/B2                               0.750000    0.980781   -0.230782 (VIOLATED)
_3177_/A2                               0.750000    0.980594   -0.230594 (VIOLATED)
_3215_/A2                               0.750000    0.980540   -0.230540 (VIOLATED)
_3219_/B2                               0.750000    0.980440   -0.230440 (VIOLATED)
fanout418/X                             0.750000    0.980413   -0.230413 (VIOLATED)
_3797_/A1                               0.750000    0.957290   -0.207290 (VIOLATED)
_3764_/A1                               0.750000    0.957287   -0.207288 (VIOLATED)
_4046_/A1                               0.750000    0.957165   -0.207165 (VIOLATED)
_4028_/A1                               0.750000    0.957162   -0.207162 (VIOLATED)
_3916_/A1                               0.750000    0.957149   -0.207149 (VIOLATED)
_3939_/A1                               0.750000    0.957139   -0.207139 (VIOLATED)
_3831_/A1                               0.750000    0.957136   -0.207136 (VIOLATED)
_3088_/B                                0.750000    0.957133   -0.207133 (VIOLATED)
_4052_/A1                               0.750000    0.957119   -0.207119 (VIOLATED)
_4008_/B                                0.750000    0.957103   -0.207103 (VIOLATED)
fanout320/X                             0.750000    0.957086   -0.207086 (VIOLATED)
_5790_/B1                               0.750000    0.923657   -0.173657 (VIOLATED)
_5796_/B1                               0.750000    0.923641   -0.173641 (VIOLATED)
_5792_/B1                               0.750000    0.923616   -0.173616 (VIOLATED)
_5798_/B1                               0.750000    0.923600   -0.173600 (VIOLATED)
_5788_/B2                               0.750000    0.923515   -0.173515 (VIOLATED)
_5794_/B1                               0.750000    0.923511   -0.173511 (VIOLATED)
_5800_/B1                               0.750000    0.923496   -0.173496 (VIOLATED)
_5841_/C                                0.750000    0.923289   -0.173289 (VIOLATED)
_5814_/C                                0.750000    0.923166   -0.173166 (VIOLATED)
_6072_/B1                               0.750000    0.923165   -0.173165 (VIOLATED)
fanout99/X                              0.750000    0.923157   -0.173157 (VIOLATED)
_4064_/B1                               0.750000    0.896048   -0.146048 (VIOLATED)
_4070_/B1                               0.750000    0.896047   -0.146047 (VIOLATED)
_4082_/B1                               0.750000    0.896026   -0.146026 (VIOLATED)
_3095_/A2                               0.750000    0.896011   -0.146011 (VIOLATED)
_4100_/B1                               0.750000    0.895997   -0.145997 (VIOLATED)
_4076_/B1                               0.750000    0.895930   -0.145930 (VIOLATED)
_4094_/B1                               0.750000    0.895930   -0.145930 (VIOLATED)
_4058_/B2                               0.750000    0.895926   -0.145926 (VIOLATED)
_3484_/A2                               0.750000    0.895918   -0.145918 (VIOLATED)
_5515_/A1                               0.750000    0.895870   -0.145870 (VIOLATED)
fanout173/X                             0.750000    0.895862   -0.145862 (VIOLATED)
_3557_/A                                0.750000    0.885822   -0.135822 (VIOLATED)
_3568_/B1                               0.750000    0.885817   -0.135817 (VIOLATED)
_3600_/A1                               0.750000    0.885802   -0.135802 (VIOLATED)
_4394_/C                                0.750000    0.885715   -0.135715 (VIOLATED)
_4278_/A1                               0.750000    0.885711   -0.135711 (VIOLATED)
_4723_/B                                0.750000    0.885690   -0.135690 (VIOLATED)
_3515_/S                                0.750000    0.885686   -0.135686 (VIOLATED)
_3511_/S                                0.750000    0.885666   -0.135666 (VIOLATED)
_4313_/A1                               0.750000    0.885409   -0.135409 (VIOLATED)
_4694_/A                                0.750000    0.885390   -0.135390 (VIOLATED)
fanout450/X                             0.750000    0.885353   -0.135353 (VIOLATED)
_4082_/A3                               0.750000    0.864608   -0.114608 (VIOLATED)
_3984_/A3                               0.750000    0.864606   -0.114606 (VIOLATED)
_4034_/A3                               0.750000    0.864590   -0.114591 (VIOLATED)
_3857_/A3                               0.750000    0.864541   -0.114541 (VIOLATED)
_4229_/A0                               0.750000    0.864275   -0.114275 (VIOLATED)
_4637_/A0                               0.750000    0.864198   -0.114198 (VIOLATED)
_5607_/A3                               0.750000    0.864130   -0.114130 (VIOLATED)
_4312_/B                                0.750000    0.864083   -0.114083 (VIOLATED)
_4459_/A0                               0.750000    0.863981   -0.113981 (VIOLATED)
_4814_/A0                               0.750000    0.863981   -0.113981 (VIOLATED)
fanout18/X                              0.750000    0.863981   -0.113981 (VIOLATED)
_4094_/A3                               0.750000    0.863614   -0.113614 (VIOLATED)
_3996_/A3                               0.750000    0.863593   -0.113593 (VIOLATED)
_4046_/A3                               0.750000    0.863571   -0.113571 (VIOLATED)
_3916_/A3                               0.750000    0.863557   -0.113557 (VIOLATED)
_4248_/A0                               0.750000    0.863462   -0.113462 (VIOLATED)
_4651_/A0                               0.750000    0.863355   -0.113355 (VIOLATED)
_4473_/A0                               0.750000    0.863239   -0.113239 (VIOLATED)
_5600_/A3                               0.750000    0.863194   -0.113194 (VIOLATED)
_4828_/A0                               0.750000    0.863186   -0.113186 (VIOLATED)
_5609_/A3                               0.750000    0.863081   -0.113081 (VIOLATED)
fanout15/X                              0.750000    0.863072   -0.113072 (VIOLATED)
_3483_/A                                0.750000    0.861896   -0.111896 (VIOLATED)
_3093_/B1                               0.750000    0.861888   -0.111888 (VIOLATED)
_3742_/A2                               0.750000    0.861751   -0.111751 (VIOLATED)
_4225_/A2                               0.750000    0.861585   -0.111585 (VIOLATED)
_4252_/A2                               0.750000    0.861574   -0.111574 (VIOLATED)
_4195_/A2                               0.750000    0.861556   -0.111556 (VIOLATED)
_4273_/A2                               0.750000    0.861551   -0.111551 (VIOLATED)
_4339_/A2                               0.750000    0.861256   -0.111256 (VIOLATED)
_4212_/A                                0.750000    0.861201   -0.111201 (VIOLATED)
_4204_/A1_N                             0.750000    0.861200   -0.111200 (VIOLATED)
_4242_/A                                0.750000    0.861198   -0.111198 (VIOLATED)
_4295_/A1                               0.750000    0.861175   -0.111175 (VIOLATED)
_4123_/A1_N                             0.750000    0.861162   -0.111162 (VIOLATED)
_3782_/A1_N                             0.750000    0.861159   -0.111159 (VIOLATED)
_3814_/A                                0.750000    0.861156   -0.111156 (VIOLATED)
_3908_/A                                0.750000    0.861142   -0.111142 (VIOLATED)
_4329_/A1                               0.750000    0.861141   -0.111141 (VIOLATED)
_4283_/A                                0.750000    0.861108   -0.111108 (VIOLATED)
_5597_/A3                               0.750000    0.861015   -0.111015 (VIOLATED)
_5606_/A3                               0.750000    0.861012   -0.111012 (VIOLATED)
_4307_/A2                               0.750000    0.860983   -0.110983 (VIOLATED)
_4807_/A0                               0.750000    0.860936   -0.110936 (VIOLATED)
_4452_/A0                               0.750000    0.860905   -0.110905 (VIOLATED)
fanout422/X                             0.750000    0.860879   -0.110879 (VIOLATED)
_3978_/A3                               0.750000    0.860852   -0.110852 (VIOLATED)
_4630_/A0                               0.750000    0.860845   -0.110845 (VIOLATED)
_4028_/A3                               0.750000    0.860821   -0.110821 (VIOLATED)
_3831_/A3                               0.750000    0.860813   -0.110813 (VIOLATED)
_4351_/A2                               0.750000    0.860811   -0.110811 (VIOLATED)
fanout315/X                             0.750000    0.860734   -0.110734 (VIOLATED)
_4218_/A0                               0.750000    0.860720   -0.110720 (VIOLATED)
_4300_/B                                0.750000    0.860400   -0.110400 (VIOLATED)
fanout20/X                              0.750000    0.860381   -0.110381 (VIOLATED)
_3958_/A                                0.750000    0.857111   -0.107111 (VIOLATED)
_3088_/A                                0.750000    0.857103   -0.107103 (VIOLATED)
_4412_/A1                               0.750000    0.856971   -0.106971 (VIOLATED)
_3629_/A1                               0.750000    0.856940   -0.106940 (VIOLATED)
_3535_/A1                               0.750000    0.856910   -0.106910 (VIOLATED)
_4783_/A                                0.750000    0.856776   -0.106776 (VIOLATED)
_4608_/A                                0.750000    0.856743   -0.106743 (VIOLATED)
_4488_/A1                               0.750000    0.856690   -0.106690 (VIOLATED)
_4532_/A                                0.750000    0.856666   -0.106666 (VIOLATED)
_4510_/A1                               0.750000    0.856638   -0.106638 (VIOLATED)
fanout452/X                             0.750000    0.856631   -0.106631 (VIOLATED)
_4300_/C                                0.750000    0.856617   -0.106617 (VIOLATED)
_4334_/B1                               0.750000    0.856616   -0.106616 (VIOLATED)
_4411_/B1                               0.750000    0.856604   -0.106604 (VIOLATED)
_4344_/C                                0.750000    0.856546   -0.106546 (VIOLATED)
_4571_/A3                               0.750000    0.856467   -0.106467 (VIOLATED)
_4357_/C_N                              0.750000    0.856455   -0.106455 (VIOLATED)
_4419_/C                                0.750000    0.856433   -0.106433 (VIOLATED)
_4586_/C                                0.750000    0.855868   -0.105868 (VIOLATED)
fanout139/A                             0.750000    0.855826   -0.105826 (VIOLATED)
fanout140/X                             0.750000    0.855820   -0.105820 (VIOLATED)
_5550_/B2                               0.750000    0.852467   -0.102467 (VIOLATED)
_5565_/B2                               0.750000    0.852458   -0.102458 (VIOLATED)
_5557_/B2                               0.750000    0.852442   -0.102442 (VIOLATED)
_5502_/D                                0.750000    0.852417   -0.102417 (VIOLATED)
fanout324/A                             0.750000    0.852287   -0.102288 (VIOLATED)
fanout326/X                             0.750000    0.852280   -0.102280 (VIOLATED)
_3507_/A1                               0.750000    0.849706   -0.099706 (VIOLATED)
_4893_/A1                               0.750000    0.849544   -0.099544 (VIOLATED)
_4864_/A1                               0.750000    0.849434   -0.099434 (VIOLATED)
_4843_/A1                               0.750000    0.849316   -0.099316 (VIOLATED)
_4189_/A                                0.750000    0.849236   -0.099236 (VIOLATED)
_4428_/A                                0.750000    0.849215   -0.099215 (VIOLATED)
_3713_/A                                0.750000    0.848970   -0.098970 (VIOLATED)
_3714_/A                                0.750000    0.848918   -0.098918 (VIOLATED)
_3086_/B                                0.750000    0.848828   -0.098828 (VIOLATED)
_3085_/A                                0.750000    0.848631   -0.098631 (VIOLATED)
fanout576/X                             0.750000    0.848590   -0.098590 (VIOLATED)
_4052_/A2                               0.750000    0.847553   -0.097553 (VIOLATED)
_4094_/A2                               0.750000    0.847524   -0.097524 (VIOLATED)
_4076_/A2                               0.750000    0.847506   -0.097506 (VIOLATED)
_4687_/A2                               0.750000    0.847485   -0.097485 (VIOLATED)
_4046_/A2                               0.750000    0.847482   -0.097482 (VIOLATED)
_4709_/A2                               0.750000    0.847473   -0.097473 (VIOLATED)
_4028_/A2                               0.750000    0.847456   -0.097456 (VIOLATED)
_4666_/A2                               0.750000    0.847452   -0.097452 (VIOLATED)
_4009_/A2                               0.750000    0.847426   -0.097426 (VIOLATED)
_3717_/A                                0.750000    0.847350   -0.097350 (VIOLATED)
fanout170/X                             0.750000    0.847326   -0.097326 (VIOLATED)
_5536_/A2                               0.750000    0.829800   -0.079800 (VIOLATED)
_5544_/A2                               0.750000    0.829789   -0.079789 (VIOLATED)
_5553_/A2                               0.750000    0.829762   -0.079762 (VIOLATED)
_5537_/A2                               0.750000    0.829761   -0.079761 (VIOLATED)
_5556_/A2                               0.750000    0.829761   -0.079761 (VIOLATED)
_5545_/A2                               0.750000    0.829759   -0.079759 (VIOLATED)
_5552_/A2                               0.750000    0.829726   -0.079726 (VIOLATED)
_5548_/A2                               0.750000    0.829670   -0.079670 (VIOLATED)
_5564_/A2                               0.750000    0.829613   -0.079613 (VIOLATED)
_5540_/A2                               0.750000    0.829604   -0.079604 (VIOLATED)
fanout518/X                             0.750000    0.829351   -0.079351 (VIOLATED)
_4886_/A1                               0.750000    0.828811   -0.078811 (VIOLATED)
_4191_/A1_N                             0.750000    0.828711   -0.078711 (VIOLATED)
_3548_/S1                               0.750000    0.828648   -0.078648 (VIOLATED)
_3628_/C1                               0.750000    0.828633   -0.078633 (VIOLATED)
_3529_/B1                               0.750000    0.828589   -0.078589 (VIOLATED)
_4387_/A1_N                             0.750000    0.828275   -0.078276 (VIOLATED)
fanout577/A                             0.750000    0.828142   -0.078142 (VIOLATED)
fanout576/A                             0.750000    0.828032   -0.078032 (VIOLATED)
fanout578/X                             0.750000    0.828007   -0.078007 (VIOLATED)
_4694_/B                                0.750000    0.827716   -0.077716 (VIOLATED)
_4702_/A1                               0.750000    0.827698   -0.077698 (VIOLATED)
_4680_/A1                               0.750000    0.827678   -0.077678 (VIOLATED)
_4673_/A2                               0.750000    0.827574   -0.077574 (VIOLATED)
_4040_/A2                               0.750000    0.827418   -0.077418 (VIOLATED)
_4022_/A2                               0.750000    0.827415   -0.077415 (VIOLATED)
_4016_/A2                               0.750000    0.827411   -0.077411 (VIOLATED)
_4064_/A2                               0.750000    0.827387   -0.077387 (VIOLATED)
_4070_/A2                               0.750000    0.827373   -0.077373 (VIOLATED)
_4034_/A2                               0.750000    0.827326   -0.077326 (VIOLATED)
fanout171/X                             0.750000    0.827319   -0.077319 (VIOLATED)
_4350_/A1_N                             0.750000    0.821113   -0.071113 (VIOLATED)
_4306_/A                                0.750000    0.821104   -0.071104 (VIOLATED)
_4224_/A1_N                             0.750000    0.821085   -0.071085 (VIOLATED)
_4251_/A                                0.750000    0.821083   -0.071083 (VIOLATED)
_4338_/A                                0.750000    0.821070   -0.071070 (VIOLATED)
_4194_/A1_N                             0.750000    0.821065   -0.071065 (VIOLATED)
_4272_/A1_N                             0.750000    0.821041   -0.071041 (VIOLATED)
_4173_/A                                0.750000    0.820995   -0.070995 (VIOLATED)
_4113_/A1                               0.750000    0.820912   -0.070912 (VIOLATED)
_3099_/B1                               0.750000    0.820850   -0.070850 (VIOLATED)
fanout420/X                             0.750000    0.820837   -0.070838 (VIOLATED)
_3970_/C1                               0.750000    0.818384   -0.068384 (VIOLATED)
_3784_/C1                               0.750000    0.818376   -0.068376 (VIOLATED)
_3817_/C1                               0.750000    0.818355   -0.068355 (VIOLATED)
_3911_/C1                               0.750000    0.818190   -0.068190 (VIOLATED)
_4074_/C1                               0.750000    0.817959   -0.067959 (VIOLATED)
_4092_/C1                               0.750000    0.817891   -0.067892 (VIOLATED)
_4038_/C1                               0.750000    0.817860   -0.067860 (VIOLATED)
_3988_/C1                               0.750000    0.817792   -0.067792 (VIOLATED)
_4086_/C1                               0.750000    0.817747   -0.067747 (VIOLATED)
_3877_/C1                               0.750000    0.817716   -0.067716 (VIOLATED)
fanout72/X                              0.750000    0.817716   -0.067716 (VIOLATED)
_5890_/S                                0.750000    0.813050   -0.063050 (VIOLATED)
_5891_/S                                0.750000    0.813038   -0.063038 (VIOLATED)
_5894_/S                                0.750000    0.812948   -0.062948 (VIOLATED)
_5893_/S                                0.750000    0.812789   -0.062789 (VIOLATED)
_5896_/S                                0.750000    0.811165   -0.061165 (VIOLATED)
_5895_/S                                0.750000    0.810493   -0.060493 (VIOLATED)
_5892_/S                                0.750000    0.809917   -0.059917 (VIOLATED)
_5889_/S                                0.750000    0.809610   -0.059610 (VIOLATED)
_5888_/X                                0.750000    0.809230   -0.059230 (VIOLATED)
_3573_/B1                               0.750000    0.781644   -0.031644 (VIOLATED)
_3561_/A1                               0.750000    0.781639   -0.031639 (VIOLATED)
_3604_/A1                               0.750000    0.781536   -0.031536 (VIOLATED)
_3516_/B1                               0.750000    0.780986   -0.030986 (VIOLATED)
_3508_/B2                               0.750000    0.780963   -0.030963 (VIOLATED)
fanout600/A                             0.750000    0.780880   -0.030880 (VIOLATED)
fanout599/A                             0.750000    0.780855   -0.030855 (VIOLATED)
fanout602/A                             0.750000    0.780833   -0.030833 (VIOLATED)
fanout601/A                             0.750000    0.780832   -0.030832 (VIOLATED)
ANTENNA_80/DIODE                        0.750000    0.780831   -0.030832 (VIOLATED)
ANTENNA_81/DIODE                        0.750000    0.780829   -0.030829 (VIOLATED)
_3486_/A                                0.750000    0.780818   -0.030818 (VIOLATED)
fanout496/X                             0.750000    0.780812   -0.030812 (VIOLATED)
input9/X                                0.750000    0.780708   -0.030708 (VIOLATED)
_3555_/S                                0.750000    0.777361   -0.027361 (VIOLATED)
_3559_/A1                               0.750000    0.777355   -0.027355 (VIOLATED)
_3569_/A1                               0.750000    0.777300   -0.027300 (VIOLATED)
_4267_/B                                0.750000    0.776970   -0.026970 (VIOLATED)
_4665_/B                                0.750000    0.776908   -0.026908 (VIOLATED)
_3043_/A                                0.750000    0.776836   -0.026836 (VIOLATED)
_4502_/C1                               0.750000    0.776696   -0.026696 (VIOLATED)
_4524_/C1                               0.750000    0.776692   -0.026692 (VIOLATED)
_4871_/A2                               0.750000    0.776617   -0.026617 (VIOLATED)
_4517_/A2                               0.750000    0.776600   -0.026600 (VIOLATED)
fanout583/X                             0.750000    0.776565   -0.026565 (VIOLATED)
_3621_/C1                               0.750000    0.767067   -0.017067 (VIOLATED)
_3548_/S0                               0.750000    0.767054   -0.017054 (VIOLATED)
_3627_/S                                0.750000    0.767049   -0.017049 (VIOLATED)
_3531_/C1                               0.750000    0.766947   -0.016947 (VIOLATED)
_3525_/C1                               0.750000    0.766881   -0.016881 (VIOLATED)
_4886_/A2                               0.750000    0.766840   -0.016840 (VIOLATED)
_4532_/B                                0.750000    0.766833   -0.016833 (VIOLATED)
_4190_/A                                0.750000    0.766819   -0.016819 (VIOLATED)
_3710_/A                                0.750000    0.766691   -0.016691 (VIOLATED)
fanout581/A                             0.750000    0.766642   -0.016642 (VIOLATED)
fanout582/X                             0.750000    0.766604   -0.016604 (VIOLATED)
_3850_/A1_N                             0.750000    0.764415   -0.014415 (VIOLATED)
_3933_/A                                0.750000    0.764413   -0.014413 (VIOLATED)
_3741_/A1                               0.750000    0.764411   -0.014411 (VIOLATED)
_4144_/A1_N                             0.750000    0.764388   -0.014388 (VIOLATED)
fanout420/A                             0.750000    0.764249   -0.014249 (VIOLATED)
_4184_/A1_N                             0.750000    0.764189   -0.014189 (VIOLATED)
_3953_/A1_N                             0.750000    0.764187   -0.014187 (VIOLATED)
_4260_/A1_N                             0.750000    0.764178   -0.014178 (VIOLATED)
fanout421/X                             0.750000    0.764162   -0.014162 (VIOLATED)
_5881_/S                                0.750000    0.757205   -0.007205 (VIOLATED)
_5882_/S                                0.750000    0.757036   -0.007036 (VIOLATED)
_5885_/S                                0.750000    0.756757   -0.006758 (VIOLATED)
_5884_/S                                0.750000    0.756278   -0.006278 (VIOLATED)
_5887_/S                                0.750000    0.755388   -0.005388 (VIOLATED)
_5886_/S                                0.750000    0.754198   -0.004198 (VIOLATED)
_5883_/S                                0.750000    0.754166   -0.004166 (VIOLATED)
_5880_/S                                0.750000    0.754117   -0.004117 (VIOLATED)
_5879_/X                                0.750000    0.753912   -0.003912 (VIOLATED)
_4687_/A1                               0.750000    0.752019   -0.002019 (VIOLATED)
_4301_/A1                               0.750000    0.752012   -0.002012 (VIOLATED)
fanout448/A                             0.750000    0.752012   -0.002012 (VIOLATED)
_3957_/A                                0.750000    0.751995   -0.001995 (VIOLATED)
_4386_/C                                0.750000    0.751990   -0.001990 (VIOLATED)
_4420_/C                                0.750000    0.751978   -0.001978 (VIOLATED)
_3712_/A                                0.750000    0.751954   -0.001954 (VIOLATED)
_4360_/B                                0.750000    0.751880   -0.001880 (VIOLATED)
_3506_/A1                               0.750000    0.751879   -0.001879 (VIOLATED)
fanout449/X                             0.750000    0.751858   -0.001858 (VIOLATED)
_3148_/C1                               0.750000    0.751817   -0.001817 (VIOLATED)
_3193_/C1                               0.750000    0.751802   -0.001802 (VIOLATED)
_3185_/C1                               0.750000    0.751788   -0.001788 (VIOLATED)
_3171_/C1                               0.750000    0.751724   -0.001724 (VIOLATED)
_3180_/C1                               0.750000    0.751668   -0.001668 (VIOLATED)
_3220_/C1                               0.750000    0.751604   -0.001605 (VIOLATED)
fanout312/X                             0.750000    0.751604   -0.001605 (VIOLATED)
_3041_/A                                0.750000    0.751427   -0.001427 (VIOLATED)
_4324_/D1                               0.750000    0.751411   -0.001411 (VIOLATED)
_4502_/D1                               0.750000    0.751396   -0.001396 (VIOLATED)
_4524_/D1                               0.750000    0.751386   -0.001386 (VIOLATED)
_4289_/D1                               0.750000    0.751348   -0.001348 (VIOLATED)
_4277_/A                                0.750000    0.751196   -0.001196 (VIOLATED)
_3510_/S1                               0.750000    0.751120   -0.001120 (VIOLATED)
fanout588/A                             0.750000    0.751114   -0.001114 (VIOLATED)
_4369_/A                                0.750000    0.750939   -0.000939 (VIOLATED)
_4394_/A                                0.750000    0.750860   -0.000860 (VIOLATED)
fanout589/X                             0.750000    0.750854   -0.000854 (VIOLATED)

max fanout

Pin                                   Limit Fanout  Slack
---------------------------------------------------------
fanout169/X                              10     15     -5 (VIOLATED)
_5649_/X                                 10     14     -4 (VIOLATED)
fanout313/X                              10     14     -4 (VIOLATED)
clkbuf_leaf_0_clk/X                      10     13     -3 (VIOLATED)
clkbuf_leaf_12_clk/X                     10     13     -3 (VIOLATED)
clkbuf_leaf_13_clk/X                     10     13     -3 (VIOLATED)
clkbuf_leaf_14_clk/X                     10     13     -3 (VIOLATED)
clkbuf_leaf_15_clk/X                     10     13     -3 (VIOLATED)
clkbuf_leaf_17_clk/X                     10     13     -3 (VIOLATED)
clkbuf_leaf_18_clk/X                     10     13     -3 (VIOLATED)
clkbuf_leaf_1_clk/X                      10     13     -3 (VIOLATED)
clkbuf_leaf_22_clk/X                     10     13     -3 (VIOLATED)
clkbuf_leaf_23_clk/X                     10     13     -3 (VIOLATED)
clkbuf_leaf_24_clk/X                     10     13     -3 (VIOLATED)
clkbuf_leaf_26_clk/X                     10     13     -3 (VIOLATED)
clkbuf_leaf_27_clk/X                     10     13     -3 (VIOLATED)
clkbuf_leaf_28_clk/X                     10     13     -3 (VIOLATED)
clkbuf_leaf_29_clk/X                     10     13     -3 (VIOLATED)
clkbuf_leaf_2_clk/X                      10     13     -3 (VIOLATED)
clkbuf_leaf_33_clk/X                     10     13     -3 (VIOLATED)
clkbuf_leaf_38_clk/X                     10     13     -3 (VIOLATED)
clkbuf_leaf_39_clk/X                     10     13     -3 (VIOLATED)
clkbuf_leaf_41_clk/X                     10     13     -3 (VIOLATED)
clkbuf_leaf_43_clk/X                     10     13     -3 (VIOLATED)
clkbuf_leaf_44_clk/X                     10     13     -3 (VIOLATED)
clkbuf_leaf_45_clk/X                     10     13     -3 (VIOLATED)
clkbuf_leaf_47_clk/X                     10     13     -3 (VIOLATED)
clkbuf_leaf_48_clk/X                     10     13     -3 (VIOLATED)
clkbuf_leaf_50_clk/X                     10     13     -3 (VIOLATED)
clkbuf_leaf_51_clk/X                     10     13     -3 (VIOLATED)
clkbuf_leaf_53_clk/X                     10     13     -3 (VIOLATED)
clkbuf_leaf_54_clk/X                     10     13     -3 (VIOLATED)
clkbuf_leaf_5_clk/X                      10     13     -3 (VIOLATED)
clkbuf_leaf_62_clk/X                     10     13     -3 (VIOLATED)
clkbuf_leaf_63_clk/X                     10     13     -3 (VIOLATED)
clkbuf_leaf_64_clk/X                     10     13     -3 (VIOLATED)
clkbuf_leaf_66_clk/X                     10     13     -3 (VIOLATED)
clkbuf_leaf_67_clk/X                     10     13     -3 (VIOLATED)
clkbuf_leaf_68_clk/X                     10     13     -3 (VIOLATED)
clkbuf_leaf_6_clk/X                      10     13     -3 (VIOLATED)
clkbuf_leaf_70_clk/X                     10     13     -3 (VIOLATED)
clkbuf_leaf_71_clk/X                     10     13     -3 (VIOLATED)
clkbuf_leaf_75_clk/X                     10     13     -3 (VIOLATED)
clkbuf_leaf_76_clk/X                     10     13     -3 (VIOLATED)
clkbuf_leaf_78_clk/X                     10     13     -3 (VIOLATED)
clkbuf_leaf_7_clk/X                      10     13     -3 (VIOLATED)
clkbuf_leaf_85_clk/X                     10     13     -3 (VIOLATED)
clkbuf_leaf_8_clk/X                      10     13     -3 (VIOLATED)
_4783_/X                                 10     12     -2 (VIOLATED)
_5805_/X                                 10     12     -2 (VIOLATED)
_7075_/Q                                 10     12     -2 (VIOLATED)
clkbuf_leaf_11_clk/X                     10     12     -2 (VIOLATED)
clkbuf_leaf_16_clk/X                     10     12     -2 (VIOLATED)
clkbuf_leaf_19_clk/X                     10     12     -2 (VIOLATED)
clkbuf_leaf_21_clk/X                     10     12     -2 (VIOLATED)
clkbuf_leaf_25_clk/X                     10     12     -2 (VIOLATED)
clkbuf_leaf_34_clk/X                     10     12     -2 (VIOLATED)
clkbuf_leaf_35_clk/X                     10     12     -2 (VIOLATED)
clkbuf_leaf_36_clk/X                     10     12     -2 (VIOLATED)
clkbuf_leaf_37_clk/X                     10     12     -2 (VIOLATED)
clkbuf_leaf_3_clk/X                      10     12     -2 (VIOLATED)
clkbuf_leaf_40_clk/X                     10     12     -2 (VIOLATED)
clkbuf_leaf_42_clk/X                     10     12     -2 (VIOLATED)
clkbuf_leaf_46_clk/X                     10     12     -2 (VIOLATED)
clkbuf_leaf_49_clk/X                     10     12     -2 (VIOLATED)
clkbuf_leaf_4_clk/X                      10     12     -2 (VIOLATED)
clkbuf_leaf_52_clk/X                     10     12     -2 (VIOLATED)
clkbuf_leaf_55_clk/X                     10     12     -2 (VIOLATED)
clkbuf_leaf_57_clk/X                     10     12     -2 (VIOLATED)
clkbuf_leaf_58_clk/X                     10     12     -2 (VIOLATED)
clkbuf_leaf_59_clk/X                     10     12     -2 (VIOLATED)
clkbuf_leaf_60_clk/X                     10     12     -2 (VIOLATED)
clkbuf_leaf_61_clk/X                     10     12     -2 (VIOLATED)
clkbuf_leaf_65_clk/X                     10     12     -2 (VIOLATED)
clkbuf_leaf_69_clk/X                     10     12     -2 (VIOLATED)
clkbuf_leaf_72_clk/X                     10     12     -2 (VIOLATED)
clkbuf_leaf_73_clk/X                     10     12     -2 (VIOLATED)
clkbuf_leaf_77_clk/X                     10     12     -2 (VIOLATED)
clkbuf_leaf_79_clk/X                     10     12     -2 (VIOLATED)
clkbuf_leaf_82_clk/X                     10     12     -2 (VIOLATED)
clkbuf_leaf_83_clk/X                     10     12     -2 (VIOLATED)
clkbuf_leaf_84_clk/X                     10     12     -2 (VIOLATED)
clkbuf_leaf_9_clk/X                      10     12     -2 (VIOLATED)
_3111_/X                                 10     11        (VIOLATED)
fanout440/X                              10     11        (VIOLATED)
fanout453/X                              10     11        (VIOLATED)
fanout848/X                              10     11        (VIOLATED)
max_cap84/X                              10     11        (VIOLATED)

max capacitance

Pin                                        Limit         Cap       Slack
------------------------------------------------------------------------
fanout848/X                             0.151987    0.159635   -0.007648 (VIOLATED)
fanout313/X                             0.151987    0.155196   -0.003209 (VIOLATED)



===========================================================================
report_parasitic_annotation -report_unannotated
============================================================================
Found 80 unannotated drivers.
 ena
 uio_in[5]
 uio_in[6]
 uio_in[7]
 clkload0/X
 clkload1/X
 clkload10/X
 clkload11/X
 clkload12/X
 clkload13/X
 clkload14/X
 clkload15/X
 clkload16/X
 clkload17/Y
 clkload18/X
 clkload19/X
 clkload2/X
 clkload20/X
 clkload21/X
 clkload22/X
 clkload23/X
 clkload24/Y
 clkload25/X
 clkload26/X
 clkload27/X
 clkload28/X
 clkload29/X
 clkload3/X
 clkload30/X
 clkload31/X
 clkload32/X
 clkload33/X
 clkload34/X
 clkload35/X
 clkload36/X
 clkload37/X
 clkload38/X
 clkload39/X
 clkload4/X
 clkload40/Y
 clkload41/X
 clkload42/X
 clkload43/X
 clkload44/X
 clkload45/X
 clkload46/X
 clkload47/X
 clkload48/X
 clkload49/X
 clkload5/X
 clkload50/X
 clkload51/X
 clkload52/X
 clkload53/X
 clkload54/X
 clkload55/X
 clkload56/X
 clkload57/X
 clkload58/X
 clkload59/X
 clkload6/X
 clkload60/X
 clkload61/X
 clkload62/X
 clkload7/X
 clkload8/X
 clkload9/X
 tt_um_aes128_optimized/HI
 tt_um_aes128_optimized_849/HI
 tt_um_aes128_optimized_850/HI
 tt_um_aes128_optimized_851/HI
 tt_um_aes128_optimized_852/HI
 tt_um_aes128_optimized_853/HI
 tt_um_aes128_optimized_854/HI
 tt_um_aes128_optimized_855/HI
 tt_um_aes128_optimized_856/HI
 tt_um_aes128_optimized_857/HI
 tt_um_aes128_optimized_858/LO
 tt_um_aes128_optimized_859/LO
 tt_um_aes128_optimized_860/LO
Found 0 partially unannotated drivers.

===========================================================================
max slew violation count 498
max fanout violation count 88
max cap violation count 2
============================================================================

===========================================================================
check_setup -verbose -unconstrained_endpoints -multiple_clock -no_clock -no_input_delay -loops -generated_clocks
===========================================================================
