Clock: clk
Sources: clk 
Generated: no
Virtual: yes
Propagated: no
Period: 20.000000

===========================================================================
report_clock_properties
============================================================================
Clock                   Period          Waveform
----------------------------------------------------
clk                  20.000000    0.000000 10.000000

===========================================================================
report_clock_latency
============================================================================
Clock clk
rise -> rise
    min     max
0.000000 0.000000 source latency
0.918483         network latency _6995_/CLK
        0.976640 network latency _6826_/CLK
---------------
0.918483 0.976640 latency
        0.058157 skew

fall -> fall
    min     max
0.000000 0.000000 source latency
0.818772         network latency _6995_/CLK
        0.866098 network latency _6826_/CLK
---------------
0.818772 0.866098 latency
        0.047327 skew



===========================================================================
report_clock_min_period
============================================================================
clk period_min = 12.37 fmax = 80.83
