Clock: clk
Sources: clk 
Generated: no
Virtual: no
Propagated: no
Period: 100.000000

===========================================================================
report_clock_properties
============================================================================
Clock                   Period          Waveform
----------------------------------------------------
clk                 100.000000    0.000000 50.000000

===========================================================================
report_clock_latency
============================================================================
Clock clk
rise -> rise
    min     max
0.000000 0.000000 source latency
5.764430         network latency _6087_/CLK
        5.764430 network latency _6087_/CLK
---------------
5.764430 5.764430 latency
        0.000000 skew

fall -> fall
    min     max
0.000000 0.000000 source latency
2.822489         network latency _6087_/CLK
        2.822489 network latency _6087_/CLK
---------------
2.822489 2.822489 latency
        0.000000 skew



===========================================================================
report_clock_min_period
============================================================================
clk period_min = 8.47 fmax = 118.01
