Clock: clk
Sources: clk 
Generated: no
Virtual: yes
Propagated: no
Period: 20.000000

===========================================================================
report_clock_properties
============================================================================
Clock                   Period          Waveform
----------------------------------------------------
clk                  20.000000    0.000000 10.000000

===========================================================================
report_clock_latency
============================================================================
Clock clk
rise -> rise
    min     max
0.000000 0.000000 source latency
1.594347         network latency _6995_/CLK
        1.676737 network latency _6826_/CLK
---------------
1.594347 1.676737 latency
        0.082391 skew

fall -> fall
    min     max
0.000000 0.000000 source latency
1.457274         network latency _6995_/CLK
        1.520562 network latency _6826_/CLK
---------------
1.457274 1.520562 latency
        0.063288 skew



===========================================================================
report_clock_min_period
============================================================================
clk period_min = 23.60 fmax = 42.37
