Clock: clk
Sources: clk 
Generated: no
Virtual: yes
Propagated: no
Period: 100.000000

===========================================================================
report_clock_properties
============================================================================
Clock                   Period          Waveform
----------------------------------------------------
clk                 100.000000    0.000000 50.000000

===========================================================================
report_clock_latency
============================================================================
Clock clk
rise -> rise
    min     max
0.000000 0.000000 source latency
6.223281         network latency _18958_/CLK
        6.618154 network latency _18908_/CLK
---------------
6.223281 6.618154 latency
        0.394873 skew

fall -> fall
    min     max
0.000000 0.000000 source latency
2.976151         network latency _18958_/CLK
        3.344202 network latency _18908_/CLK
---------------
2.976151 3.344202 latency
        0.368050 skew



===========================================================================
report_clock_min_period
============================================================================
clk period_min = 9.72 fmax = 102.91
