┏━━━━━━━┳━━━━━━━━━┳━━━━━━━━━━┳━━━━━━━━━━━━━━━━━━━━━━━━━━━━━━━━━━━━━━━━━┳━━━━━━━━━━━━━┳━━━━━━━┓
┃ P / R ┃ Partial ┃ Required ┃ Net                                     ┃ Pin         ┃ Layer ┃
┡━━━━━━━╇━━━━━━━━━╇━━━━━━━━━━╇━━━━━━━━━━━━━━━━━━━━━━━━━━━━━━━━━━━━━━━━━╇━━━━━━━━━━━━━╇━━━━━━━┩
│ 5.08  │ 2032.23 │ 400.00   │ net121                                  │ fanout113/A │ met3  │
│ 4.84  │ 1936.48 │ 400.00   │ _2997_                                  │ _5780_/S    │ met3  │
│ 3.77  │ 1508.73 │ 400.00   │ net848                                  │ fanout790/A │ met3  │
│ 3.42  │ 1368.56 │ 400.00   │ _1769_                                  │ fanout278/A │ met3  │
│ 3.40  │ 1358.27 │ 400.00   │ net9                                    │ fanout600/A │ met3  │
│ 2.86  │ 1145.58 │ 400.00   │ net367                                  │ fanout363/A │ met3  │
│ 2.62  │ 1048.60 │ 400.00   │ _1548_                                  │ wire152/A   │ met3  │
│ 2.14  │ 856.53  │ 400.00   │ net3                                    │ wire632/A   │ met3  │
│ 1.87  │ 749.33  │ 400.00   │ net83                                   │ _5911_/S    │ met3  │
│ 1.87  │ 749.33  │ 400.00   │ net83                                   │ _5912_/S    │ met3  │
│ 1.80  │ 718.39  │ 400.00   │ net440                                  │ _5116_/B1   │ met3  │
│ 1.80  │ 718.39  │ 400.00   │ net440                                  │ fanout438/A │ met3  │
│ 1.76  │ 705.24  │ 400.00   │ u_aes128_optimized.u_aes_core.state[2\] │ fanout543/A │ met3  │
│ 1.76  │ 705.24  │ 400.00   │ u_aes128_optimized.u_aes_core.state[2\] │ fanout547/A │ met3  │
│ 1.63  │ 651.41  │ 400.00   │ net494                                  │ _5605_/A1   │ met3  │
│ 1.63  │ 651.41  │ 400.00   │ net494                                  │ _5609_/A1   │ met3  │
│ 1.62  │ 649.04  │ 400.00   │ net313                                  │ _3127_/C1   │ met3  │
│ 1.62  │ 649.04  │ 400.00   │ net313                                  │ _3137_/C1   │ met3  │
│ 1.62  │ 649.04  │ 400.00   │ net313                                  │ _3144_/C1   │ met3  │
│ 1.62  │ 649.04  │ 400.00   │ net313                                  │ _3150_/C1   │ met3  │
│ 1.52  │ 608.99  │ 400.00   │ net331                                  │ _5560_/B2   │ met3  │
│ 1.52  │ 608.99  │ 400.00   │ net331                                  │ fanout329/A │ met3  │
│ 1.49  │ 594.31  │ 400.00   │ _1726_                                  │ _4169_/A1   │ met3  │
│ 1.49  │ 594.31  │ 400.00   │ _1726_                                  │ _5591_/A3   │ met3  │
│ 1.48  │ 593.36  │ 400.00   │ _1047_                                  │ _4088_/B1   │ met3  │
│ 1.46  │ 585.69  │ 400.00   │ _1311_                                  │ _4723_/C    │ met1  │
│ 1.40  │ 559.43  │ 400.00   │ net98                                   │ _5837_/S    │ met3  │
│ 1.40  │ 559.43  │ 400.00   │ net98                                   │ _5838_/S    │ met3  │
│ 1.40  │ 559.43  │ 400.00   │ net98                                   │ _5840_/S    │ met3  │
│ 1.38  │ 552.78  │ 400.00   │ net631                                  │ _5696_/A1   │ met1  │
│ 1.36  │ 544.42  │ 400.00   │ net164                                  │ _5598_/B1   │ met3  │
│ 1.34  │ 537.58  │ 400.00   │ output_index[2\]                        │ _3192_/A1   │ met3  │
│ 1.34  │ 537.58  │ 400.00   │ output_index[2\]                        │ _3219_/A1   │ met3  │
│ 1.33  │ 530.42  │ 400.00   │ _3021_                                  │ _5878_/B1   │ met1  │
│ 1.31  │ 525.90  │ 400.00   │ u_aes128_optimized.u_aes_core.state[2\] │ fanout547/A │ met2  │
│ 1.30  │ 520.96  │ 400.00   │ _0003_                                  │ fanout198/A │ met3  │
│ 1.30  │ 520.96  │ 400.00   │ _0003_                                  │ fanout203/A │ met3  │
│ 1.29  │ 517.59  │ 400.00   │ net164                                  │ _5594_/B1   │ met3  │
│ 1.29  │ 517.59  │ 400.00   │ net164                                  │ _5601_/B1   │ met3  │
│ 1.28  │ 510.94  │ 400.00   │ net608                                  │ _5797_/C    │ met1  │
│ 1.27  │ 508.37  │ 400.00   │ _3012_                                  │ _5808_/S    │ met3  │
│ 1.27  │ 508.37  │ 400.00   │ _3012_                                  │ _5810_/S    │ met3  │
│ 1.27  │ 508.37  │ 400.00   │ _3012_                                  │ _5811_/S    │ met3  │
│ 1.27  │ 508.37  │ 400.00   │ _3012_                                  │ _5813_/S    │ met3  │
│ 1.25  │ 499.81  │ 400.00   │ net563                                  │ wire564/A   │ met3  │
│ 1.22  │ 486.12  │ 400.00   │ net82                                   │ _5920_/S    │ met1  │
│ 1.19  │ 477.11  │ 400.00   │ net47                                   │ fanout40/A  │ met3  │
│ 1.18  │ 471.96  │ 400.00   │ _2920_                                  │ fanout248/A │ met3  │
│ 1.18  │ 471.77  │ 400.00   │ net5                                    │ fanout618/A │ met3  │
│ 1.17  │ 467.21  │ 400.00   │ net443                                  │ _5091_/A    │ met3  │
│ 1.17  │ 467.21  │ 400.00   │ net443                                  │ _5092_/B1   │ met3  │
│ 1.17  │ 467.21  │ 400.00   │ net443                                  │ _5115_/A    │ met3  │
│ 1.17  │ 467.21  │ 400.00   │ net443                                  │ fanout440/A │ met3  │
│ 1.11  │ 444.05  │ 400.00   │ net169                                  │ _4716_/A1_N │ met3  │
│ 1.11  │ 444.05  │ 400.00   │ net169                                  │ _4738_/A    │ met3  │
│ 1.11  │ 443.25  │ 400.00   │ _1052_                                  │ fanout317/A │ met3  │
│ 1.11  │ 443.25  │ 400.00   │ _1052_                                  │ fanout319/A │ met3  │
│ 1.10  │ 440.85  │ 400.00   │ _1065_                                  │ _3123_/A    │ met3  │
│ 1.10  │ 440.85  │ 400.00   │ _1065_                                  │ _3138_/A1   │ met3  │
│ 1.10  │ 440.85  │ 400.00   │ _1065_                                  │ _3145_/A    │ met3  │
│ 1.10  │ 440.85  │ 400.00   │ _1065_                                  │ _3167_/A1   │ met3  │
│ 1.10  │ 440.85  │ 400.00   │ _1065_                                  │ _3181_/A1   │ met3  │
│ 1.10  │ 440.85  │ 400.00   │ _1065_                                  │ _3195_/A1   │ met3  │
│ 1.10  │ 440.85  │ 400.00   │ _1065_                                  │ _3202_/A    │ met3  │
│ 1.10  │ 440.85  │ 400.00   │ _1065_                                  │ _3224_/A1   │ met3  │
│ 1.06  │ 422.59  │ 400.00   │ net138                                  │ fanout136/A │ met1  │
│ 1.04  │ 415.65  │ 400.00   │ net570                                  │ fanout568/A │ met1  │
│ 1.04  │ 415.24  │ 400.00   │ u_aes128_optimized.u_aes_core.state[4\] │ fanout514/A │ met1  │
│ 1.04  │ 414.82  │ 400.00   │ net129                                  │ fanout124/A │ met2  │
│ 1.02  │ 406.40  │ 400.00   │ net86                                   │ _5742_/S    │ met3  │
│ 1.02  │ 406.40  │ 400.00   │ net86                                   │ _5743_/S    │ met3  │
│ 1.02  │ 406.40  │ 400.00   │ net86                                   │ _5745_/S    │ met3  │
│ 1.02  │ 406.40  │ 400.00   │ net86                                   │ _5746_/S    │ met3  │
│ 1.01  │ 405.71  │ 400.00   │ _2436_                                  │ _4776_/B1   │ met1  │
│ 1.00  │ 400.86  │ 400.00   │ net848                                  │ fanout803/A │ met3  │
│ 1.00  │ 400.86  │ 400.00   │ net848                                  │ fanout817/A │ met3  │
│ 1.00  │ 400.86  │ 400.00   │ net848                                  │ fanout847/A │ met3  │
└───────┴─────────┴──────────┴─────────────────────────────────────────┴─────────────┴───────┘
