┏━━━━━━━━━━━━━━━━━━━━━━┳━━━━━━━━━━┳━━━━━━━━━━┳━━━━━━━━━━┳━━━━━━━━━━┳━━━━━━━━━━━┳━━━━━━━━━━┳━━━━━━━━━━━┳━━━━━━━━━━┳━━━━━━━━━━━┳━━━━━━━━━━┳━━━━━━━━━━━┳━━━━━━━━━━┓
┃                      ┃ Hold     ┃ Reg to   ┃          ┃          ┃ of which  ┃ Setup    ┃           ┃          ┃           ┃ of which ┃           ┃          ┃
┃                      ┃ Worst    ┃ Reg      ┃          ┃ Hold Vio ┃ reg to    ┃ Worst    ┃ Reg to    ┃ Setup    ┃ Setup Vio ┃ reg to   ┃ Max Cap   ┃ Max Slew ┃
┃ Corner/Group         ┃ Slack    ┃ Paths    ┃ Hold TNS ┃ Count    ┃ reg       ┃ Slack    ┃ Reg Paths ┃ TNS      ┃ Count     ┃ reg      ┃ Violatio… ┃ Violati… ┃
┡━━━━━━━━━━━━━━━━━━━━━━╇━━━━━━━━━━╇━━━━━━━━━━╇━━━━━━━━━━╇━━━━━━━━━━╇━━━━━━━━━━━╇━━━━━━━━━━╇━━━━━━━━━━━╇━━━━━━━━━━╇━━━━━━━━━━━╇━━━━━━━━━━╇━━━━━━━━━━━╇━━━━━━━━━━┩
│ Overall              │ 0.1064   │ 0.1064   │ 0.0000   │ 0        │ 0         │ 64.6719  │ 73.8850   │ 0.0000   │ 0         │ 0        │ 23        │ 2332     │
│ nom_tt_025C_1v80     │ 0.3261   │ 0.3261   │ 0.0000   │ 0        │ 0         │ 71.9851  │ 86.9670   │ 0.0000   │ 0         │ 0        │ 1         │ 423      │
│ nom_ss_100C_1v60     │ 0.9180   │ 0.9180   │ 0.0000   │ 0        │ 0         │ 65.1856  │ 74.4928   │ 0.0000   │ 0         │ 0        │ 18        │ 2077     │
│ nom_ff_n40C_1v95     │ 0.1071   │ 0.1071   │ 0.0000   │ 0        │ 0         │ 74.6860  │ 91.8329   │ 0.0000   │ 0         │ 0        │ 0         │ 177      │
│ min_tt_025C_1v80     │ 0.3240   │ 0.3240   │ 0.0000   │ 0        │ 0         │ 72.3048  │ 87.3503   │ 0.0000   │ 0         │ 0        │ 0         │ 299      │
│ min_ss_100C_1v60     │ 0.9131   │ 0.9131   │ 0.0000   │ 0        │ 0         │ 65.7620  │ 75.1041   │ 0.0000   │ 0         │ 0        │ 15        │ 1688     │
│ min_ff_n40C_1v95     │ 0.1064   │ 0.1064   │ 0.0000   │ 0        │ 0         │ 74.9301  │ 92.0915   │ 0.0000   │ 0         │ 0        │ 0         │ 110      │
│ max_tt_025C_1v80     │ 0.3284   │ 0.3284   │ 0.0000   │ 0        │ 0         │ 71.6978  │ 86.6329   │ 0.0000   │ 0         │ 0        │ 1         │ 532      │
│ max_ss_100C_1v60     │ 0.9229   │ 0.9229   │ 0.0000   │ 0        │ 0         │ 64.6719  │ 73.8850   │ 0.0000   │ 0         │ 0        │ 23        │ 2332     │
│ max_ff_n40C_1v95     │ 0.1072   │ 0.1072   │ 0.0000   │ 0        │ 0         │ 74.4750  │ 91.6041   │ 0.0000   │ 0         │ 0        │ 0         │ 201      │
└──────────────────────┴──────────┴──────────┴──────────┴──────────┴───────────┴──────────┴───────────┴──────────┴───────────┴──────────┴───────────┴──────────┘
