Clock: clk
Sources: clk 
Generated: no
Virtual: yes
Propagated: no
Period: 100.000000

===========================================================================
report_clock_properties
============================================================================
Clock                   Period          Waveform
----------------------------------------------------
clk                 100.000000    0.000000 50.000000

===========================================================================
report_clock_latency
============================================================================
Clock clk
rise -> rise
    min     max
0.000000 0.000000 source latency
7.868492         network latency _6712_/CLK
        7.993666 network latency _6418_/CLK
---------------
7.868492 7.993666 latency
        0.125174 skew

fall -> fall
    min     max
0.000000 0.000000 source latency
3.917830         network latency _6712_/CLK
        4.035432 network latency _6418_/CLK
---------------
3.917830 4.035432 latency
        0.117602 skew



===========================================================================
report_clock_min_period
============================================================================
clk period_min = 10.43 fmax = 95.92
