                                                                        Cells by Master                                                                         
┏━━━━━━━━━━━━━━━━━━━━━━━━━━━━━━━━━━━━━━━━━━━━━━━━━━━━━━━━━━━━━━━━━━━━━━━━━━━━━━━━━━━━━━━━━━━━━━━━━━━━━━━━━━━━━━━━━━━━━━━━━━━━━━━━━━━┳━━━━━━━━━━━━━━━━━━━━━━━━━━┓
┃ Cell                                                                                                                              ┃ Count                    ┃
┡━━━━━━━━━━━━━━━━━━━━━━━━━━━━━━━━━━━━━━━━━━━━━━━━━━━━━━━━━━━━━━━━━━━━━━━━━━━━━━━━━━━━━━━━━━━━━━━━━━━━━━━━━━━━━━━━━━━━━━━━━━━━━━━━━━━╇━━━━━━━━━━━━━━━━━━━━━━━━━━┩
│ sky130_fd_sc_hd__a2111o_2                                                                                                         │ 22                       │
│ sky130_fd_sc_hd__a2111oi_1                                                                                                        │ 1                        │
│ sky130_fd_sc_hd__a2111oi_2                                                                                                        │ 1                        │
│ sky130_fd_sc_hd__a211o_2                                                                                                          │ 269                      │
│ sky130_fd_sc_hd__a211oi_2                                                                                                         │ 55                       │
│ sky130_fd_sc_hd__a21bo_2                                                                                                          │ 80                       │
│ sky130_fd_sc_hd__a21boi_2                                                                                                         │ 11                       │
│ sky130_fd_sc_hd__a21o_2                                                                                                           │ 395                      │
│ sky130_fd_sc_hd__a21oi_2                                                                                                          │ 400                      │
│ sky130_fd_sc_hd__a21oi_4                                                                                                          │ 3                        │
│ sky130_fd_sc_hd__a221o_2                                                                                                          │ 269                      │
│ sky130_fd_sc_hd__a221oi_2                                                                                                         │ 16                       │
│ sky130_fd_sc_hd__a22o_2                                                                                                           │ 440                      │
│ sky130_fd_sc_hd__a22oi_2                                                                                                          │ 7                        │
│ sky130_fd_sc_hd__a2bb2o_2                                                                                                         │ 181                      │
│ sky130_fd_sc_hd__a311o_2                                                                                                          │ 163                      │
│ sky130_fd_sc_hd__a311oi_2                                                                                                         │ 17                       │
│ sky130_fd_sc_hd__a31o_2                                                                                                           │ 427                      │
│ sky130_fd_sc_hd__a31oi_2                                                                                                          │ 42                       │
│ sky130_fd_sc_hd__a31oi_4                                                                                                          │ 2                        │
│ sky130_fd_sc_hd__a32o_2                                                                                                           │ 114                      │
│ sky130_fd_sc_hd__a32oi_2                                                                                                          │ 2                        │
│ sky130_fd_sc_hd__a32oi_4                                                                                                          │ 3                        │
│ sky130_fd_sc_hd__a41o_2                                                                                                           │ 39                       │
│ sky130_fd_sc_hd__and2_2                                                                                                           │ 137                      │
│ sky130_fd_sc_hd__and2b_2                                                                                                          │ 172                      │
│ sky130_fd_sc_hd__and3_2                                                                                                           │ 209                      │
│ sky130_fd_sc_hd__and3b_2                                                                                                          │ 64                       │
│ sky130_fd_sc_hd__and4_2                                                                                                           │ 38                       │
│ sky130_fd_sc_hd__and4b_2                                                                                                          │ 14                       │
│ sky130_fd_sc_hd__and4bb_2                                                                                                         │ 2                        │
│ sky130_fd_sc_hd__buf_1                                                                                                            │ 2                        │
│ sky130_fd_sc_hd__buf_2                                                                                                            │ 127                      │
│ sky130_fd_sc_hd__buf_4                                                                                                            │ 127                      │
│ sky130_fd_sc_hd__buf_6                                                                                                            │ 15                       │
│ sky130_fd_sc_hd__buf_8                                                                                                            │ 7                        │
│ sky130_fd_sc_hd__bufinv_16                                                                                                        │ 1                        │
│ sky130_fd_sc_hd__clkbuf_1                                                                                                         │ 1                        │
│ sky130_fd_sc_hd__clkbuf_16                                                                                                        │ 1                        │
│ sky130_fd_sc_hd__clkbuf_2                                                                                                         │ 109                      │
│ sky130_fd_sc_hd__clkbuf_4                                                                                                         │ 157                      │
│ sky130_fd_sc_hd__clkbuf_8                                                                                                         │ 96                       │
│ sky130_fd_sc_hd__clkdlybuf4s25_1                                                                                                  │ 1547                     │
│ sky130_fd_sc_hd__clkinv_2                                                                                                         │ 3                        │
│ sky130_fd_sc_hd__clkinv_4                                                                                                         │ 1                        │
│ sky130_fd_sc_hd__conb_1                                                                                                           │ 13                       │
│ sky130_fd_sc_hd__decap_3                                                                                                          │ 38902                    │
│ sky130_fd_sc_hd__dfrtp_2                                                                                                          │ 798                      │
│ sky130_fd_sc_hd__diode_2                                                                                                          │ 347                      │
│ sky130_fd_sc_hd__dlygate4sd3_1                                                                                                    │ 249                      │
│ sky130_fd_sc_hd__fill_1                                                                                                           │ 4047                     │
│ sky130_fd_sc_hd__fill_2                                                                                                           │ 3114                     │
│ sky130_fd_sc_hd__inv_2                                                                                                            │ 161                      │
│ sky130_fd_sc_hd__inv_6                                                                                                            │ 4                        │
│ sky130_fd_sc_hd__mux2_1                                                                                                           │ 495                      │
│ sky130_fd_sc_hd__mux2_2                                                                                                           │ 2                        │
│ sky130_fd_sc_hd__mux4_2                                                                                                           │ 57                       │
│ sky130_fd_sc_hd__nand2_2                                                                                                          │ 658                      │
│ sky130_fd_sc_hd__nand2b_2                                                                                                         │ 161                      │
│ sky130_fd_sc_hd__nand3_2                                                                                                          │ 35                       │
│ sky130_fd_sc_hd__nand3b_2                                                                                                         │ 30                       │
│ sky130_fd_sc_hd__nand4_2                                                                                                          │ 2                        │
│ sky130_fd_sc_hd__nor2_1                                                                                                           │ 1                        │
│ sky130_fd_sc_hd__nor2_2                                                                                                           │ 616                      │
│ sky130_fd_sc_hd__nor3_2                                                                                                           │ 33                       │
│ sky130_fd_sc_hd__nor3b_2                                                                                                          │ 30                       │
│ sky130_fd_sc_hd__nor3b_4                                                                                                          │ 7                        │
│ sky130_fd_sc_hd__nor4_1                                                                                                           │ 1                        │
│ sky130_fd_sc_hd__nor4_2                                                                                                           │ 1                        │
│ sky130_fd_sc_hd__nor4_4                                                                                                           │ 1                        │
│ sky130_fd_sc_hd__nor4b_2                                                                                                          │ 1                        │
│ sky130_fd_sc_hd__o2111a_2                                                                                                         │ 22                       │
│ sky130_fd_sc_hd__o2111ai_2                                                                                                        │ 7                        │
│ sky130_fd_sc_hd__o211a_2                                                                                                          │ 254                      │
│ sky130_fd_sc_hd__o211ai_2                                                                                                         │ 53                       │
│ sky130_fd_sc_hd__o21a_2                                                                                                           │ 228                      │
│ sky130_fd_sc_hd__o21ai_2                                                                                                          │ 240                      │
│ sky130_fd_sc_hd__o21ba_2                                                                                                          │ 65                       │
│ sky130_fd_sc_hd__o21bai_2                                                                                                         │ 20                       │
│ sky130_fd_sc_hd__o221a_2                                                                                                          │ 207                      │
│ sky130_fd_sc_hd__o221ai_2                                                                                                         │ 22                       │
│ sky130_fd_sc_hd__o22a_2                                                                                                           │ 107                      │
│ sky130_fd_sc_hd__o22ai_2                                                                                                          │ 2                        │
│ sky130_fd_sc_hd__o22ai_4                                                                                                          │ 1                        │
│ sky130_fd_sc_hd__o2bb2a_2                                                                                                         │ 57                       │
│ sky130_fd_sc_hd__o311a_2                                                                                                          │ 185                      │
│ sky130_fd_sc_hd__o311ai_2                                                                                                         │ 5                        │
│ sky130_fd_sc_hd__o31a_2                                                                                                           │ 172                      │
│ sky130_fd_sc_hd__o31ai_2                                                                                                          │ 49                       │
│ sky130_fd_sc_hd__o31ai_4                                                                                                          │ 1                        │
│ sky130_fd_sc_hd__o32a_2                                                                                                           │ 146                      │
│ sky130_fd_sc_hd__o32ai_4                                                                                                          │ 1                        │
│ sky130_fd_sc_hd__o41a_2                                                                                                           │ 22                       │
│ sky130_fd_sc_hd__or2_2                                                                                                            │ 233                      │
│ sky130_fd_sc_hd__or3_2                                                                                                            │ 262                      │
│ sky130_fd_sc_hd__or3b_2                                                                                                           │ 136                      │
│ sky130_fd_sc_hd__or4_2                                                                                                            │ 84                       │
│ sky130_fd_sc_hd__or4b_2                                                                                                           │ 22                       │
│ sky130_fd_sc_hd__or4bb_2                                                                                                          │ 2                        │
│ sky130_fd_sc_hd__tapvpwrvgnd_1                                                                                                    │ 4399                     │
│ sky130_fd_sc_hd__xnor2_2                                                                                                          │ 493                      │
│ sky130_fd_sc_hd__xnor2_4                                                                                                          │ 19                       │
│ sky130_fd_sc_hd__xor2_2                                                                                                           │ 356                      │
│ sky130_fd_sc_hd__xor2_4                                                                                                           │ 12                       │
└───────────────────────────────────────────────────────────────────────────────────────────────────────────────────────────────────┴──────────────────────────┘
