
===========================================================================
report_checks -unconstrained
===========================================================================
======================= nom_tt_025C_1v80 Corner ===================================

Startpoint: rst_n (input port clocked by clk)
Endpoint: _6430_ (recovery check against rising-edge clock clk)
Path Group: asynchronous
Path Type: max

Fanout         Cap        Slew       Delay        Time   Description
---------------------------------------------------------------------------------------------
                                  0.000000    0.000000   clock clk (rise edge)
                                  0.000000    0.000000   clock network delay (propagated)
                                  4.000000    4.000000 ^ input external delay
     1    0.003465    0.022612    0.012622    4.012622 ^ rst_n (in)
                                                         rst_n (net)
                      0.022612    0.000000    4.012622 ^ input1/A (sky130_fd_sc_hd__clkdlybuf4s25_1)
     1    0.003426    0.051393    0.239626    4.252247 ^ input1/X (sky130_fd_sc_hd__clkdlybuf4s25_1)
                                                         net1 (net)
                      0.051393    0.000013    4.252261 ^ fanout848/A (sky130_fd_sc_hd__clkdlybuf4s25_1)
     8    0.074113    0.735834    0.733502    4.985763 ^ fanout848/X (sky130_fd_sc_hd__clkdlybuf4s25_1)
                                                         net848 (net)
                      0.735834    0.000393    4.986155 ^ fanout740/A (sky130_fd_sc_hd__clkdlybuf4s25_1)
     5    0.034005    0.343447    0.580618    5.566773 ^ fanout740/X (sky130_fd_sc_hd__clkdlybuf4s25_1)
                                                         net740 (net)
                      0.343447    0.000891    5.567664 ^ fanout713/A (sky130_fd_sc_hd__clkdlybuf4s25_1)
     7    0.035973    0.362708    0.544826    6.112490 ^ fanout713/X (sky130_fd_sc_hd__clkdlybuf4s25_1)
                                                         net713 (net)
                      0.362708    0.000004    6.112494 ^ fanout704/A (sky130_fd_sc_hd__clkdlybuf4s25_1)
     5    0.019747    0.204954    0.436736    6.549231 ^ fanout704/X (sky130_fd_sc_hd__clkdlybuf4s25_1)
                                                         net704 (net)
                      0.204954    0.000208    6.549439 ^ fanout703/A (sky130_fd_sc_hd__clkdlybuf4s25_1)
     8    0.036176    0.364956    0.519110    7.068549 ^ fanout703/X (sky130_fd_sc_hd__clkdlybuf4s25_1)
                                                         net703 (net)
                      0.364956    0.000139    7.068687 ^ fanout701/A (sky130_fd_sc_hd__clkdlybuf4s25_1)
     2    0.006776    0.083209    0.347836    7.416523 ^ fanout701/X (sky130_fd_sc_hd__clkdlybuf4s25_1)
                                                         net701 (net)
                      0.083209    0.000012    7.416535 ^ load_slew702/A (sky130_fd_sc_hd__clkbuf_4)
     9    0.038945    0.125503    0.208698    7.625233 ^ load_slew702/X (sky130_fd_sc_hd__clkbuf_4)
                                                         net702 (net)
                      0.125503    0.000548    7.625781 ^ fanout699/A (sky130_fd_sc_hd__clkdlybuf4s25_1)
     2    0.007052    0.085915    0.300569    7.926351 ^ fanout699/X (sky130_fd_sc_hd__clkdlybuf4s25_1)
                                                         net699 (net)
                      0.085915    0.000004    7.926354 ^ load_slew700/A (sky130_fd_sc_hd__buf_4)
     9    0.039063    0.114953    0.180183    8.106537 ^ load_slew700/X (sky130_fd_sc_hd__buf_4)
                                                         net700 (net)
                      0.114953    0.000242    8.106779 ^ _6430_/RESET_B (sky130_fd_sc_hd__dfrtp_2)
                                              8.106779   data arrival time

                                 20.000000   20.000000   clock clk (rise edge)
                                  0.000000   20.000000   clock source latency
     1    0.028716    0.134687    0.093769   20.093769 ^ clk (in)
                                                         clk (net)
                      0.134730    0.000000   20.093769 ^ clkbuf_0_clk/A (sky130_fd_sc_hd__clkbuf_16)
     8    0.084616    0.101191    0.206589   20.300358 ^ clkbuf_0_clk/X (sky130_fd_sc_hd__clkbuf_16)
                                                         clknet_0_clk (net)
                      0.101229    0.001862   20.302219 ^ clkbuf_3_1_0_clk/A (sky130_fd_sc_hd__clkbuf_8)
     2    0.020710    0.052281    0.153813   20.456032 ^ clkbuf_3_1_0_clk/X (sky130_fd_sc_hd__clkbuf_8)
                                                         clknet_3_1_0_clk (net)
                      0.052282    0.000355   20.456387 ^ clkbuf_4_2__f_clk/A (sky130_fd_sc_hd__clkbuf_16)
     6    0.044174    0.063525    0.147727   20.604115 ^ clkbuf_4_2__f_clk/X (sky130_fd_sc_hd__clkbuf_16)
                                                         clknet_4_2__leaf_clk (net)
                      0.063525    0.000338   20.604452 ^ clkbuf_leaf_82_clk/A (sky130_fd_sc_hd__clkbuf_8)
    12    0.028993    0.064720    0.150242   20.754694 ^ clkbuf_leaf_82_clk/X (sky130_fd_sc_hd__clkbuf_8)
                                                         clknet_leaf_82_clk (net)
                      0.064720    0.000016   20.754711 ^ _6430_/CLK (sky130_fd_sc_hd__dfrtp_2)
                                 -0.250000   20.504711   clock uncertainty
                                  0.000000   20.504711   clock reconvergence pessimism
                                  0.204433   20.709145   library recovery time
                                             20.709145   data required time
---------------------------------------------------------------------------------------------
                                             20.709145   data required time
                                             -8.106779   data arrival time
---------------------------------------------------------------------------------------------
                                             12.602365   slack (MET)


Startpoint: _6604_ (rising edge-triggered flip-flop clocked by clk)
Endpoint: _6282_ (rising edge-triggered flip-flop clocked by clk)
Path Group: clk
Path Type: max

Fanout         Cap        Slew       Delay        Time   Description
---------------------------------------------------------------------------------------------
                                  0.000000    0.000000   clock clk (rise edge)
                                  0.000000    0.000000   clock source latency
     1    0.028716    0.134687    0.093768    0.093768 ^ clk (in)
                                                         clk (net)
                      0.134730    0.000000    0.093768 ^ clkbuf_0_clk/A (sky130_fd_sc_hd__clkbuf_16)
     8    0.084616    0.101191    0.206589    0.300357 ^ clkbuf_0_clk/X (sky130_fd_sc_hd__clkbuf_16)
                                                         clknet_0_clk (net)
                      0.101233    0.001954    0.302311 ^ clkbuf_3_3_0_clk/A (sky130_fd_sc_hd__clkbuf_8)
     2    0.020989    0.052596    0.154251    0.456562 ^ clkbuf_3_3_0_clk/X (sky130_fd_sc_hd__clkbuf_8)
                                                         clknet_3_3_0_clk (net)
                      0.052596    0.000245    0.456806 ^ clkbuf_4_6__f_clk/A (sky130_fd_sc_hd__clkbuf_16)
     6    0.039490    0.059345    0.144380    0.601186 ^ clkbuf_4_6__f_clk/X (sky130_fd_sc_hd__clkbuf_16)
                                                         clknet_4_6__leaf_clk (net)
                      0.059345    0.000185    0.601370 ^ clkbuf_leaf_32_clk/A (sky130_fd_sc_hd__clkbuf_8)
    10    0.026125    0.060313    0.145189    0.746560 ^ clkbuf_leaf_32_clk/X (sky130_fd_sc_hd__clkbuf_8)
                                                         clknet_leaf_32_clk (net)
                      0.060313    0.000081    0.746641 ^ _6604_/CLK (sky130_fd_sc_hd__dfrtp_2)
     2    0.016590    0.095945    0.394381    1.141022 ^ _6604_/Q (sky130_fd_sc_hd__dfrtp_2)
                                                         u_aes128_optimized.u_aes_core.byte_count[0] (net)
                      0.095945    0.000418    1.141440 ^ fanout597/A (sky130_fd_sc_hd__clkdlybuf4s25_1)
     4    0.020012    0.207665    0.379600    1.521040 ^ fanout597/X (sky130_fd_sc_hd__clkdlybuf4s25_1)
                                                         net597 (net)
                      0.207665    0.000059    1.521099 ^ load_slew598/A (sky130_fd_sc_hd__buf_2)
     5    0.025794    0.131450    0.221935    1.743034 ^ load_slew598/X (sky130_fd_sc_hd__buf_2)
                                                         net598 (net)
                      0.131450    0.000342    1.743375 ^ fanout593/A (sky130_fd_sc_hd__clkdlybuf4s25_1)
     4    0.015344    0.162575    0.359078    2.102453 ^ fanout593/X (sky130_fd_sc_hd__clkdlybuf4s25_1)
                                                         net593 (net)
                      0.162575    0.000136    2.102589 ^ wire594/A (sky130_fd_sc_hd__clkbuf_4)
     7    0.037909    0.122939    0.234988    2.337577 ^ wire594/X (sky130_fd_sc_hd__clkbuf_4)
                                                         net594 (net)
                      0.122939    0.000378    2.337955 ^ _3491_/A_N (sky130_fd_sc_hd__and2b_2)
     4    0.016691    0.066611    0.268755    2.606710 v _3491_/X (sky130_fd_sc_hd__and2b_2)
                                                         _1308_ (net)
                      0.066611    0.000079    2.606789 v fanout370/A (sky130_fd_sc_hd__clkdlybuf4s25_1)
    10    0.066979    0.488258    0.594999    3.201788 v fanout370/X (sky130_fd_sc_hd__clkdlybuf4s25_1)
                                                         net370 (net)
                      0.488283    0.003785    3.205573 v fanout369/A (sky130_fd_sc_hd__clkdlybuf4s25_1)
     9    0.035742    0.265303    0.557052    3.762625 v fanout369/X (sky130_fd_sc_hd__clkdlybuf4s25_1)
                                                         net369 (net)
                      0.265303    0.000673    3.763297 v fanout368/A (sky130_fd_sc_hd__clkdlybuf4s25_1)
    10    0.029160    0.218719    0.470251    4.233548 v fanout368/X (sky130_fd_sc_hd__clkdlybuf4s25_1)
                                                         net368 (net)
                      0.218719    0.000147    4.233696 v _3540_/A2 (sky130_fd_sc_hd__a22o_2)
     1    0.004258    0.043729    0.325365    4.559060 v _3540_/X (sky130_fd_sc_hd__a22o_2)
                                                         _1357_ (net)
                      0.043729    0.000041    4.559101 v _3541_/C1 (sky130_fd_sc_hd__a221o_2)
     1    0.002403    0.051374    0.287098    4.846199 v _3541_/X (sky130_fd_sc_hd__a221o_2)
                                                         _1358_ (net)
                      0.051374    0.000006    4.846205 v _3548_/A0 (sky130_fd_sc_hd__mux4_2)
     1    0.002887    0.080832    0.445458    5.291663 v _3548_/X (sky130_fd_sc_hd__mux4_2)
                                                         _1365_ (net)
                      0.080832    0.000011    5.291674 v _3549_/B1 (sky130_fd_sc_hd__a32o_2)
     2    0.028038    0.097045    0.294459    5.586133 v _3549_/X (sky130_fd_sc_hd__a32o_2)
                                                         _1366_ (net)
                      0.097080    0.001799    5.587932 v _3582_/B1 (sky130_fd_sc_hd__a21o_2)
     4    0.014228    0.060466    0.236883    5.824815 v _3582_/X (sky130_fd_sc_hd__a21o_2)
                                                         _1399_ (net)
                      0.060466    0.000037    5.824852 v _3585_/A1 (sky130_fd_sc_hd__a21o_2)
     5    0.019344    0.071173    0.234842    6.059694 v _3585_/X (sky130_fd_sc_hd__a21o_2)
                                                         _1402_ (net)
                      0.071173    0.000123    6.059817 v _3587_/C (sky130_fd_sc_hd__and3_2)
     9    0.044746    0.125179    0.316602    6.376419 v _3587_/X (sky130_fd_sc_hd__and3_2)
                                                         _1404_ (net)
                      0.125179    0.000156    6.376575 v _3649_/A (sky130_fd_sc_hd__or3b_2)
     5    0.020410    0.129223    0.568182    6.944758 v _3649_/X (sky130_fd_sc_hd__or3b_2)
                                                         _1466_ (net)
                      0.129223    0.000224    6.944982 v _3652_/C (sky130_fd_sc_hd__and4_2)
     2    0.006862    0.051236    0.269166    7.214148 v _3652_/X (sky130_fd_sc_hd__and4_2)
                                                         _1469_ (net)
                      0.051236    0.000009    7.214157 v _3655_/B1 (sky130_fd_sc_hd__a211o_2)
     3    0.010499    0.068646    0.333385    7.547542 v _3655_/X (sky130_fd_sc_hd__a211o_2)
                                                         _1472_ (net)
                      0.068646    0.000115    7.547657 v _3657_/B (sky130_fd_sc_hd__and2_2)
     4    0.013198    0.059302    0.227032    7.774689 v _3657_/X (sky130_fd_sc_hd__and2_2)
                                                         _1474_ (net)
                      0.059302    0.000009    7.774698 v _3685_/A1 (sky130_fd_sc_hd__o221a_2)
     1    0.002434    0.042198    0.281069    8.055766 v _3685_/X (sky130_fd_sc_hd__o221a_2)
                                                         _1502_ (net)
                      0.042198    0.000004    8.055771 v _3686_/B1 (sky130_fd_sc_hd__a31o_2)
     3    0.015661    0.066312    0.248137    8.303907 v _3686_/X (sky130_fd_sc_hd__a31o_2)
                                                         _1503_ (net)
                      0.066312    0.000280    8.304187 v _3690_/A2 (sky130_fd_sc_hd__a21o_2)
     3    0.012431    0.056775    0.244757    8.548944 v _3690_/X (sky130_fd_sc_hd__a21o_2)
                                                         _1507_ (net)
                      0.056775    0.000070    8.549014 v _3756_/A2 (sky130_fd_sc_hd__a21o_2)
     3    0.010604    0.053310    0.235048    8.784062 v _3756_/X (sky130_fd_sc_hd__a21o_2)
                                                         _1572_ (net)
                      0.053310    0.000012    8.784074 v _3758_/A (sky130_fd_sc_hd__and2_2)
     2    0.007172    0.046323    0.181164    8.965239 v _3758_/X (sky130_fd_sc_hd__and2_2)
                                                         _1574_ (net)
                      0.046323    0.000039    8.965278 v _3760_/C (sky130_fd_sc_hd__and3_2)
     3    0.010617    0.057907    0.230457    9.195734 v _3760_/X (sky130_fd_sc_hd__and3_2)
                                                         _1576_ (net)
                      0.057907    0.000009    9.195744 v _3789_/B (sky130_fd_sc_hd__or3_2)
     4    0.019988    0.126862    0.527305    9.723048 v _3789_/X (sky130_fd_sc_hd__or3_2)
                                                         _1604_ (net)
                      0.126862    0.000532    9.723580 v _3794_/A (sky130_fd_sc_hd__and3_2)
     4    0.012038    0.059500    0.235247    9.958828 v _3794_/X (sky130_fd_sc_hd__and3_2)
                                                         _1609_ (net)
                      0.059500    0.000034    9.958861 v _3796_/A (sky130_fd_sc_hd__or2_2)
     5    0.033271    0.131600    0.393438   10.352300 v _3796_/X (sky130_fd_sc_hd__or2_2)
                                                         _1611_ (net)
                      0.131602    0.000693   10.352992 v fanout17/A (sky130_fd_sc_hd__clkdlybuf4s25_1)
    10    0.042837    0.314970    0.496404   10.849397 v fanout17/X (sky130_fd_sc_hd__clkdlybuf4s25_1)
                                                         net17 (net)
                      0.314970    0.000012   10.849408 v _4445_/A2 (sky130_fd_sc_hd__a32o_2)
     1    0.002719    0.040511    0.363244   11.212651 v _4445_/X (sky130_fd_sc_hd__a32o_2)
                                                         _2196_ (net)
                      0.040511    0.000008   11.212660 v _4448_/A2 (sky130_fd_sc_hd__o221a_2)
     2    0.014826    0.074227    0.301796   11.514456 v _4448_/X (sky130_fd_sc_hd__o221a_2)
                                                         _2199_ (net)
                      0.074227    0.000287   11.514742 v _4451_/B1 (sky130_fd_sc_hd__o22a_2)
     1    0.002183    0.034090    0.199583   11.714326 v _4451_/X (sky130_fd_sc_hd__o22a_2)
                                                         _0205_ (net)
                      0.034090    0.000004   11.714330 v _6282_/D (sky130_fd_sc_hd__dfrtp_2)
                                             11.714330   data arrival time

                                 20.000000   20.000000   clock clk (rise edge)
                                  0.000000   20.000000   clock source latency
     1    0.028716    0.134687    0.093769   20.093769 ^ clk (in)
                                                         clk (net)
                      0.134730    0.000000   20.093769 ^ clkbuf_0_clk/A (sky130_fd_sc_hd__clkbuf_16)
     8    0.084616    0.101191    0.206589   20.300358 ^ clkbuf_0_clk/X (sky130_fd_sc_hd__clkbuf_16)
                                                         clknet_0_clk (net)
                      0.101229    0.001862   20.302219 ^ clkbuf_3_5_0_clk/A (sky130_fd_sc_hd__clkbuf_8)
     2    0.021385    0.053215    0.154838   20.457058 ^ clkbuf_3_5_0_clk/X (sky130_fd_sc_hd__clkbuf_8)
                                                         clknet_3_5_0_clk (net)
                      0.053216    0.000282   20.457340 ^ clkbuf_4_10__f_clk/A (sky130_fd_sc_hd__clkbuf_16)
     6    0.039451    0.059319    0.144615   20.601955 ^ clkbuf_4_10__f_clk/X (sky130_fd_sc_hd__clkbuf_16)
                                                         clknet_4_10__leaf_clk (net)
                      0.059319    0.000119   20.602074 ^ clkbuf_leaf_63_clk/A (sky130_fd_sc_hd__clkbuf_8)
    13    0.031085    0.067939    0.151246   20.753319 ^ clkbuf_leaf_63_clk/X (sky130_fd_sc_hd__clkbuf_8)
                                                         clknet_leaf_63_clk (net)
                      0.067939    0.000096   20.753416 ^ _6282_/CLK (sky130_fd_sc_hd__dfrtp_2)
                                 -0.250000   20.503416   clock uncertainty
                                  0.000000   20.503416   clock reconvergence pessimism
                                 -0.105407   20.398008   library setup time
                                             20.398008   data required time
---------------------------------------------------------------------------------------------
                                             20.398008   data required time
                                            -11.714330   data arrival time
---------------------------------------------------------------------------------------------
                                              8.683680   slack (MET)




===========================================================================
report_checks --slack_max -0.01
============================================================================
======================= nom_tt_025C_1v80 Corner ===================================

No paths found.


===========================================================================
 report_check_types -max_slew -max_cap -max_fanout -violators
============================================================================
======================= nom_tt_025C_1v80 Corner ===================================

max fanout

Pin                                   Limit Fanout  Slack
---------------------------------------------------------
clkbuf_leaf_0_clk/X                      10     13     -3 (VIOLATED)
clkbuf_leaf_12_clk/X                     10     13     -3 (VIOLATED)
clkbuf_leaf_13_clk/X                     10     13     -3 (VIOLATED)
clkbuf_leaf_14_clk/X                     10     13     -3 (VIOLATED)
clkbuf_leaf_15_clk/X                     10     13     -3 (VIOLATED)
clkbuf_leaf_17_clk/X                     10     13     -3 (VIOLATED)
clkbuf_leaf_18_clk/X                     10     13     -3 (VIOLATED)
clkbuf_leaf_1_clk/X                      10     13     -3 (VIOLATED)
clkbuf_leaf_22_clk/X                     10     13     -3 (VIOLATED)
clkbuf_leaf_23_clk/X                     10     13     -3 (VIOLATED)
clkbuf_leaf_24_clk/X                     10     13     -3 (VIOLATED)
clkbuf_leaf_26_clk/X                     10     13     -3 (VIOLATED)
clkbuf_leaf_27_clk/X                     10     13     -3 (VIOLATED)
clkbuf_leaf_28_clk/X                     10     13     -3 (VIOLATED)
clkbuf_leaf_29_clk/X                     10     13     -3 (VIOLATED)
clkbuf_leaf_2_clk/X                      10     13     -3 (VIOLATED)
clkbuf_leaf_33_clk/X                     10     13     -3 (VIOLATED)
clkbuf_leaf_38_clk/X                     10     13     -3 (VIOLATED)
clkbuf_leaf_39_clk/X                     10     13     -3 (VIOLATED)
clkbuf_leaf_41_clk/X                     10     13     -3 (VIOLATED)
clkbuf_leaf_43_clk/X                     10     13     -3 (VIOLATED)
clkbuf_leaf_44_clk/X                     10     13     -3 (VIOLATED)
clkbuf_leaf_45_clk/X                     10     13     -3 (VIOLATED)
clkbuf_leaf_47_clk/X                     10     13     -3 (VIOLATED)
clkbuf_leaf_48_clk/X                     10     13     -3 (VIOLATED)
clkbuf_leaf_50_clk/X                     10     13     -3 (VIOLATED)
clkbuf_leaf_51_clk/X                     10     13     -3 (VIOLATED)
clkbuf_leaf_53_clk/X                     10     13     -3 (VIOLATED)
clkbuf_leaf_54_clk/X                     10     13     -3 (VIOLATED)
clkbuf_leaf_5_clk/X                      10     13     -3 (VIOLATED)
clkbuf_leaf_62_clk/X                     10     13     -3 (VIOLATED)
clkbuf_leaf_63_clk/X                     10     13     -3 (VIOLATED)
clkbuf_leaf_64_clk/X                     10     13     -3 (VIOLATED)
clkbuf_leaf_66_clk/X                     10     13     -3 (VIOLATED)
clkbuf_leaf_67_clk/X                     10     13     -3 (VIOLATED)
clkbuf_leaf_68_clk/X                     10     13     -3 (VIOLATED)
clkbuf_leaf_6_clk/X                      10     13     -3 (VIOLATED)
clkbuf_leaf_70_clk/X                     10     13     -3 (VIOLATED)
clkbuf_leaf_71_clk/X                     10     13     -3 (VIOLATED)
clkbuf_leaf_75_clk/X                     10     13     -3 (VIOLATED)
clkbuf_leaf_76_clk/X                     10     13     -3 (VIOLATED)
clkbuf_leaf_78_clk/X                     10     13     -3 (VIOLATED)
clkbuf_leaf_7_clk/X                      10     13     -3 (VIOLATED)
clkbuf_leaf_85_clk/X                     10     13     -3 (VIOLATED)
clkbuf_leaf_8_clk/X                      10     13     -3 (VIOLATED)
clkbuf_leaf_11_clk/X                     10     12     -2 (VIOLATED)
clkbuf_leaf_16_clk/X                     10     12     -2 (VIOLATED)
clkbuf_leaf_19_clk/X                     10     12     -2 (VIOLATED)
clkbuf_leaf_21_clk/X                     10     12     -2 (VIOLATED)
clkbuf_leaf_25_clk/X                     10     12     -2 (VIOLATED)
clkbuf_leaf_34_clk/X                     10     12     -2 (VIOLATED)
clkbuf_leaf_35_clk/X                     10     12     -2 (VIOLATED)
clkbuf_leaf_36_clk/X                     10     12     -2 (VIOLATED)
clkbuf_leaf_37_clk/X                     10     12     -2 (VIOLATED)
clkbuf_leaf_3_clk/X                      10     12     -2 (VIOLATED)
clkbuf_leaf_40_clk/X                     10     12     -2 (VIOLATED)
clkbuf_leaf_42_clk/X                     10     12     -2 (VIOLATED)
clkbuf_leaf_46_clk/X                     10     12     -2 (VIOLATED)
clkbuf_leaf_49_clk/X                     10     12     -2 (VIOLATED)
clkbuf_leaf_4_clk/X                      10     12     -2 (VIOLATED)
clkbuf_leaf_52_clk/X                     10     12     -2 (VIOLATED)
clkbuf_leaf_55_clk/X                     10     12     -2 (VIOLATED)
clkbuf_leaf_57_clk/X                     10     12     -2 (VIOLATED)
clkbuf_leaf_58_clk/X                     10     12     -2 (VIOLATED)
clkbuf_leaf_59_clk/X                     10     12     -2 (VIOLATED)
clkbuf_leaf_60_clk/X                     10     12     -2 (VIOLATED)
clkbuf_leaf_61_clk/X                     10     12     -2 (VIOLATED)
clkbuf_leaf_65_clk/X                     10     12     -2 (VIOLATED)
clkbuf_leaf_69_clk/X                     10     12     -2 (VIOLATED)
clkbuf_leaf_72_clk/X                     10     12     -2 (VIOLATED)
clkbuf_leaf_73_clk/X                     10     12     -2 (VIOLATED)
clkbuf_leaf_77_clk/X                     10     12     -2 (VIOLATED)
clkbuf_leaf_79_clk/X                     10     12     -2 (VIOLATED)
clkbuf_leaf_82_clk/X                     10     12     -2 (VIOLATED)
clkbuf_leaf_83_clk/X                     10     12     -2 (VIOLATED)
clkbuf_leaf_84_clk/X                     10     12     -2 (VIOLATED)
clkbuf_leaf_9_clk/X                      10     12     -2 (VIOLATED)



===========================================================================
report_parasitic_annotation -report_unannotated
============================================================================
Found 80 unannotated drivers.
 ena
 uio_in[5]
 uio_in[6]
 uio_in[7]
 clkload0/X
 clkload1/X
 clkload10/X
 clkload11/X
 clkload12/X
 clkload13/X
 clkload14/X
 clkload15/X
 clkload16/X
 clkload17/Y
 clkload18/X
 clkload19/X
 clkload2/X
 clkload20/X
 clkload21/X
 clkload22/X
 clkload23/X
 clkload24/Y
 clkload25/X
 clkload26/X
 clkload27/X
 clkload28/X
 clkload29/X
 clkload3/X
 clkload30/X
 clkload31/X
 clkload32/X
 clkload33/X
 clkload34/X
 clkload35/X
 clkload36/X
 clkload37/X
 clkload38/X
 clkload39/X
 clkload4/X
 clkload40/Y
 clkload41/X
 clkload42/X
 clkload43/X
 clkload44/X
 clkload45/X
 clkload46/X
 clkload47/X
 clkload48/X
 clkload49/X
 clkload5/X
 clkload50/X
 clkload51/X
 clkload52/X
 clkload53/X
 clkload54/X
 clkload55/X
 clkload56/X
 clkload57/X
 clkload58/X
 clkload59/X
 clkload6/X
 clkload60/X
 clkload61/X
 clkload62/X
 clkload7/X
 clkload8/X
 clkload9/X
 tt_um_aes128_optimized/HI
 tt_um_aes128_optimized_849/HI
 tt_um_aes128_optimized_850/HI
 tt_um_aes128_optimized_851/HI
 tt_um_aes128_optimized_852/HI
 tt_um_aes128_optimized_853/HI
 tt_um_aes128_optimized_854/HI
 tt_um_aes128_optimized_855/HI
 tt_um_aes128_optimized_856/HI
 tt_um_aes128_optimized_857/HI
 tt_um_aes128_optimized_858/LO
 tt_um_aes128_optimized_859/LO
 tt_um_aes128_optimized_860/LO
Found 0 partially unannotated drivers.

===========================================================================
max slew violation count 0
Writing metric design__max_slew_violation__count__corner:nom_tt_025C_1v80: 0
max fanout violation count 77
Writing metric design__max_fanout_violation__count__corner:nom_tt_025C_1v80: 77
max cap violation count 0
Writing metric design__max_cap_violation__count__corner:nom_tt_025C_1v80: 0
============================================================================

===========================================================================
check_setup -verbose -unconstrained_endpoints -multiple_clock -no_clock -no_input_delay -loops -generated_clocks
===========================================================================
