
===========================================================================
 report_power
============================================================================
======================= nom_tt_025C_1v80 Corner ===================================

Group                    Internal    Switching      Leakage        Total
                            Power        Power        Power        Power (Watts)
------------------------------------------------------------------------
Sequential           2.151997e-03 3.973022e-05 1.229456e-08 2.191739e-03  57.8%
Combinational        1.149828e-04 9.158681e-05 1.794424e-08 2.065876e-04   5.5%
Clock                7.903394e-04 6.006914e-04 1.803527e-09 1.391033e-03  36.7%
Macro                0.000000e+00 0.000000e+00 0.000000e+00 0.000000e+00   0.0%
Pad                  0.000000e+00 0.000000e+00 0.000000e+00 0.000000e+00   0.0%
------------------------------------------------------------------------
Total                3.057322e-03 7.320083e-04 3.204242e-08 3.789362e-03 100.0%
                            80.7%        19.3%         0.0%
Writing metric power__internal__total: 0.003057321533560753
Writing metric power__switching__total: 0.0007320083095692098
Writing metric power__leakage__total: 3.204241849630307e-8
Writing metric power__total: 0.003789362031966448

