Clock: clk
Sources: clk 
Generated: no
Virtual: yes
Propagated: no
Period: 100.000000

===========================================================================
report_clock_properties
============================================================================
Clock                   Period          Waveform
----------------------------------------------------
clk                 100.000000    0.000000 50.000000

===========================================================================
report_clock_latency
============================================================================
Clock clk
rise -> rise
    min     max
0.000000 0.000000 source latency
0.760869         network latency _6995_/CLK
        0.781201 network latency _6888_/CLK
---------------
0.760869 0.781201 latency
        0.020332 skew

fall -> fall
    min     max
0.000000 0.000000 source latency
0.710369         network latency _6995_/CLK
        0.724882 network latency _6888_/CLK
---------------
0.710369 0.724882 latency
        0.014513 skew



===========================================================================
report_clock_min_period
============================================================================
clk period_min = 11.62 fmax = 86.03
