
===========================================================================
 report_power
============================================================================
======================= nom_tt_025C_1v80 Corner ===================================

Group                    Internal    Switching      Leakage        Total
                            Power        Power        Power        Power (Watts)
------------------------------------------------------------------------
Sequential           4.301619e-04 8.873839e-06 1.229456e-08 4.390480e-04  54.7%
Combinational        4.630395e-05 2.577652e-05 2.271516e-08 7.210318e-05   9.0%
Clock                1.584069e-04 1.338080e-04 1.804120e-09 2.922167e-04  36.4%
Macro                0.000000e+00 0.000000e+00 0.000000e+00 0.000000e+00   0.0%
Pad                  0.000000e+00 0.000000e+00 0.000000e+00 0.000000e+00   0.0%
------------------------------------------------------------------------
Total                6.348725e-04 1.684583e-04 3.681407e-08 8.033676e-04 100.0%
                            79.0%        21.0%         0.0%
Writing metric power__internal__total: 0.0006348725291900337
Writing metric power__switching__total: 0.00016845829668454826
Writing metric power__leakage__total: 3.68140717910137e-8
Writing metric power__total: 0.0008033675840124488

