Flow Non-Default Global Settings report for aes128_baseline
Thu May 28 15:59:08 2026
Quartus Prime Version 18.1.0 Build 625 09/12/2018 SJ Lite Edition


---------------------
; Table of Contents ;
---------------------
  1. Legal Notice
  2. Flow Non-Default Global Settings



----------------
; Legal Notice ;
----------------
Copyright (C) 2018  Intel Corporation. All rights reserved.
Your use of Intel Corporation's design tools, logic functions 
and other software and tools, and its AMPP partner logic 
functions, and any output files from any of the foregoing 
(including device programming or simulation files), and any 
associated documentation or information are expressly subject 
to the terms and conditions of the Intel Program License 
Subscription Agreement, the Intel Quartus Prime License Agreement,
the Intel FPGA IP License Agreement, or other applicable license
agreement, including, without limitation, that your use is for
the sole purpose of programming logic devices manufactured by
Intel and sold by Intel or its authorized distributors.  Please
refer to the applicable agreement for further details.



+--------------------------------------------------------------------------------------------------------------------------------------------------+
; Flow Non-Default Global Settings                                                                                                                 ;
+--------------------------------------+------------------------------------------------+---------------+-------------+----------------------------+
; Assignment Name                      ; Value                                          ; Default Value ; Entity Name ; Section Id                 ;
+--------------------------------------+------------------------------------------------+---------------+-------------+----------------------------+
; COMPILER_SIGNATURE_ID                ; 141812766908796.177986377663652                ; --            ; --          ; --                         ;
; EDA_DESIGN_INSTANCE_NAME             ; NA                                             ; --            ; --          ; tb_sub_bytes               ;
; EDA_DESIGN_INSTANCE_NAME             ; NA                                             ; --            ; --          ; tb_mix_columns             ;
; EDA_DESIGN_INSTANCE_NAME             ; NA                                             ; --            ; --          ; tb_aes_round_stage         ;
; EDA_DESIGN_INSTANCE_NAME             ; NA                                             ; --            ; --          ; tb_aes128_encrypt          ;
; EDA_DESIGN_INSTANCE_NAME             ; NA                                             ; --            ; --          ; tb_key_expansion           ;
; EDA_DESIGN_INSTANCE_NAME             ; NA                                             ; --            ; --          ; tb_add_roundkey            ;
; EDA_DESIGN_INSTANCE_NAME             ; NA                                             ; --            ; --          ; tb_sbox                    ;
; EDA_DESIGN_INSTANCE_NAME             ; NA                                             ; --            ; --          ; tb_mix_columns_one_columns ;
; EDA_DESIGN_INSTANCE_NAME             ; NA                                             ; --            ; --          ; tb_shift_rows              ;
; EDA_NATIVELINK_SIMULATION_TEST_BENCH ; tb_aes128_encrypt                              ; --            ; --          ; eda_simulation             ;
; EDA_NETLIST_WRITER_OUTPUT_DIR        ; ../../sim/Baseline                             ; --            ; --          ; eda_simulation             ;
; EDA_OUTPUT_DATA_FORMAT               ; Systemverilog Hdl                              ; --            ; --          ; eda_simulation             ;
; EDA_SIMULATION_TOOL                  ; ModelSim-Altera (SystemVerilog)                ; <None>        ; --          ; --                         ;
; EDA_TEST_BENCH_ENABLE_STATUS         ; TEST_BENCH_MODE                                ; --            ; --          ; eda_simulation             ;
; EDA_TEST_BENCH_FILE                  ; ../../tb/Baseline/tb_sub_bytes.sv              ; --            ; --          ; tb_sub_bytes               ;
; EDA_TEST_BENCH_FILE                  ; ../../tb/Baseline/tb_mix_columns.sv            ; --            ; --          ; tb_mix_columns             ;
; EDA_TEST_BENCH_FILE                  ; ../../tb/Baseline/tb_aes_round_stage.sv        ; --            ; --          ; tb_aes_round_stage         ;
; EDA_TEST_BENCH_FILE                  ; ../../tb/Baseline/tb_aes128_encrypt.sv         ; --            ; --          ; tb_aes128_encrypt          ;
; EDA_TEST_BENCH_FILE                  ; ../../tb/Baseline/tb_key_expansion.sv          ; --            ; --          ; tb_key_expansion           ;
; EDA_TEST_BENCH_FILE                  ; ../../tb/Baseline/tb_add_roundkey.sv           ; --            ; --          ; tb_add_roundkey            ;
; EDA_TEST_BENCH_FILE                  ; ../../tb/Baseline/tb_sbox.sv                   ; --            ; --          ; tb_sbox                    ;
; EDA_TEST_BENCH_FILE                  ; ../../tb/Baseline/tb_mix_columns_one_column.sv ; --            ; --          ; tb_mix_columns_one_columns ;
; EDA_TEST_BENCH_FILE                  ; ../../tb/Baseline/tb_shift_rows.sv             ; --            ; --          ; tb_shift_rows              ;
; EDA_TEST_BENCH_MODULE_NAME           ; tb_sub_bytes                                   ; --            ; --          ; tb_sub_bytes               ;
; EDA_TEST_BENCH_MODULE_NAME           ; tb_mix_columns                                 ; --            ; --          ; tb_mix_columns             ;
; EDA_TEST_BENCH_MODULE_NAME           ; tb_aes_round_stage                             ; --            ; --          ; tb_aes_round_stage         ;
; EDA_TEST_BENCH_MODULE_NAME           ; tb_aes128_encrypt                              ; --            ; --          ; tb_aes128_encrypt          ;
; EDA_TEST_BENCH_MODULE_NAME           ; tb_key_expansion                               ; --            ; --          ; tb_key_expansion           ;
; EDA_TEST_BENCH_MODULE_NAME           ; tb_add_roundkey                                ; --            ; --          ; tb_add_roundkey            ;
; EDA_TEST_BENCH_MODULE_NAME           ; tb_sbox                                        ; --            ; --          ; tb_sbox                    ;
; EDA_TEST_BENCH_MODULE_NAME           ; tb_mix_columns_one_columns                     ; --            ; --          ; tb_mix_columns_one_columns ;
; EDA_TEST_BENCH_MODULE_NAME           ; tb_shift_rows                                  ; --            ; --          ; tb_shift_rows              ;
; EDA_TEST_BENCH_NAME                  ; tb_add_roundkey                                ; --            ; --          ; eda_simulation             ;
; EDA_TEST_BENCH_NAME                  ; tb_aes_round_stage                             ; --            ; --          ; eda_simulation             ;
; EDA_TEST_BENCH_NAME                  ; tb_aes128_encrypt                              ; --            ; --          ; eda_simulation             ;
; EDA_TEST_BENCH_NAME                  ; tb_key_expansion                               ; --            ; --          ; eda_simulation             ;
; EDA_TEST_BENCH_NAME                  ; tb_mix_columns                                 ; --            ; --          ; eda_simulation             ;
; EDA_TEST_BENCH_NAME                  ; tb_mix_columns_one_columns                     ; --            ; --          ; eda_simulation             ;
; EDA_TEST_BENCH_NAME                  ; tb_sbox                                        ; --            ; --          ; eda_simulation             ;
; EDA_TEST_BENCH_NAME                  ; tb_shift_rows                                  ; --            ; --          ; eda_simulation             ;
; EDA_TEST_BENCH_NAME                  ; tb_sub_bytes                                   ; --            ; --          ; eda_simulation             ;
; EDA_TIME_SCALE                       ; 1 ps                                           ; --            ; --          ; eda_simulation             ;
; MAX_CORE_JUNCTION_TEMP               ; 85                                             ; --            ; --          ; --                         ;
; MIN_CORE_JUNCTION_TEMP               ; 0                                              ; --            ; --          ; --                         ;
; PARTITION_COLOR                      ; -- (Not supported for targeted family)         ; --            ; --          ; Top                        ;
; PARTITION_FITTER_PRESERVATION_LEVEL  ; -- (Not supported for targeted family)         ; --            ; --          ; Top                        ;
; PARTITION_NETLIST_TYPE               ; -- (Not supported for targeted family)         ; --            ; --          ; Top                        ;
; POWER_BOARD_THERMAL_MODEL            ; None (CONSERVATIVE)                            ; --            ; --          ; --                         ;
; POWER_PRESET_COOLING_SOLUTION        ; 23 MM HEAT SINK WITH 200 LFPM AIRFLOW          ; --            ; --          ; --                         ;
; PROJECT_OUTPUT_DIRECTORY             ; output_files                                   ; --            ; --          ; --                         ;
+--------------------------------------+------------------------------------------------+---------------+-------------+----------------------------+


