145. Printing statistics.

=== tt_um_aes128_baseline ===

        +----------Local Count, excluding submodules.
        |        +-Local Area, excluding submodules.
        |        | 
    11452        - wires
    12789        - wire bits
       26        - public wires
      971        - public wire bits
        8        - ports
       43        - port bits
    12746  2.1E+04 cells
      966        -   $_ANDNOT_
      490        -   $_AND_
     8091        -   $_MUX_
      118        -   $_NAND_
      136        -   $_NOR_
      386        -   $_NOT_
       97        -   $_ORNOT_
      668        -   $_OR_
      105        -   $_XNOR_
      891        -   $_XOR_
      798  2.1E+04   sky130_fd_sc_hd__dfrtp_2

   Area for cell type $_ANDNOT_ is unknown!
   Area for cell type $_AND_ is unknown!
   Area for cell type $_MUX_ is unknown!
   Area for cell type $_NAND_ is unknown!
   Area for cell type $_NOR_ is unknown!
   Area for cell type $_NOT_ is unknown!
   Area for cell type $_ORNOT_ is unknown!
   Area for cell type $_OR_ is unknown!
   Area for cell type $_XNOR_ is unknown!
   Area for cell type $_XOR_ is unknown!

   Chip area for module '\tt_um_aes128_baseline': 20967.609600
     of which used for sequential elements: 20967.609600 (100.00%)

