
===========================================================================
Violator List
============================================================================
[hold in-reg] uio_in[1] -> _7092_/D : -5.050467
[hold in-reg] uio_in[0] -> _7091_/D : -5.046833
[hold in-reg] uio_in[4] -> _7095_/D : -5.046106
[hold in-reg] uio_in[2] -> _7093_/D : -5.043601
[hold in-reg] uio_in[3] -> _7094_/D : -5.036304
[hold in-reg] uio_in[2] -> _7086_/D : -4.878666
[hold in-reg] uio_in[4] -> _7068_/D : -4.781227
[hold in-reg] uio_in[3] -> _7075_/D : -4.695991
[hold in-reg] uio_in[4] -> _7078_/D : -4.690678
[hold in-reg] uio_in[4] -> _7079_/D : -4.690650
[hold in-reg] ui_in[7] -> _6697_/D : -4.608140
[hold in-reg] uio_in[3] -> _7074_/D : -4.607577
[hold in-reg] uio_in[2] -> _6215_/D : -4.603590
[hold in-reg] uio_in[3] -> _7076_/D : -4.602487
[hold in-reg] ui_in[4] -> _6910_/D : -4.599066
[hold in-reg] ui_in[4] -> _6782_/D : -4.598897
[hold in-reg] ui_in[7] -> _6721_/D : -4.597780
[hold in-reg] ui_in[4] -> _6830_/D : -4.595167
[hold in-reg] ui_in[4] -> _6902_/D : -4.594824
[hold in-reg] ui_in[7] -> _6689_/D : -4.591320
[hold in-reg] ui_in[4] -> _6774_/D : -4.590140
[hold in-reg] ui_in[7] -> _6777_/D : -4.589923
[hold in-reg] ui_in[7] -> _6753_/D : -4.587348
[hold in-reg] ui_in[4] -> _6846_/D : -4.587129
[hold in-reg] ui_in[7] -> _6841_/D : -4.585750
[hold in-reg] ui_in[7] -> _6713_/D : -4.584959
[hold in-reg] ui_in[7] -> _6745_/D : -4.584086
[hold in-reg] ui_in[7] -> _6873_/D : -4.582459
[hold in-reg] ui_in[4] -> _6934_/D : -4.582456
[hold in-reg] ui_in[4] -> _6806_/D : -4.582294
[hold in-reg] ui_in[7] -> _6809_/D : -4.581151
[hold in-reg] ui_in[4] -> _6718_/D : -4.580892
[hold in-reg] ui_in[7] -> _6705_/D : -4.580607
[hold in-reg] ui_in[4] -> _6870_/D : -4.580165
[hold in-reg] ui_in[4] -> _6710_/D : -4.579986
[hold in-reg] ui_in[7] -> _6761_/D : -4.579388
[hold in-reg] ui_in[4] -> _6814_/D : -4.578746
[hold in-reg] ui_in[4] -> _6750_/D : -4.578542
[hold in-reg] ui_in[4] -> _6742_/D : -4.578363
[hold in-reg] ui_in[4] -> _6878_/D : -4.577715
[hold in-reg] ui_in[1] -> _6787_/D : -4.577661
[hold in-reg] ui_in[1] -> _6763_/D : -4.577107
[hold in-reg] ui_in[1] -> _6699_/D : -4.576644
[hold in-reg] ui_in[1] -> _6891_/D : -4.576647
[hold in-reg] ui_in[1] -> _6795_/D : -4.576344
[hold in-reg] ui_in[1] -> _6915_/D : -4.575691
[hold in-reg] ui_in[2] -> _6788_/D : -4.575215
[hold in-reg] ui_in[1] -> _6827_/D : -4.575214
[hold in-reg] ui_in[1] -> _6851_/D : -4.575207
[hold in-reg] ui_in[2] -> _6692_/D : -4.575068
[hold in-reg] ui_in[2] -> _6852_/D : -4.574795
[hold in-reg] ui_in[2] -> _6756_/D : -4.574782
[hold in-reg] ui_in[2] -> _6916_/D : -4.574701
[hold in-reg] ui_in[7] -> _6937_/D : -4.574623
[hold in-reg] ui_in[2] -> _6700_/D : -4.574409
[hold in-reg] ui_in[2] -> _6764_/D : -4.574408
[hold in-reg] ui_in[7] -> _6905_/D : -4.573413
[hold in-reg] ui_in[7] -> _6785_/D : -4.573173
[hold in-reg] ui_in[7] -> _6793_/D : -4.572390
[hold in-reg] ui_in[4] -> _6838_/D : -4.572137
[hold in-reg] ui_in[2] -> _6908_/D : -4.571595
[hold in-reg] ui_in[1] -> _6691_/D : -4.571278
[hold in-reg] ui_in[2] -> _6844_/D : -4.570248
[hold in-reg] ui_in[2] -> _6780_/D : -4.569984
[hold in-reg] ui_in[1] -> _6755_/D : -4.569957
[hold in-reg] ui_in[7] -> _6737_/D : -4.569692
[hold in-reg] ui_in[1] -> _6843_/D : -4.568896
[hold in-reg] ui_in[2] -> _6772_/D : -4.568764
[hold in-reg] ui_in[1] -> _6715_/D : -4.568665
[hold in-reg] ui_in[1] -> _6731_/D : -4.568663
[hold in-reg] ui_in[4] -> _6686_/D : -4.568366
[hold in-reg] ui_in[2] -> _6716_/D : -4.568036
[hold in-reg] ui_in[1] -> _6771_/D : -4.567884
[hold in-reg] ui_in[1] -> _6899_/D : -4.567834
[hold in-reg] ui_in[1] -> _6859_/D : -4.567618
[hold in-reg] ui_in[1] -> _6779_/D : -4.567550
[hold in-reg] uio_in[2] -> _7081_/D : -4.567475
[hold in-reg] ui_in[1] -> _6907_/D : -4.567245
[hold in-reg] ui_in[7] -> _6729_/D : -4.567208
[hold in-reg] ui_in[7] -> _6913_/D : -4.567094
[hold in-reg] ui_in[7] -> _6849_/D : -4.566984
[hold in-reg] ui_in[2] -> _6900_/D : -4.566740
[hold in-reg] ui_in[2] -> _6724_/D : -4.566314
[hold in-reg] ui_in[2] -> _6732_/D : -4.565781
[hold in-reg] ui_in[4] -> _6798_/D : -4.565452
[hold in-reg] ui_in[0] -> _6762_/D : -4.564485
[hold in-reg] ui_in[0] -> _6794_/D : -4.564409
[hold in-reg] ui_in[4] -> _6766_/D : -4.564044
[hold in-reg] ui_in[0] -> _6698_/D : -4.563523
[hold in-reg] ui_in[2] -> _6812_/D : -4.563461
[hold in-reg] ui_in[0] -> _6890_/D : -4.563437
[hold in-reg] ui_in[4] -> _6894_/D : -4.563354
[hold in-reg] ui_in[4] -> _6790_/D : -4.562360
[hold in-reg] ui_in[4] -> _6694_/D : -4.562068
[hold in-reg] ui_in[4] -> _6702_/D : -4.562061
[hold in-reg] ui_in[4] -> _6854_/D : -4.561944
[hold in-reg] ui_in[4] -> _6918_/D : -4.561942
[hold in-reg] ui_in[4] -> _6758_/D : -4.561745
[hold in-reg] ui_in[1] -> _6723_/D : -4.561603
[hold in-reg] ui_in[0] -> _6826_/D : -4.561562
[hold in-reg] ui_in[1] -> _6811_/D : -4.561373
[hold in-reg] ui_in[1] -> _6803_/D : -4.561264
[hold in-reg] ui_in[0] -> _6850_/D : -4.561204
[hold in-reg] ui_in[1] -> _6683_/D : -4.560851
[hold in-reg] ui_in[0] -> _6914_/D : -4.560723
[hold in-reg] ui_in[7] -> _6817_/D : -4.560710
[hold in-reg] ui_in[1] -> _6747_/D : -4.560460
[hold in-reg] ui_in[0] -> _6714_/D : -4.560229
[hold in-reg] ui_in[2] -> _6684_/D : -4.560117
[hold in-reg] ui_in[1] -> _6707_/D : -4.560078
[hold in-reg] ui_in[2] -> _6740_/D : -4.560070
[hold in-reg] ui_in[2] -> _6708_/D : -4.560042
[hold in-reg] ui_in[2] -> _6748_/D : -4.559612
[hold in-reg] ui_in[2] -> _6836_/D : -4.559219
[hold in-reg] ui_in[1] -> _6835_/D : -4.559105
[hold in-reg] ui_in[2] -> _6876_/D : -4.558961
[hold in-reg] ui_in[0] -> _6906_/D : -4.558932
[hold in-reg] ui_in[0] -> _6754_/D : -4.558925
[hold in-reg] ui_in[1] -> _6739_/D : -4.558847
[hold in-reg] ui_in[0] -> _6690_/D : -4.558732
[hold in-reg] ui_in[2] -> _6868_/D : -4.558631
[hold in-reg] ui_in[1] -> _6867_/D : -4.558599
[hold in-reg] ui_in[0] -> _6786_/D : -4.558442
[hold in-reg] ui_in[1] -> _6875_/D : -4.558277
[hold in-reg] ui_in[0] -> _6770_/D : -4.557896
[hold in-reg] ui_in[7] -> _6881_/D : -4.557819
[hold in-reg] ui_in[0] -> _6842_/D : -4.557727
[hold in-reg] ui_in[0] -> _6778_/D : -4.557273
[hold in-reg] ui_in[3] -> _6693_/D : -4.557045
[hold in-reg] ui_in[3] -> _6765_/D : -4.556964
[hold in-reg] ui_in[3] -> _6757_/D : -4.556905
[hold in-reg] ui_in[3] -> _6797_/D : -4.556601
[hold in-reg] ui_in[0] -> _6802_/D : -4.556505
[hold in-reg] ui_in[3] -> _6917_/D : -4.556507
[hold in-reg] ui_in[3] -> _6789_/D : -4.556495
[hold in-reg] ui_in[3] -> _6701_/D : -4.556302
[hold in-reg] ui_in[3] -> _6829_/D : -4.556255
[hold in-reg] ui_in[3] -> _6893_/D : -4.555891
[hold in-reg] ui_in[3] -> _6853_/D : -4.555603
[hold in-reg] ui_in[4] -> _6926_/D : -4.555300
[hold in-reg] ui_in[0] -> _6922_/D : -4.554124
[hold in-reg] ui_in[0] -> _6730_/D : -4.554095
[hold in-reg] ui_in[1] -> _6931_/D : -4.553894
[hold in-reg] ui_in[0] -> _6858_/D : -4.553642
[hold in-reg] ui_in[0] -> _6930_/D : -4.553491
[hold in-reg] ui_in[3] -> _6781_/D : -4.553290
[hold in-reg] ui_in[2] -> _6932_/D : -4.553147
[hold in-reg] ui_in[4] -> _6726_/D : -4.553088
[hold in-reg] ui_in[4] -> _6862_/D : -4.553028
[hold in-reg] ui_in[4] -> _6734_/D : -4.552887
[hold in-reg] ui_in[3] -> _6717_/D : -4.552618
[hold in-reg] ui_in[3] -> _6845_/D : -4.552505
[hold in-reg] ui_in[0] -> _6898_/D : -4.552202
[hold in-reg] ui_in[0] -> _6682_/D : -4.552106
[hold in-reg] ui_in[2] -> _6804_/D : -4.551668
[hold in-reg] ui_in[0] -> _6810_/D : -4.551626
[hold in-reg] ui_in[0] -> _6746_/D : -4.551495
[hold in-reg] ui_in[0] -> _6706_/D : -4.550681
[hold in-reg] ui_in[0] -> _6738_/D : -4.550515
[hold in-reg] ui_in[0] -> _6722_/D : -4.549672
[hold in-reg] ui_in[3] -> _6773_/D : -4.549223
[hold in-reg] ui_in[0] -> _6874_/D : -4.548411
[hold in-reg] ui_in[3] -> _6805_/D : -4.548031
[hold in-reg] ui_in[3] -> _6725_/D : -4.547783
[hold in-reg] ui_in[3] -> _6925_/D : -4.547111
[hold in-reg] ui_in[3] -> _6861_/D : -4.546870
[hold in-reg] ui_in[2] -> _6796_/D : -4.546598
[hold in-reg] ui_in[3] -> _6733_/D : -4.546483
[hold in-reg] ui_in[2] -> _6892_/D : -4.546354
[hold in-reg] ui_in[3] -> _6933_/D : -4.546332
[hold in-reg] ui_in[2] -> _6828_/D : -4.545712
[hold in-reg] ui_in[3] -> _6901_/D : -4.545455
[hold in-reg] ui_in[5] -> _6719_/D : -4.545332
[hold in-reg] ui_in[7] -> _6769_/D : -4.545000
[hold in-reg] ui_in[7] -> _6857_/D : -4.544831
[hold in-reg] ui_in[7] -> _6801_/D : -4.544803
[hold in-reg] ui_in[7] -> _6921_/D : -4.544768
[hold in-reg] ui_in[7] -> _6833_/D : -4.544618
[hold in-reg] ui_in[3] -> _6685_/D : -4.544151
[hold in-reg] ui_in[7] -> _6897_/D : -4.544119
[hold in-reg] ui_in[3] -> _6909_/D : -4.543413
[hold in-reg] ui_in[3] -> _6709_/D : -4.543199
[hold in-reg] ui_in[3] -> _6749_/D : -4.543134
[hold in-reg] ui_in[3] -> _6741_/D : -4.543030
[hold in-reg] ui_in[5] -> _6783_/D : -4.543034
[hold in-reg] ui_in[0] -> _6834_/D : -4.542524
[hold in-reg] ui_in[0] -> _6866_/D : -4.542175
[hold in-reg] ui_in[3] -> _6813_/D : -4.542141
[hold in-reg] ui_in[5] -> _6903_/D : -4.541706
[hold in-reg] ui_in[5] -> _6775_/D : -4.541462
[hold in-reg] ui_in[6] -> _6808_/D : -4.540367
[hold in-reg] ui_in[6] -> _6936_/D : -4.540082
[hold in-reg] ui_in[2] -> _6924_/D : -4.539065
[hold in-reg] ui_in[5] -> _6807_/D : -4.538111
[hold in-reg] ui_in[1] -> _6923_/D : -4.538092
[hold in-reg] ui_in[6] -> _6800_/D : -4.538013
[hold in-reg] ui_in[6] -> _6832_/D : -4.537795
[hold in-reg] ui_in[6] -> _6896_/D : -4.537558
[hold in-reg] ui_in[6] -> _6768_/D : -4.537376
[hold in-reg] ui_in[2] -> _6860_/D : -4.536989
[hold in-reg] ui_in[5] -> _6687_/D : -4.536606
[hold in-reg] ui_in[3] -> _6869_/D : -4.536427
[hold in-reg] ui_in[7] -> _6865_/D : -4.535789
[hold in-reg] ui_in[3] -> _6877_/D : -4.535744
[hold in-reg] ui_in[5] -> _6751_/D : -4.535285
[hold in-reg] ui_in[3] -> _6837_/D : -4.535237
[hold in-reg] ui_in[7] -> _6929_/D : -4.535106
[hold in-reg] ui_in[6] -> _6856_/D : -4.534646
[hold in-reg] ui_in[6] -> _6920_/D : -4.534646
[hold in-reg] ui_in[5] -> _6871_/D : -4.534274
[hold in-reg] ui_in[6] -> _6792_/D : -4.534006
[hold in-reg] ui_in[6] -> _6760_/D : -4.533942
[hold in-reg] ui_in[6] -> _6696_/D : -4.533845
[hold in-reg] ui_in[6] -> _6704_/D : -4.533687
[hold in-reg] ui_in[5] -> _6911_/D : -4.533004
[hold in-reg] ui_in[5] -> _6711_/D : -4.532837
[hold in-reg] ui_in[5] -> _6847_/D : -4.532309
[hold in-reg] ui_in[6] -> _6904_/D : -4.531478
[hold in-reg] ui_in[6] -> _6720_/D : -4.530100
[hold in-reg] ui_in[6] -> _6784_/D : -4.529284
[hold in-reg] ui_in[5] -> _6839_/D : -4.529179
[hold in-reg] ui_in[6] -> _6776_/D : -4.529076
[hold in-reg] ui_in[6] -> _6928_/D : -4.528849
[hold in-reg] ui_in[6] -> _6864_/D : -4.528393
[hold in-reg] ui_in[5] -> _6879_/D : -4.528326
[hold in-reg] ui_in[5] -> _6743_/D : -4.527505
[hold in-reg] ui_in[5] -> _6935_/D : -4.525885
[hold in-reg] ui_in[6] -> _6736_/D : -4.525528
[hold in-reg] ui_in[6] -> _6912_/D : -4.525485
[hold in-reg] ui_in[6] -> _6848_/D : -4.524705
[hold in-reg] ui_in[6] -> _6728_/D : -4.524684
[hold in-reg] ui_in[6] -> _6816_/D : -4.524165
[hold in-reg] ui_in[5] -> _6815_/D : -4.524034
[hold in-reg] ui_in[5] -> _6791_/D : -4.521917
[hold in-reg] ui_in[5] -> _6919_/D : -4.521809
[hold in-reg] ui_in[6] -> _6688_/D : -4.521559
[hold in-reg] ui_in[5] -> _6759_/D : -4.521219
[hold in-reg] ui_in[6] -> _6752_/D : -4.520601
[hold in-reg] ui_in[5] -> _6695_/D : -4.519619
[hold in-reg] ui_in[5] -> _6855_/D : -4.519563
[hold in-reg] ui_in[5] -> _6831_/D : -4.518916
[hold in-reg] ui_in[6] -> _6840_/D : -4.517754
[hold in-reg] ui_in[6] -> _6872_/D : -4.516718
[hold in-reg] ui_in[6] -> _6880_/D : -4.516010
[hold in-reg] ui_in[6] -> _6744_/D : -4.514526
[hold in-reg] uio_in[4] -> _7080_/D : -4.513324
[hold in-reg] ui_in[6] -> _6712_/D : -4.512423
[hold in-reg] ui_in[5] -> _6727_/D : -4.510890
[hold in-reg] ui_in[5] -> _6863_/D : -4.510708
[hold in-reg] uio_in[0] -> _7067_/D : -4.510250
[hold in-reg] uio_in[4] -> _7069_/D : -4.494727
[hold in-reg] uio_in[4] -> _7073_/D : -4.488450
[hold in-reg] ui_in[5] -> _6767_/D : -4.485957
[hold in-reg] ui_in[5] -> _6703_/D : -4.485919
[hold in-reg] ui_in[5] -> _6895_/D : -4.485539
[hold in-reg] ui_in[5] -> _6799_/D : -4.485515
[hold in-reg] uio_in[4] -> _7072_/D : -4.477876
[hold in-reg] ui_in[5] -> _6735_/D : -4.477219
[hold in-reg] ui_in[5] -> _6927_/D : -4.476553
[hold in-reg] uio_in[4] -> _7071_/D : -4.476472
[hold in-reg] uio_in[0] -> _7066_/D : -4.462985
[hold in-reg] ui_in[4] -> _6886_/D : -4.432391
[hold in-reg] ui_in[4] -> _6822_/D : -4.432072
[hold in-reg] uio_in[1] -> _7070_/D : -4.427080
[hold in-reg] ui_in[0] -> _6818_/D : -4.419272
[hold in-reg] uio_in[3] -> _7077_/D : -4.416880
[hold in-reg] ui_in[7] -> _6889_/D : -4.414592
[hold in-reg] ui_in[7] -> _6825_/D : -4.412390
[hold in-reg] ui_in[0] -> _6882_/D : -4.402426
[hold in-reg] ui_in[3] -> _6821_/D : -4.394655
[hold in-reg] ui_in[3] -> _6885_/D : -4.393472
[hold in-reg] ui_in[2] -> _6884_/D : -4.387509
[hold in-reg] ui_in[2] -> _6820_/D : -4.387083
[hold in-reg] ui_in[1] -> _6883_/D : -4.384605
[hold in-reg] ui_in[1] -> _6819_/D : -4.384478
[hold in-reg] ui_in[6] -> _6824_/D : -4.372766
[hold in-reg] ui_in[6] -> _6888_/D : -4.370839
[hold in-reg] ui_in[5] -> _6823_/D : -4.362003
[hold in-reg] ui_in[5] -> _6887_/D : -4.360525
[hold in-reg] uio_in[2] -> _6218_/D : -4.159447
[hold in-reg] uio_in[2] -> _6217_/D : -4.159173
[hold in-reg] uio_in[2] -> _6237_/D : -4.157604
[hold in-reg] uio_in[2] -> _6234_/D : -4.157385
[hold in-reg] uio_in[2] -> _6233_/D : -4.157275
[hold in-reg] uio_in[2] -> _6226_/D : -4.157084
[hold in-reg] uio_in[2] -> _6225_/D : -4.156725
[hold in-reg] uio_in[2] -> _6229_/D : -4.156638
[hold in-reg] uio_in[2] -> _6221_/D : -4.153838
[hold in-reg] uio_in[2] -> _6241_/D : -4.145340
[hold in-reg] uio_in[2] -> _6242_/D : -4.142988
[hold in-reg] uio_in[2] -> _6245_/D : -4.137976
[hold in-reg] uio_in[2] -> _6236_/D : -4.131592
[hold in-reg] uio_in[2] -> _6220_/D : -4.128226
[hold in-reg] uio_in[2] -> _6228_/D : -4.127632
[hold in-reg] uio_in[2] -> _6244_/D : -4.121539
[hold in-reg] uio_in[2] -> _6223_/D : -4.118986
[hold in-reg] uio_in[2] -> _6231_/D : -4.115626
[hold in-reg] uio_in[2] -> _6239_/D : -4.099091
[hold in-reg] uio_in[2] -> _6247_/D : -4.096570
[hold in-reg] uio_in[2] -> _6246_/D : -4.065921
[hold in-reg] uio_in[2] -> _6216_/D : -4.058682
[hold in-reg] uio_in[2] -> _6238_/D : -4.058160
[hold in-reg] uio_in[2] -> _6224_/D : -4.057973
[hold in-reg] uio_in[2] -> _6219_/D : -4.057543
[hold in-reg] uio_in[2] -> _6232_/D : -4.057170
[hold in-reg] uio_in[2] -> _6222_/D : -4.055991
[hold in-reg] uio_in[2] -> _6230_/D : -4.055127
[hold in-reg] uio_in[2] -> _6227_/D : -4.053204
[hold in-reg] uio_in[2] -> _6235_/D : -4.053075
[hold in-reg] uio_in[2] -> _6243_/D : -4.052804
[hold in-reg] uio_in[2] -> _6240_/D : -4.052782
[hold in-reg] uio_in[2] -> _6369_/D : -3.643319
[hold in-reg] uio_in[2] -> _6370_/D : -3.642803
[hold in-reg] uio_in[2] -> _6373_/D : -3.640482
[hold in-reg] uio_in[2] -> _6372_/D : -3.614027
[hold in-reg] uio_in[2] -> _6375_/D : -3.605256
[hold in-reg] uio_in[2] -> _6418_/D : -3.568852
[hold in-reg] uio_in[2] -> _6426_/D : -3.568396
[hold in-reg] uio_in[2] -> _6425_/D : -3.568243
[hold in-reg] uio_in[2] -> _6450_/D : -3.565924
[hold in-reg] uio_in[2] -> _6449_/D : -3.565236
[hold in-reg] uio_in[2] -> _6457_/D : -3.565143
[hold in-reg] uio_in[2] -> _6417_/D : -3.563358
[hold in-reg] uio_in[2] -> _6433_/D : -3.562014
[hold in-reg] uio_in[2] -> _6434_/D : -3.560952
[hold in-reg] uio_in[2] -> _6409_/D : -3.560843
[hold in-reg] uio_in[2] -> _6410_/D : -3.560317
[hold in-reg] uio_in[2] -> _6413_/D : -3.559504
[hold in-reg] uio_in[2] -> _6442_/D : -3.558113
[hold in-reg] uio_in[2] -> _6437_/D : -3.558003
[hold in-reg] uio_in[2] -> _6441_/D : -3.557424
[hold in-reg] uio_in[2] -> _6445_/D : -3.557001
[hold in-reg] uio_in[2] -> _6465_/D : -3.551285
[hold in-reg] uio_in[2] -> _6469_/D : -3.550972
[hold in-reg] uio_in[2] -> _6368_/D : -3.548873
[hold in-reg] uio_in[2] -> _6371_/D : -3.547452
[hold in-reg] uio_in[2] -> _6444_/D : -3.543843
[hold in-reg] uio_in[2] -> _6421_/D : -3.541607
[hold in-reg] uio_in[2] -> _6374_/D : -3.541036
[hold in-reg] uio_in[2] -> _6466_/D : -3.540995
[hold in-reg] uio_in[2] -> _6281_/D : -3.540272
[hold in-reg] uio_in[2] -> _6313_/D : -3.540246
[hold in-reg] uio_in[2] -> _6289_/D : -3.539883
[hold in-reg] uio_in[2] -> _6265_/D : -3.539746
[hold in-reg] uio_in[2] -> _6330_/D : -3.539305
[hold in-reg] uio_in[2] -> _6436_/D : -3.538922
[hold in-reg] uio_in[2] -> _6282_/D : -3.538502
[hold in-reg] uio_in[2] -> _6412_/D : -3.538393
[hold in-reg] uio_in[2] -> _6453_/D : -3.538339
[hold in-reg] uio_in[2] -> _6250_/D : -3.538133
[hold in-reg] uio_in[2] -> _6322_/D : -3.538132
[hold in-reg] uio_in[2] -> _6458_/D : -3.537474
[hold in-reg] uio_in[2] -> _6257_/D : -3.536337
[hold in-reg] uio_in[2] -> _6273_/D : -3.534795
[hold in-reg] uio_in[2] -> _6249_/D : -3.533931
[hold in-reg] uio_in[2] -> _6274_/D : -3.533788
[hold in-reg] uio_in[2] -> _6297_/D : -3.533084
[hold in-reg] uio_in[2] -> _6298_/D : -3.532406
[hold in-reg] uio_in[2] -> _6321_/D : -3.531684
[hold in-reg] uio_in[2] -> _6301_/D : -3.529286
[hold in-reg] uio_in[2] -> _6415_/D : -3.528420
[hold in-reg] uio_in[2] -> _6277_/D : -3.524724
[hold in-reg] uio_in[2] -> _6468_/D : -3.524543
[hold in-reg] uio_in[2] -> _6253_/D : -3.524110
[hold in-reg] uio_in[2] -> _6325_/D : -3.523794
[hold in-reg] uio_in[2] -> _6439_/D : -3.519545
[hold in-reg] uio_in[2] -> _6324_/D : -3.512937
[hold in-reg] uio_in[2] -> _6333_/D : -3.511872
[hold in-reg] uio_in[2] -> _6314_/D : -3.511394
[hold in-reg] uio_in[2] -> _6338_/D : -3.510604
[hold in-reg] uio_in[2] -> _6266_/D : -3.510488
[hold in-reg] uio_in[2] -> _6293_/D : -3.510441
[hold in-reg] uio_in[2] -> _6309_/D : -3.510435
[hold in-reg] uio_in[2] -> _6290_/D : -3.510182
[hold in-reg] uio_in[2] -> _6258_/D : -3.510035
[hold in-reg] uio_in[2] -> _6337_/D : -3.509959
[hold in-reg] uio_in[2] -> _6306_/D : -3.509841
[hold in-reg] uio_in[2] -> _6269_/D : -3.509732
[hold in-reg] uio_in[2] -> _6261_/D : -3.509684
[hold in-reg] uio_in[2] -> _6285_/D : -3.509388
[hold in-reg] uio_in[2] -> _6329_/D : -3.509308
[hold in-reg] uio_in[2] -> _6268_/D : -3.508880
[hold in-reg] uio_in[2] -> _6260_/D : -3.508231
[hold in-reg] uio_in[2] -> _6429_/D : -3.507245
[hold in-reg] uio_in[2] -> _6420_/D : -3.507176
[hold in-reg] uio_in[2] -> _6471_/D : -3.506929
[hold in-reg] uio_in[2] -> _6428_/D : -3.506321
[hold in-reg] uio_in[2] -> _6252_/D : -3.504546
[hold in-reg] uio_in[2] -> _6460_/D : -3.504026
[hold in-reg] uio_in[2] -> _6276_/D : -3.503698
[hold in-reg] uio_in[2] -> _6447_/D : -3.503095
[hold in-reg] uio_in[2] -> _6461_/D : -3.502735
[hold in-reg] uio_in[2] -> _6300_/D : -3.502431
[hold in-reg] uio_in[2] -> _6452_/D : -3.501704
[hold in-reg] uio_in[2] -> _6423_/D : -3.499855
[hold in-reg] uio_in[2] -> _6455_/D : -3.496848
[hold in-reg] uio_in[2] -> _6341_/D : -3.476939
[hold in-reg] uio_in[2] -> _6317_/D : -3.476835
[hold in-reg] uio_in[2] -> _6340_/D : -3.476667
[hold in-reg] uio_in[2] -> _6292_/D : -3.476127
[hold in-reg] uio_in[2] -> _6316_/D : -3.475658
[hold in-reg] uio_in[2] -> _6470_/D : -3.474052
[hold in-reg] uio_in[2] -> _6419_/D : -3.473693
[hold in-reg] uio_in[2] -> _6263_/D : -3.473590
[hold in-reg] uio_in[2] -> _6255_/D : -3.471371
[hold in-reg] uio_in[2] -> _6408_/D : -3.469737
[hold in-reg] uio_in[2] -> _6414_/D : -3.469619
[hold in-reg] uio_in[2] -> _6451_/D : -3.469314
[hold in-reg] uio_in[2] -> _6431_/D : -3.469131
[hold in-reg] uio_in[2] -> _6303_/D : -3.468693
[hold in-reg] uio_in[2] -> _6411_/D : -3.468495
[hold in-reg] uio_in[2] -> _6463_/D : -3.468297
[hold in-reg] uio_in[2] -> _6416_/D : -3.468136
[hold in-reg] uio_in[2] -> _6430_/D : -3.467954
[hold in-reg] uio_in[2] -> _6305_/D : -3.467761
[hold in-reg] uio_in[2] -> _6422_/D : -3.466923
[hold in-reg] uio_in[2] -> _6443_/D : -3.466711
[hold in-reg] uio_in[2] -> _6462_/D : -3.466633
[hold in-reg] uio_in[2] -> _6438_/D : -3.466486
[hold in-reg] uio_in[2] -> _6424_/D : -3.465711
[hold in-reg] uio_in[2] -> _6432_/D : -3.465090
[hold in-reg] uio_in[2] -> _6427_/D : -3.464957
[hold in-reg] uio_in[2] -> _6446_/D : -3.464935
[hold in-reg] uio_in[2] -> _6448_/D : -3.464811
[hold in-reg] uio_in[2] -> _6435_/D : -3.463605
[hold in-reg] uio_in[2] -> _6454_/D : -3.463339
[hold in-reg] uio_in[2] -> _6440_/D : -3.463150
[hold in-reg] uio_in[2] -> _6456_/D : -3.462564
[hold in-reg] uio_in[2] -> _6459_/D : -3.462402
[hold in-reg] uio_in[2] -> _6464_/D : -3.461051
[hold in-reg] uio_in[2] -> _6467_/D : -3.459900
[hold in-reg] uio_in[2] -> _6294_/D : -3.446805
[hold in-reg] uio_in[2] -> _6318_/D : -3.446536
[hold in-reg] uio_in[2] -> _6342_/D : -3.445529
[hold in-reg] uio_in[2] -> _6270_/D : -3.445274
[hold in-reg] uio_in[2] -> _6295_/D : -3.444559
[hold in-reg] uio_in[2] -> _6334_/D : -3.444382
[hold in-reg] uio_in[2] -> _6271_/D : -3.444003
[hold in-reg] uio_in[2] -> _6262_/D : -3.443286
[hold in-reg] uio_in[2] -> _6310_/D : -3.443087
[hold in-reg] uio_in[2] -> _6286_/D : -3.443062
[hold in-reg] uio_in[2] -> _6339_/D : -3.441914
[hold in-reg] uio_in[2] -> _6264_/D : -3.441668
[hold in-reg] uio_in[2] -> _6291_/D : -3.441551
[hold in-reg] uio_in[2] -> _6267_/D : -3.441452
[hold in-reg] uio_in[2] -> _6315_/D : -3.440988
[hold in-reg] uio_in[2] -> _6280_/D : -3.440551
[hold in-reg] uio_in[2] -> _6328_/D : -3.440246
[hold in-reg] uio_in[2] -> _6254_/D : -3.440130
[hold in-reg] uio_in[2] -> _6248_/D : -3.440077
[hold in-reg] uio_in[2] -> _6256_/D : -3.439680
[hold in-reg] uio_in[2] -> _6259_/D : -3.439468
[hold in-reg] uio_in[2] -> _6308_/D : -3.439069
[hold in-reg] uio_in[2] -> _6275_/D : -3.437342
[hold in-reg] uio_in[2] -> _6272_/D : -3.435830
[hold in-reg] uio_in[2] -> _6320_/D : -3.435806
[hold in-reg] uio_in[2] -> _6296_/D : -3.435647
[hold in-reg] uio_in[2] -> _6251_/D : -3.435098
[hold in-reg] uio_in[2] -> _6326_/D : -3.433618
[hold in-reg] uio_in[2] -> _6278_/D : -3.433491
[hold in-reg] uio_in[2] -> _6302_/D : -3.433139
[hold in-reg] uio_in[2] -> _6323_/D : -3.428025
[hold in-reg] uio_in[2] -> _6332_/D : -3.408281
[hold in-reg] uio_in[2] -> _6284_/D : -3.407594
[hold in-reg] uio_in[2] -> _6287_/D : -3.405540
[hold in-reg] uio_in[2] -> _6311_/D : -3.405132
[hold in-reg] uio_in[2] -> _6327_/D : -3.401975
[hold in-reg] uio_in[2] -> _6279_/D : -3.401397
[hold in-reg] uio_in[2] -> _6319_/D : -3.376358
[hold in-reg] uio_in[2] -> _6343_/D : -3.375512
[hold in-reg] uio_in[2] -> _6335_/D : -3.375422
[hold in-reg] uio_in[2] -> _6288_/D : -3.374786
[hold in-reg] uio_in[2] -> _6336_/D : -3.374528
[hold in-reg] uio_in[2] -> _6331_/D : -3.373607
[hold in-reg] uio_in[2] -> _6312_/D : -3.373035
[hold in-reg] uio_in[2] -> _6283_/D : -3.372836
[hold in-reg] uio_in[2] -> _6307_/D : -3.371473
[hold in-reg] uio_in[2] -> _6304_/D : -3.371127
[hold in-reg] uio_in[2] -> _6299_/D : -3.359288
[hold in-reg] uio_in[2] -> _6401_/D : -3.061556
[hold in-reg] uio_in[2] -> _6405_/D : -3.060548
[hold in-reg] uio_in[2] -> _6402_/D : -3.060471
[hold in-reg] uio_in[2] -> _6404_/D : -3.034783
[hold in-reg] uio_in[2] -> _6393_/D : -3.032223
[hold in-reg] uio_in[2] -> _6386_/D : -3.031777
[hold in-reg] uio_in[2] -> _6377_/D : -3.030988
[hold in-reg] uio_in[2] -> _6381_/D : -3.029406
[hold in-reg] uio_in[2] -> _6394_/D : -3.029228
[hold in-reg] uio_in[2] -> _6385_/D : -3.029147
[hold in-reg] uio_in[2] -> _6407_/D : -3.024205
[hold in-reg] uio_in[2] -> _6378_/D : -3.022342
[hold in-reg] uio_in[2] -> _6383_/D : -3.002107
[hold in-reg] uio_in[2] -> _6389_/D : -2.992881
[hold in-reg] uio_in[2] -> _6380_/D : -2.986941
[hold in-reg] uio_in[2] -> _6397_/D : -2.975231
[hold in-reg] uio_in[2] -> _6388_/D : -2.974239
[hold in-reg] uio_in[2] -> _6399_/D : -2.970582
[hold in-reg] uio_in[2] -> _6396_/D : -2.969896
[hold in-reg] uio_in[2] -> _6400_/D : -2.965220
[hold in-reg] uio_in[2] -> _6403_/D : -2.963885
[hold in-reg] uio_in[2] -> _6406_/D : -2.959196
[hold in-reg] uio_in[2] -> _6391_/D : -2.956326
[hold in-reg] uio_in[2] -> _6392_/D : -2.933743
[hold in-reg] uio_in[2] -> _6384_/D : -2.931997
[hold in-reg] uio_in[2] -> _6387_/D : -2.930423
[hold in-reg] uio_in[2] -> _6379_/D : -2.929704
[hold in-reg] uio_in[2] -> _6398_/D : -2.928561
[hold in-reg] uio_in[2] -> _6361_/D : -2.927708
[hold in-reg] uio_in[2] -> _6345_/D : -2.927528
[hold in-reg] uio_in[2] -> _6382_/D : -2.927237
[hold in-reg] uio_in[2] -> _6354_/D : -2.926839
[hold in-reg] uio_in[2] -> _6362_/D : -2.926197
[hold in-reg] uio_in[2] -> _6349_/D : -2.925862
[hold in-reg] uio_in[2] -> _6376_/D : -2.924869
[hold in-reg] uio_in[2] -> _6353_/D : -2.922977
[hold in-reg] uio_in[2] -> _6395_/D : -2.922469
[hold in-reg] uio_in[2] -> _6390_/D : -2.917892
[hold in-reg] uio_in[2] -> _6346_/D : -2.917425
[hold in-reg] uio_in[2] -> _6351_/D : -2.900414
[hold in-reg] uio_in[2] -> _6348_/D : -2.879244
[hold in-reg] uio_in[2] -> _6357_/D : -2.878090
[hold in-reg] uio_in[2] -> _6365_/D : -2.870383
[hold in-reg] uio_in[2] -> _6359_/D : -2.870294
[hold in-reg] uio_in[2] -> _6356_/D : -2.870276
[hold in-reg] uio_in[2] -> _6367_/D : -2.866469
[hold in-reg] uio_in[2] -> _6364_/D : -2.863800
[hold in-reg] uio_in[2] -> _6360_/D : -2.828169
[hold in-reg] uio_in[2] -> _6355_/D : -2.827079
[hold in-reg] uio_in[2] -> _6347_/D : -2.825802
[hold in-reg] uio_in[2] -> _6352_/D : -2.825292
[hold in-reg] uio_in[2] -> _6366_/D : -2.824398
[hold in-reg] uio_in[2] -> _6350_/D : -2.821779
[hold in-reg] uio_in[2] -> _6344_/D : -2.820826
[hold in-reg] uio_in[2] -> _6363_/D : -2.817817
[hold in-reg] uio_in[2] -> _6358_/D : -2.813931
[hold in-reg] uio_in[4] -> _6948_/D : -2.286690
[hold in-reg] uio_in[4] -> _6956_/D : -2.286528
[hold in-reg] uio_in[4] -> _7052_/D : -2.286421
[hold in-reg] uio_in[4] -> _7012_/D : -2.286192
[hold in-reg] uio_in[4] -> _7043_/D : -2.286089
[hold in-reg] uio_in[4] -> _7044_/D : -2.285934
[hold in-reg] uio_in[4] -> _7051_/D : -2.285898
[hold in-reg] uio_in[4] -> _6980_/D : -2.285468
[hold in-reg] uio_in[4] -> _6988_/D : -2.285350
[hold in-reg] uio_in[4] -> _7020_/D : -2.285182
[hold in-reg] uio_in[4] -> _7011_/D : -2.285026
[hold in-reg] uio_in[4] -> _6943_/D : -2.284355
[hold in-reg] uio_in[4] -> _7007_/D : -2.283847
[hold in-reg] uio_in[4] -> _7031_/D : -2.283034
[hold in-reg] uio_in[4] -> _6999_/D : -2.281859
[hold in-reg] uio_in[4] -> _7039_/D : -2.280864
[hold in-reg] uio_in[4] -> _6940_/D : -2.280577
[hold in-reg] uio_in[4] -> _7036_/D : -2.280184
[hold in-reg] uio_in[4] -> _6979_/D : -2.279414
[hold in-reg] uio_in[4] -> _6947_/D : -2.279282
[hold in-reg] uio_in[4] -> _7019_/D : -2.279250
[hold in-reg] uio_in[4] -> _6939_/D : -2.279234
[hold in-reg] uio_in[4] -> _6963_/D : -2.279149
[hold in-reg] uio_in[4] -> _6995_/D : -2.279119
[hold in-reg] uio_in[4] -> _6996_/D : -2.279081
[hold in-reg] uio_in[4] -> _7004_/D : -2.279060
[hold in-reg] uio_in[4] -> _7027_/D : -2.279002
[hold in-reg] uio_in[4] -> _6987_/D : -2.278952
[hold in-reg] uio_in[4] -> _6967_/D : -2.278795
[hold in-reg] uio_in[4] -> _7035_/D : -2.278749
[hold in-reg] uio_in[4] -> _6964_/D : -2.278736
[hold in-reg] uio_in[4] -> _6971_/D : -2.278592
[hold in-reg] uio_in[4] -> _6972_/D : -2.278533
[hold in-reg] uio_in[4] -> _7003_/D : -2.278531
[hold in-reg] uio_in[4] -> _6955_/D : -2.278382
[hold in-reg] uio_in[4] -> _7028_/D : -2.278337
[hold in-reg] uio_in[4] -> _6975_/D : -2.278033
[hold in-reg] uio_in[4] -> _7014_/D : -2.275572
[hold in-reg] uio_in[4] -> _7060_/D : -2.273947
[hold in-reg] uio_in[4] -> _6958_/D : -2.273656
[hold in-reg] uio_in[4] -> _7059_/D : -2.273478
[hold in-reg] uio_in[4] -> _7022_/D : -2.273139
[hold in-reg] uio_in[4] -> _6950_/D : -2.269946
[hold in-reg] uio_in[4] -> _7063_/D : -2.268660
[hold in-reg] uio_in[4] -> _6953_/D : -2.264915
[hold in-reg] uio_in[4] -> _6961_/D : -2.264807
[hold in-reg] uio_in[4] -> _7025_/D : -2.264594
[hold in-reg] uio_in[4] -> _7017_/D : -2.264553
[hold in-reg] uio_in[4] -> _6945_/D : -2.263245
[hold in-reg] uio_in[4] -> _7062_/D : -2.261889
[hold in-reg] uio_in[4] -> _6991_/D : -2.260964
[hold in-reg] uio_in[4] -> _6959_/D : -2.260909
[hold in-reg] uio_in[4] -> _7015_/D : -2.260624
[hold in-reg] uio_in[4] -> _7055_/D : -2.260606
[hold in-reg] uio_in[4] -> _6998_/D : -2.260010
[hold in-reg] uio_in[4] -> _6966_/D : -2.259889
[hold in-reg] uio_in[4] -> _7023_/D : -2.259258
[hold in-reg] uio_in[4] -> _7030_/D : -2.258572
[hold in-reg] uio_in[4] -> _7047_/D : -2.258572
[hold in-reg] uio_in[4] -> _6983_/D : -2.258168
[hold in-reg] uio_in[4] -> _6974_/D : -2.258147
[hold in-reg] uio_in[4] -> _6951_/D : -2.258087
[hold in-reg] uio_in[4] -> _6969_/D : -2.257189
[hold in-reg] uio_in[4] -> _7006_/D : -2.256951
[hold in-reg] uio_in[4] -> _7038_/D : -2.256783
[hold in-reg] uio_in[4] -> _7009_/D : -2.256534
[hold in-reg] uio_in[4] -> _7001_/D : -2.256055
[hold in-reg] uio_in[4] -> _6977_/D : -2.255275
[hold in-reg] uio_in[4] -> _6942_/D : -2.254088
[hold in-reg] uio_in[4] -> _7065_/D : -2.253082
[hold in-reg] uio_in[4] -> _7046_/D : -2.243554
[hold in-reg] uio_in[4] -> _7054_/D : -2.242934
[hold in-reg] uio_in[4] -> _6985_/D : -2.241111
[hold in-reg] uio_in[4] -> _6990_/D : -2.240848
[hold in-reg] uio_in[4] -> _6993_/D : -2.240788
[hold in-reg] uio_in[4] -> _6982_/D : -2.240611
[hold in-reg] uio_in[4] -> _7033_/D : -2.237113
[hold in-reg] uio_in[4] -> _7041_/D : -2.236329
[hold in-reg] uio_in[4] -> _7057_/D : -2.235436
[hold in-reg] uio_in[4] -> _7049_/D : -2.234330
[hold in-reg] uio_in[4] -> _6965_/D : -2.233992
[hold in-reg] uio_in[4] -> _7045_/D : -2.233505
[hold in-reg] uio_in[4] -> _6973_/D : -2.233446
[hold in-reg] uio_in[4] -> _6960_/D : -2.232894
[hold in-reg] uio_in[4] -> _6941_/D : -2.232696
[hold in-reg] uio_in[4] -> _7013_/D : -2.232593
[hold in-reg] uio_in[4] -> _6984_/D : -2.232429
[hold in-reg] uio_in[4] -> _7048_/D : -2.232301
[hold in-reg] uio_in[4] -> _6952_/D : -2.232023
[hold in-reg] uio_in[4] -> _6962_/D : -2.231794
[hold in-reg] uio_in[4] -> _6944_/D : -2.231525
[hold in-reg] uio_in[4] -> _7053_/D : -2.231482
[hold in-reg] uio_in[4] -> _7016_/D : -2.231353
[hold in-reg] uio_in[4] -> _7024_/D : -2.231134
[hold in-reg] uio_in[4] -> _6997_/D : -2.230697
[hold in-reg] uio_in[4] -> _6946_/D : -2.230676
[hold in-reg] uio_in[4] -> _7021_/D : -2.230654
[hold in-reg] uio_in[4] -> _6970_/D : -2.230534
[hold in-reg] uio_in[4] -> _7050_/D : -2.230413
[hold in-reg] uio_in[4] -> _6978_/D : -2.230162
[hold in-reg] uio_in[4] -> _7018_/D : -2.230122
[hold in-reg] uio_in[4] -> _6954_/D : -2.229829
[hold in-reg] uio_in[4] -> _7034_/D : -2.229800
[hold in-reg] uio_in[4] -> _7010_/D : -2.229598
[hold in-reg] uio_in[4] -> _7056_/D : -2.229469
[hold in-reg] uio_in[4] -> _6992_/D : -2.229409
[hold in-reg] uio_in[4] -> _6976_/D : -2.229382
[hold in-reg] uio_in[4] -> _6949_/D : -2.229378
[hold in-reg] uio_in[4] -> _6994_/D : -2.229302
[hold in-reg] uio_in[4] -> _7037_/D : -2.229301
[hold in-reg] uio_in[4] -> _6989_/D : -2.229277
[hold in-reg] uio_in[4] -> _7026_/D : -2.228947
[hold in-reg] uio_in[4] -> _6981_/D : -2.228940
[hold in-reg] uio_in[4] -> _6957_/D : -2.228883
[hold in-reg] uio_in[4] -> _6986_/D : -2.228651
[hold in-reg] uio_in[4] -> _7005_/D : -2.228509
[hold in-reg] uio_in[4] -> _7042_/D : -2.228501
[hold in-reg] uio_in[4] -> _7002_/D : -2.228463
[hold in-reg] uio_in[4] -> _7029_/D : -2.227544
[hold in-reg] uio_in[4] -> _6938_/D : -2.227269
[hold in-reg] uio_in[4] -> _6968_/D : -2.226611
[hold in-reg] uio_in[4] -> _7000_/D : -2.225432
[hold in-reg] uio_in[4] -> _7040_/D : -2.224520
[hold in-reg] uio_in[4] -> _7008_/D : -2.224508
[hold in-reg] uio_in[4] -> _7032_/D : -2.222190
[hold in-reg] uio_in[4] -> _7058_/D : -2.221553
[hold in-reg] uio_in[4] -> _7061_/D : -2.214390
[hold in-reg] uio_in[4] -> _7064_/D : -2.211806
Writing metric timing__hold_vio__count__corner:nom_tt_025C_1v80: 663
Writing metric timing__hold_r2r__ws__corner:nom_tt_025C_1v80: 0.426494
Writing metric timing__hold_r2r_vio__count__corner:nom_tt_025C_1v80: 0
Writing metric timing__setup_vio__count__corner:nom_tt_025C_1v80: 0
Writing metric timing__setup_r2r__ws__corner:nom_tt_025C_1v80: 9.574595
Writing metric timing__setup_r2r_vio__count__corner:nom_tt_025C_1v80: 0
