Clock: clk
Sources: clk 
Generated: no
Virtual: yes
Propagated: no
Period: 100.000000

===========================================================================
report_clock_properties
============================================================================
Clock                   Period          Waveform
----------------------------------------------------
clk                 100.000000    0.000000 50.000000

===========================================================================
report_clock_latency
============================================================================
Clock clk
rise -> rise
    min     max
0.000000 0.000000 source latency
0.790728         network latency _19014_/CLK
        0.855144 network latency _18958_/CLK
---------------
0.790728 0.855144 latency
        0.064417 skew

fall -> fall
    min     max
0.000000 0.000000 source latency
0.627164         network latency _19014_/CLK
        0.670742 network latency _18958_/CLK
---------------
0.627164 0.670742 latency
        0.043578 skew



===========================================================================
report_clock_min_period
============================================================================
clk period_min = 6.55 fmax = 152.58
