
===========================================================================
 report_power
============================================================================
======================= nom_ff_n40C_1v95 Corner ===================================

Group                    Internal    Switching      Leakage        Total
                            Power        Power        Power        Power (Watts)
------------------------------------------------------------------------
Sequential           3.750660e-04 1.031136e-06 1.829209e-08 3.761155e-04  55.2%
Combinational        9.571581e-06 2.515991e-05 1.209367e-07 3.485243e-05   5.1%
Clock                1.041032e-04 1.663256e-04 1.514157e-07 2.705803e-04  39.7%
Macro                0.000000e+00 0.000000e+00 0.000000e+00 0.000000e+00   0.0%
Pad                  0.000000e+00 0.000000e+00 0.000000e+00 0.000000e+00   0.0%
------------------------------------------------------------------------
Total                4.887407e-04 1.925167e-04 2.906428e-07 6.815481e-04 100.0%
                            71.7%        28.2%         0.0%

