Clock: clk
Sources: clk 
Generated: no
Virtual: yes
Propagated: no
Period: 20.000000

===========================================================================
report_clock_properties
============================================================================
Clock                   Period          Waveform
----------------------------------------------------
clk                  20.000000    0.000000 10.000000

===========================================================================
report_clock_latency
============================================================================
Clock clk
rise -> rise
    min     max
0.000000 0.000000 source latency
2.296765         network latency _19338_/CLK
        2.430787 network latency _18958_/CLK
---------------
2.296765 2.430787 latency
        0.134021 skew

fall -> fall
    min     max
0.000000 0.000000 source latency
1.834902         network latency _19338_/CLK
        1.933975 network latency _18958_/CLK
---------------
1.834902 1.933975 latency
        0.099073 skew



===========================================================================
report_clock_min_period
============================================================================
clk period_min = 18.21 fmax = 54.90
