Clock: clk
Sources: clk 
Generated: no
Virtual: yes
Propagated: no
Period: 100.000000

===========================================================================
report_clock_properties
============================================================================
Clock                   Period          Waveform
----------------------------------------------------
clk                 100.000000    0.000000 50.000000

===========================================================================
report_clock_latency
============================================================================
Clock clk
rise -> rise
    min     max
0.000000 0.000000 source latency
1.922484         network latency _19338_/CLK
        2.034015 network latency _18958_/CLK
---------------
1.922484 2.034015 latency
        0.111531 skew

fall -> fall
    min     max
0.000000 0.000000 source latency
1.564335         network latency _19338_/CLK
        1.646054 network latency _18958_/CLK
---------------
1.564335 1.646054 latency
        0.081720 skew



===========================================================================
report_clock_min_period
============================================================================
clk period_min = 17.95 fmax = 55.70
