┏━━━━━━━┳━━━━━━━━━┳━━━━━━━━━━┳━━━━━━━━━━━━━━━━━━━━━━━━━━━━━━━━━━━━━━━━━━━━━━━━━┳━━━━━━━━━━━━━━┳━━━━━━━┓
┃ P / R ┃ Partial ┃ Required ┃ Net                                             ┃ Pin          ┃ Layer ┃
┡━━━━━━━╇━━━━━━━━━╇━━━━━━━━━━╇━━━━━━━━━━━━━━━━━━━━━━━━━━━━━━━━━━━━━━━━━━━━━━━━━╇━━━━━━━━━━━━━━╇━━━━━━━┩
│ 11.65 │ 4661.52 │ 400.00   │ _00820_                                         │ _17772_/A1   │ met3  │
│ 9.88  │ 3951.81 │ 400.00   │ _00818_                                         │ _17769_/A1   │ met3  │
│ 9.16  │ 3662.67 │ 400.00   │ _09334_                                         │ _17700_/A1   │ met3  │
│ 8.41  │ 3364.76 │ 400.00   │ _09338_                                         │ _17706_/A1   │ met3  │
│ 7.71  │ 3084.44 │ 400.00   │ _09250_                                         │ _17574_/A1   │ met3  │
│ 7.49  │ 2996.76 │ 400.00   │ _09246_                                         │ _17568_/A1   │ met3  │
│ 6.88  │ 2751.43 │ 400.00   │ _09276_                                         │ _17613_/A1   │ met3  │
│ 5.98  │ 2392.25 │ 400.00   │ _09268_                                         │ _17601_/A1   │ met3  │
│ 5.74  │ 2295.81 │ 400.00   │ _09346_                                         │ _17718_/A1   │ met3  │
│ 5.13  │ 2050.54 │ 400.00   │ _09210_                                         │ _17515_/A1   │ met3  │
│ 5.10  │ 2041.78 │ 400.00   │ _09332_                                         │ _17697_/A1   │ met3  │
│ 4.89  │ 1954.10 │ 400.00   │ _09361_                                         │ _17739_/A1   │ met3  │
│ 4.75  │ 1900.32 │ 400.00   │ plaintext_reg[100\]                             │ _18418_/A1   │ met3  │
│ 4.67  │ 1866.48 │ 400.00   │ _09200_                                         │ _17500_/A1   │ met3  │
│ 4.24  │ 1694.34 │ 400.00   │ ciphertext_wire[122\]                           │ _18687_/B2   │ met3  │
│ 4.01  │ 1603.62 │ 400.00   │ _09314_                                         │ _17670_/A1   │ met3  │
│ 3.79  │ 1516.00 │ 400.00   │ _09282_                                         │ _17622_/A1   │ met3  │
│ 3.60  │ 1440.87 │ 400.00   │ plaintext_reg[102\]                             │ _18422_/A1   │ met3  │
│ 3.57  │ 1428.38 │ 400.00   │ _09187_                                         │ _17481_/A1   │ met3  │
│ 3.55  │ 1419.62 │ 400.00   │ _09244_                                         │ _17565_/A1   │ met3  │
│ 3.33  │ 1332.00 │ 400.00   │ _09278_                                         │ _17616_/A1   │ met3  │
│ 3.33  │ 1332.00 │ 400.00   │ _09316_                                         │ _17673_/A1   │ met3  │
│ 3.31  │ 1324.34 │ 400.00   │ u_aes128_baseline.u_aes_core.state_reg[32\]     │ fanout1674/A │ met3  │
│ 3.31  │ 1324.34 │ 400.00   │ u_aes128_baseline.u_aes_core.state_reg[32\]     │ fanout1678/A │ met3  │
│ 3.31  │ 1323.24 │ 400.00   │ _00801_                                         │ _17745_/A1   │ met3  │
│ 3.27  │ 1306.25 │ 400.00   │ net234                                          │ wire233/A    │ met3  │
│ 3.26  │ 1302.59 │ 400.00   │ ciphertext_reg[108\]                            │ _09581_/B2   │ met3  │
│ 3.13  │ 1253.14 │ 400.00   │ _09212_                                         │ _17518_/A1   │ met3  │
│ 3.11  │ 1244.38 │ 400.00   │ _09300_                                         │ _17649_/A1   │ met3  │
│ 2.94  │ 1174.29 │ 400.00   │ net16                                           │ _17782_/A1   │ met3  │
│ 2.87  │ 1148.00 │ 400.00   │ _00822_                                         │ _17775_/A1   │ met3  │
│ 2.87  │ 1148.00 │ 400.00   │ _09242_                                         │ _17562_/A1   │ met3  │
│ 2.75  │ 1098.93 │ 400.00   │ _09183_                                         │ fanout326/A  │ met3  │
│ 2.73  │ 1093.75 │ 400.00   │ _01348_                                         │ fanout618/A  │ met3  │
│ 2.71  │ 1084.58 │ 400.00   │ _09198_                                         │ _17497_/A1   │ met2  │
│ 2.67  │ 1069.14 │ 400.00   │ _00799_                                         │ _17742_/A1   │ met3  │
│ 2.67  │ 1067.98 │ 400.00   │ net1989                                         │ fanout1976/A │ met3  │
│ 2.65  │ 1060.38 │ 400.00   │ _00859_                                         │ _17829_/A1   │ met3  │
│ 2.65  │ 1060.38 │ 400.00   │ _03019_                                         │ _11194_/B    │ met3  │
│ 2.62  │ 1047.04 │ 400.00   │ net899                                          │ fanout892/A  │ met3  │
│ 2.62  │ 1047.04 │ 400.00   │ net899                                          │ fanout898/A  │ met3  │
│ 2.53  │ 1010.85 │ 400.00   │ u_aes128_baseline.u_aes_core.state_reg[81\]     │ fanout1391/A │ met3  │
│ 2.51  │ 1002.04 │ 400.00   │ u_aes128_baseline.u_aes_core.state_reg[25\]     │ _10259_/B    │ met3  │
│ 2.51  │ 1002.04 │ 400.00   │ u_aes128_baseline.u_aes_core.state_reg[25\]     │ fanout1713/A │ met3  │
│ 2.51  │ 1002.04 │ 400.00   │ u_aes128_baseline.u_aes_core.state_reg[25\]     │ fanout1719/A │ met3  │
│ 2.50  │ 999.27  │ 400.00   │ ciphertext_reg[115\]                            │ _09571_/A1   │ met3  │
│ 2.45  │ 981.78  │ 400.00   │ net373                                          │ _18725_/C    │ met3  │
│ 2.45  │ 981.59  │ 400.00   │ _09254_                                         │ _17580_/A1   │ met3  │
│ 2.36  │ 943.44  │ 400.00   │ u_aes128_baseline.u_aes_core.state_reg[126\]    │ fanout1109/A │ met3  │
│ 2.35  │ 938.25  │ 400.00   │ u_aes128_baseline.u_aes_core.round_key_reg[18\] │ fanout999/A  │ met3  │
│ 2.35  │ 938.25  │ 400.00   │ net1988                                         │ fanout1984/A │ met3  │
│ 2.28  │ 911.43  │ 400.00   │ _09274_                                         │ _17610_/A1   │ met3  │
│ 2.23  │ 892.92  │ 400.00   │ _00836_                                         │ _17795_/A1   │ met2  │
│ 2.22  │ 886.42  │ 400.00   │ u_aes128_baseline.u_aes_core.state_reg[23\]     │ fanout1728/A │ met3  │
│ 1.99  │ 797.84  │ 400.00   │ _07718_                                         │ _15979_/A1   │ met3  │
│ 1.94  │ 777.81  │ 400.00   │ ciphertext_wire[3\]                             │ _18449_/B2   │ met3  │
│ 1.92  │ 767.32  │ 400.00   │ ciphertext_reg[125\]                            │ _09598_/A1   │ met3  │
│ 1.91  │ 762.86  │ 400.00   │ key_reg[27\]                                    │ _17928_/B2   │ met3  │
│ 1.83  │ 730.99  │ 400.00   │ _01350_                                         │ fanout570/A  │ met3  │
│ 1.83  │ 730.99  │ 400.00   │ _01350_                                         │ fanout586/A  │ met3  │
│ 1.82  │ 727.43  │ 400.00   │ _00838_                                         │ _17798_/A1   │ met3  │
│ 1.82  │ 726.55  │ 400.00   │ net944                                          │ _11296_/A2   │ met3  │
│ 1.82  │ 726.55  │ 400.00   │ net944                                          │ fanout937/A  │ met3  │
│ 1.80  │ 718.25  │ 400.00   │ plaintext_reg[24\]                              │ _18337_/B2   │ met3  │
│ 1.77  │ 709.90  │ 400.00   │ _04906_                                         │ _13208_/C    │ met3  │
│ 1.75  │ 701.43  │ 400.00   │ ciphertext_wire[1\]                             │ _18445_/B2   │ met3  │
│ 1.73  │ 4792.76 │ 2771.60  │ _09202_                                         │ _17503_/A1   │ met3  │
│ 1.72  │ 689.50  │ 400.00   │ u_aes128_baseline.u_aes_core.round_key_reg[20\] │ fanout978/A  │ met3  │
│ 1.70  │ 678.11  │ 400.00   │ ciphertext_reg[116\]                            │ _09584_/A1   │ met3  │
│ 1.67  │ 666.81  │ 400.00   │ _00859_                                         │ _17829_/A1   │ met2  │
│ 1.58  │ 632.45  │ 400.00   │ u_aes128_baseline.u_aes_core.state_reg[77\]     │ fanout1405/A │ met3  │
│ 1.58  │ 631.05  │ 400.00   │ _09225_                                         │ _17537_/A1   │ met3  │
│ 1.58  │ 630.01  │ 400.00   │ net860                                          │ fanout855/A  │ met3  │
│ 1.58  │ 630.01  │ 400.00   │ net860                                          │ fanout858/A  │ met3  │
│ 1.57  │ 627.27  │ 400.00   │ _01347_                                         │ fanout646/A  │ met3  │
│ 1.56  │ 624.58  │ 400.00   │ _00818_                                         │ _17769_/A1   │ met2  │
│ 1.56  │ 4310.86 │ 2771.60  │ _09340_                                         │ _17709_/A1   │ met3  │
│ 1.53  │ 613.07  │ 400.00   │ net2079                                         │ _18153_/C    │ met2  │
│ 1.53  │ 613.07  │ 400.00   │ net2079                                         │ _18154_/C_N  │ met2  │
│ 1.49  │ 594.03  │ 400.00   │ _09206_                                         │ _17509_/A1   │ met2  │
│ 1.48  │ 590.14  │ 400.00   │ _09212_                                         │ _17518_/A1   │ met2  │
│ 1.47  │ 4337.14 │ 2956.40  │ net20                                           │ _17592_/A1   │ met3  │
│ 1.46  │ 584.73  │ 400.00   │ _06546_                                         │ _15418_/B2   │ met3  │
│ 1.46  │ 584.60  │ 400.00   │ _01463_                                         │ _09652_/A1   │ met3  │
│ 1.46  │ 584.44  │ 400.00   │ _04387_                                         │ _12590_/C1   │ met3  │
│ 1.46  │ 582.36  │ 400.00   │ _00801_                                         │ _17745_/A1   │ met2  │
│ 1.45  │ 581.33  │ 400.00   │ net608                                          │ _17610_/S    │ met3  │
│ 1.45  │ 581.33  │ 400.00   │ net608                                          │ _18142_/B1   │ met3  │
│ 1.44  │ 575.44  │ 400.00   │ u_aes128_baseline.u_aes_core.round_key_reg[30\] │ fanout905/A  │ met3  │
│ 1.44  │ 575.44  │ 400.00   │ u_aes128_baseline.u_aes_core.state_reg[26\]     │ fanout1705/A │ met3  │
│ 1.44  │ 575.44  │ 400.00   │ net1976                                         │ fanout1975/A │ met3  │
│ 1.43  │ 3960.38 │ 2771.60  │ _00874_                                         │ _17851_/A1   │ met4  │
│ 1.41  │ 564.76  │ 400.00   │ _02054_                                         │ _10219_/B1   │ met3  │
│ 1.41  │ 564.76  │ 400.00   │ _02054_                                         │ _10831_/B1_N │ met3  │
│ 1.41  │ 562.57  │ 400.00   │ _07061_                                         │ _15301_/A3   │ met3  │
│ 1.40  │ 3881.52 │ 2771.60  │ _00870_                                         │ _17845_/A1   │ met3  │
│ 1.39  │ 556.01  │ 400.00   │ _02870_                                         │ _11135_/A0   │ met3  │
│ 1.39  │ 556.01  │ 400.00   │ _02870_                                         │ _11199_/A    │ met3  │
│ 1.38  │ 551.81  │ 400.00   │ _00799_                                         │ _17742_/A1   │ met2  │
│ 1.37  │ 548.88  │ 400.00   │ _09184_                                         │ _17900_/B2   │ met3  │
│ 1.37  │ 548.83  │ 400.00   │ _01254_                                         │ _12245_/A    │ met2  │
│ 1.37  │ 547.67  │ 400.00   │ _09328_                                         │ _17691_/A1   │ met1  │
│ 1.36  │ 543.49  │ 400.00   │ _09219_                                         │ _17528_/A1   │ met3  │
│ 1.35  │ 539.83  │ 400.00   │ _02105_                                         │ _10272_/A2   │ met3  │
│ 1.35  │ 539.83  │ 400.00   │ _02409_                                         │ _10577_/A2   │ met3  │
│ 1.35  │ 539.83  │ 400.00   │ _03080_                                         │ wire142/A    │ met3  │
│ 1.34  │ 535.24  │ 400.00   │ _07863_                                         │ _16151_/A    │ met3  │
│ 1.34  │ 534.67  │ 400.00   │ _03632_                                         │ _11812_/B    │ met3  │
│ 1.31  │ 523.61  │ 400.00   │ _01216_                                         │ fanout842/A  │ met3  │
│ 1.30  │ 521.25  │ 400.00   │ _09268_                                         │ _17601_/A1   │ met2  │
│ 1.30  │ 3601.14 │ 2771.60  │ _09304_                                         │ _17655_/A1   │ met3  │
│ 1.27  │ 509.96  │ 400.00   │ net1976                                         │ fanout1948/A │ met2  │
│ 1.27  │ 3513.52 │ 2771.60  │ _09288_                                         │ _17631_/A1   │ met3  │
│ 1.26  │ 504.15  │ 400.00   │ _05895_                                         │ _14103_/A2   │ met3  │
│ 1.25  │ 500.08  │ 400.00   │ _05288_                                         │ _13489_/A1   │ met3  │
│ 1.24  │ 3434.67 │ 2771.60  │ _00861_                                         │ _17832_/A1   │ met3  │
│ 1.24  │ 495.22  │ 400.00   │ _06716_                                         │ _14950_/A2   │ met3  │
│ 1.24  │ 495.22  │ 400.00   │ _08897_                                         │ _17165_/A2   │ met3  │
│ 1.21  │ 3347.05 │ 2771.60  │ _00834_                                         │ _17792_/A1   │ met3  │
│ 1.21  │ 3347.05 │ 2771.60  │ _00866_                                         │ _17839_/A1   │ met3  │
│ 1.20  │ 480.39  │ 400.00   │ _09342_                                         │ _17712_/A1   │ met1  │
│ 1.20  │ 479.04  │ 400.00   │ _04331_                                         │ _12523_/B1   │ met3  │
│ 1.20  │ 479.04  │ 400.00   │ _04331_                                         │ _12592_/C    │ met3  │
│ 1.19  │ 476.96  │ 400.00   │ net253                                          │ fanout252/A  │ met3  │
│ 1.19  │ 3294.48 │ 2771.60  │ _09270_                                         │ _17604_/A1   │ met4  │
│ 1.19  │ 475.14  │ 400.00   │ _09288_                                         │ _17631_/A1   │ met2  │
│ 1.19  │ 475.14  │ 400.00   │ net18                                           │ _17755_/A1   │ met2  │
│ 1.18  │ 471.25  │ 400.00   │ _09276_                                         │ _17613_/A1   │ met2  │
│ 1.18  │ 3259.43 │ 2771.60  │ _09188_                                         │ _17482_/A1   │ met4  │
│ 1.17  │ 467.36  │ 400.00   │ _00866_                                         │ _17839_/A1   │ met2  │
│ 1.14  │ 3171.81 │ 2771.60  │ _09192_                                         │ _17488_/A1   │ met3  │
│ 1.14  │ 455.08  │ 400.00   │ ciphertext_reg[51\]                             │ _09569_/A1   │ met3  │
│ 1.12  │ 447.05  │ 400.00   │ _01888_                                         │ _11128_/C    │ met3  │
│ 1.11  │ 3084.19 │ 2771.60  │ _00803_                                         │ _17748_/A1   │ met4  │
│ 1.10  │ 441.58  │ 400.00   │ u_aes128_baseline.u_aes_core.state_reg[24\]     │ fanout1720/A │ met1  │
│ 1.10  │ 441.00  │ 400.00   │ ciphertext_reg[109\]                            │ _09591_/A1   │ met2  │
│ 1.09  │ 434.20  │ 400.00   │ _05016_                                         │ wire139/A    │ met3  │
│ 1.08  │ 432.82  │ 400.00   │ net178                                          │ fanout166/A  │ met3  │
│ 1.08  │ 432.82  │ 400.00   │ net178                                          │ fanout168/A  │ met3  │
│ 1.08  │ 432.82  │ 400.00   │ net178                                          │ fanout170/A  │ met3  │
│ 1.08  │ 432.82  │ 400.00   │ net178                                          │ fanout177/A  │ met3  │
│ 1.08  │ 432.39  │ 400.00   │ _00838_                                         │ _17798_/A1   │ met2  │
│ 1.07  │ 429.03  │ 400.00   │ net3                                            │ _18156_/A    │ met2  │
│ 1.05  │ 419.94  │ 400.00   │ _01272_                                         │ fanout750/A  │ met3  │
│ 1.05  │ 2908.95 │ 2771.60  │ _09186_                                         │ _17479_/A1   │ met3  │
│ 1.05  │ 2908.95 │ 2771.60  │ _09312_                                         │ _17667_/A1   │ met3  │
│ 1.05  │ 2900.19 │ 2771.60  │ _00816_                                         │ _17766_/A1   │ met3  │
│ 1.03  │ 410.47  │ 400.00   │ _03255_                                         │ _11818_/A2   │ met3  │
│ 1.02  │ 406.01  │ 400.00   │ _07732_                                         │ _17206_/A2   │ met3  │
│ 1.01  │ 402.36  │ 400.00   │ _00822_                                         │ _17775_/A1   │ met2  │
└───────┴─────────┴──────────┴─────────────────────────────────────────────────┴──────────────┴───────┘
