                                                                        Cells by Master                                                                         
┏━━━━━━━━━━━━━━━━━━━━━━━━━━━━━━━━━━━━━━━━━━━━━━━━━━━━━━━━━━━━━━━━━━━━━━━━━━━━━━━━━━━━━━━━━━━━━━━━━━━━━━━━━━━━━━━━━━━━━━━━━━━━━━━━━━━┳━━━━━━━━━━━━━━━━━━━━━━━━━━┓
┃ Cell                                                                                                                              ┃ Count                    ┃
┡━━━━━━━━━━━━━━━━━━━━━━━━━━━━━━━━━━━━━━━━━━━━━━━━━━━━━━━━━━━━━━━━━━━━━━━━━━━━━━━━━━━━━━━━━━━━━━━━━━━━━━━━━━━━━━━━━━━━━━━━━━━━━━━━━━━╇━━━━━━━━━━━━━━━━━━━━━━━━━━┩
│ sky130_fd_sc_hd__a211o_2                                                                                                          │ 127                      │
│ sky130_fd_sc_hd__a211oi_2                                                                                                         │ 1                        │
│ sky130_fd_sc_hd__a21bo_2                                                                                                          │ 74                       │
│ sky130_fd_sc_hd__a21o_2                                                                                                           │ 225                      │
│ sky130_fd_sc_hd__a21oi_2                                                                                                          │ 71                       │
│ sky130_fd_sc_hd__a21oi_4                                                                                                          │ 3                        │
│ sky130_fd_sc_hd__a221o_2                                                                                                          │ 109                      │
│ sky130_fd_sc_hd__a22o_2                                                                                                           │ 234                      │
│ sky130_fd_sc_hd__a22oi_2                                                                                                          │ 1                        │
│ sky130_fd_sc_hd__a2bb2o_2                                                                                                         │ 32                       │
│ sky130_fd_sc_hd__a311oi_2                                                                                                         │ 1                        │
│ sky130_fd_sc_hd__a31o_2                                                                                                           │ 15                       │
│ sky130_fd_sc_hd__a31oi_2                                                                                                          │ 2                        │
│ sky130_fd_sc_hd__a32o_2                                                                                                           │ 74                       │
│ sky130_fd_sc_hd__a41o_2                                                                                                           │ 2                        │
│ sky130_fd_sc_hd__and2_2                                                                                                           │ 17                       │
│ sky130_fd_sc_hd__and2b_2                                                                                                          │ 40                       │
│ sky130_fd_sc_hd__and3_2                                                                                                           │ 50                       │
│ sky130_fd_sc_hd__and3b_2                                                                                                          │ 18                       │
│ sky130_fd_sc_hd__and4_2                                                                                                           │ 9                        │
│ sky130_fd_sc_hd__and4b_2                                                                                                          │ 3                        │
│ sky130_fd_sc_hd__and4bb_2                                                                                                         │ 3                        │
│ sky130_fd_sc_hd__buf_1                                                                                                            │ 3                        │
│ sky130_fd_sc_hd__buf_2                                                                                                            │ 55                       │
│ sky130_fd_sc_hd__buf_4                                                                                                            │ 85                       │
│ sky130_fd_sc_hd__buf_6                                                                                                            │ 10                       │
│ sky130_fd_sc_hd__buf_8                                                                                                            │ 2                        │
│ sky130_fd_sc_hd__bufinv_16                                                                                                        │ 2                        │
│ sky130_fd_sc_hd__clkbuf_16                                                                                                        │ 17                       │
│ sky130_fd_sc_hd__clkbuf_2                                                                                                         │ 15                       │
│ sky130_fd_sc_hd__clkbuf_4                                                                                                         │ 152                      │
│ sky130_fd_sc_hd__clkbuf_8                                                                                                         │ 131                      │
│ sky130_fd_sc_hd__clkdlybuf4s25_1                                                                                                  │ 553                      │
│ sky130_fd_sc_hd__clkinv_4                                                                                                         │ 1                        │
│ sky130_fd_sc_hd__conb_1                                                                                                           │ 13                       │
│ sky130_fd_sc_hd__decap_3                                                                                                          │ 17230                    │
│ sky130_fd_sc_hd__dfrtp_2                                                                                                          │ 1009                     │
│ sky130_fd_sc_hd__dfstp_2                                                                                                          │ 1                        │
│ sky130_fd_sc_hd__diode_2                                                                                                          │ 90                       │
│ sky130_fd_sc_hd__dlygate4sd3_1                                                                                                    │ 714                      │
│ sky130_fd_sc_hd__fill_1                                                                                                           │ 1933                     │
│ sky130_fd_sc_hd__fill_2                                                                                                           │ 1234                     │
│ sky130_fd_sc_hd__inv_2                                                                                                            │ 51                       │
│ sky130_fd_sc_hd__mux2_1                                                                                                           │ 711                      │
│ sky130_fd_sc_hd__mux4_2                                                                                                           │ 20                       │
│ sky130_fd_sc_hd__nand2_2                                                                                                          │ 123                      │
│ sky130_fd_sc_hd__nand2b_2                                                                                                         │ 2                        │
│ sky130_fd_sc_hd__nand3_2                                                                                                          │ 14                       │
│ sky130_fd_sc_hd__nand3b_2                                                                                                         │ 4                        │
│ sky130_fd_sc_hd__nand4_2                                                                                                          │ 1                        │
│ sky130_fd_sc_hd__nor2_2                                                                                                           │ 116                      │
│ sky130_fd_sc_hd__nor2_4                                                                                                           │ 3                        │
│ sky130_fd_sc_hd__nor3_2                                                                                                           │ 2                        │
│ sky130_fd_sc_hd__nor3_4                                                                                                           │ 1                        │
│ sky130_fd_sc_hd__nor4_2                                                                                                           │ 1                        │
│ sky130_fd_sc_hd__o2111a_2                                                                                                         │ 5                        │
│ sky130_fd_sc_hd__o2111ai_2                                                                                                        │ 2                        │
│ sky130_fd_sc_hd__o211a_2                                                                                                          │ 87                       │
│ sky130_fd_sc_hd__o211ai_2                                                                                                         │ 29                       │
│ sky130_fd_sc_hd__o21a_2                                                                                                           │ 21                       │
│ sky130_fd_sc_hd__o21ai_2                                                                                                          │ 11                       │
│ sky130_fd_sc_hd__o21ba_2                                                                                                          │ 1                        │
│ sky130_fd_sc_hd__o221a_2                                                                                                          │ 74                       │
│ sky130_fd_sc_hd__o22a_2                                                                                                           │ 140                      │
│ sky130_fd_sc_hd__o22ai_2                                                                                                          │ 1                        │
│ sky130_fd_sc_hd__o2bb2a_2                                                                                                         │ 16                       │
│ sky130_fd_sc_hd__o32a_2                                                                                                           │ 1                        │
│ sky130_fd_sc_hd__or2_2                                                                                                            │ 89                       │
│ sky130_fd_sc_hd__or3_2                                                                                                            │ 24                       │
│ sky130_fd_sc_hd__or3b_2                                                                                                           │ 5                        │
│ sky130_fd_sc_hd__or4_2                                                                                                            │ 5                        │
│ sky130_fd_sc_hd__or4b_2                                                                                                           │ 9                        │
│ sky130_fd_sc_hd__or4bb_2                                                                                                          │ 3                        │
│ sky130_fd_sc_hd__tapvpwrvgnd_1                                                                                                    │ 2158                     │
│ sky130_fd_sc_hd__xnor2_2                                                                                                          │ 158                      │
│ sky130_fd_sc_hd__xnor2_4                                                                                                          │ 1                        │
│ sky130_fd_sc_hd__xor2_2                                                                                                           │ 206                      │
└───────────────────────────────────────────────────────────────────────────────────────────────────────────────────────────────────┴──────────────────────────┘
