                                                                       Cells by Function                                                                        
┏━━━━━━━━━━━━━━━━━━━━━━━━━━━━━━━━━━━━━━━━━━━━━━━━━━━━━━━━━━━━━━━━━━━━━━━━━━━━━━━━━━━━━━━━━━━━━━━━━━━━━━━━━━━━━━━━━━━━━━━━━━━━━━━━━┳━━━━━━━━━━━━━━━━━━━━━━━━━━━━┓
┃ Cell Function                                                                                                                   ┃ Count                      ┃
┡━━━━━━━━━━━━━━━━━━━━━━━━━━━━━━━━━━━━━━━━━━━━━━━━━━━━━━━━━━━━━━━━━━━━━━━━━━━━━━━━━━━━━━━━━━━━━━━━━━━━━━━━━━━━━━━━━━━━━━━━━━━━━━━━━╇━━━━━━━━━━━━━━━━━━━━━━━━━━━━┩
│ sky130_fd_sc_hd__a211o                                                                                                          │ 127                        │
│ sky130_fd_sc_hd__a211oi                                                                                                         │ 1                          │
│ sky130_fd_sc_hd__a21bo                                                                                                          │ 74                         │
│ sky130_fd_sc_hd__a21o                                                                                                           │ 225                        │
│ sky130_fd_sc_hd__a21oi                                                                                                          │ 74                         │
│ sky130_fd_sc_hd__a221o                                                                                                          │ 109                        │
│ sky130_fd_sc_hd__a22o                                                                                                           │ 234                        │
│ sky130_fd_sc_hd__a22oi                                                                                                          │ 1                          │
│ sky130_fd_sc_hd__a2bb2o                                                                                                         │ 32                         │
│ sky130_fd_sc_hd__a311oi                                                                                                         │ 1                          │
│ sky130_fd_sc_hd__a31o                                                                                                           │ 15                         │
│ sky130_fd_sc_hd__a31oi                                                                                                          │ 2                          │
│ sky130_fd_sc_hd__a32o                                                                                                           │ 74                         │
│ sky130_fd_sc_hd__a41o                                                                                                           │ 2                          │
│ sky130_fd_sc_hd__and2                                                                                                           │ 17                         │
│ sky130_fd_sc_hd__and2b                                                                                                          │ 40                         │
│ sky130_fd_sc_hd__and3                                                                                                           │ 50                         │
│ sky130_fd_sc_hd__and3b                                                                                                          │ 18                         │
│ sky130_fd_sc_hd__and4                                                                                                           │ 9                          │
│ sky130_fd_sc_hd__and4b                                                                                                          │ 3                          │
│ sky130_fd_sc_hd__and4bb                                                                                                         │ 3                          │
│ sky130_fd_sc_hd__buf                                                                                                            │ 155                        │
│ sky130_fd_sc_hd__bufinv                                                                                                         │ 2                          │
│ sky130_fd_sc_hd__clkbuf                                                                                                         │ 315                        │
│ sky130_fd_sc_hd__clkdlybuf4s25                                                                                                  │ 553                        │
│ sky130_fd_sc_hd__clkinv                                                                                                         │ 1                          │
│ sky130_fd_sc_hd__conb                                                                                                           │ 13                         │
│ sky130_fd_sc_hd__decap                                                                                                          │ 17230                      │
│ sky130_fd_sc_hd__dfrtp                                                                                                          │ 1009                       │
│ sky130_fd_sc_hd__dfstp                                                                                                          │ 1                          │
│ sky130_fd_sc_hd__diode                                                                                                          │ 90                         │
│ sky130_fd_sc_hd__dlygate4sd3                                                                                                    │ 714                        │
│ sky130_fd_sc_hd__fill                                                                                                           │ 3167                       │
│ sky130_fd_sc_hd__inv                                                                                                            │ 51                         │
│ sky130_fd_sc_hd__mux2                                                                                                           │ 711                        │
│ sky130_fd_sc_hd__mux4                                                                                                           │ 20                         │
│ sky130_fd_sc_hd__nand2                                                                                                          │ 123                        │
│ sky130_fd_sc_hd__nand2b                                                                                                         │ 2                          │
│ sky130_fd_sc_hd__nand3                                                                                                          │ 14                         │
│ sky130_fd_sc_hd__nand3b                                                                                                         │ 4                          │
│ sky130_fd_sc_hd__nand4                                                                                                          │ 1                          │
│ sky130_fd_sc_hd__nor2                                                                                                           │ 119                        │
│ sky130_fd_sc_hd__nor3                                                                                                           │ 3                          │
│ sky130_fd_sc_hd__nor4                                                                                                           │ 1                          │
│ sky130_fd_sc_hd__o2111a                                                                                                         │ 5                          │
│ sky130_fd_sc_hd__o2111ai                                                                                                        │ 2                          │
│ sky130_fd_sc_hd__o211a                                                                                                          │ 87                         │
│ sky130_fd_sc_hd__o211ai                                                                                                         │ 29                         │
│ sky130_fd_sc_hd__o21a                                                                                                           │ 21                         │
│ sky130_fd_sc_hd__o21ai                                                                                                          │ 11                         │
│ sky130_fd_sc_hd__o21ba                                                                                                          │ 1                          │
│ sky130_fd_sc_hd__o221a                                                                                                          │ 74                         │
│ sky130_fd_sc_hd__o22a                                                                                                           │ 140                        │
│ sky130_fd_sc_hd__o22ai                                                                                                          │ 1                          │
│ sky130_fd_sc_hd__o2bb2a                                                                                                         │ 16                         │
│ sky130_fd_sc_hd__o32a                                                                                                           │ 1                          │
│ sky130_fd_sc_hd__or2                                                                                                            │ 89                         │
│ sky130_fd_sc_hd__or3                                                                                                            │ 24                         │
│ sky130_fd_sc_hd__or3b                                                                                                           │ 5                          │
│ sky130_fd_sc_hd__or4                                                                                                            │ 5                          │
│ sky130_fd_sc_hd__or4b                                                                                                           │ 9                          │
│ sky130_fd_sc_hd__or4bb                                                                                                          │ 3                          │
│ sky130_fd_sc_hd__tapvpwrvgnd                                                                                                    │ 2158                       │
│ sky130_fd_sc_hd__xnor2                                                                                                          │ 159                        │
│ sky130_fd_sc_hd__xor2                                                                                                           │ 206                        │
└─────────────────────────────────────────────────────────────────────────────────────────────────────────────────────────────────┴────────────────────────────┘
