
===========================================================================
report_checks -unconstrained
===========================================================================
======================= nom_tt_025C_1v80 Corner ===================================

Startpoint: rst_n (input port clocked by clk)
Endpoint: _6430_ (recovery check against rising-edge clock clk)
Path Group: asynchronous
Path Type: max

Fanout         Cap        Slew       Delay        Time   Description
---------------------------------------------------------------------------------------------
                                  0.000000    0.000000   clock clk (rise edge)
                                  0.000000    0.000000   clock network delay (propagated)
                                 20.000000   20.000000 ^ input external delay
     1    0.007936    0.042247    0.027407   20.027409 ^ rst_n (in)
                                                         rst_n (net)
                      0.042248    0.000000   20.027409 ^ input1/A (sky130_fd_sc_hd__clkdlybuf4s25_1)
     1    0.005361    0.067398    0.260027   20.287434 ^ input1/X (sky130_fd_sc_hd__clkdlybuf4s25_1)
                                                         net1 (net)
                      0.067398    0.000162   20.287596 ^ fanout848/A (sky130_fd_sc_hd__clkdlybuf4s25_1)
    12    0.156772    1.548854    1.300776   21.588373 ^ fanout848/X (sky130_fd_sc_hd__clkdlybuf4s25_1)
                                                         net848 (net)
                      1.548860    0.002565   21.590939 ^ fanout740/A (sky130_fd_sc_hd__clkdlybuf4s25_1)
     5    0.062494    0.620275    0.832816   22.423754 ^ fanout740/X (sky130_fd_sc_hd__clkdlybuf4s25_1)
                                                         net740 (net)
                      0.620283    0.003217   22.426971 ^ fanout713/A (sky130_fd_sc_hd__clkdlybuf4s25_1)
     7    0.056140    0.560280    0.719984   23.146955 ^ fanout713/X (sky130_fd_sc_hd__clkdlybuf4s25_1)
                                                         net713 (net)
                      0.560280    0.000625   23.147581 ^ fanout704/A (sky130_fd_sc_hd__clkdlybuf4s25_1)
     5    0.022853    0.234795    0.484910   23.632490 ^ fanout704/X (sky130_fd_sc_hd__clkdlybuf4s25_1)
                                                         net704 (net)
                      0.234798    0.001217   23.633707 ^ fanout703/A (sky130_fd_sc_hd__clkdlybuf4s25_1)
     8    0.045926    0.460222    0.591539   24.225246 ^ fanout703/X (sky130_fd_sc_hd__clkdlybuf4s25_1)
                                                         net703 (net)
                      0.460222    0.001043   24.226290 ^ fanout701/A (sky130_fd_sc_hd__clkdlybuf4s25_1)
     2    0.008589    0.097611    0.373749   24.600039 ^ fanout701/X (sky130_fd_sc_hd__clkdlybuf4s25_1)
                                                         net701 (net)
                      0.097611    0.000234   24.600273 ^ load_slew702/A (sky130_fd_sc_hd__clkbuf_4)
     9    0.045467    0.143528    0.226613   24.826885 ^ load_slew702/X (sky130_fd_sc_hd__clkbuf_4)
                                                         net702 (net)
                      0.143566    0.002260   24.829145 ^ fanout699/A (sky130_fd_sc_hd__clkdlybuf4s25_1)
     2    0.008217    0.094191    0.313026   25.142172 ^ fanout699/X (sky130_fd_sc_hd__clkdlybuf4s25_1)
                                                         net699 (net)
                      0.094191    0.000146   25.142317 ^ load_slew700/A (sky130_fd_sc_hd__buf_4)
     9    0.044436    0.129162    0.192614   25.334930 ^ load_slew700/X (sky130_fd_sc_hd__buf_4)
                                                         net700 (net)
                      0.129185    0.001695   25.336626 ^ _6430_/RESET_B (sky130_fd_sc_hd__dfrtp_2)
                                             25.336626   data arrival time

                                100.000000  100.000000   clock clk (rise edge)
                                  0.000000  100.000000   clock source latency
     1    0.039973    0.184320    0.128793  100.128792 ^ clk (in)
                                                         clk (net)
                      0.184345    0.000000  100.128792 ^ clkbuf_0_clk/A (sky130_fd_sc_hd__clkbuf_16)
     8    0.138955    0.152058    0.255803  100.384590 ^ clkbuf_0_clk/X (sky130_fd_sc_hd__clkbuf_16)
                                                         clknet_0_clk (net)
                      0.153447    0.011589  100.396179 ^ clkbuf_3_1_0_clk/A (sky130_fd_sc_hd__clkbuf_8)
     2    0.026341    0.061245    0.178055  100.574234 ^ clkbuf_3_1_0_clk/X (sky130_fd_sc_hd__clkbuf_8)
                                                         clknet_3_1_0_clk (net)
                      0.061289    0.001457  100.575691 ^ clkbuf_4_2__f_clk/A (sky130_fd_sc_hd__clkbuf_16)
     6    0.065530    0.083129    0.166203  100.741898 ^ clkbuf_4_2__f_clk/X (sky130_fd_sc_hd__clkbuf_16)
                                                         clknet_4_2__leaf_clk (net)
                      0.083192    0.002075  100.743973 ^ clkbuf_leaf_82_clk/A (sky130_fd_sc_hd__clkbuf_8)
    12    0.035323    0.074515    0.164874  100.908844 ^ clkbuf_leaf_82_clk/X (sky130_fd_sc_hd__clkbuf_8)
                                                         clknet_leaf_82_clk (net)
                      0.074517    0.000561  100.909409 ^ _6430_/CLK (sky130_fd_sc_hd__dfrtp_2)
                                 -0.250000  100.659409   clock uncertainty
                                  0.000000  100.659409   clock reconvergence pessimism
                                  0.203250  100.862663   library recovery time
                                            100.862663   data required time
---------------------------------------------------------------------------------------------
                                            100.862663   data required time
                                            -25.336626   data arrival time
---------------------------------------------------------------------------------------------
                                             75.526031   slack (MET)


Startpoint: _7074_ (rising edge-triggered flip-flop clocked by clk)
Endpoint: uo_out[5] (output port clocked by clk)
Path Group: clk
Path Type: max

Fanout         Cap        Slew       Delay        Time   Description
---------------------------------------------------------------------------------------------
                                  0.000000    0.000000   clock clk (rise edge)
                                  0.000000    0.000000   clock source latency
     1    0.039973    0.184320    0.128793    0.128793 ^ clk (in)
                                                         clk (net)
                      0.184345    0.000000    0.128793 ^ clkbuf_0_clk/A (sky130_fd_sc_hd__clkbuf_16)
     8    0.138955    0.152058    0.255799    0.384592 ^ clkbuf_0_clk/X (sky130_fd_sc_hd__clkbuf_16)
                                                         clknet_0_clk (net)
                      0.153727    0.012688    0.397280 ^ clkbuf_3_2_0_clk/A (sky130_fd_sc_hd__clkbuf_8)
     2    0.032046    0.069991    0.185100    0.582381 ^ clkbuf_3_2_0_clk/X (sky130_fd_sc_hd__clkbuf_8)
                                                         clknet_3_2_0_clk (net)
                      0.070007    0.001061    0.583442 ^ clkbuf_4_4__f_clk/A (sky130_fd_sc_hd__clkbuf_16)
     6    0.057445    0.075839    0.163166    0.746608 ^ clkbuf_4_4__f_clk/X (sky130_fd_sc_hd__clkbuf_16)
                                                         clknet_4_4__leaf_clk (net)
                      0.076076    0.002964    0.749572 ^ clkbuf_leaf_20_clk/A (sky130_fd_sc_hd__clkbuf_8)
    10    0.035251    0.074390    0.162076    0.911648 ^ clkbuf_leaf_20_clk/X (sky130_fd_sc_hd__clkbuf_8)
                                                         clknet_leaf_20_clk (net)
                      0.074402    0.000974    0.912622 ^ _7074_/CLK (sky130_fd_sc_hd__dfrtp_2)
     1    0.003873    0.043030    0.347646    1.260268 ^ _7074_/Q (sky130_fd_sc_hd__dfrtp_2)
                                                         output_index[0] (net)
                      0.043030    0.000130    1.260399 ^ fanout563/A (sky130_fd_sc_hd__clkdlybuf4s25_1)
     5    0.068575    0.682182    0.689951    1.950350 ^ fanout563/X (sky130_fd_sc_hd__clkdlybuf4s25_1)
                                                         net563 (net)
                      0.682183    0.000725    1.951075 ^ fanout558/A (sky130_fd_sc_hd__clkdlybuf4s25_1)
     7    0.038727    0.389741    0.608572    2.559647 ^ fanout558/X (sky130_fd_sc_hd__clkdlybuf4s25_1)
                                                         net558 (net)
                      0.389741    0.000929    2.560575 ^ _3107_/A (sky130_fd_sc_hd__and2_2)
     3    0.061643    0.315691    0.429015    2.989590 ^ _3107_/X (sky130_fd_sc_hd__and2_2)
                                                         _1061_ (net)
                      0.315691    0.001043    2.990633 ^ fanout416/A (sky130_fd_sc_hd__clkdlybuf4s25_1)
     6    0.045593    0.456892    0.604659    3.595293 ^ fanout416/X (sky130_fd_sc_hd__clkdlybuf4s25_1)
                                                         net416 (net)
                      0.456892    0.000496    3.595789 ^ fanout415/A (sky130_fd_sc_hd__clkdlybuf4s25_1)
    10    0.055778    0.556130    0.695249    4.291038 ^ fanout415/X (sky130_fd_sc_hd__clkdlybuf4s25_1)
                                                         net415 (net)
                      0.556130    0.001970    4.293007 ^ _3108_/B (sky130_fd_sc_hd__nor2_2)
     2    0.055926    0.212381    0.268035    4.561043 v _3108_/Y (sky130_fd_sc_hd__nor2_2)
                                                         _1062_ (net)
                      0.212461    0.003205    4.564248 v fanout309/A (sky130_fd_sc_hd__clkdlybuf4s25_1)
     5    0.025958    0.196064    0.434906    4.999154 v fanout309/X (sky130_fd_sc_hd__clkdlybuf4s25_1)
                                                         net309 (net)
                      0.196064    0.000626    4.999780 v load_slew310/A (sky130_fd_sc_hd__clkbuf_4)
     5    0.064678    0.131478    0.294024    5.293804 v load_slew310/X (sky130_fd_sc_hd__clkbuf_4)
                                                         net310 (net)
                      0.131563    0.003066    5.296870 v fanout308/A (sky130_fd_sc_hd__clkdlybuf4s25_1)
    10    0.054056    0.394965    0.553456    5.850325 v fanout308/X (sky130_fd_sc_hd__clkdlybuf4s25_1)
                                                         net308 (net)
                      0.394967    0.001574    5.851899 v _3189_/B1 (sky130_fd_sc_hd__a221o_2)
     1    0.003883    0.057064    0.447641    6.299540 v _3189_/X (sky130_fd_sc_hd__a221o_2)
                                                         _1138_ (net)
                      0.057064    0.000127    6.299667 v _3190_/B1 (sky130_fd_sc_hd__a21o_2)
     1    0.002633    0.032866    0.182317    6.481984 v _3190_/X (sky130_fd_sc_hd__a21o_2)
                                                         _1139_ (net)
                      0.032866    0.000079    6.482063 v _3194_/B (sky130_fd_sc_hd__and3_2)
     1    0.002955    0.040155    0.182491    6.664555 v _3194_/X (sky130_fd_sc_hd__and3_2)
                                                         _1143_ (net)
                      0.040155    0.000063    6.664618 v _3195_/B1 (sky130_fd_sc_hd__a31o_2)
     1    0.029546    0.099018    0.279774    6.944392 v _3195_/X (sky130_fd_sc_hd__a31o_2)
                                                         _1144_ (net)
                      0.099050    0.001678    6.946070 v _3196_/A1 (sky130_fd_sc_hd__mux2_1)
     1    0.051702    0.264833    0.518039    7.464109 v _3196_/X (sky130_fd_sc_hd__mux2_1)
                                                         net29 (net)
                      0.265030    0.006521    7.470631 v wire29/A (sky130_fd_sc_hd__buf_4)
     1    0.057624    0.083406    0.291441    7.762071 v wire29/X (sky130_fd_sc_hd__buf_4)
                                                         uo_out[5] (net)
                      0.083530    0.002853    7.764924 v uo_out[5] (out)
                                              7.764924   data arrival time

                                100.000000  100.000000   clock clk (rise edge)
                                  0.000000  100.000000   clock network delay (propagated)
                                 -0.250000   99.750000   clock uncertainty
                                  0.000000   99.750000   clock reconvergence pessimism
                                -20.000000   79.750000   output external delay
                                             79.750000   data required time
---------------------------------------------------------------------------------------------
                                             79.750000   data required time
                                             -7.764924   data arrival time
---------------------------------------------------------------------------------------------
                                             71.985069   slack (MET)




===========================================================================
report_checks --slack_max -0.01
============================================================================
======================= nom_tt_025C_1v80 Corner ===================================

No paths found.


===========================================================================
 report_check_types -max_slew -max_cap -max_fanout -violators
============================================================================
======================= nom_tt_025C_1v80 Corner ===================================

max slew

Pin                                        Limit        Slew       Slack
------------------------------------------------------------------------
fanout817/A                             0.750000    1.549386   -0.799386 (VIOLATED)
ANTENNA_81/DIODE                        0.750000    1.549384   -0.799384 (VIOLATED)
ANTENNA_80/DIODE                        0.750000    1.549349   -0.799349 (VIOLATED)
fanout803/A                             0.750000    1.549345   -0.799345 (VIOLATED)
fanout847/A                             0.750000    1.549204   -0.799204 (VIOLATED)
ANTENNA_82/DIODE                        0.750000    1.549202   -0.799202 (VIOLATED)
fanout790/A                             0.750000    1.548996   -0.798996 (VIOLATED)
ANTENNA_79/DIODE                        0.750000    1.548995   -0.798995 (VIOLATED)
fanout667/A                             0.750000    1.548868   -0.798868 (VIOLATED)
fanout698/A                             0.750000    1.548868   -0.798868 (VIOLATED)
fanout682/A                             0.750000    1.548859   -0.798859 (VIOLATED)
fanout740/A                             0.750000    1.548860   -0.798860 (VIOLATED)
fanout848/X                             0.750000    1.548854   -0.798854 (VIOLATED)
_3127_/C1                               0.750000    1.405529   -0.655529 (VIOLATED)
ANTENNA_62/DIODE                        0.750000    1.405527   -0.655527 (VIOLATED)
_3137_/C1                               0.750000    1.405525   -0.655525 (VIOLATED)
_3144_/C1                               0.750000    1.405522   -0.655522 (VIOLATED)
ANTENNA_64/DIODE                        0.750000    1.405522   -0.655522 (VIOLATED)
_3150_/C1                               0.750000    1.405521   -0.655521 (VIOLATED)
ANTENNA_63/DIODE                        0.750000    1.405520   -0.655520 (VIOLATED)
ANTENNA_65/DIODE                        0.750000    1.405519   -0.655519 (VIOLATED)
_3205_/B1                               0.750000    1.405350   -0.655350 (VIOLATED)
_3201_/C1                               0.750000    1.405131   -0.655131 (VIOLATED)
_3122_/C1                               0.750000    1.405130   -0.655130 (VIOLATED)
_3166_/C1                               0.750000    1.405128   -0.655128 (VIOLATED)
_3120_/C1                               0.750000    1.405124   -0.655124 (VIOLATED)
_3159_/B1                               0.750000    1.405095   -0.655095 (VIOLATED)
fanout313/X                             0.750000    1.405082   -0.655082 (VIOLATED)
_3142_/C1                               0.750000    1.338460   -0.588460 (VIOLATED)
_3134_/C1                               0.750000    1.338450   -0.588450 (VIOLATED)
_3130_/C1                               0.750000    1.338444   -0.588445 (VIOLATED)
_3213_/C1                               0.750000    1.338279   -0.588279 (VIOLATED)
_3208_/C1                               0.750000    1.337793   -0.587793 (VIOLATED)
_3199_/C1                               0.750000    1.337724   -0.587724 (VIOLATED)
_3163_/C1                               0.750000    1.337583   -0.587583 (VIOLATED)
_3121_/C1                               0.750000    1.337582   -0.587582 (VIOLATED)
_3117_/C1                               0.750000    1.337581   -0.587581 (VIOLATED)
_3156_/C1                               0.750000    1.337550   -0.587550 (VIOLATED)
fanout311/X                             0.750000    1.337537   -0.587537 (VIOLATED)
_3129_/A1                               0.750000    1.326623   -0.576623 (VIOLATED)
_3133_/A1                               0.750000    1.326619   -0.576619 (VIOLATED)
_3141_/A1                               0.750000    1.326603   -0.576603 (VIOLATED)
_3147_/A1                               0.750000    1.326543   -0.576543 (VIOLATED)
_3184_/A1                               0.750000    1.326316   -0.576316 (VIOLATED)
_3170_/A1                               0.750000    1.326115   -0.576115 (VIOLATED)
_3179_/A1                               0.750000    1.325866   -0.575866 (VIOLATED)
_3212_/A1                               0.750000    1.325504   -0.575504 (VIOLATED)
_3207_/A1                               0.750000    1.324828   -0.574828 (VIOLATED)
fanout554/A                             0.750000    1.324535   -0.574535 (VIOLATED)
fanout555/X                             0.750000    1.324535   -0.574535 (VIOLATED)
fanout120/A                             0.750000    1.290369   -0.540369 (VIOLATED)
fanout118/A                             0.750000    1.290359   -0.540359 (VIOLATED)
fanout117/A                             0.750000    1.290328   -0.540328 (VIOLATED)
ANTENNA_51/DIODE                        0.750000    1.290187   -0.540187 (VIOLATED)
fanout113/A                             0.750000    1.290156   -0.540156 (VIOLATED)
fanout109/A                             0.750000    1.290007   -0.540007 (VIOLATED)
fanout121/X                             0.750000    1.290004   -0.540004 (VIOLATED)
_3564_/A                                0.750000    1.219902   -0.469902 (VIOLATED)
_5596_/A1                               0.750000    1.219889   -0.469889 (VIOLATED)
_3552_/C1                               0.750000    1.219814   -0.469814 (VIOLATED)
_5587_/A1                               0.750000    1.219792   -0.469792 (VIOLATED)
_3603_/C1                               0.750000    1.219660   -0.469660 (VIOLATED)
_5577_/A                                0.750000    1.219619   -0.469619 (VIOLATED)
_5571_/A                                0.750000    1.219501   -0.469501 (VIOLATED)
_5584_/A1                               0.750000    1.219332   -0.469332 (VIOLATED)
_5589_/A1                               0.750000    1.219283   -0.469283 (VIOLATED)
fanout490/A                             0.750000    1.219103   -0.469103 (VIOLATED)
fanout493/X                             0.750000    1.219102   -0.469102 (VIOLATED)
fanout369/A                             0.750000    1.197732   -0.447732 (VIOLATED)
_5601_/A1                               0.750000    1.197690   -0.447690 (VIOLATED)
_3495_/B1                               0.750000    1.197660   -0.447660 (VIOLATED)
_3518_/A2                               0.750000    1.197593   -0.447593 (VIOLATED)
_4312_/A                                0.750000    1.197502   -0.447502 (VIOLATED)
_5593_/A2                               0.750000    1.197461   -0.447461 (VIOLATED)
fanout452/A                             0.750000    1.197431   -0.447431 (VIOLATED)
_4540_/A1                               0.750000    1.197408   -0.447408 (VIOLATED)
_5514_/A                                0.750000    1.197386   -0.447386 (VIOLATED)
_4547_/A                                0.750000    1.197351   -0.447351 (VIOLATED)
_3595_/A2                               0.750000    1.197263   -0.447263 (VIOLATED)
_3506_/B1                               0.750000    1.197228   -0.447228 (VIOLATED)
_3602_/A2                               0.750000    1.197206   -0.447206 (VIOLATED)
_3551_/A2                               0.750000    1.197200   -0.447200 (VIOLATED)
_3567_/A2                               0.750000    1.197198   -0.447198 (VIOLATED)
fanout370/X                             0.750000    1.197198   -0.447198 (VIOLATED)
_3512_/A                                0.750000    1.197170   -0.447170 (VIOLATED)
_3560_/A1                               0.750000    1.196962   -0.446962 (VIOLATED)
_3593_/A                                0.750000    1.196958   -0.446958 (VIOLATED)
_4495_/A1                               0.750000    1.196944   -0.446944 (VIOLATED)
_4503_/B2                               0.750000    1.196926   -0.446926 (VIOLATED)
fanout453/X                             0.750000    1.196924   -0.446924 (VIOLATED)
_5605_/A1                               0.750000    1.163689   -0.413690 (VIOLATED)
ANTENNA_76/DIODE                        0.750000    1.163689   -0.413689 (VIOLATED)
ANTENNA_77/DIODE                        0.750000    1.163651   -0.413651 (VIOLATED)
_5609_/A1                               0.750000    1.163651   -0.413651 (VIOLATED)
fanout493/A                             0.750000    1.163459   -0.413459 (VIOLATED)
fanout489/A                             0.750000    1.163456   -0.413456 (VIOLATED)
_5581_/A                                0.750000    1.163455   -0.413455 (VIOLATED)
_5580_/A1                               0.750000    1.163453   -0.413453 (VIOLATED)
fanout494/X                             0.750000    1.163450   -0.413449 (VIOLATED)
_3497_/A                                0.750000    1.088734   -0.338734 (VIOLATED)
_4266_/A                                0.750000    1.088733   -0.338733 (VIOLATED)
_4411_/C1                               0.750000    1.088733   -0.338733 (VIOLATED)
_4345_/A                                0.750000    1.088728   -0.338728 (VIOLATED)
_4571_/A1                               0.750000    1.088711   -0.338711 (VIOLATED)
_5508_/A                                0.750000    1.088711   -0.338711 (VIOLATED)
_4419_/A                                0.750000    1.088703   -0.338703 (VIOLATED)
_3495_/A1                               0.750000    1.088689   -0.338689 (VIOLATED)
_4368_/A                                0.750000    1.088665   -0.338665 (VIOLATED)
_3492_/A                                0.750000    1.088661   -0.338661 (VIOLATED)
fanout455/X                             0.750000    1.088656   -0.338656 (VIOLATED)
_4738_/A                                0.750000    1.079815   -0.329815 (VIOLATED)
ANTENNA_61/DIODE                        0.750000    1.079813   -0.329813 (VIOLATED)
_4731_/A1_N                             0.750000    1.079806   -0.329806 (VIOLATED)
_4753_/A1_N                             0.750000    1.079803   -0.329803 (VIOLATED)
_4609_/A1_N                             0.750000    1.079784   -0.329784 (VIOLATED)
_4746_/A1_N                             0.750000    1.079779   -0.329779 (VIOLATED)
_4058_/A1_N                             0.750000    1.079776   -0.329776 (VIOLATED)
_4724_/A1_N                             0.750000    1.079776   -0.329776 (VIOLATED)
_4776_/A1_N                             0.750000    1.079771   -0.329771 (VIOLATED)
ANTENNA_60/DIODE                        0.750000    1.079748   -0.329748 (VIOLATED)
_4716_/A1_N                             0.750000    1.079748   -0.329748 (VIOLATED)
_3718_/A                                0.750000    1.079745   -0.329745 (VIOLATED)
fanout169/X                             0.750000    1.079745   -0.329745 (VIOLATED)
_5561_/A2                               0.750000    1.072141   -0.322141 (VIOLATED)
_5560_/A2                               0.750000    1.072124   -0.322124 (VIOLATED)
fanout518/A                             0.750000    1.072067   -0.322067 (VIOLATED)
_5563_/A2                               0.750000    1.071922   -0.321922 (VIOLATED)
_5555_/A2                               0.750000    1.071907   -0.321907 (VIOLATED)
_5539_/A2                               0.750000    1.071905   -0.321905 (VIOLATED)
_5547_/A2                               0.750000    1.071892   -0.321892 (VIOLATED)
_5558_/A2                               0.750000    1.071859   -0.321859 (VIOLATED)
_5566_/A2                               0.750000    1.071852   -0.321852 (VIOLATED)
_5542_/A2                               0.750000    1.071796   -0.321796 (VIOLATED)
fanout519/X                             0.750000    1.071795   -0.321794 (VIOLATED)
_3549_/B2                               0.750000    1.061168   -0.311168 (VIOLATED)
_3633_/B2                               0.750000    1.061167   -0.311167 (VIOLATED)
_3536_/A1                               0.750000    1.061163   -0.311163 (VIOLATED)
_3086_/A                                0.750000    1.061078   -0.311078 (VIOLATED)
_3484_/A1                               0.750000    1.061067   -0.311067 (VIOLATED)
_5502_/A_N                              0.750000    1.061043   -0.311043 (VIOLATED)
_5359_/A_N                              0.750000    1.061025   -0.311025 (VIOLATED)
_5506_/A                                0.750000    1.061015   -0.311015 (VIOLATED)
_3485_/A                                0.750000    1.060998   -0.310998 (VIOLATED)
_3095_/A1                               0.750000    1.060983   -0.310983 (VIOLATED)
fanout495/X                             0.750000    1.060972   -0.310972 (VIOLATED)
_5607_/A2                               0.750000    1.048872   -0.298872 (VIOLATED)
_4445_/A1                               0.750000    1.048864   -0.298864 (VIOLATED)
_5602_/A2                               0.750000    1.048850   -0.298850 (VIOLATED)
_3518_/B1                               0.750000    1.048847   -0.298847 (VIOLATED)
_3594_/B1                               0.750000    1.048778   -0.298778 (VIOLATED)
_3602_/B1                               0.750000    1.048747   -0.298747 (VIOLATED)
_3567_/B1                               0.750000    1.048734   -0.298734 (VIOLATED)
_3551_/B1                               0.750000    1.048719   -0.298719 (VIOLATED)
_5605_/A2                               0.750000    1.048709   -0.298709 (VIOLATED)
_5604_/A1                               0.750000    1.048707   -0.298707 (VIOLATED)
fanout359/X                             0.750000    1.048703   -0.298703 (VIOLATED)
_3572_/S                                0.750000    1.048497   -0.298497 (VIOLATED)
_3599_/B1                               0.750000    1.048463   -0.298462 (VIOLATED)
_4495_/A2                               0.750000    1.048397   -0.298397 (VIOLATED)
_4850_/A2                               0.750000    1.048363   -0.298363 (VIOLATED)
fanout583/A                             0.750000    1.048230   -0.298230 (VIOLATED)
_3501_/A                                0.750000    1.047957   -0.297957 (VIOLATED)
_3505_/S                                0.750000    1.047913   -0.297913 (VIOLATED)
_4355_/A                                0.750000    1.047793   -0.297793 (VIOLATED)
fanout582/A                             0.750000    1.047763   -0.297763 (VIOLATED)
_5510_/B1                               0.750000    1.047763   -0.297763 (VIOLATED)
fanout584/X                             0.750000    1.047762   -0.297762 (VIOLATED)
ANTENNA_38/DIODE                        0.750000    1.017882   -0.267882 (VIOLATED)
fanout44/A                              0.750000    1.017882   -0.267882 (VIOLATED)
fanout40/A                              0.750000    1.017873   -0.267873 (VIOLATED)
ANTENNA_36/DIODE                        0.750000    1.017873   -0.267873 (VIOLATED)
fanout42/A                              0.750000    1.017849   -0.267849 (VIOLATED)
ANTENNA_37/DIODE                        0.750000    1.017841   -0.267841 (VIOLATED)
fanout45/A                              0.750000    1.017777   -0.267777 (VIOLATED)
ANTENNA_39/DIODE                        0.750000    1.017776   -0.267776 (VIOLATED)
fanout37/A                              0.750000    1.017630   -0.267630 (VIOLATED)
fanout47/X                              0.750000    1.017629   -0.267629 (VIOLATED)
fanout358/A                             0.750000    0.976036   -0.226036 (VIOLATED)
_5609_/A2                               0.750000    0.976023   -0.226023 (VIOLATED)
_5610_/A1                               0.750000    0.975988   -0.225988 (VIOLATED)
_5608_/A1                               0.750000    0.975745   -0.225745 (VIOLATED)
fanout359/A                             0.750000    0.975724   -0.225724 (VIOLATED)
fanout360/X                             0.750000    0.975719   -0.225719 (VIOLATED)
_5600_/A1                               0.750000    0.951262   -0.201262 (VIOLATED)
_5597_/A1                               0.750000    0.951257   -0.201257 (VIOLATED)
_5606_/A1                               0.750000    0.951253   -0.201253 (VIOLATED)
_5588_/A1                               0.750000    0.951222   -0.201222 (VIOLATED)
_5591_/A1                               0.750000    0.951209   -0.201209 (VIOLATED)
_3549_/A1                               0.750000    0.951114   -0.201114 (VIOLATED)
_3633_/A1                               0.750000    0.951084   -0.201084 (VIOLATED)
_3524_/C1                               0.750000    0.950963   -0.200963 (VIOLATED)
_3094_/A1                               0.750000    0.950723   -0.200723 (VIOLATED)
_5575_/A1                               0.750000    0.950723   -0.200723 (VIOLATED)
fanout489/X                             0.750000    0.950722   -0.200722 (VIOLATED)
_5557_/A2                               0.750000    0.926180   -0.176180 (VIOLATED)
_5565_/A2                               0.750000    0.926178   -0.176178 (VIOLATED)
fanout516/A                             0.750000    0.926138   -0.176138 (VIOLATED)
_5541_/A2                               0.750000    0.926109   -0.176109 (VIOLATED)
_5550_/A2                               0.750000    0.925969   -0.175969 (VIOLATED)
_3094_/B1                               0.750000    0.925889   -0.175889 (VIOLATED)
fanout517/X                             0.750000    0.925881   -0.175881 (VIOLATED)
_4871_/A1                               0.750000    0.921115   -0.171115 (VIOLATED)
fanout579/A                             0.750000    0.921080   -0.171080 (VIOLATED)
_3598_/S                                0.750000    0.921054   -0.171055 (VIOLATED)
_4378_/A                                0.750000    0.921040   -0.171040 (VIOLATED)
_4370_/A1_N                             0.750000    0.921036   -0.171036 (VIOLATED)
_4403_/A                                0.750000    0.920981   -0.170981 (VIOLATED)
_4395_/A1_N                             0.750000    0.920866   -0.170866 (VIOLATED)
_3516_/A1                               0.750000    0.920823   -0.170823 (VIOLATED)
_4360_/A                                0.750000    0.920757   -0.170757 (VIOLATED)
fanout580/X                             0.750000    0.920753   -0.170753 (VIOLATED)
_3150_/A2                               0.750000    0.911889   -0.161889 (VIOLATED)
_3144_/A2                               0.750000    0.911885   -0.161885 (VIOLATED)
_3147_/B2                               0.750000    0.911859   -0.161859 (VIOLATED)
fanout417/A                             0.750000    0.911763   -0.161763 (VIOLATED)
_3170_/B2                               0.750000    0.911569   -0.161569 (VIOLATED)
_3173_/A2                               0.750000    0.911561   -0.161561 (VIOLATED)
_3177_/A2                               0.750000    0.911489   -0.161489 (VIOLATED)
_3179_/B2                               0.750000    0.911476   -0.161476 (VIOLATED)
_3215_/A2                               0.750000    0.911442   -0.161442 (VIOLATED)
_3219_/B2                               0.750000    0.911408   -0.161408 (VIOLATED)
fanout418/X                             0.750000    0.911403   -0.161403 (VIOLATED)
_4046_/A3                               0.750000    0.892410   -0.142410 (VIOLATED)
_3916_/A3                               0.750000    0.892407   -0.142407 (VIOLATED)
_4094_/A3                               0.750000    0.892405   -0.142405 (VIOLATED)
_3996_/A3                               0.750000    0.892403   -0.142403 (VIOLATED)
_4248_/A0                               0.750000    0.892378   -0.142378 (VIOLATED)
_5600_/A3                               0.750000    0.892376   -0.142376 (VIOLATED)
_4651_/A0                               0.750000    0.892375   -0.142375 (VIOLATED)
_4473_/A0                               0.750000    0.892372   -0.142372 (VIOLATED)
_4828_/A0                               0.750000    0.892369   -0.142369 (VIOLATED)
_5609_/A3                               0.750000    0.892356   -0.142356 (VIOLATED)
fanout15/X                              0.750000    0.892353   -0.142354 (VIOLATED)
_3797_/A1                               0.750000    0.887179   -0.137179 (VIOLATED)
_3764_/A1                               0.750000    0.887178   -0.137178 (VIOLATED)
_3939_/A1                               0.750000    0.887133   -0.137133 (VIOLATED)
_3088_/B                                0.750000    0.887130   -0.137130 (VIOLATED)
_4028_/A1                               0.750000    0.887129   -0.137129 (VIOLATED)
_4046_/A1                               0.750000    0.887129   -0.137129 (VIOLATED)
_3831_/A1                               0.750000    0.887129   -0.137129 (VIOLATED)
_3916_/A1                               0.750000    0.887129   -0.137129 (VIOLATED)
_4052_/A1                               0.750000    0.887126   -0.137126 (VIOLATED)
_4008_/B                                0.750000    0.887123   -0.137123 (VIOLATED)
fanout320/X                             0.750000    0.887121   -0.137121 (VIOLATED)
_4064_/B1                               0.750000    0.875260   -0.125260 (VIOLATED)
_4070_/B1                               0.750000    0.875258   -0.125258 (VIOLATED)
_3095_/A2                               0.750000    0.875245   -0.125245 (VIOLATED)
_4082_/B1                               0.750000    0.875233   -0.125233 (VIOLATED)
_4100_/B1                               0.750000    0.875224   -0.125224 (VIOLATED)
_4076_/B1                               0.750000    0.875203   -0.125203 (VIOLATED)
_4094_/B1                               0.750000    0.875203   -0.125203 (VIOLATED)
_4058_/B2                               0.750000    0.875199   -0.125199 (VIOLATED)
_3484_/A2                               0.750000    0.875195   -0.125195 (VIOLATED)
_5515_/A1                               0.750000    0.875186   -0.125186 (VIOLATED)
fanout173/X                             0.750000    0.875183   -0.125183 (VIOLATED)
_3978_/A3                               0.750000    0.838967   -0.088967 (VIOLATED)
_4028_/A3                               0.750000    0.838956   -0.088956 (VIOLATED)
_3831_/A3                               0.750000    0.838941   -0.088941 (VIOLATED)
_5597_/A3                               0.750000    0.838941   -0.088941 (VIOLATED)
_5606_/A3                               0.750000    0.838939   -0.088939 (VIOLATED)
_4807_/A0                               0.750000    0.838910   -0.088910 (VIOLATED)
_4452_/A0                               0.750000    0.838909   -0.088909 (VIOLATED)
_4630_/A0                               0.750000    0.838887   -0.088887 (VIOLATED)
_4218_/A0                               0.750000    0.838856   -0.088856 (VIOLATED)
_4300_/B                                0.750000    0.838781   -0.088781 (VIOLATED)
fanout20/X                              0.750000    0.838781   -0.088781 (VIOLATED)
_4394_/C                                0.750000    0.828478   -0.078478 (VIOLATED)
_3515_/S                                0.750000    0.828476   -0.078476 (VIOLATED)
_4723_/B                                0.750000    0.828473   -0.078473 (VIOLATED)
_3557_/A                                0.750000    0.828472   -0.078472 (VIOLATED)
_3511_/S                                0.750000    0.828471   -0.078471 (VIOLATED)
_3568_/B1                               0.750000    0.828470   -0.078470 (VIOLATED)
_3600_/A1                               0.750000    0.828468   -0.078468 (VIOLATED)
_4278_/A1                               0.750000    0.828460   -0.078460 (VIOLATED)
_4313_/A1                               0.750000    0.828441   -0.078441 (VIOLATED)
_4694_/A                                0.750000    0.828441   -0.078441 (VIOLATED)
fanout450/X                             0.750000    0.828441   -0.078441 (VIOLATED)
_4123_/A1_N                             0.750000    0.818150   -0.068150 (VIOLATED)
_3782_/A1_N                             0.750000    0.818148   -0.068148 (VIOLATED)
_3814_/A                                0.750000    0.818148   -0.068148 (VIOLATED)
_3908_/A                                0.750000    0.817917   -0.067917 (VIOLATED)
_4204_/A1_N                             0.750000    0.817905   -0.067905 (VIOLATED)
_4212_/A                                0.750000    0.817905   -0.067905 (VIOLATED)
_4242_/A                                0.750000    0.817905   -0.067905 (VIOLATED)
_4295_/A1                               0.750000    0.817904   -0.067904 (VIOLATED)
_4283_/A                                0.750000    0.817904   -0.067904 (VIOLATED)
_4329_/A1                               0.750000    0.817904   -0.067904 (VIOLATED)
fanout422/X                             0.750000    0.817904   -0.067904 (VIOLATED)
_5550_/B2                               0.750000    0.812179   -0.062179 (VIOLATED)
ANTENNA_66/DIODE                        0.750000    0.812179   -0.062179 (VIOLATED)
_5565_/B2                               0.750000    0.812178   -0.062178 (VIOLATED)
_5557_/B2                               0.750000    0.812176   -0.062176 (VIOLATED)
_5502_/D                                0.750000    0.812176   -0.062176 (VIOLATED)
fanout324/A                             0.750000    0.812174   -0.062174 (VIOLATED)
fanout326/X                             0.750000    0.812174   -0.062174 (VIOLATED)
_4224_/A1_N                             0.750000    0.811409   -0.061409 (VIOLATED)
_4251_/A                                0.750000    0.811408   -0.061408 (VIOLATED)
_4194_/A1_N                             0.750000    0.811404   -0.061404 (VIOLATED)
_4338_/A                                0.750000    0.811403   -0.061403 (VIOLATED)
_4272_/A1_N                             0.750000    0.811398   -0.061398 (VIOLATED)
_4306_/A                                0.750000    0.811169   -0.061169 (VIOLATED)
_4350_/A1_N                             0.750000    0.811169   -0.061169 (VIOLATED)
_4173_/A                                0.750000    0.811167   -0.061167 (VIOLATED)
_3099_/B1                               0.750000    0.811164   -0.061164 (VIOLATED)
_4113_/A1                               0.750000    0.811164   -0.061164 (VIOLATED)
fanout420/X                             0.750000    0.811164   -0.061164 (VIOLATED)
_3093_/B1                               0.750000    0.803759   -0.053759 (VIOLATED)
_3483_/A                                0.750000    0.803757   -0.053757 (VIOLATED)
_3742_/A2                               0.750000    0.803715   -0.053715 (VIOLATED)
_4225_/A2                               0.750000    0.803622   -0.053622 (VIOLATED)
_4252_/A2                               0.750000    0.803620   -0.053620 (VIOLATED)
_4273_/A2                               0.750000    0.803617   -0.053617 (VIOLATED)
_4195_/A2                               0.750000    0.803615   -0.053615 (VIOLATED)
_4339_/A2                               0.750000    0.803579   -0.053579 (VIOLATED)
_4307_/A2                               0.750000    0.803543   -0.053543 (VIOLATED)
_4351_/A2                               0.750000    0.803517   -0.053517 (VIOLATED)
fanout315/X                             0.750000    0.803503   -0.053503 (VIOLATED)
_5790_/B1                               0.750000    0.803451   -0.053452 (VIOLATED)
_5796_/B1                               0.750000    0.803448   -0.053448 (VIOLATED)
_5792_/B1                               0.750000    0.803444   -0.053444 (VIOLATED)
_5798_/B1                               0.750000    0.803441   -0.053441 (VIOLATED)
_5788_/B2                               0.750000    0.803415   -0.053415 (VIOLATED)
_5794_/B1                               0.750000    0.803414   -0.053414 (VIOLATED)
_5800_/B1                               0.750000    0.803414   -0.053414 (VIOLATED)
_5841_/C                                0.750000    0.803388   -0.053388 (VIOLATED)
_5814_/C                                0.750000    0.803357   -0.053357 (VIOLATED)
_6072_/B1                               0.750000    0.803357   -0.053357 (VIOLATED)
fanout99/X                              0.750000    0.803146   -0.053146 (VIOLATED)
_4052_/A2                               0.750000    0.798488   -0.048488 (VIOLATED)
_4094_/A2                               0.750000    0.798482   -0.048482 (VIOLATED)
_4687_/A2                               0.750000    0.798482   -0.048482 (VIOLATED)
_4334_/B1                               0.750000    0.798360   -0.048360 (VIOLATED)
_4411_/B1                               0.750000    0.798359   -0.048359 (VIOLATED)
_4300_/C                                0.750000    0.798358   -0.048358 (VIOLATED)
_4344_/C                                0.750000    0.798339   -0.048339 (VIOLATED)
_4571_/A3                               0.750000    0.798274   -0.048274 (VIOLATED)
_4357_/C_N                              0.750000    0.798271   -0.048271 (VIOLATED)
_4419_/C                                0.750000    0.798260   -0.048260 (VIOLATED)
_4709_/A2                               0.750000    0.798259   -0.048259 (VIOLATED)
_4076_/A2                               0.750000    0.798258   -0.048258 (VIOLATED)
_4046_/A2                               0.750000    0.798255   -0.048255 (VIOLATED)
_4666_/A2                               0.750000    0.798254   -0.048255 (VIOLATED)
_4028_/A2                               0.750000    0.798254   -0.048254 (VIOLATED)
_4009_/A2                               0.750000    0.798248   -0.048248 (VIOLATED)
_3717_/A                                0.750000    0.798246   -0.048246 (VIOLATED)
fanout170/X                             0.750000    0.798246   -0.048246 (VIOLATED)
_4586_/C                                0.750000    0.798016   -0.048016 (VIOLATED)
fanout139/A                             0.750000    0.798011   -0.048011 (VIOLATED)
fanout140/X                             0.750000    0.798011   -0.048011 (VIOLATED)
_3507_/A1                               0.750000    0.784951   -0.034951 (VIOLATED)
_4893_/A1                               0.750000    0.784905   -0.034905 (VIOLATED)
_4864_/A1                               0.750000    0.784862   -0.034862 (VIOLATED)
_4843_/A1                               0.750000    0.784825   -0.034825 (VIOLATED)
_4189_/A                                0.750000    0.784805   -0.034805 (VIOLATED)
_4428_/A                                0.750000    0.784796   -0.034796 (VIOLATED)
_3713_/A                                0.750000    0.784725   -0.034725 (VIOLATED)
_3714_/A                                0.750000    0.784715   -0.034715 (VIOLATED)
_3086_/B                                0.750000    0.784691   -0.034691 (VIOLATED)
_3085_/A                                0.750000    0.784682   -0.034682 (VIOLATED)
fanout576/X                             0.750000    0.784676   -0.034676 (VIOLATED)
_5556_/A2                               0.750000    0.775388   -0.025388 (VIOLATED)
_5537_/A2                               0.750000    0.775388   -0.025388 (VIOLATED)
_5553_/A2                               0.750000    0.775387   -0.025387 (VIOLATED)
_5545_/A2                               0.750000    0.775387   -0.025387 (VIOLATED)
_5536_/A2                               0.750000    0.775384   -0.025384 (VIOLATED)
_5544_/A2                               0.750000    0.775381   -0.025381 (VIOLATED)
_5552_/A2                               0.750000    0.775376   -0.025376 (VIOLATED)
_5548_/A2                               0.750000    0.775364   -0.025364 (VIOLATED)
_5540_/A2                               0.750000    0.775363   -0.025363 (VIOLATED)
_5564_/A2                               0.750000    0.775363   -0.025363 (VIOLATED)
fanout518/X                             0.750000    0.775363   -0.025363 (VIOLATED)
_3970_/C1                               0.750000    0.768843   -0.018843 (VIOLATED)
_3784_/C1                               0.750000    0.768839   -0.018839 (VIOLATED)
_3817_/C1                               0.750000    0.768834   -0.018834 (VIOLATED)
_3911_/C1                               0.750000    0.768777   -0.018777 (VIOLATED)
_4074_/C1                               0.750000    0.768687   -0.018687 (VIOLATED)
_4092_/C1                               0.750000    0.768670   -0.018670 (VIOLATED)
_4038_/C1                               0.750000    0.768646   -0.018646 (VIOLATED)
_3988_/C1                               0.750000    0.768618   -0.018618 (VIOLATED)
_4086_/C1                               0.750000    0.768614   -0.018614 (VIOLATED)
_3877_/C1                               0.750000    0.768608   -0.018608 (VIOLATED)
fanout72/X                              0.750000    0.768608   -0.018608 (VIOLATED)
_4886_/A1                               0.750000    0.768150   -0.018150 (VIOLATED)
_3548_/S1                               0.750000    0.768124   -0.018124 (VIOLATED)
_4191_/A1_N                             0.750000    0.768122   -0.018122 (VIOLATED)
_3628_/C1                               0.750000    0.768120   -0.018120 (VIOLATED)
_3529_/B1                               0.750000    0.768112   -0.018112 (VIOLATED)
_4387_/A1_N                             0.750000    0.768041   -0.018041 (VIOLATED)
fanout577/A                             0.750000    0.768012   -0.018012 (VIOLATED)
fanout576/A                             0.750000    0.768003   -0.018003 (VIOLATED)
fanout578/X                             0.750000    0.767998   -0.017998 (VIOLATED)
_3958_/A                                0.750000    0.764205   -0.014205 (VIOLATED)
_3088_/A                                0.750000    0.764201   -0.014201 (VIOLATED)
_3629_/A1                               0.750000    0.764168   -0.014168 (VIOLATED)
_4412_/A1                               0.750000    0.764166   -0.014166 (VIOLATED)
_3535_/A1                               0.750000    0.764163   -0.014163 (VIOLATED)
_4783_/A                                0.750000    0.763894   -0.013894 (VIOLATED)
_4608_/A                                0.750000    0.763888   -0.013888 (VIOLATED)
_4488_/A1                               0.750000    0.763883   -0.013883 (VIOLATED)
_4510_/A1                               0.750000    0.763879   -0.013879 (VIOLATED)
_4532_/A                                0.750000    0.763879   -0.013879 (VIOLATED)
fanout452/X                             0.750000    0.763879   -0.013879 (VIOLATED)
_3984_/A3                               0.750000    0.755958   -0.005958 (VIOLATED)
_4082_/A3                               0.750000    0.755956   -0.005956 (VIOLATED)
_4034_/A3                               0.750000    0.755953   -0.005953 (VIOLATED)
_3857_/A3                               0.750000    0.755940   -0.005940 (VIOLATED)
_4229_/A0                               0.750000    0.755879   -0.005880 (VIOLATED)
_4637_/A0                               0.750000    0.755867   -0.005867 (VIOLATED)
_5607_/A3                               0.750000    0.755858   -0.005858 (VIOLATED)
_4312_/B                                0.750000    0.755855   -0.005855 (VIOLATED)
_4814_/A0                               0.750000    0.755841   -0.005841 (VIOLATED)
_4459_/A0                               0.750000    0.755841   -0.005841 (VIOLATED)
fanout18/X                              0.750000    0.755839   -0.005839 (VIOLATED)
_3573_/B1                               0.750000    0.754076   -0.004076 (VIOLATED)
_3561_/A1                               0.750000    0.754075   -0.004075 (VIOLATED)
_3604_/A1                               0.750000    0.754037   -0.004037 (VIOLATED)
_3516_/B1                               0.750000    0.753828   -0.003828 (VIOLATED)
_3508_/B2                               0.750000    0.753816   -0.003816 (VIOLATED)
_3486_/A                                0.750000    0.753757   -0.003757 (VIOLATED)
fanout496/X                             0.750000    0.753756   -0.003756 (VIOLATED)
_3627_/S                                0.750000    0.750033   -0.000033 (VIOLATED)
_3621_/C1                               0.750000    0.750032   -0.000032 (VIOLATED)
_3548_/S0                               0.750000    0.750028   -0.000028 (VIOLATED)

max fanout

Pin                                   Limit Fanout  Slack
---------------------------------------------------------
_3111_/X                                 10     16     -6 (VIOLATED)
fanout313/X                              10     14     -4 (VIOLATED)
_5879_/X                                 10     13     -3 (VIOLATED)
clkbuf_leaf_0_clk/X                      10     13     -3 (VIOLATED)
clkbuf_leaf_12_clk/X                     10     13     -3 (VIOLATED)
clkbuf_leaf_13_clk/X                     10     13     -3 (VIOLATED)
clkbuf_leaf_14_clk/X                     10     13     -3 (VIOLATED)
clkbuf_leaf_15_clk/X                     10     13     -3 (VIOLATED)
clkbuf_leaf_17_clk/X                     10     13     -3 (VIOLATED)
clkbuf_leaf_18_clk/X                     10     13     -3 (VIOLATED)
clkbuf_leaf_1_clk/X                      10     13     -3 (VIOLATED)
clkbuf_leaf_22_clk/X                     10     13     -3 (VIOLATED)
clkbuf_leaf_23_clk/X                     10     13     -3 (VIOLATED)
clkbuf_leaf_24_clk/X                     10     13     -3 (VIOLATED)
clkbuf_leaf_26_clk/X                     10     13     -3 (VIOLATED)
clkbuf_leaf_27_clk/X                     10     13     -3 (VIOLATED)
clkbuf_leaf_28_clk/X                     10     13     -3 (VIOLATED)
clkbuf_leaf_29_clk/X                     10     13     -3 (VIOLATED)
clkbuf_leaf_2_clk/X                      10     13     -3 (VIOLATED)
clkbuf_leaf_33_clk/X                     10     13     -3 (VIOLATED)
clkbuf_leaf_38_clk/X                     10     13     -3 (VIOLATED)
clkbuf_leaf_39_clk/X                     10     13     -3 (VIOLATED)
clkbuf_leaf_41_clk/X                     10     13     -3 (VIOLATED)
clkbuf_leaf_43_clk/X                     10     13     -3 (VIOLATED)
clkbuf_leaf_44_clk/X                     10     13     -3 (VIOLATED)
clkbuf_leaf_45_clk/X                     10     13     -3 (VIOLATED)
clkbuf_leaf_47_clk/X                     10     13     -3 (VIOLATED)
clkbuf_leaf_48_clk/X                     10     13     -3 (VIOLATED)
clkbuf_leaf_50_clk/X                     10     13     -3 (VIOLATED)
clkbuf_leaf_51_clk/X                     10     13     -3 (VIOLATED)
clkbuf_leaf_53_clk/X                     10     13     -3 (VIOLATED)
clkbuf_leaf_54_clk/X                     10     13     -3 (VIOLATED)
clkbuf_leaf_5_clk/X                      10     13     -3 (VIOLATED)
clkbuf_leaf_62_clk/X                     10     13     -3 (VIOLATED)
clkbuf_leaf_63_clk/X                     10     13     -3 (VIOLATED)
clkbuf_leaf_64_clk/X                     10     13     -3 (VIOLATED)
clkbuf_leaf_66_clk/X                     10     13     -3 (VIOLATED)
clkbuf_leaf_67_clk/X                     10     13     -3 (VIOLATED)
clkbuf_leaf_68_clk/X                     10     13     -3 (VIOLATED)
clkbuf_leaf_6_clk/X                      10     13     -3 (VIOLATED)
clkbuf_leaf_70_clk/X                     10     13     -3 (VIOLATED)
clkbuf_leaf_71_clk/X                     10     13     -3 (VIOLATED)
clkbuf_leaf_75_clk/X                     10     13     -3 (VIOLATED)
clkbuf_leaf_76_clk/X                     10     13     -3 (VIOLATED)
clkbuf_leaf_78_clk/X                     10     13     -3 (VIOLATED)
clkbuf_leaf_7_clk/X                      10     13     -3 (VIOLATED)
clkbuf_leaf_85_clk/X                     10     13     -3 (VIOLATED)
clkbuf_leaf_8_clk/X                      10     13     -3 (VIOLATED)
_5805_/X                                 10     12     -2 (VIOLATED)
clkbuf_leaf_11_clk/X                     10     12     -2 (VIOLATED)
clkbuf_leaf_16_clk/X                     10     12     -2 (VIOLATED)
clkbuf_leaf_19_clk/X                     10     12     -2 (VIOLATED)
clkbuf_leaf_21_clk/X                     10     12     -2 (VIOLATED)
clkbuf_leaf_25_clk/X                     10     12     -2 (VIOLATED)
clkbuf_leaf_34_clk/X                     10     12     -2 (VIOLATED)
clkbuf_leaf_35_clk/X                     10     12     -2 (VIOLATED)
clkbuf_leaf_36_clk/X                     10     12     -2 (VIOLATED)
clkbuf_leaf_37_clk/X                     10     12     -2 (VIOLATED)
clkbuf_leaf_3_clk/X                      10     12     -2 (VIOLATED)
clkbuf_leaf_40_clk/X                     10     12     -2 (VIOLATED)
clkbuf_leaf_42_clk/X                     10     12     -2 (VIOLATED)
clkbuf_leaf_46_clk/X                     10     12     -2 (VIOLATED)
clkbuf_leaf_49_clk/X                     10     12     -2 (VIOLATED)
clkbuf_leaf_4_clk/X                      10     12     -2 (VIOLATED)
clkbuf_leaf_52_clk/X                     10     12     -2 (VIOLATED)
clkbuf_leaf_55_clk/X                     10     12     -2 (VIOLATED)
clkbuf_leaf_57_clk/X                     10     12     -2 (VIOLATED)
clkbuf_leaf_58_clk/X                     10     12     -2 (VIOLATED)
clkbuf_leaf_59_clk/X                     10     12     -2 (VIOLATED)
clkbuf_leaf_60_clk/X                     10     12     -2 (VIOLATED)
clkbuf_leaf_61_clk/X                     10     12     -2 (VIOLATED)
clkbuf_leaf_65_clk/X                     10     12     -2 (VIOLATED)
clkbuf_leaf_69_clk/X                     10     12     -2 (VIOLATED)
clkbuf_leaf_72_clk/X                     10     12     -2 (VIOLATED)
clkbuf_leaf_73_clk/X                     10     12     -2 (VIOLATED)
clkbuf_leaf_77_clk/X                     10     12     -2 (VIOLATED)
clkbuf_leaf_79_clk/X                     10     12     -2 (VIOLATED)
clkbuf_leaf_82_clk/X                     10     12     -2 (VIOLATED)
clkbuf_leaf_83_clk/X                     10     12     -2 (VIOLATED)
clkbuf_leaf_84_clk/X                     10     12     -2 (VIOLATED)
clkbuf_leaf_9_clk/X                      10     12     -2 (VIOLATED)
fanout169/X                              10     12     -2 (VIOLATED)
fanout848/X                              10     12     -2 (VIOLATED)
max_cap162/X                             10     11        (VIOLATED)

max capacitance

Pin                                        Limit         Cap       Slack
------------------------------------------------------------------------
fanout848/X                             0.151987    0.156772   -0.004785 (VIOLATED)



===========================================================================
report_parasitic_annotation -report_unannotated
============================================================================
Found 80 unannotated drivers.
 ena
 uio_in[5]
 uio_in[6]
 uio_in[7]
 clkload0/X
 clkload1/X
 clkload10/X
 clkload11/X
 clkload12/X
 clkload13/X
 clkload14/X
 clkload15/X
 clkload16/X
 clkload17/Y
 clkload18/X
 clkload19/X
 clkload2/X
 clkload20/X
 clkload21/X
 clkload22/X
 clkload23/X
 clkload24/Y
 clkload25/X
 clkload26/X
 clkload27/X
 clkload28/X
 clkload29/X
 clkload3/X
 clkload30/X
 clkload31/X
 clkload32/X
 clkload33/X
 clkload34/X
 clkload35/X
 clkload36/X
 clkload37/X
 clkload38/X
 clkload39/X
 clkload4/X
 clkload40/Y
 clkload41/X
 clkload42/X
 clkload43/X
 clkload44/X
 clkload45/X
 clkload46/X
 clkload47/X
 clkload48/X
 clkload49/X
 clkload5/X
 clkload50/X
 clkload51/X
 clkload52/X
 clkload53/X
 clkload54/X
 clkload55/X
 clkload56/X
 clkload57/X
 clkload58/X
 clkload59/X
 clkload6/X
 clkload60/X
 clkload61/X
 clkload62/X
 clkload7/X
 clkload8/X
 clkload9/X
 tt_um_aes128_optimized/HI
 tt_um_aes128_optimized_849/HI
 tt_um_aes128_optimized_850/HI
 tt_um_aes128_optimized_851/HI
 tt_um_aes128_optimized_852/HI
 tt_um_aes128_optimized_853/HI
 tt_um_aes128_optimized_854/HI
 tt_um_aes128_optimized_855/HI
 tt_um_aes128_optimized_856/HI
 tt_um_aes128_optimized_857/HI
 tt_um_aes128_optimized_858/LO
 tt_um_aes128_optimized_859/LO
 tt_um_aes128_optimized_860/LO
Found 0 partially unannotated drivers.

===========================================================================
max slew violation count 423
max fanout violation count 84
max cap violation count 1
============================================================================

===========================================================================
check_setup -verbose -unconstrained_endpoints -multiple_clock -no_clock -no_input_delay -loops -generated_clocks
===========================================================================
