Clock: clk
Sources: clk 
Generated: no
Virtual: yes
Propagated: no
Period: 100.000000

===========================================================================
report_clock_properties
============================================================================
Clock                   Period          Waveform
----------------------------------------------------
clk                 100.000000    0.000000 50.000000

===========================================================================
report_clock_latency
============================================================================
Clock clk
rise -> rise
    min     max
0.000000 0.000000 source latency
0.887146         network latency _6836_/CLK
        0.928857 network latency _6455_/CLK
---------------
0.887146 0.928857 latency
        0.041710 skew

fall -> fall
    min     max
0.000000 0.000000 source latency
0.795446         network latency _6836_/CLK
        0.827331 network latency _6455_/CLK
---------------
0.795446 0.827331 latency
        0.031886 skew



===========================================================================
report_clock_min_period
============================================================================
clk period_min = 13.07 fmax = 76.52
