
===========================================================================
 report_power
============================================================================
======================= nom_tt_025C_1v80 Corner ===================================

Group                    Internal    Switching      Leakage        Total
                            Power        Power        Power        Power (Watts)
------------------------------------------------------------------------
Sequential           4.301463e-04 9.237821e-06 1.229456e-08 4.393964e-04  52.6%
Combinational        4.624380e-05 2.874638e-05 2.271517e-08 7.501290e-05   9.0%
Clock                1.589205e-04 1.612372e-04 5.710585e-08 3.202147e-04  38.4%
Macro                0.000000e+00 0.000000e+00 0.000000e+00 0.000000e+00   0.0%
Pad                  0.000000e+00 0.000000e+00 0.000000e+00 0.000000e+00   0.0%
------------------------------------------------------------------------
Total                6.353106e-04 1.992214e-04 9.210878e-08 8.346241e-04 100.0%
                            76.1%        23.9%         0.0%

