┏━━━━━━━┳━━━━━━━━━┳━━━━━━━━━━┳━━━━━━━━━━━━━━━━━━━━━━━━━━━━━━━━━━━━━━━━━┳━━━━━━━━━━━━━┳━━━━━━━┓
┃ P / R ┃ Partial ┃ Required ┃ Net                                     ┃ Pin         ┃ Layer ┃
┡━━━━━━━╇━━━━━━━━━╇━━━━━━━━━━╇━━━━━━━━━━━━━━━━━━━━━━━━━━━━━━━━━━━━━━━━━╇━━━━━━━━━━━━━╇━━━━━━━┩
│ 4.62  │ 1848.86 │ 400.00   │ _2997_                                  │ _5780_/S    │ met3  │
│ 4.20  │ 1678.19 │ 400.00   │ net564                                  │ _3132_/S    │ met3  │
│ 2.62  │ 1048.60 │ 400.00   │ _1548_                                  │ wire152/A   │ met3  │
│ 2.61  │ 1042.10 │ 400.00   │ _0003_                                  │ fanout203/A │ met3  │
│ 2.15  │ 861.12  │ 400.00   │ net563                                  │ wire564/A   │ met3  │
│ 2.04  │ 816.17  │ 400.00   │ output_index[1\]                        │ _3126_/B2   │ met3  │
│ 2.04  │ 816.17  │ 400.00   │ output_index[1\]                        │ _3135_/A1   │ met3  │
│ 2.04  │ 816.17  │ 400.00   │ output_index[1\]                        │ _3222_/B    │ met3  │
│ 2.01  │ 805.22  │ 400.00   │ net494                                  │ _5605_/A1   │ met3  │
│ 2.01  │ 805.22  │ 400.00   │ net494                                  │ _5609_/A1   │ met3  │
│ 1.65  │ 660.19  │ 400.00   │ net313                                  │ _3127_/C1   │ met3  │
│ 1.65  │ 660.19  │ 400.00   │ net313                                  │ _3137_/C1   │ met3  │
│ 1.65  │ 660.19  │ 400.00   │ net313                                  │ _3144_/C1   │ met3  │
│ 1.65  │ 660.19  │ 400.00   │ net313                                  │ _3150_/C1   │ met3  │
│ 1.57  │ 629.20  │ 400.00   │ net164                                  │ _5598_/B1   │ met3  │
│ 1.49  │ 594.31  │ 400.00   │ _1726_                                  │ _4169_/A1   │ met3  │
│ 1.49  │ 594.31  │ 400.00   │ _1726_                                  │ _5591_/A3   │ met3  │
│ 1.43  │ 571.72  │ 400.00   │ u_aes128_optimized.u_aes_core.state[2\] │ fanout547/A │ met2  │
│ 1.38  │ 552.78  │ 400.00   │ net631                                  │ _5696_/A1   │ met1  │
│ 1.38  │ 552.22  │ 400.00   │ net632                                  │ _5926_/A0   │ met1  │
│ 1.33  │ 530.42  │ 400.00   │ _3021_                                  │ _5878_/B1   │ met1  │
│ 1.32  │ 528.90  │ 400.00   │ _2920_                                  │ fanout248/A │ met3  │
│ 1.31  │ 523.94  │ 400.00   │ net443                                  │ fanout440/A │ met3  │
│ 1.31  │ 523.79  │ 400.00   │ net396                                  │ fanout386/A │ met3  │
│ 1.29  │ 517.59  │ 400.00   │ net164                                  │ _5594_/B1   │ met3  │
│ 1.29  │ 517.59  │ 400.00   │ net164                                  │ _5601_/B1   │ met3  │
│ 1.28  │ 511.61  │ 400.00   │ net608                                  │ _5797_/C    │ met1  │
│ 1.25  │ 499.56  │ 400.00   │ _2488_                                  │ _4800_/S    │ met3  │
│ 1.25  │ 499.56  │ 400.00   │ _2488_                                  │ _4814_/S    │ met3  │
│ 1.25  │ 499.56  │ 400.00   │ _2488_                                  │ _4821_/S    │ met3  │
│ 1.22  │ 486.12  │ 400.00   │ net82                                   │ _5920_/S    │ met1  │
│ 1.21  │ 482.69  │ 400.00   │ output_index[2\]                        │ fanout555/A │ met2  │
│ 1.17  │ 467.10  │ 400.00   │ net100                                  │ _5660_/S    │ met3  │
│ 1.17  │ 467.10  │ 400.00   │ net100                                  │ _5661_/S    │ met3  │
│ 1.17  │ 467.10  │ 400.00   │ net100                                  │ _5663_/S    │ met3  │
│ 1.17  │ 467.10  │ 400.00   │ net100                                  │ _5664_/S    │ met3  │
│ 1.17  │ 467.10  │ 400.00   │ net100                                  │ _5666_/S    │ met3  │
│ 1.16  │ 465.54  │ 400.00   │ net163                                  │ _5606_/B1   │ met1  │
│ 1.16  │ 463.41  │ 400.00   │ _3012_                                  │ _5808_/S    │ met3  │
│ 1.16  │ 463.41  │ 400.00   │ _3012_                                  │ _5810_/S    │ met3  │
│ 1.16  │ 463.41  │ 400.00   │ _3012_                                  │ _5811_/S    │ met3  │
│ 1.16  │ 463.41  │ 400.00   │ _3012_                                  │ _5813_/S    │ met3  │
│ 1.14  │ 455.24  │ 400.00   │ _1534_                                  │ _3984_/A2   │ met3  │
│ 1.13  │ 453.63  │ 400.00   │ u_aes128_optimized.u_aes_core.state[2\] │ fanout543/A │ met3  │
│ 1.13  │ 453.63  │ 400.00   │ u_aes128_optimized.u_aes_core.state[2\] │ fanout547/A │ met3  │
│ 1.12  │ 446.65  │ 400.00   │ _1065_                                  │ _3123_/A    │ met3  │
│ 1.12  │ 446.65  │ 400.00   │ _1065_                                  │ _3167_/A1   │ met3  │
│ 1.12  │ 446.65  │ 400.00   │ _1065_                                  │ _3202_/A    │ met3  │
│ 1.11  │ 443.25  │ 400.00   │ _1052_                                  │ fanout317/A │ met3  │
│ 1.11  │ 443.25  │ 400.00   │ _1052_                                  │ fanout319/A │ met3  │
│ 1.07  │ 429.03  │ 400.00   │ _1104_                                  │ _3153_/A1   │ met2  │
│ 1.05  │ 421.60  │ 400.00   │ net848                                  │ fanout803/A │ met3  │
│ 1.05  │ 421.60  │ 400.00   │ net848                                  │ fanout817/A │ met3  │
│ 1.05  │ 421.60  │ 400.00   │ net848                                  │ fanout847/A │ met3  │
│ 1.04  │ 417.36  │ 400.00   │ net86                                   │ _5742_/S    │ met3  │
│ 1.04  │ 417.36  │ 400.00   │ net86                                   │ _5743_/S    │ met3  │
│ 1.04  │ 417.36  │ 400.00   │ net86                                   │ _5745_/S    │ met3  │
│ 1.04  │ 417.36  │ 400.00   │ net86                                   │ _5746_/S    │ met3  │
│ 1.04  │ 414.93  │ 400.00   │ net80                                   │ wire80/A    │ met3  │
│ 1.04  │ 414.82  │ 400.00   │ net129                                  │ fanout124/A │ met2  │
│ 1.02  │ 406.77  │ 400.00   │ net440                                  │ _5107_/A    │ met3  │
│ 1.02  │ 406.77  │ 400.00   │ net440                                  │ _5108_/B1   │ met3  │
│ 1.02  │ 406.77  │ 400.00   │ net440                                  │ _5116_/B1   │ met3  │
│ 1.02  │ 406.77  │ 400.00   │ net440                                  │ fanout438/A │ met3  │
└───────┴─────────┴──────────┴─────────────────────────────────────────┴─────────────┴───────┘
