Clock: clk
Sources: clk 
Generated: no
Virtual: yes
Propagated: no
Period: 100.000000

===========================================================================
report_clock_properties
============================================================================
Clock                   Period          Waveform
----------------------------------------------------
clk                 100.000000    0.000000 50.000000

===========================================================================
report_clock_latency
============================================================================
Clock clk
rise -> rise
    min     max
0.000000 0.000000 source latency
0.743903         network latency _19014_/CLK
        0.799596 network latency _18958_/CLK
---------------
0.743903 0.799596 latency
        0.055694 skew

fall -> fall
    min     max
0.000000 0.000000 source latency
0.593083         network latency _19014_/CLK
        0.631061 network latency _18958_/CLK
---------------
0.593083 0.631061 latency
        0.037979 skew



===========================================================================
report_clock_min_period
============================================================================
clk period_min = 6.23 fmax = 160.59
