
===========================================================================
 report_power
============================================================================
======================= min_ff_n40C_1v95 Corner ===================================

Group                    Internal    Switching      Leakage        Total
                            Power        Power        Power        Power (Watts)
------------------------------------------------------------------------
Sequential           3.750785e-04 9.604249e-07 1.829209e-08 3.760572e-04  56.1%
Combinational        9.547525e-06 2.349115e-05 1.209367e-07 3.315962e-05   5.0%
Clock                1.040370e-04 1.564328e-04 1.514157e-07 2.606212e-04  38.9%
Macro                0.000000e+00 0.000000e+00 0.000000e+00 0.000000e+00   0.0%
Pad                  0.000000e+00 0.000000e+00 0.000000e+00 0.000000e+00   0.0%
------------------------------------------------------------------------
Total                4.886632e-04 1.808844e-04 2.906428e-07 6.698382e-04 100.0%
                            73.0%        27.0%         0.0%

