
===========================================================================
report_checks -unconstrained
===========================================================================
======================= max_ff_n40C_1v95 Corner ===================================

Startpoint: rst_n (input port clocked by clk)
Endpoint: _18983_ (recovery check against rising-edge clock clk)
Path Group: asynchronous
Path Type: max

Fanout         Cap        Slew       Delay        Time   Description
---------------------------------------------------------------------------------------------
                                  0.000000    0.000000   clock clk (rise edge)
                                  0.000000    0.000000   clock network delay (propagated)
                                 20.000000   20.000000 ^ input external delay
     1    0.003023    0.014716    0.007876   20.007877 ^ rst_n (in)
                                                         rst_n (net)
                      0.014719    0.000000   20.007877 ^ input2/A (sky130_fd_sc_hd__clkdlybuf4s25_1)
     1    0.003733    0.038059    0.158156   20.166033 ^ input2/X (sky130_fd_sc_hd__clkdlybuf4s25_1)
                                                         net2 (net)
                      0.038060    0.000268   20.166302 ^ fanout2077/A (sky130_fd_sc_hd__clkdlybuf4s25_1)
     7    0.170005    1.251234    0.994245   21.160545 ^ fanout2077/X (sky130_fd_sc_hd__clkdlybuf4s25_1)
                                                         net2077 (net)
                      1.251285    0.006876   21.167421 ^ fanout2011/A (sky130_fd_sc_hd__clkdlybuf4s25_1)
     2    0.041995    0.316468    0.383125   21.550547 ^ fanout2011/X (sky130_fd_sc_hd__clkdlybuf4s25_1)
                                                         net2011 (net)
                      0.316473    0.001034   21.551580 ^ _09509_/B (sky130_fd_sc_hd__and2_2)
     1    0.008708    0.049050    0.135287   21.686869 ^ _09509_/X (sky130_fd_sc_hd__and2_2)
                                                         core_reset_n (net)
                      0.049064    0.000785   21.687653 ^ fanout1987/A (sky130_fd_sc_hd__clkdlybuf4s25_1)
     3    0.025686    0.195911    0.278313   21.965965 ^ fanout1987/X (sky130_fd_sc_hd__clkdlybuf4s25_1)
                                                         net1987 (net)
                      0.195919    0.001549   21.967514 ^ load_slew1990/A (sky130_fd_sc_hd__buf_2)
     3    0.065084    0.239059    0.234625   22.202139 ^ load_slew1990/X (sky130_fd_sc_hd__buf_2)
                                                         net1990 (net)
                      0.240363    0.014388   22.216528 ^ load_slew1989/A (sky130_fd_sc_hd__clkbuf_4)
     2    0.100155    0.228926    0.263494   22.480022 ^ load_slew1989/X (sky130_fd_sc_hd__clkbuf_4)
                                                         net1989 (net)
                      0.230140    0.013571   22.493593 ^ fanout1976/A (sky130_fd_sc_hd__clkdlybuf4s25_1)
     6    0.100454    0.743949    0.677291   23.170885 ^ fanout1976/X (sky130_fd_sc_hd__clkdlybuf4s25_1)
                                                         net1976 (net)
                      0.744380    0.014950   23.185835 ^ fanout1975/A (sky130_fd_sc_hd__clkdlybuf4s25_1)
     6    0.069301    0.515302    0.530921   23.716755 ^ fanout1975/X (sky130_fd_sc_hd__clkdlybuf4s25_1)
                                                         net1975 (net)
                      0.515316    0.002295   23.719051 ^ fanout1973/A (sky130_fd_sc_hd__clkdlybuf4s25_1)
     2    0.007110    0.061924    0.218114   23.937164 ^ fanout1973/X (sky130_fd_sc_hd__clkdlybuf4s25_1)
                                                         net1973 (net)
                      0.061926    0.000449   23.937613 ^ load_slew1974/A (sky130_fd_sc_hd__clkbuf_4)
     8    0.050646    0.120125    0.156311   24.093924 ^ load_slew1974/X (sky130_fd_sc_hd__clkbuf_4)
                                                         net1974 (net)
                      0.120403    0.004736   24.098660 ^ fanout1971/A (sky130_fd_sc_hd__clkdlybuf4s25_1)
     2    0.008987    0.075371    0.209317   24.307978 ^ fanout1971/X (sky130_fd_sc_hd__clkdlybuf4s25_1)
                                                         net1971 (net)
                      0.075372    0.000453   24.308430 ^ fanout1969/A (sky130_fd_sc_hd__clkdlybuf4s25_1)
     2    0.009049    0.075771    0.200634   24.509064 ^ fanout1969/X (sky130_fd_sc_hd__clkdlybuf4s25_1)
                                                         net1969 (net)
                      0.075773    0.000574   24.509638 ^ load_slew1970/A (sky130_fd_sc_hd__buf_4)
     9    0.046812    0.101950    0.132054   24.641691 ^ load_slew1970/X (sky130_fd_sc_hd__buf_4)
                                                         net1970 (net)
                      0.102402    0.005492   24.647184 ^ _18983_/RESET_B (sky130_fd_sc_hd__dfrtp_2)
                                             24.647184   data arrival time

                                100.000000  100.000000   clock clk (rise edge)
                                  0.000000  100.000000   clock source latency
     2    0.126811    0.425193    0.301668  100.301666 ^ clk (in)
                                                         clk (net)
                      0.425690    0.000000  100.301666 ^ clkbuf_0_clk/A (sky130_fd_sc_hd__clkbuf_16)
     8    0.139875    0.120980    0.191726  100.493393 ^ clkbuf_0_clk/X (sky130_fd_sc_hd__clkbuf_16)
                                                         clknet_0_clk (net)
                      0.126768    0.020172  100.513565 ^ clkbuf_3_5_0_clk/A (sky130_fd_sc_hd__clkbuf_8)
     8    0.112010    0.150628    0.191278  100.704842 ^ clkbuf_3_5_0_clk/X (sky130_fd_sc_hd__clkbuf_8)
                                                         clknet_3_5_0_clk (net)
                      0.151565    0.009599  100.714439 ^ clkbuf_leaf_29_clk/A (sky130_fd_sc_hd__clkbuf_8)
    14    0.055088    0.080976    0.147416  100.861855 ^ clkbuf_leaf_29_clk/X (sky130_fd_sc_hd__clkbuf_8)
                                                         clknet_leaf_29_clk (net)
                      0.081077    0.002338  100.864197 ^ _18983_/CLK (sky130_fd_sc_hd__dfrtp_2)
                                 -0.250000  100.614197   clock uncertainty
                                  0.000000  100.614197   clock reconvergence pessimism
                                  0.123161  100.737358   library recovery time
                                            100.737358   data required time
---------------------------------------------------------------------------------------------
                                            100.737358   data required time
                                            -24.647184   data arrival time
---------------------------------------------------------------------------------------------
                                             76.090172   slack (MET)


Startpoint: uio_in[1] (input port clocked by clk)
Endpoint: _19382_ (rising edge-triggered flip-flop clocked by clk)
Path Group: clk
Path Type: max

Fanout         Cap        Slew       Delay        Time   Description
---------------------------------------------------------------------------------------------
                                  0.000000    0.000000   clock clk (rise edge)
                                  0.000000    0.000000   clock network delay (propagated)
                                 20.000000   20.000000 ^ input external delay
     1    0.003114    0.015041    0.008114   20.008116 ^ uio_in[1] (in)
                                                         uio_in[1] (net)
                      0.015044    0.000000   20.008116 ^ input12/A (sky130_fd_sc_hd__buf_1)
     1    0.021421    0.190052    0.155277   20.163391 ^ input12/X (sky130_fd_sc_hd__buf_1)
                                                         net12 (net)
                      0.190126    0.003086   20.166477 ^ wire2078/A (sky130_fd_sc_hd__buf_2)
     2    0.066829    0.244636    0.243322   20.409800 ^ wire2078/X (sky130_fd_sc_hd__buf_2)
                                                         net2078 (net)
                      0.244877    0.006350   20.416149 ^ _18302_/C_N (sky130_fd_sc_hd__or3b_2)
     2    0.097743    0.215717    0.432657   20.848806 v _18302_/X (sky130_fd_sc_hd__or3b_2)
                                                         _01050_ (net)
                      0.215858    0.005189   20.853994 v fanout373/A (sky130_fd_sc_hd__clkdlybuf4s25_1)
    10    0.131252    0.655582    0.671356   21.525351 v fanout373/X (sky130_fd_sc_hd__clkdlybuf4s25_1)
                                                         net373 (net)
                      0.655719    0.008166   21.533518 v _18312_/B (sky130_fd_sc_hd__nor2_2)
     3    0.054284    0.456916    0.559707   22.093224 ^ _18312_/Y (sky130_fd_sc_hd__nor2_2)
                                                         _01052_ (net)
                      0.457091    0.003022   22.096245 ^ fanout253/A (sky130_fd_sc_hd__clkdlybuf4s25_1)
     5    0.059582    0.445200    0.481176   22.577421 ^ fanout253/X (sky130_fd_sc_hd__clkdlybuf4s25_1)
                                                         net253 (net)
                      0.445330    0.006354   22.583775 ^ fanout252/A (sky130_fd_sc_hd__clkdlybuf4s25_1)
     6    0.070119    0.523925    0.526871   23.110647 ^ fanout252/X (sky130_fd_sc_hd__clkdlybuf4s25_1)
                                                         net252 (net)
                      0.524492    0.014344   23.124990 ^ fanout249/A (sky130_fd_sc_hd__clkdlybuf4s25_1)
     7    0.058663    0.437926    0.478366   23.603357 ^ fanout249/X (sky130_fd_sc_hd__clkdlybuf4s25_1)
                                                         net249 (net)
                      0.437930    0.001114   23.604469 ^ fanout248/A (sky130_fd_sc_hd__clkdlybuf4s25_1)
    10    0.065865    0.489819    0.510749   24.115219 ^ fanout248/X (sky130_fd_sc_hd__clkdlybuf4s25_1)
                                                         net248 (net)
                      0.490084    0.009504   24.124722 ^ _18437_/B1 (sky130_fd_sc_hd__a22o_2)
     1    0.003261    0.033126    0.093801   24.218523 ^ _18437_/X (sky130_fd_sc_hd__a22o_2)
                                                         _00651_ (net)
                      0.033126    0.000199   24.218721 ^ hold2289/A (sky130_fd_sc_hd__dlygate4sd3_1)
     1    0.002982    0.038455    0.372358   24.591080 ^ hold2289/X (sky130_fd_sc_hd__dlygate4sd3_1)
                                                         net2289 (net)
                      0.038924    0.000195   24.591276 ^ _19382_/D (sky130_fd_sc_hd__dfrtp_2)
                                             24.591276   data arrival time

                                100.000000  100.000000   clock clk (rise edge)
                                  0.000000  100.000000   clock source latency
     2    0.126811    0.425193    0.301668  100.301666 ^ clk (in)
                                                         clk (net)
                      0.425690    0.000000  100.301666 ^ clkbuf_0_clk/A (sky130_fd_sc_hd__clkbuf_16)
     8    0.139875    0.120980    0.191726  100.493393 ^ clkbuf_0_clk/X (sky130_fd_sc_hd__clkbuf_16)
                                                         clknet_0_clk (net)
                      0.126768    0.020172  100.513565 ^ clkbuf_3_5_0_clk/A (sky130_fd_sc_hd__clkbuf_8)
     8    0.112010    0.150628    0.191278  100.704842 ^ clkbuf_3_5_0_clk/X (sky130_fd_sc_hd__clkbuf_8)
                                                         clknet_3_5_0_clk (net)
                      0.151178    0.007432  100.712273 ^ clkbuf_leaf_33_clk/A (sky130_fd_sc_hd__clkbuf_8)
    15    0.056997    0.083291    0.148916  100.861191 ^ clkbuf_leaf_33_clk/X (sky130_fd_sc_hd__clkbuf_8)
                                                         clknet_leaf_33_clk (net)
                      0.083717    0.004775  100.865967 ^ _19382_/CLK (sky130_fd_sc_hd__dfrtp_2)
                                 -0.250000  100.615967   clock uncertainty
                                  0.000000  100.615967   clock reconvergence pessimism
                                 -0.035168  100.580803   library setup time
                                            100.580803   data required time
---------------------------------------------------------------------------------------------
                                            100.580803   data required time
                                            -24.591276   data arrival time
---------------------------------------------------------------------------------------------
                                             75.989525   slack (MET)




===========================================================================
report_checks --slack_max -0.01
============================================================================
======================= max_ff_n40C_1v95 Corner ===================================

No paths found.


===========================================================================
 report_check_types -max_slew -max_cap -max_fanout -violators
============================================================================
======================= max_ff_n40C_1v95 Corner ===================================

max slew

Pin                                        Limit        Slew       Slack
------------------------------------------------------------------------
ANTENNA_294/DIODE                       0.750000    1.253458   -0.503458 (VIOLATED)
fanout2076/A                            0.750000    1.253458   -0.503458 (VIOLATED)
fanout2060/A                            0.750000    1.252840   -0.502840 (VIOLATED)
fanout2055/A                            0.750000    1.252825   -0.502826 (VIOLATED)
ANTENNA_227/DIODE                       0.750000    1.252823   -0.502823 (VIOLATED)
fanout2044/A                            0.750000    1.251640   -0.501640 (VIOLATED)
fanout2011/A                            0.750000    1.251285   -0.501285 (VIOLATED)
fanout2077/X                            0.750000    1.251234   -0.501234 (VIOLATED)
_17860_/A1                              0.750000    1.137717   -0.387718 (VIOLATED)
_17835_/A1                              0.750000    1.137698   -0.387698 (VIOLATED)
_17810_/A1                              0.750000    1.137685   -0.387685 (VIOLATED)
_17549_/A1                              0.750000    1.137452   -0.387452 (VIOLATED)
fanout900/A                             0.750000    1.137447   -0.387447 (VIOLATED)
_17524_/A1                              0.750000    1.137442   -0.387442 (VIOLATED)
_17964_/A1                              0.750000    1.137421   -0.387421 (VIOLATED)
_17731_/A1                              0.750000    1.137356   -0.387356 (VIOLATED)
_17785_/A1                              0.750000    1.137313   -0.387313 (VIOLATED)
fanout901/X                             0.750000    1.137265   -0.387265 (VIOLATED)
fanout177/A                             0.750000    1.061258   -0.311258 (VIOLATED)
fanout170/A                             0.750000    1.061185   -0.311185 (VIOLATED)
fanout168/A                             0.750000    1.061008   -0.311008 (VIOLATED)
fanout166/A                             0.750000    1.060224   -0.310224 (VIOLATED)
fanout163/A                             0.750000    1.056617   -0.306617 (VIOLATED)
fanout155/A                             0.750000    1.055515   -0.305515 (VIOLATED)
fanout178/X                             0.750000    1.055471   -0.305471 (VIOLATED)
_12267_/A1                              0.750000    1.044850   -0.294850 (VIOLATED)
ANTENNA_209/DIODE                       0.750000    1.044843   -0.294843 (VIOLATED)
_11836_/A1                              0.750000    1.044798   -0.294799 (VIOLATED)
ANTENNA_208/DIODE                       0.750000    1.044795   -0.294795 (VIOLATED)
_15783_/A1                              0.750000    1.044435   -0.294435 (VIOLATED)
_15860_/A1                              0.750000    1.044410   -0.294410 (VIOLATED)
_09503_/A                               0.750000    1.044398   -0.294399 (VIOLATED)
_15846_/A1                              0.750000    1.044398   -0.294398 (VIOLATED)
_15869_/A1                              0.750000    1.044393   -0.294393 (VIOLATED)
_15845_/B                               0.750000    1.044377   -0.294377 (VIOLATED)
_15859_/B                               0.750000    1.044373   -0.294373 (VIOLATED)
_18136_/A                               0.750000    1.044338   -0.294338 (VIOLATED)
fanout235/X                             0.750000    1.044295   -0.294295 (VIOLATED)
_17775_/A1                              0.750000    1.026448   -0.276448 (VIOLATED)
_17774_/X                               0.750000    1.014626   -0.264626 (VIOLATED)
_18410_/B2                              0.750000    0.994463   -0.244463 (VIOLATED)
_18416_/B2                              0.750000    0.994382   -0.244382 (VIOLATED)
_18418_/B2                              0.750000    0.994380   -0.244380 (VIOLATED)
_18414_/B2                              0.750000    0.994374   -0.244374 (VIOLATED)
_18420_/B2                              0.750000    0.994365   -0.244365 (VIOLATED)
_18422_/B2                              0.750000    0.994097   -0.244097 (VIOLATED)
_18412_/B2                              0.750000    0.994008   -0.244008 (VIOLATED)
_18725_/C                               0.750000    0.993385   -0.243385 (VIOLATED)
_18312_/B                               0.750000    0.993146   -0.243146 (VIOLATED)
_18733_/A4                              0.750000    0.993048   -0.243048 (VIOLATED)
fanout373/X                             0.750000    0.993048   -0.243048 (VIOLATED)
fanout898/A                             0.750000    0.986817   -0.236817 (VIOLATED)
fanout892/A                             0.750000    0.986349   -0.236349 (VIOLATED)
ANTENNA_212/DIODE                       0.750000    0.986332   -0.236332 (VIOLATED)
_17601_/A1                              0.750000    0.985526   -0.235526 (VIOLATED)
fanout888/A                             0.750000    0.983647   -0.233647 (VIOLATED)
fanout884/A                             0.750000    0.983454   -0.233454 (VIOLATED)
fanout881/A                             0.750000    0.983102   -0.233102 (VIOLATED)
fanout882/A                             0.750000    0.983029   -0.233029 (VIOLATED)
fanout899/X                             0.750000    0.982909   -0.232909 (VIOLATED)
_17600_/X                               0.750000    0.980371   -0.230371 (VIOLATED)
_18142_/C1                              0.750000    0.937250   -0.187250 (VIOLATED)
fanout1627/A                            0.750000    0.931661   -0.181661 (VIOLATED)
_10399_/C1                              0.750000    0.931463   -0.181463 (VIOLATED)
fanout1626/A                            0.750000    0.931462   -0.181462 (VIOLATED)
_11197_/B1                              0.750000    0.931352   -0.181352 (VIOLATED)
_17598_/A0                              0.750000    0.930937   -0.180937 (VIOLATED)
fanout1628/X                            0.750000    0.930937   -0.180937 (VIOLATED)
_17256_/B                               0.750000    0.923442   -0.173442 (VIOLATED)
_16423_/B                               0.750000    0.916447   -0.166447 (VIOLATED)
_17255_/X                               0.750000    0.912548   -0.162548 (VIOLATED)
_16422_/X                               0.750000    0.909889   -0.159889 (VIOLATED)
_17742_/A1                              0.750000    0.899926   -0.149927 (VIOLATED)
_17741_/X                               0.750000    0.896242   -0.146242 (VIOLATED)
fanout235/A                             0.750000    0.877298   -0.127298 (VIOLATED)
_09502_/Y                               0.750000    0.876712   -0.126712 (VIOLATED)
_11702_/A1                              0.750000    0.872758   -0.122758 (VIOLATED)
_11746_/A1                              0.750000    0.872715   -0.122715 (VIOLATED)
fanout1059/A                            0.750000    0.872475   -0.122475 (VIOLATED)
_11413_/A                               0.750000    0.870558   -0.120558 (VIOLATED)
_17889_/A1                              0.750000    0.870533   -0.120533 (VIOLATED)
fanout1060/X                            0.750000    0.870488   -0.120488 (VIOLATED)
ANTENNA_274/DIODE                       0.750000    0.839794   -0.089794 (VIOLATED)
_17509_/A1                              0.750000    0.839793   -0.089793 (VIOLATED)
ANTENNA_273/DIODE                       0.750000    0.839784   -0.089784 (VIOLATED)
_17508_/X                               0.750000    0.835878   -0.085878 (VIOLATED)
_17709_/A1                              0.750000    0.787930   -0.037930 (VIOLATED)
_17708_/X                               0.750000    0.786417   -0.036417 (VIOLATED)
fanout964/A                             0.750000    0.783315   -0.033315 (VIOLATED)
ANTENNA_218/DIODE                       0.750000    0.783298   -0.033298 (VIOLATED)
fanout963/A                             0.750000    0.783181   -0.033181 (VIOLATED)
ANTENNA_217/DIODE                       0.750000    0.783121   -0.033121 (VIOLATED)
_11950_/B                               0.750000    0.782961   -0.032961 (VIOLATED)
fanout962/A                             0.750000    0.782946   -0.032946 (VIOLATED)
ANTENNA_216/DIODE                       0.750000    0.782942   -0.032942 (VIOLATED)
_14173_/A                               0.750000    0.780780   -0.030780 (VIOLATED)
_17973_/A2                              0.750000    0.780773   -0.030773 (VIOLATED)
_11949_/X                               0.750000    0.780770   -0.030770 (VIOLATED)
_12213_/A                               0.750000    0.780561   -0.030561 (VIOLATED)
_17918_/A1                              0.750000    0.780527   -0.030527 (VIOLATED)
fanout965/X                             0.750000    0.780497   -0.030497 (VIOLATED)
_12574_/A                               0.750000    0.777092   -0.027092 (VIOLATED)
_17739_/A1                              0.750000    0.775194   -0.025194 (VIOLATED)
ANTENNA_164/DIODE                       0.750000    0.775186   -0.025186 (VIOLATED)
_17738_/X                               0.750000    0.774686   -0.024686 (VIOLATED)
_12539_/X                               0.750000    0.772235   -0.022235 (VIOLATED)
_18311_/A2                              0.750000    0.767564   -0.017564 (VIOLATED)
_18308_/A2                              0.750000    0.767439   -0.017439 (VIOLATED)
_18305_/A2                              0.750000    0.767385   -0.017385 (VIOLATED)
_18713_/A3                              0.750000    0.766684   -0.016684 (VIOLATED)
_18712_/A2                              0.750000    0.766600   -0.016600 (VIOLATED)
_18710_/A2                              0.750000    0.766563   -0.016563 (VIOLATED)
_18303_/B                               0.750000    0.766562   -0.016562 (VIOLATED)
_18711_/A2                              0.750000    0.766551   -0.016551 (VIOLATED)
_18715_/A3                              0.750000    0.766525   -0.016525 (VIOLATED)
_18716_/D                               0.750000    0.766522   -0.016522 (VIOLATED)
fanout255/X                             0.750000    0.766510   -0.016510 (VIOLATED)
_18306_/A1                              0.750000    0.765720   -0.015720 (VIOLATED)
_18161_/B1                              0.750000    0.765691   -0.015691 (VIOLATED)
ANTENNA_156/DIODE                       0.750000    0.762127   -0.012127 (VIOLATED)
ANTENNA_154/DIODE                       0.750000    0.762127   -0.012127 (VIOLATED)
ANTENNA_152/DIODE                       0.750000    0.762126   -0.012126 (VIOLATED)
ANTENNA_150/DIODE                       0.750000    0.762126   -0.012126 (VIOLATED)
ANTENNA_148/DIODE                       0.750000    0.762125   -0.012126 (VIOLATED)
_17700_/A1                              0.750000    0.762108   -0.012108 (VIOLATED)
ANTENNA_149/DIODE                       0.750000    0.762063   -0.012063 (VIOLATED)
ANTENNA_151/DIODE                       0.750000    0.762040   -0.012040 (VIOLATED)
ANTENNA_153/DIODE                       0.750000    0.762039   -0.012039 (VIOLATED)
ANTENNA_155/DIODE                       0.750000    0.762038   -0.012038 (VIOLATED)
_17699_/X                               0.750000    0.760454   -0.010454 (VIOLATED)
ANTENNA_125/DIODE                       0.750000    0.757028   -0.007028 (VIOLATED)
ANTENNA_123/DIODE                       0.750000    0.757028   -0.007028 (VIOLATED)
ANTENNA_122/DIODE                       0.750000    0.757028   -0.007028 (VIOLATED)
ANTENNA_121/DIODE                       0.750000    0.757028   -0.007028 (VIOLATED)
_17613_/A1                              0.750000    0.757028   -0.007028 (VIOLATED)
ANTENNA_120/DIODE                       0.750000    0.757028   -0.007028 (VIOLATED)
ANTENNA_119/DIODE                       0.750000    0.757027   -0.007027 (VIOLATED)
ANTENNA_118/DIODE                       0.750000    0.757027   -0.007027 (VIOLATED)
ANTENNA_124/DIODE                       0.750000    0.757004   -0.007004 (VIOLATED)
_17612_/X                               0.750000    0.756520   -0.006520 (VIOLATED)

max fanout

Pin                                   Limit Fanout  Slack
---------------------------------------------------------
clkbuf_leaf_4_clk/X                      10     16     -6 (VIOLATED)
clkbuf_leaf_20_clk/X                     10     15     -5 (VIOLATED)
clkbuf_leaf_22_clk/X                     10     15     -5 (VIOLATED)
clkbuf_leaf_2_clk/X                      10     15     -5 (VIOLATED)
clkbuf_leaf_31_clk/X                     10     15     -5 (VIOLATED)
clkbuf_leaf_32_clk/X                     10     15     -5 (VIOLATED)
clkbuf_leaf_33_clk/X                     10     15     -5 (VIOLATED)
clkbuf_leaf_35_clk/X                     10     15     -5 (VIOLATED)
clkbuf_leaf_39_clk/X                     10     15     -5 (VIOLATED)
clkbuf_leaf_3_clk/X                      10     15     -5 (VIOLATED)
clkbuf_leaf_44_clk/X                     10     15     -5 (VIOLATED)
clkbuf_leaf_47_clk/X                     10     15     -5 (VIOLATED)
clkbuf_leaf_48_clk/X                     10     15     -5 (VIOLATED)
clkbuf_leaf_49_clk/X                     10     15     -5 (VIOLATED)
clkbuf_leaf_51_clk/X                     10     15     -5 (VIOLATED)
clkbuf_leaf_54_clk/X                     10     15     -5 (VIOLATED)
clkbuf_leaf_55_clk/X                     10     15     -5 (VIOLATED)
clkbuf_leaf_58_clk/X                     10     15     -5 (VIOLATED)
clkbuf_leaf_59_clk/X                     10     15     -5 (VIOLATED)
clkbuf_leaf_8_clk/X                      10     15     -5 (VIOLATED)
clkbuf_leaf_9_clk/X                      10     15     -5 (VIOLATED)
clkbuf_leaf_10_clk/X                     10     14     -4 (VIOLATED)
clkbuf_leaf_11_clk/X                     10     14     -4 (VIOLATED)
clkbuf_leaf_15_clk/X                     10     14     -4 (VIOLATED)
clkbuf_leaf_16_clk/X                     10     14     -4 (VIOLATED)
clkbuf_leaf_18_clk/X                     10     14     -4 (VIOLATED)
clkbuf_leaf_19_clk/X                     10     14     -4 (VIOLATED)
clkbuf_leaf_21_clk/X                     10     14     -4 (VIOLATED)
clkbuf_leaf_23_clk/X                     10     14     -4 (VIOLATED)
clkbuf_leaf_27_clk/X                     10     14     -4 (VIOLATED)
clkbuf_leaf_29_clk/X                     10     14     -4 (VIOLATED)
clkbuf_leaf_30_clk/X                     10     14     -4 (VIOLATED)
clkbuf_leaf_34_clk/X                     10     14     -4 (VIOLATED)
clkbuf_leaf_38_clk/X                     10     14     -4 (VIOLATED)
clkbuf_leaf_40_clk/X                     10     14     -4 (VIOLATED)
clkbuf_leaf_41_clk/X                     10     14     -4 (VIOLATED)
clkbuf_leaf_42_clk/X                     10     14     -4 (VIOLATED)
clkbuf_leaf_43_clk/X                     10     14     -4 (VIOLATED)
clkbuf_leaf_45_clk/X                     10     14     -4 (VIOLATED)
clkbuf_leaf_50_clk/X                     10     14     -4 (VIOLATED)
clkbuf_leaf_52_clk/X                     10     14     -4 (VIOLATED)
clkbuf_leaf_53_clk/X                     10     14     -4 (VIOLATED)
clkbuf_leaf_56_clk/X                     10     14     -4 (VIOLATED)
clkbuf_leaf_57_clk/X                     10     14     -4 (VIOLATED)
clkbuf_leaf_5_clk/X                      10     14     -4 (VIOLATED)
clkbuf_leaf_6_clk/X                      10     14     -4 (VIOLATED)
clkbuf_leaf_7_clk/X                      10     14     -4 (VIOLATED)
clkbuf_leaf_12_clk/X                     10     13     -3 (VIOLATED)
clkbuf_leaf_14_clk/X                     10     13     -3 (VIOLATED)
clkbuf_leaf_17_clk/X                     10     13     -3 (VIOLATED)
clkbuf_leaf_24_clk/X                     10     13     -3 (VIOLATED)
clkbuf_leaf_28_clk/X                     10     13     -3 (VIOLATED)
clkbuf_leaf_46_clk/X                     10     13     -3 (VIOLATED)
fanout235/X                              10     12     -2 (VIOLATED)
wire20/X                                 10     12     -2 (VIOLATED)
_17579_/X                                10     11        (VIOLATED)
clkbuf_leaf_1_clk/X                      10     11        (VIOLATED)
clkbuf_leaf_26_clk/X                     10     11        (VIOLATED)
clkbuf_leaf_36_clk/X                     10     11        (VIOLATED)
fanout419/X                              10     11        (VIOLATED)
fanout490/X                              10     11        (VIOLATED)

max capacitance

Pin                                        Limit         Cap       Slack
------------------------------------------------------------------------
_09502_/Y                               0.200000    0.231428   -0.031428 (VIOLATED)



===========================================================================
report_parasitic_annotation -report_unannotated
============================================================================
Found 61 unannotated drivers.
 uio_in[5]
 uio_in[6]
 uio_in[7]
 clkload0/X
 clkload1/X
 clkload10/X
 clkload11/X
 clkload12/Y
 clkload13/X
 clkload14/X
 clkload15/Y
 clkload16/Y
 clkload17/Y
 clkload18/Y
 clkload19/X
 clkload2/Y
 clkload20/X
 clkload21/X
 clkload22/X
 clkload23/X
 clkload24/X
 clkload25/X
 clkload26/X
 clkload27/X
 clkload28/X
 clkload29/X
 clkload3/X
 clkload30/X
 clkload31/Y
 clkload32/X
 clkload33/X
 clkload34/X
 clkload35/X
 clkload36/X
 clkload37/X
 clkload38/X
 clkload39/X
 clkload4/X
 clkload40/X
 clkload41/X
 clkload42/Y
 clkload43/X
 clkload44/X
 clkload5/Y
 clkload6/X
 clkload7/X
 clkload8/X
 clkload9/X
 tt_um_aes128_baseline/HI
 tt_um_aes128_baseline_2080/HI
 tt_um_aes128_baseline_2081/HI
 tt_um_aes128_baseline_2082/HI
 tt_um_aes128_baseline_2083/HI
 tt_um_aes128_baseline_2084/HI
 tt_um_aes128_baseline_2085/HI
 tt_um_aes128_baseline_2086/HI
 tt_um_aes128_baseline_2087/HI
 tt_um_aes128_baseline_2088/HI
 tt_um_aes128_baseline_2089/LO
 tt_um_aes128_baseline_2090/LO
 tt_um_aes128_baseline_2091/LO
Found 0 partially unannotated drivers.

===========================================================================
max slew violation count 140
max fanout violation count 61
max cap violation count 1
============================================================================

===========================================================================
check_setup -verbose -unconstrained_endpoints -multiple_clock -no_clock -no_input_delay -loops -generated_clocks
===========================================================================
