Clock: clk
Sources: clk 
Generated: no
Virtual: yes
Propagated: no
Period: 100.000000

===========================================================================
report_clock_properties
============================================================================
Clock                   Period          Waveform
----------------------------------------------------
clk                 100.000000    0.000000 50.000000

===========================================================================
report_clock_latency
============================================================================
Clock clk
rise -> rise
    min     max
0.000000 0.000000 source latency
0.838693         network latency _19046_/CLK
        0.909387 network latency _18958_/CLK
---------------
0.838693 0.909387 latency
        0.070695 skew

fall -> fall
    min     max
0.000000 0.000000 source latency
0.666489         network latency _19046_/CLK
        0.714518 network latency _18958_/CLK
---------------
0.666489 0.714518 latency
        0.048029 skew



===========================================================================
report_clock_min_period
============================================================================
clk period_min = 6.76 fmax = 147.97
