
===========================================================================
 report_power
============================================================================
======================= max_ff_n40C_1v95 Corner ===================================

Group                    Internal    Switching      Leakage        Total
                            Power        Power        Power        Power (Watts)
------------------------------------------------------------------------
Sequential           3.750764e-04 1.077261e-06 1.829209e-08 3.761719e-04  54.4%
Combinational        9.594288e-06 2.665822e-05 1.209367e-07 3.637345e-05   5.3%
Clock                1.041495e-04 1.750651e-04 1.514157e-07 2.793660e-04  40.4%
Macro                0.000000e+00 0.000000e+00 0.000000e+00 0.000000e+00   0.0%
Pad                  0.000000e+00 0.000000e+00 0.000000e+00 0.000000e+00   0.0%
------------------------------------------------------------------------
Total                4.888203e-04 2.028006e-04 2.906428e-07 6.919115e-04 100.0%
                            70.6%        29.3%         0.0%

