
===========================================================================
report_checks -unconstrained
===========================================================================
======================= nom_tt_025C_1v80 Corner ===================================

Startpoint: rst_n (input port clocked by clk)
Endpoint: _18983_ (recovery check against rising-edge clock clk)
Path Group: asynchronous
Path Type: max

Fanout         Cap        Slew       Delay        Time   Description
---------------------------------------------------------------------------------------------
                                  0.000000    0.000000   clock clk (rise edge)
                                  0.000000    0.000000   clock network delay (propagated)
                                 20.000000   20.000000 ^ input external delay
     1    0.002624    0.019652    0.009678   20.009678 ^ rst_n (in)
                                                         rst_n (net)
                      0.019652    0.000000   20.009678 ^ input2/A (sky130_fd_sc_hd__clkdlybuf4s25_1)
     1    0.003293    0.048402    0.237691   20.247368 ^ input2/X (sky130_fd_sc_hd__clkdlybuf4s25_1)
                                                         net2 (net)
                      0.048402    0.000016   20.247385 ^ fanout2077/A (sky130_fd_sc_hd__clkdlybuf4s25_1)
     5    0.070700    0.703089    0.706248   20.953632 ^ fanout2077/X (sky130_fd_sc_hd__clkdlybuf4s25_1)
                                                         net2077 (net)
                      0.703089    0.000005   20.953638 ^ fanout2011/A (sky130_fd_sc_hd__clkdlybuf4s25_1)
     2    0.021149    0.218086    0.489994   21.443632 ^ fanout2011/X (sky130_fd_sc_hd__clkdlybuf4s25_1)
                                                         net2011 (net)
                      0.218086    0.000002   21.443634 ^ _09509_/B (sky130_fd_sc_hd__and2_2)
     1    0.006036    0.052453    0.189303   21.632936 ^ _09509_/X (sky130_fd_sc_hd__and2_2)
                                                         core_reset_n (net)
                      0.052453    0.000078   21.633015 ^ fanout1987/A (sky130_fd_sc_hd__clkdlybuf4s25_1)
     3    0.013863    0.148256    0.322506   21.955521 ^ fanout1987/X (sky130_fd_sc_hd__clkdlybuf4s25_1)
                                                         net1987 (net)
                      0.148256    0.000025   21.955545 ^ load_slew1990/A (sky130_fd_sc_hd__buf_2)
     3    0.030806    0.154594    0.221750   22.177296 ^ load_slew1990/X (sky130_fd_sc_hd__buf_2)
                                                         net1990 (net)
                      0.154612    0.001728   22.179024 ^ load_slew1989/A (sky130_fd_sc_hd__clkbuf_4)
     2    0.036940    0.120026    0.229383   22.408407 ^ load_slew1989/X (sky130_fd_sc_hd__clkbuf_4)
                                                         net1989 (net)
                      0.120156    0.002277   22.410685 ^ fanout1976/A (sky130_fd_sc_hd__clkdlybuf4s25_1)
     5    0.042290    0.424930    0.540323   22.951008 ^ fanout1976/X (sky130_fd_sc_hd__clkdlybuf4s25_1)
                                                         net1976 (net)
                      0.424930    0.000934   22.951941 ^ fanout1975/A (sky130_fd_sc_hd__clkdlybuf4s25_1)
     6    0.037178    0.374403    0.564610   23.516552 ^ fanout1975/X (sky130_fd_sc_hd__clkdlybuf4s25_1)
                                                         net1975 (net)
                      0.374403    0.000066   23.516617 ^ fanout1973/A (sky130_fd_sc_hd__clkdlybuf4s25_1)
     2    0.006695    0.082446    0.348582   23.865198 ^ fanout1973/X (sky130_fd_sc_hd__clkdlybuf4s25_1)
                                                         net1973 (net)
                      0.082446    0.000021   23.865219 ^ load_slew1974/A (sky130_fd_sc_hd__clkbuf_4)
     8    0.037935    0.122716    0.206185   24.071405 ^ load_slew1974/X (sky130_fd_sc_hd__clkbuf_4)
                                                         net1974 (net)
                      0.122717    0.000613   24.072018 ^ fanout1971/A (sky130_fd_sc_hd__clkdlybuf4s25_1)
     2    0.006863    0.081514    0.298547   24.370565 ^ fanout1971/X (sky130_fd_sc_hd__clkdlybuf4s25_1)
                                                         net1971 (net)
                      0.081514    0.000016   24.370581 ^ fanout1969/A (sky130_fd_sc_hd__clkdlybuf4s25_1)
     2    0.007411    0.089320    0.288143   24.658724 ^ fanout1969/X (sky130_fd_sc_hd__clkdlybuf4s25_1)
                                                         net1969 (net)
                      0.089320    0.000030   24.658754 ^ load_slew1970/A (sky130_fd_sc_hd__buf_4)
     9    0.039731    0.116702    0.182654   24.841408 ^ load_slew1970/X (sky130_fd_sc_hd__buf_4)
                                                         net1970 (net)
                      0.116702    0.000439   24.841846 ^ _18983_/RESET_B (sky130_fd_sc_hd__dfrtp_2)
                                             24.841846   data arrival time

                                100.000000  100.000000   clock clk (rise edge)
                                  0.000000  100.000000   clock source latency
     1    0.059535    0.270740    0.192458  100.192451 ^ clk (in)
                                                         clk (net)
                      0.271074    0.000000  100.192451 ^ clkbuf_0_clk/A (sky130_fd_sc_hd__clkbuf_16)
     8    0.080762    0.099321    0.245329  100.437782 ^ clkbuf_0_clk/X (sky130_fd_sc_hd__clkbuf_16)
                                                         clknet_0_clk (net)
                      0.099363    0.001997  100.439781 ^ clkbuf_3_5_0_clk/A (sky130_fd_sc_hd__clkbuf_8)
     8    0.064046    0.120130    0.206057  100.645836 ^ clkbuf_3_5_0_clk/X (sky130_fd_sc_hd__clkbuf_8)
                                                         clknet_3_5_0_clk (net)
                      0.120131    0.000576  100.646416 ^ clkbuf_leaf_29_clk/A (sky130_fd_sc_hd__clkbuf_8)
    14    0.038993    0.080393    0.183391  100.829803 ^ clkbuf_leaf_29_clk/X (sky130_fd_sc_hd__clkbuf_8)
                                                         clknet_leaf_29_clk (net)
                      0.080393    0.000085  100.829887 ^ _18983_/CLK (sky130_fd_sc_hd__dfrtp_2)
                                 -0.250000  100.579895   clock uncertainty
                                  0.000000  100.579895   clock reconvergence pessimism
                                  0.208781  100.788673   library recovery time
                                            100.788673   data required time
---------------------------------------------------------------------------------------------
                                            100.788673   data required time
                                            -24.841846   data arrival time
---------------------------------------------------------------------------------------------
                                             75.946823   slack (MET)


Startpoint: _19530_ (rising edge-triggered flip-flop clocked by clk)
Endpoint: uio_out[7] (output port clocked by clk)
Path Group: clk
Path Type: max

Fanout         Cap        Slew       Delay        Time   Description
---------------------------------------------------------------------------------------------
                                  0.000000    0.000000   clock clk (rise edge)
                                  0.000000    0.000000   clock source latency
     1    0.059535    0.270740    0.192457    0.192457 ^ clk (in)
                                                         clk (net)
                      0.271074    0.000000    0.192457 ^ clkbuf_0_clk/A (sky130_fd_sc_hd__clkbuf_16)
     8    0.080762    0.099321    0.245328    0.437785 ^ clkbuf_0_clk/X (sky130_fd_sc_hd__clkbuf_16)
                                                         clknet_0_clk (net)
                      0.099407    0.002689    0.440474 ^ clkbuf_3_2_0_clk/A (sky130_fd_sc_hd__clkbuf_8)
     8    0.060907    0.115116    0.202237    0.642711 ^ clkbuf_3_2_0_clk/X (sky130_fd_sc_hd__clkbuf_8)
                                                         clknet_3_2_0_clk (net)
                      0.115127    0.001232    0.643943 ^ clkbuf_leaf_13_clk/A (sky130_fd_sc_hd__clkbuf_8)
    10    0.047855    0.094353    0.192308    0.836251 ^ clkbuf_leaf_13_clk/X (sky130_fd_sc_hd__clkbuf_8)
                                                         clknet_leaf_13_clk (net)
                      0.094353    0.000371    0.836622 ^ _19530_/CLK (sky130_fd_sc_hd__dfrtp_2)
     1    0.002852    0.038145    0.396584    1.233206 v _19530_/Q (sky130_fd_sc_hd__dfrtp_2)
                                                         busy_wire (net)
                      0.038145    0.000012    1.233218 v fanout899/A (sky130_fd_sc_hd__clkdlybuf4s25_1)
     6    0.055606    0.407984    0.522509    1.755727 v fanout899/X (sky130_fd_sc_hd__clkdlybuf4s25_1)
                                                         net899 (net)
                      0.407991    0.002206    1.757933 v fanout888/A (sky130_fd_sc_hd__clkdlybuf4s25_1)
     3    0.016302    0.129493    0.435835    2.193768 v fanout888/X (sky130_fd_sc_hd__clkdlybuf4s25_1)
                                                         net888 (net)
                      0.129493    0.000019    2.193787 v fanout885/A (sky130_fd_sc_hd__clkdlybuf4s25_1)
     3    0.008623    0.079426    0.313840    2.507627 v fanout885/X (sky130_fd_sc_hd__clkdlybuf4s25_1)
                                                         net885 (net)
                      0.079426    0.000019    2.507646 v load_slew886/A (sky130_fd_sc_hd__buf_4)
     8    0.035506    0.060369    0.184731    2.692377 v load_slew886/X (sky130_fd_sc_hd__buf_4)
                                                         net886 (net)
                      0.060381    0.000838    2.693215 v _09507_/A (sky130_fd_sc_hd__or3_2)
     1    0.009237    0.097280    0.508224    3.201439 v _09507_/X (sky130_fd_sc_hd__or3_2)
                                                         _01354_ (net)
                      0.097280    0.000060    3.201500 v _09508_/D (sky130_fd_sc_hd__nor4_4)
     1    0.015828    0.317677    0.247377    3.448877 ^ _09508_/Y (sky130_fd_sc_hd__nor4_4)
                                                         ready_wire (net)
                      0.317678    0.000514    3.449391 ^ wire234/A (sky130_fd_sc_hd__clkbuf_2)
     1    0.018096    0.107070    0.223803    3.673194 ^ wire234/X (sky130_fd_sc_hd__clkbuf_2)
                                                         net234 (net)
                      0.107071    0.000666    3.673861 ^ wire233/A (sky130_fd_sc_hd__clkbuf_2)
     2    0.018650    0.107723    0.172937    3.846798 ^ wire233/X (sky130_fd_sc_hd__clkbuf_2)
                                                         net233 (net)
                      0.107724    0.000529    3.847327 ^ _19547_/A (sky130_fd_sc_hd__buf_2)
     1    0.034290    0.170511    0.221622    4.068948 ^ _19547_/X (sky130_fd_sc_hd__buf_2)
                                                         uio_out[7] (net)
                      0.170511    0.000162    4.069110 ^ uio_out[7] (out)
                                              4.069110   data arrival time

                                100.000000  100.000000   clock clk (rise edge)
                                  0.000000  100.000000   clock network delay (propagated)
                                 -0.250000   99.750000   clock uncertainty
                                  0.000000   99.750000   clock reconvergence pessimism
                                -20.000000   79.750000   output external delay
                                             79.750000   data required time
---------------------------------------------------------------------------------------------
                                             79.750000   data required time
                                             -4.069110   data arrival time
---------------------------------------------------------------------------------------------
                                             75.680893   slack (MET)




===========================================================================
report_checks --slack_max -0.01
============================================================================
======================= nom_tt_025C_1v80 Corner ===================================

No paths found.


===========================================================================
 report_check_types -max_slew -max_cap -max_fanout -violators
============================================================================
======================= nom_tt_025C_1v80 Corner ===================================

max fanout

Pin                                   Limit Fanout  Slack
---------------------------------------------------------
clkbuf_leaf_4_clk/X                      10     16     -6 (VIOLATED)
clkbuf_leaf_20_clk/X                     10     15     -5 (VIOLATED)
clkbuf_leaf_22_clk/X                     10     15     -5 (VIOLATED)
clkbuf_leaf_2_clk/X                      10     15     -5 (VIOLATED)
clkbuf_leaf_31_clk/X                     10     15     -5 (VIOLATED)
clkbuf_leaf_32_clk/X                     10     15     -5 (VIOLATED)
clkbuf_leaf_33_clk/X                     10     15     -5 (VIOLATED)
clkbuf_leaf_35_clk/X                     10     15     -5 (VIOLATED)
clkbuf_leaf_3_clk/X                      10     15     -5 (VIOLATED)
clkbuf_leaf_44_clk/X                     10     15     -5 (VIOLATED)
clkbuf_leaf_47_clk/X                     10     15     -5 (VIOLATED)
clkbuf_leaf_48_clk/X                     10     15     -5 (VIOLATED)
clkbuf_leaf_49_clk/X                     10     15     -5 (VIOLATED)
clkbuf_leaf_51_clk/X                     10     15     -5 (VIOLATED)
clkbuf_leaf_54_clk/X                     10     15     -5 (VIOLATED)
clkbuf_leaf_55_clk/X                     10     15     -5 (VIOLATED)
clkbuf_leaf_58_clk/X                     10     15     -5 (VIOLATED)
clkbuf_leaf_59_clk/X                     10     15     -5 (VIOLATED)
clkbuf_leaf_8_clk/X                      10     15     -5 (VIOLATED)
clkbuf_leaf_9_clk/X                      10     15     -5 (VIOLATED)
clkbuf_leaf_10_clk/X                     10     14     -4 (VIOLATED)
clkbuf_leaf_11_clk/X                     10     14     -4 (VIOLATED)
clkbuf_leaf_15_clk/X                     10     14     -4 (VIOLATED)
clkbuf_leaf_16_clk/X                     10     14     -4 (VIOLATED)
clkbuf_leaf_18_clk/X                     10     14     -4 (VIOLATED)
clkbuf_leaf_19_clk/X                     10     14     -4 (VIOLATED)
clkbuf_leaf_21_clk/X                     10     14     -4 (VIOLATED)
clkbuf_leaf_23_clk/X                     10     14     -4 (VIOLATED)
clkbuf_leaf_27_clk/X                     10     14     -4 (VIOLATED)
clkbuf_leaf_29_clk/X                     10     14     -4 (VIOLATED)
clkbuf_leaf_30_clk/X                     10     14     -4 (VIOLATED)
clkbuf_leaf_34_clk/X                     10     14     -4 (VIOLATED)
clkbuf_leaf_38_clk/X                     10     14     -4 (VIOLATED)
clkbuf_leaf_39_clk/X                     10     14     -4 (VIOLATED)
clkbuf_leaf_40_clk/X                     10     14     -4 (VIOLATED)
clkbuf_leaf_41_clk/X                     10     14     -4 (VIOLATED)
clkbuf_leaf_42_clk/X                     10     14     -4 (VIOLATED)
clkbuf_leaf_43_clk/X                     10     14     -4 (VIOLATED)
clkbuf_leaf_45_clk/X                     10     14     -4 (VIOLATED)
clkbuf_leaf_50_clk/X                     10     14     -4 (VIOLATED)
clkbuf_leaf_52_clk/X                     10     14     -4 (VIOLATED)
clkbuf_leaf_53_clk/X                     10     14     -4 (VIOLATED)
clkbuf_leaf_56_clk/X                     10     14     -4 (VIOLATED)
clkbuf_leaf_57_clk/X                     10     14     -4 (VIOLATED)
clkbuf_leaf_5_clk/X                      10     14     -4 (VIOLATED)
clkbuf_leaf_6_clk/X                      10     14     -4 (VIOLATED)
clkbuf_leaf_7_clk/X                      10     14     -4 (VIOLATED)
clkbuf_leaf_12_clk/X                     10     13     -3 (VIOLATED)
clkbuf_leaf_14_clk/X                     10     13     -3 (VIOLATED)
clkbuf_leaf_17_clk/X                     10     13     -3 (VIOLATED)
clkbuf_leaf_24_clk/X                     10     13     -3 (VIOLATED)
clkbuf_leaf_28_clk/X                     10     13     -3 (VIOLATED)
clkbuf_leaf_46_clk/X                     10     13     -3 (VIOLATED)



===========================================================================
report_parasitic_annotation -report_unannotated
============================================================================
Found 61 unannotated drivers.
 uio_in[5]
 uio_in[6]
 uio_in[7]
 clkload0/X
 clkload1/X
 clkload10/X
 clkload11/X
 clkload12/Y
 clkload13/X
 clkload14/X
 clkload15/Y
 clkload16/Y
 clkload17/Y
 clkload18/Y
 clkload19/X
 clkload2/Y
 clkload20/X
 clkload21/X
 clkload22/X
 clkload23/X
 clkload24/X
 clkload25/X
 clkload26/X
 clkload27/X
 clkload28/X
 clkload29/X
 clkload3/X
 clkload30/X
 clkload31/Y
 clkload32/X
 clkload33/X
 clkload34/X
 clkload35/X
 clkload36/X
 clkload37/X
 clkload38/X
 clkload39/X
 clkload4/X
 clkload40/X
 clkload41/X
 clkload42/Y
 clkload43/X
 clkload44/X
 clkload5/Y
 clkload6/X
 clkload7/X
 clkload8/X
 clkload9/X
 tt_um_aes128_baseline/HI
 tt_um_aes128_baseline_2080/HI
 tt_um_aes128_baseline_2081/HI
 tt_um_aes128_baseline_2082/HI
 tt_um_aes128_baseline_2083/HI
 tt_um_aes128_baseline_2084/HI
 tt_um_aes128_baseline_2085/HI
 tt_um_aes128_baseline_2086/HI
 tt_um_aes128_baseline_2087/HI
 tt_um_aes128_baseline_2088/HI
 tt_um_aes128_baseline_2089/LO
 tt_um_aes128_baseline_2090/LO
 tt_um_aes128_baseline_2091/LO
Found 0 partially unannotated drivers.

===========================================================================
max slew violation count 0
Writing metric design__max_slew_violation__count__corner:nom_tt_025C_1v80: 0
max fanout violation count 53
Writing metric design__max_fanout_violation__count__corner:nom_tt_025C_1v80: 53
max cap violation count 0
Writing metric design__max_cap_violation__count__corner:nom_tt_025C_1v80: 0
============================================================================

===========================================================================
check_setup -verbose -unconstrained_endpoints -multiple_clock -no_clock -no_input_delay -loops -generated_clocks
===========================================================================
