Clock: clk
Sources: clk 
Generated: no
Virtual: yes
Propagated: no
Period: 100.000000

===========================================================================
report_clock_properties
============================================================================
Clock                   Period          Waveform
----------------------------------------------------
clk                 100.000000    0.000000 50.000000

===========================================================================
report_clock_latency
============================================================================
Clock clk
rise -> rise
    min     max
0.000000 0.000000 source latency
0.593356         network latency _6836_/CLK
        0.619792 network latency _6455_/CLK
---------------
0.593356 0.619792 latency
        0.026436 skew

fall -> fall
    min     max
0.000000 0.000000 source latency
0.532317         network latency _6836_/CLK
        0.552493 network latency _6455_/CLK
---------------
0.532317 0.552493 latency
        0.020176 skew



===========================================================================
report_clock_min_period
============================================================================
clk period_min = 7.95 fmax = 125.71
