153. Printing statistics.

=== tt_um_aes128_baseline ===

        +----------Local Count, excluding submodules.
        |        +-Local Area, excluding submodules.
        |        | 
    10170        - wires
    10205        - wire bits
      808        - public wires
      843        - public wire bits
        8        - ports
       43        - port bits
    10186 1.14E+05 cells
       22  275.264   sky130_fd_sc_hd__a2111o_2
        2   30.029   sky130_fd_sc_hd__a2111oi_2
      269 2.69E+03   sky130_fd_sc_hd__a211o_2
       55   688.16   sky130_fd_sc_hd__a211oi_2
       80  800.768   sky130_fd_sc_hd__a21bo_2
       11  123.869   sky130_fd_sc_hd__a21boi_2
      395 3.46E+03   sky130_fd_sc_hd__a21o_2
      403 3.53E+03   sky130_fd_sc_hd__a21oi_2
      269 3.03E+03   sky130_fd_sc_hd__a221o_2
       16   240.23   sky130_fd_sc_hd__a221oi_2
      440  4.4E+03   sky130_fd_sc_hd__a22o_2
        7   87.584   sky130_fd_sc_hd__a22oi_2
      181 2.04E+03   sky130_fd_sc_hd__a2bb2o_2
      163  1835.51   sky130_fd_sc_hd__a311o_2
       17  255.245   sky130_fd_sc_hd__a311oi_2
      427 3.74E+03   sky130_fd_sc_hd__a31o_2
       44  550.528   sky130_fd_sc_hd__a31oi_2
      114 1.28E+03   sky130_fd_sc_hd__a32o_2
        5   81.328   sky130_fd_sc_hd__a32oi_2
       39  439.171   sky130_fd_sc_hd__a41o_2
      137 1.03E+03   sky130_fd_sc_hd__and2_2
      172 1.51E+03   sky130_fd_sc_hd__and2b_2
      209 1.57E+03   sky130_fd_sc_hd__and3_2
       64  640.614   sky130_fd_sc_hd__and3b_2
       38  380.365   sky130_fd_sc_hd__and4_2
       14  157.651   sky130_fd_sc_hd__and4b_2
        2   25.024   sky130_fd_sc_hd__and4bb_2
        3   15.014   sky130_fd_sc_hd__buf_2
       13   48.797   sky130_fd_sc_hd__conb_1
      798  2.1E+04   sky130_fd_sc_hd__dfrtp_2
      161   604.33   sky130_fd_sc_hd__inv_2
      497  5.6E+03   sky130_fd_sc_hd__mux2_1
       57 1.28E+03   sky130_fd_sc_hd__mux4_2
      658 4.12E+03   sky130_fd_sc_hd__nand2_2
      161 1.41E+03   sky130_fd_sc_hd__nand2b_2
       35  350.336   sky130_fd_sc_hd__nand3_2
       30  337.824   sky130_fd_sc_hd__nand3b_2
        2   25.024   sky130_fd_sc_hd__nand4_2
      617 3.86E+03   sky130_fd_sc_hd__nor2_2
       33  330.317   sky130_fd_sc_hd__nor3_2
       37  462.944   sky130_fd_sc_hd__nor3b_2
        3   37.536   sky130_fd_sc_hd__nor4_2
        1   15.014   sky130_fd_sc_hd__nor4b_2
       22  275.264   sky130_fd_sc_hd__o2111a_2
        7  105.101   sky130_fd_sc_hd__o2111ai_2
      254 2.54E+03   sky130_fd_sc_hd__o211a_2
       53  663.136   sky130_fd_sc_hd__o211ai_2
      228    2E+03   sky130_fd_sc_hd__o21a_2
      240  2.1E+03   sky130_fd_sc_hd__o21ai_2
       65  650.624   sky130_fd_sc_hd__o21ba_2
       20  225.216   sky130_fd_sc_hd__o21bai_2
      207 2.33E+03   sky130_fd_sc_hd__o221a_2
       22  330.317   sky130_fd_sc_hd__o221ai_2
      107 1.07E+03   sky130_fd_sc_hd__o22a_2
        3   37.536   sky130_fd_sc_hd__o22ai_2
       57  641.866   sky130_fd_sc_hd__o2bb2a_2
      185 2.08E+03   sky130_fd_sc_hd__o311a_2
        5   81.328   sky130_fd_sc_hd__o311ai_2
      172 1.72E+03   sky130_fd_sc_hd__o31a_2
       50    625.6   sky130_fd_sc_hd__o31ai_2
      146 1.64E+03   sky130_fd_sc_hd__o32a_2
        1   16.266   sky130_fd_sc_hd__o32ai_2
       22  275.264   sky130_fd_sc_hd__o41a_2
      233 1.46E+03   sky130_fd_sc_hd__or2_2
      262 1.97E+03   sky130_fd_sc_hd__or3_2
      136 1.19E+03   sky130_fd_sc_hd__or3b_2
       84  735.706   sky130_fd_sc_hd__or4_2
       22  220.211   sky130_fd_sc_hd__or4b_2
        2   25.024   sky130_fd_sc_hd__or4bb_2
      512 8.33E+03   sky130_fd_sc_hd__xnor2_2
      368 5.99E+03   sky130_fd_sc_hd__xor2_2

   Chip area for module '\tt_um_aes128_baseline': 113684.032000
     of which used for sequential elements: 20967.609600 (18.44%)

