Clock: clk
Sources: clk 
Generated: no
Virtual: yes
Propagated: no
Period: 20.000000

===========================================================================
report_clock_properties
============================================================================
Clock                   Period          Waveform
----------------------------------------------------
clk                  20.000000    0.000000 10.000000

===========================================================================
report_clock_latency
============================================================================
Clock clk
rise -> rise
    min     max
0.000000 0.000000 source latency
2.412619         network latency _19338_/CLK
        2.563329 network latency _18958_/CLK
---------------
2.412619 2.563329 latency
        0.150710 skew

fall -> fall
    min     max
0.000000 0.000000 source latency
1.923924         network latency _19046_/CLK
        2.036476 network latency _18958_/CLK
---------------
1.923924 2.036476 latency
        0.112552 skew



===========================================================================
report_clock_min_period
============================================================================
clk period_min = 18.80 fmax = 53.19
