
===========================================================================
report_checks -unconstrained
===========================================================================
======================= max_ff_n40C_1v95 Corner ===================================

Startpoint: rst_n (input port clocked by clk)
Endpoint: _6462_ (recovery check against rising-edge clock clk)
Path Group: asynchronous
Path Type: max

Fanout         Cap        Slew       Delay        Time   Description
---------------------------------------------------------------------------------------------
                                  0.000000    0.000000   clock clk (rise edge)
                                  0.000000    0.000000   clock network delay (propagated)
                                  4.000000    4.000000 ^ input external delay
     1    0.008997    0.035062    0.022872    4.022872 ^ rst_n (in)
                                                         rst_n (net)
                      0.035074    0.000000    4.022872 ^ input1/A (sky130_fd_sc_hd__clkdlybuf4s25_1)
     1    0.005670    0.051657    0.173775    4.196648 ^ input1/X (sky130_fd_sc_hd__clkdlybuf4s25_1)
                                                         net1 (net)
                      0.051658    0.000265    4.196913 ^ fanout848/A (sky130_fd_sc_hd__clkdlybuf4s25_1)
    11    0.159670    1.175182    0.945856    5.142768 ^ fanout848/X (sky130_fd_sc_hd__clkdlybuf4s25_1)
                                                         net848 (net)
                      1.175214    0.005270    5.148038 ^ fanout740/A (sky130_fd_sc_hd__clkdlybuf4s25_1)
     5    0.070028    0.521744    0.526671    5.674709 ^ fanout740/X (sky130_fd_sc_hd__clkdlybuf4s25_1)
                                                         net740 (net)
                      0.521930    0.008224    5.682933 ^ fanout713/A (sky130_fd_sc_hd__clkdlybuf4s25_1)
     7    0.060098    0.447149    0.483487    6.166421 ^ fanout713/X (sky130_fd_sc_hd__clkdlybuf4s25_1)
                                                         net713 (net)
                      0.447171    0.002680    6.169101 ^ fanout704/A (sky130_fd_sc_hd__clkdlybuf4s25_1)
     5    0.023868    0.183511    0.301407    6.470508 ^ fanout704/X (sky130_fd_sc_hd__clkdlybuf4s25_1)
                                                         net704 (net)
                      0.183539    0.002274    6.472782 ^ fanout703/A (sky130_fd_sc_hd__clkdlybuf4s25_1)
     8    0.050824    0.381501    0.424039    6.896821 ^ fanout703/X (sky130_fd_sc_hd__clkdlybuf4s25_1)
                                                         net703 (net)
                      0.381560    0.003997    6.900818 ^ fanout701/A (sky130_fd_sc_hd__clkdlybuf4s25_1)
     2    0.009152    0.076515    0.226097    7.126915 ^ fanout701/X (sky130_fd_sc_hd__clkdlybuf4s25_1)
                                                         net701 (net)
                      0.076518    0.000562    7.127478 ^ load_slew702/A (sky130_fd_sc_hd__clkbuf_4)
     9    0.047730    0.113528    0.156273    7.283751 ^ load_slew702/X (sky130_fd_sc_hd__clkbuf_4)
                                                         net702 (net)
                      0.113998    0.005919    7.289670 ^ fanout699/A (sky130_fd_sc_hd__clkdlybuf4s25_1)
     2    0.008506    0.071899    0.205628    7.495298 ^ fanout699/X (sky130_fd_sc_hd__clkdlybuf4s25_1)
                                                         net699 (net)
                      0.071899    0.000361    7.495658 ^ load_slew700/A (sky130_fd_sc_hd__buf_4)
     9    0.045535    0.099173    0.130424    7.626082 ^ load_slew700/X (sky130_fd_sc_hd__buf_4)
                                                         net700 (net)
                      0.099353    0.003442    7.629524 ^ _6462_/RESET_B (sky130_fd_sc_hd__dfrtp_2)
                                              7.629524   data arrival time

                                 20.000000   20.000000   clock clk (rise edge)
                                  0.000000   20.000000   clock source latency
     1    0.041608    0.143555    0.100245   20.100246 ^ clk (in)
                                                         clk (net)
                      0.143615    0.000000   20.100246 ^ clkbuf_0_clk/A (sky130_fd_sc_hd__clkbuf_16)
     8    0.152058    0.127747    0.173673   20.273918 ^ clkbuf_0_clk/X (sky130_fd_sc_hd__clkbuf_16)
                                                         clknet_0_clk (net)
                      0.135597    0.024638   20.298555 ^ clkbuf_3_1_0_clk/A (sky130_fd_sc_hd__clkbuf_8)
     2    0.027964    0.047906    0.122167   20.420723 ^ clkbuf_3_1_0_clk/X (sky130_fd_sc_hd__clkbuf_8)
                                                         clknet_3_1_0_clk (net)
                      0.048088    0.002052   20.422775 ^ clkbuf_4_2__f_clk/A (sky130_fd_sc_hd__clkbuf_16)
     6    0.068248    0.065571    0.116103   20.538877 ^ clkbuf_4_2__f_clk/X (sky130_fd_sc_hd__clkbuf_16)
                                                         clknet_4_2__leaf_clk (net)
                      0.065903    0.003677   20.542555 ^ clkbuf_leaf_82_clk/A (sky130_fd_sc_hd__clkbuf_8)
    12    0.038566    0.059751    0.114117   20.656672 ^ clkbuf_leaf_82_clk/X (sky130_fd_sc_hd__clkbuf_8)
                                                         clknet_leaf_82_clk (net)
                      0.059816    0.000977   20.657648 ^ _6462_/CLK (sky130_fd_sc_hd__dfrtp_2)
                                 -0.250000   20.407650   clock uncertainty
                                  0.000000   20.407650   clock reconvergence pessimism
                                  0.120636   20.528286   library recovery time
                                             20.528286   data required time
---------------------------------------------------------------------------------------------
                                             20.528286   data required time
                                             -7.629524   data arrival time
---------------------------------------------------------------------------------------------
                                             12.898762   slack (MET)


Startpoint: _7074_ (rising edge-triggered flip-flop clocked by clk)
Endpoint: uo_out[5] (output port clocked by clk)
Path Group: clk
Path Type: max

Fanout         Cap        Slew       Delay        Time   Description
---------------------------------------------------------------------------------------------
                                  0.000000    0.000000   clock clk (rise edge)
                                  0.000000    0.000000   clock source latency
     1    0.041608    0.143555    0.100244    0.100244 ^ clk (in)
                                                         clk (net)
                      0.143615    0.000000    0.100244 ^ clkbuf_0_clk/A (sky130_fd_sc_hd__clkbuf_16)
     8    0.152058    0.127747    0.173673    0.273918 ^ clkbuf_0_clk/X (sky130_fd_sc_hd__clkbuf_16)
                                                         clknet_0_clk (net)
                      0.136262    0.025674    0.299591 ^ clkbuf_3_2_0_clk/A (sky130_fd_sc_hd__clkbuf_8)
     2    0.030856    0.051334    0.124207    0.423798 ^ clkbuf_3_2_0_clk/X (sky130_fd_sc_hd__clkbuf_8)
                                                         clknet_3_2_0_clk (net)
                      0.051604    0.002872    0.426670 ^ clkbuf_4_4__f_clk/A (sky130_fd_sc_hd__clkbuf_16)
     6    0.057426    0.057641    0.111034    0.537704 ^ clkbuf_4_4__f_clk/X (sky130_fd_sc_hd__clkbuf_16)
                                                         clknet_4_4__leaf_clk (net)
                      0.058033    0.003713    0.541417 ^ clkbuf_leaf_20_clk/A (sky130_fd_sc_hd__clkbuf_8)
    10    0.038381    0.059460    0.111687    0.653104 ^ clkbuf_leaf_20_clk/X (sky130_fd_sc_hd__clkbuf_8)
                                                         clknet_leaf_20_clk (net)
                      0.059667    0.002517    0.655621 ^ _7074_/CLK (sky130_fd_sc_hd__dfrtp_2)
     1    0.004269    0.030632    0.219818    0.875439 ^ _7074_/Q (sky130_fd_sc_hd__dfrtp_2)
                                                         output_index[0] (net)
                      0.030632    0.000299    0.875737 ^ fanout563/A (sky130_fd_sc_hd__clkdlybuf4s25_1)
     5    0.074901    0.556441    0.519408    1.395145 ^ fanout563/X (sky130_fd_sc_hd__clkdlybuf4s25_1)
                                                         net563 (net)
                      0.556450    0.001922    1.397067 ^ fanout558/A (sky130_fd_sc_hd__clkdlybuf4s25_1)
     7    0.043522    0.327078    0.401740    1.798808 ^ fanout558/X (sky130_fd_sc_hd__clkdlybuf4s25_1)
                                                         net558 (net)
                      0.327239    0.003693    1.802500 ^ _3107_/A (sky130_fd_sc_hd__and2_2)
     3    0.106630    0.402554    0.380584    2.183084 ^ _3107_/X (sky130_fd_sc_hd__and2_2)
                                                         _1061_ (net)
                      0.402618    0.004291    2.187375 ^ fanout416/A (sky130_fd_sc_hd__clkdlybuf4s25_1)
     6    0.047658    0.358451    0.417882    2.605257 ^ fanout416/X (sky130_fd_sc_hd__clkdlybuf4s25_1)
                                                         net416 (net)
                      0.358468    0.002086    2.607343 ^ fanout415/A (sky130_fd_sc_hd__clkdlybuf4s25_1)
    10    0.063023    0.471171    0.496397    3.103740 ^ fanout415/X (sky130_fd_sc_hd__clkdlybuf4s25_1)
                                                         net415 (net)
                      0.471268    0.005664    3.109404 ^ _3108_/B (sky130_fd_sc_hd__nor2_2)
     2    0.060193    0.191460    0.143016    3.252420 v _3108_/Y (sky130_fd_sc_hd__nor2_2)
                                                         _1062_ (net)
                      0.192582    0.012071    3.264491 v fanout309/A (sky130_fd_sc_hd__clkdlybuf4s25_1)
     5    0.027439    0.142771    0.303825    3.568316 v fanout309/X (sky130_fd_sc_hd__clkdlybuf4s25_1)
                                                         net309 (net)
                      0.142773    0.000835    3.569150 v load_slew310/A (sky130_fd_sc_hd__clkbuf_4)
     5    0.069597    0.100172    0.200185    3.769336 v load_slew310/X (sky130_fd_sc_hd__clkbuf_4)
                                                         net310 (net)
                      0.101393    0.008917    3.778253 v fanout308/A (sky130_fd_sc_hd__clkdlybuf4s25_1)
    10    0.055295    0.278288    0.376480    4.154733 v fanout308/X (sky130_fd_sc_hd__clkdlybuf4s25_1)
                                                         net308 (net)
                      0.278345    0.003824    4.158557 v _3189_/B1 (sky130_fd_sc_hd__a221o_2)
     1    0.004333    0.035793    0.240769    4.399325 v _3189_/X (sky130_fd_sc_hd__a221o_2)
                                                         _1138_ (net)
                      0.035793    0.000277    4.399602 v _3190_/B1 (sky130_fd_sc_hd__a21o_2)
     1    0.002765    0.024403    0.081737    4.481339 v _3190_/X (sky130_fd_sc_hd__a21o_2)
                                                         _1139_ (net)
                      0.024403    0.000171    4.481510 v _3194_/B (sky130_fd_sc_hd__and3_2)
     1    0.002881    0.030214    0.113817    4.595327 v _3194_/X (sky130_fd_sc_hd__and3_2)
                                                         _1143_ (net)
                      0.030214    0.000134    4.595461 v _3195_/B1 (sky130_fd_sc_hd__a31o_2)
     1    0.030054    0.071914    0.119882    4.715343 v _3195_/X (sky130_fd_sc_hd__a31o_2)
                                                         _1144_ (net)
                      0.072022    0.002465    4.717809 v _3196_/A1 (sky130_fd_sc_hd__mux2_1)
     1    0.054402    0.199466    0.316310    5.034118 v _3196_/X (sky130_fd_sc_hd__mux2_1)
                                                         net29 (net)
                      0.200605    0.012325    5.046443 v wire29/A (sky130_fd_sc_hd__buf_4)
     1    0.059112    0.066780    0.195685    5.242128 v wire29/X (sky130_fd_sc_hd__buf_4)
                                                         uo_out[5] (net)
                      0.067296    0.004963    5.247091 v uo_out[5] (out)
                                              5.247091   data arrival time

                                 20.000000   20.000000   clock clk (rise edge)
                                  0.000000   20.000000   clock network delay (propagated)
                                 -0.250000   19.750002   clock uncertainty
                                  0.000000   19.750002   clock reconvergence pessimism
                                 -4.000000   15.750001   output external delay
                                             15.750001   data required time
---------------------------------------------------------------------------------------------
                                             15.750001   data required time
                                             -5.247091   data arrival time
---------------------------------------------------------------------------------------------
                                             10.502910   slack (MET)




===========================================================================
report_checks --slack_max -0.01
============================================================================
======================= max_ff_n40C_1v95 Corner ===================================

No paths found.


===========================================================================
 report_check_types -max_slew -max_cap -max_fanout -violators
============================================================================
======================= max_ff_n40C_1v95 Corner ===================================

max slew

Pin                                        Limit        Slew       Slack
------------------------------------------------------------------------
fanout817/A                             0.750000    1.177307   -0.427307 (VIOLATED)
ANTENNA_77/DIODE                        0.750000    1.177294   -0.427295 (VIOLATED)
ANTENNA_76/DIODE                        0.750000    1.177163   -0.427164 (VIOLATED)
fanout803/A                             0.750000    1.177134   -0.427134 (VIOLATED)
fanout847/A                             0.750000    1.176605   -0.426605 (VIOLATED)
ANTENNA_78/DIODE                        0.750000    1.176596   -0.426596 (VIOLATED)
fanout790/A                             0.750000    1.175838   -0.425837 (VIOLATED)
fanout667/A                             0.750000    1.175622   -0.425622 (VIOLATED)
fanout698/A                             0.750000    1.175286   -0.425286 (VIOLATED)
fanout740/A                             0.750000    1.175214   -0.425214 (VIOLATED)
fanout682/A                             0.750000    1.175210   -0.425210 (VIOLATED)
fanout848/X                             0.750000    1.175182   -0.425182 (VIOLATED)
_3127_/C1                               0.750000    1.154762   -0.404762 (VIOLATED)
ANTENNA_62/DIODE                        0.750000    1.154757   -0.404757 (VIOLATED)
_3137_/C1                               0.750000    1.154750   -0.404750 (VIOLATED)
ANTENNA_63/DIODE                        0.750000    1.154722   -0.404722 (VIOLATED)
_3150_/C1                               0.750000    1.154719   -0.404719 (VIOLATED)
_3144_/C1                               0.750000    1.154718   -0.404718 (VIOLATED)
ANTENNA_65/DIODE                        0.750000    1.154714   -0.404714 (VIOLATED)
ANTENNA_64/DIODE                        0.750000    1.154713   -0.404713 (VIOLATED)
_3205_/B1                               0.750000    1.154007   -0.404007 (VIOLATED)
_3201_/C1                               0.750000    1.152889   -0.402889 (VIOLATED)
_3122_/C1                               0.750000    1.152884   -0.402884 (VIOLATED)
_3166_/C1                               0.750000    1.152868   -0.402868 (VIOLATED)
_3120_/C1                               0.750000    1.152851   -0.402851 (VIOLATED)
_3159_/B1                               0.750000    1.152656   -0.402656 (VIOLATED)
fanout313/X                             0.750000    1.152544   -0.402544 (VIOLATED)
_3129_/A1                               0.750000    1.135855   -0.385855 (VIOLATED)
_3133_/A1                               0.750000    1.135846   -0.385846 (VIOLATED)
_3141_/A1                               0.750000    1.135788   -0.385788 (VIOLATED)
_3147_/A1                               0.750000    1.135631   -0.385631 (VIOLATED)
_3184_/A1                               0.750000    1.135318   -0.385318 (VIOLATED)
_3170_/A1                               0.750000    1.134977   -0.384977 (VIOLATED)
_3179_/A1                               0.750000    1.134740   -0.384740 (VIOLATED)
_3212_/A1                               0.750000    1.133386   -0.383386 (VIOLATED)
_3207_/A1                               0.750000    1.131130   -0.381130 (VIOLATED)
fanout554/A                             0.750000    1.130346   -0.380346 (VIOLATED)
fanout555/X                             0.750000    1.130346   -0.380346 (VIOLATED)
_3142_/C1                               0.750000    1.115183   -0.365183 (VIOLATED)
_3134_/C1                               0.750000    1.115171   -0.365171 (VIOLATED)
_3130_/C1                               0.750000    1.115124   -0.365124 (VIOLATED)
_3213_/C1                               0.750000    1.114467   -0.364467 (VIOLATED)
_3208_/C1                               0.750000    1.112362   -0.362362 (VIOLATED)
_3199_/C1                               0.750000    1.111998   -0.361998 (VIOLATED)
_3117_/C1                               0.750000    1.110528   -0.360528 (VIOLATED)
_3121_/C1                               0.750000    1.110457   -0.360457 (VIOLATED)
_3163_/C1                               0.750000    1.110104   -0.360104 (VIOLATED)
_3156_/C1                               0.750000    1.109955   -0.359955 (VIOLATED)
fanout311/X                             0.750000    1.109892   -0.359892 (VIOLATED)
fanout120/A                             0.750000    1.017660   -0.267660 (VIOLATED)
ANTENNA_53/DIODE                        0.750000    1.017651   -0.267651 (VIOLATED)
fanout118/A                             0.750000    1.017629   -0.267629 (VIOLATED)
ANTENNA_52/DIODE                        0.750000    1.017620   -0.267620 (VIOLATED)
fanout117/A                             0.750000    1.017573   -0.267573 (VIOLATED)
fanout113/A                             0.750000    1.017057   -0.267057 (VIOLATED)
ANTENNA_51/DIODE                        0.750000    1.017051   -0.267051 (VIOLATED)
fanout109/A                             0.750000    1.016528   -0.266528 (VIOLATED)
fanout121/X                             0.750000    1.016484   -0.266484 (VIOLATED)
_3564_/A                                0.750000    0.997395   -0.247395 (VIOLATED)
_5596_/A1                               0.750000    0.997323   -0.247323 (VIOLATED)
_3552_/C1                               0.750000    0.997081   -0.247081 (VIOLATED)
_5587_/A1                               0.750000    0.996773   -0.246773 (VIOLATED)
_3603_/C1                               0.750000    0.995752   -0.245752 (VIOLATED)
_5577_/A                                0.750000    0.995206   -0.245206 (VIOLATED)
_5571_/A                                0.750000    0.994301   -0.244301 (VIOLATED)
_5584_/A1                               0.750000    0.993898   -0.243898 (VIOLATED)
_5589_/A1                               0.750000    0.993518   -0.243518 (VIOLATED)
fanout490/A                             0.750000    0.992532   -0.242532 (VIOLATED)
fanout493/X                             0.750000    0.992532   -0.242532 (VIOLATED)
fanout452/A                             0.750000    0.963226   -0.213226 (VIOLATED)
_5514_/A                                0.750000    0.963125   -0.213125 (VIOLATED)
_4540_/A1                               0.750000    0.963027   -0.213027 (VIOLATED)
_4547_/A                                0.750000    0.963014   -0.213014 (VIOLATED)
_5605_/A1                               0.750000    0.962667   -0.212667 (VIOLATED)
ANTENNA_72/DIODE                        0.750000    0.962664   -0.212664 (VIOLATED)
_3506_/B1                               0.750000    0.962656   -0.212656 (VIOLATED)
_5609_/A1                               0.750000    0.962561   -0.212561 (VIOLATED)
ANTENNA_73/DIODE                        0.750000    0.962559   -0.212559 (VIOLATED)
fanout493/A                             0.750000    0.961740   -0.211740 (VIOLATED)
_3512_/A                                0.750000    0.961735   -0.211735 (VIOLATED)
fanout489/A                             0.750000    0.961730   -0.211731 (VIOLATED)
_5581_/A                                0.750000    0.961715   -0.211715 (VIOLATED)
_5580_/A1                               0.750000    0.961710   -0.211710 (VIOLATED)
fanout494/X                             0.750000    0.961658   -0.211658 (VIOLATED)
_3560_/A1                               0.750000    0.960676   -0.210676 (VIOLATED)
_3593_/A                                0.750000    0.960632   -0.210632 (VIOLATED)
ANTENNA_93/DIODE                        0.750000    0.960606   -0.210606 (VIOLATED)
_4495_/A1                               0.750000    0.959920   -0.209920 (VIOLATED)
_4503_/B2                               0.750000    0.959803   -0.209803 (VIOLATED)
fanout453/X                             0.750000    0.959789   -0.209789 (VIOLATED)
_4738_/A                                0.750000    0.935234   -0.185234 (VIOLATED)
_4731_/A1_N                             0.750000    0.935216   -0.185216 (VIOLATED)
_4753_/A1_N                             0.750000    0.935153   -0.185153 (VIOLATED)
ANTENNA_60/DIODE                        0.750000    0.935149   -0.185149 (VIOLATED)
_4776_/A1_N                             0.750000    0.934943   -0.184943 (VIOLATED)
ANTENNA_61/DIODE                        0.750000    0.934939   -0.184939 (VIOLATED)
_4058_/A1_N                             0.750000    0.934906   -0.184906 (VIOLATED)
ANTENNA_57/DIODE                        0.750000    0.934905   -0.184905 (VIOLATED)
_4609_/A1_N                             0.750000    0.934897   -0.184897 (VIOLATED)
ANTENNA_59/DIODE                        0.750000    0.934891   -0.184891 (VIOLATED)
_4746_/A1_N                             0.750000    0.934886   -0.184886 (VIOLATED)
ANTENNA_58/DIODE                        0.750000    0.934881   -0.184881 (VIOLATED)
_4724_/A1_N                             0.750000    0.934856   -0.184856 (VIOLATED)
_4716_/A1_N                             0.750000    0.934849   -0.184849 (VIOLATED)
_3718_/A                                0.750000    0.934837   -0.184837 (VIOLATED)
fanout169/X                             0.750000    0.934813   -0.184813 (VIOLATED)
_3572_/S                                0.750000    0.878631   -0.128631 (VIOLATED)
_3599_/B1                               0.750000    0.878549   -0.128549 (VIOLATED)
_4495_/A2                               0.750000    0.878169   -0.128169 (VIOLATED)
_3497_/A                                0.750000    0.878052   -0.128052 (VIOLATED)
_4266_/A                                0.750000    0.878047   -0.128047 (VIOLATED)
_4411_/C1                               0.750000    0.878002   -0.128002 (VIOLATED)
_4850_/A2                               0.750000    0.877984   -0.127984 (VIOLATED)
_4345_/A                                0.750000    0.877969   -0.127969 (VIOLATED)
_5508_/A                                0.750000    0.877814   -0.127814 (VIOLATED)
_4571_/A1                               0.750000    0.877809   -0.127809 (VIOLATED)
_4419_/A                                0.750000    0.877745   -0.127745 (VIOLATED)
_3495_/A1                               0.750000    0.877691   -0.127691 (VIOLATED)
_3492_/A                                0.750000    0.877379   -0.127379 (VIOLATED)
fanout583/A                             0.750000    0.877375   -0.127375 (VIOLATED)
_4368_/A                                0.750000    0.877327   -0.127327 (VIOLATED)
fanout455/X                             0.750000    0.877269   -0.127269 (VIOLATED)
_3501_/A                                0.750000    0.876282   -0.126282 (VIOLATED)
_3505_/S                                0.750000    0.876078   -0.126078 (VIOLATED)
_4355_/A                                0.750000    0.875719   -0.125719 (VIOLATED)
_5510_/B1                               0.750000    0.875520   -0.125520 (VIOLATED)
fanout582/A                             0.750000    0.875520   -0.125520 (VIOLATED)
fanout584/X                             0.750000    0.875520   -0.125520 (VIOLATED)
_5561_/A2                               0.750000    0.859524   -0.109524 (VIOLATED)
_5560_/A2                               0.750000    0.859471   -0.109471 (VIOLATED)
fanout518/A                             0.750000    0.859300   -0.109300 (VIOLATED)
_5563_/A2                               0.750000    0.858988   -0.108988 (VIOLATED)
_5555_/A2                               0.750000    0.858934   -0.108934 (VIOLATED)
_5539_/A2                               0.750000    0.858877   -0.108877 (VIOLATED)
_5547_/A2                               0.750000    0.858735   -0.108735 (VIOLATED)
_5566_/A2                               0.750000    0.858624   -0.108624 (VIOLATED)
_5558_/A2                               0.750000    0.858614   -0.108614 (VIOLATED)
_5542_/A2                               0.750000    0.858464   -0.108464 (VIOLATED)
fanout519/X                             0.750000    0.858450   -0.108450 (VIOLATED)
_5607_/A2                               0.750000    0.837456   -0.087456 (VIOLATED)
_4445_/A1                               0.750000    0.837357   -0.087357 (VIOLATED)
_5602_/A2                               0.750000    0.837242   -0.087242 (VIOLATED)
_3518_/B1                               0.750000    0.837173   -0.087173 (VIOLATED)
_3594_/B1                               0.750000    0.836684   -0.086684 (VIOLATED)
_3602_/B1                               0.750000    0.836382   -0.086382 (VIOLATED)
_3567_/B1                               0.750000    0.836206   -0.086206 (VIOLATED)
_3551_/B1                               0.750000    0.836005   -0.086005 (VIOLATED)
_5604_/A1                               0.750000    0.835965   -0.085965 (VIOLATED)
_3549_/B2                               0.750000    0.835876   -0.085876 (VIOLATED)
_3633_/B2                               0.750000    0.835876   -0.085876 (VIOLATED)
_5605_/A2                               0.750000    0.835872   -0.085872 (VIOLATED)
_3536_/A1                               0.750000    0.835870   -0.085870 (VIOLATED)
fanout359/X                             0.750000    0.835818   -0.085818 (VIOLATED)
_3086_/A                                0.750000    0.835684   -0.085684 (VIOLATED)
_3484_/A1                               0.750000    0.835625   -0.085625 (VIOLATED)
_5502_/A_N                              0.750000    0.835507   -0.085507 (VIOLATED)
_5359_/A_N                              0.750000    0.835461   -0.085461 (VIOLATED)
_5506_/A                                0.750000    0.835439   -0.085439 (VIOLATED)
_3485_/A                                0.750000    0.835330   -0.085330 (VIOLATED)
_3095_/A1                               0.750000    0.835272   -0.085272 (VIOLATED)
fanout495/X                             0.750000    0.835199   -0.085199 (VIOLATED)
fanout40/A                              0.750000    0.802936   -0.052936 (VIOLATED)
fanout44/A                              0.750000    0.802928   -0.052928 (VIOLATED)
fanout42/A                              0.750000    0.802838   -0.052838 (VIOLATED)
fanout45/A                              0.750000    0.802736   -0.052736 (VIOLATED)
fanout37/A                              0.750000    0.802366   -0.052366 (VIOLATED)
fanout47/X                              0.750000    0.802366   -0.052366 (VIOLATED)
_5600_/A1                               0.750000    0.774126   -0.024126 (VIOLATED)
_5597_/A1                               0.750000    0.774103   -0.024103 (VIOLATED)
_5606_/A1                               0.750000    0.774086   -0.024086 (VIOLATED)
_5588_/A1                               0.750000    0.773784   -0.023784 (VIOLATED)
_5591_/A1                               0.750000    0.773745   -0.023745 (VIOLATED)
_3549_/A1                               0.750000    0.773211   -0.023211 (VIOLATED)
_3633_/A1                               0.750000    0.773027   -0.023027 (VIOLATED)
_3524_/C1                               0.750000    0.772798   -0.022798 (VIOLATED)
_3094_/A1                               0.750000    0.771957   -0.021957 (VIOLATED)
_5575_/A1                               0.750000    0.771953   -0.021953 (VIOLATED)
fanout489/X                             0.750000    0.771940   -0.021940 (VIOLATED)
_5557_/A2                               0.750000    0.763870   -0.013870 (VIOLATED)
_5565_/A2                               0.750000    0.763862   -0.013862 (VIOLATED)
fanout516/A                             0.750000    0.763710   -0.013710 (VIOLATED)
_5541_/A2                               0.750000    0.763663   -0.013663 (VIOLATED)
_5550_/A2                               0.750000    0.763427   -0.013427 (VIOLATED)
_3094_/B1                               0.750000    0.763362   -0.013362 (VIOLATED)
fanout517/X                             0.750000    0.763312   -0.013312 (VIOLATED)
_4871_/A1                               0.750000    0.751480   -0.001480 (VIOLATED)
fanout579/A                             0.750000    0.751343   -0.001343 (VIOLATED)
_4370_/A1_N                             0.750000    0.751296   -0.001296 (VIOLATED)
_3598_/S                                0.750000    0.751289   -0.001289 (VIOLATED)
_4378_/A                                0.750000    0.751262   -0.001262 (VIOLATED)
_4403_/A                                0.750000    0.750712   -0.000712 (VIOLATED)
_4395_/A1_N                             0.750000    0.750379   -0.000379 (VIOLATED)

max fanout

Pin                                   Limit Fanout  Slack
---------------------------------------------------------
fanout169/X                              10     15     -5 (VIOLATED)
_5649_/X                                 10     14     -4 (VIOLATED)
fanout313/X                              10     14     -4 (VIOLATED)
clkbuf_leaf_0_clk/X                      10     13     -3 (VIOLATED)
clkbuf_leaf_12_clk/X                     10     13     -3 (VIOLATED)
clkbuf_leaf_13_clk/X                     10     13     -3 (VIOLATED)
clkbuf_leaf_14_clk/X                     10     13     -3 (VIOLATED)
clkbuf_leaf_15_clk/X                     10     13     -3 (VIOLATED)
clkbuf_leaf_17_clk/X                     10     13     -3 (VIOLATED)
clkbuf_leaf_18_clk/X                     10     13     -3 (VIOLATED)
clkbuf_leaf_1_clk/X                      10     13     -3 (VIOLATED)
clkbuf_leaf_22_clk/X                     10     13     -3 (VIOLATED)
clkbuf_leaf_23_clk/X                     10     13     -3 (VIOLATED)
clkbuf_leaf_24_clk/X                     10     13     -3 (VIOLATED)
clkbuf_leaf_26_clk/X                     10     13     -3 (VIOLATED)
clkbuf_leaf_27_clk/X                     10     13     -3 (VIOLATED)
clkbuf_leaf_28_clk/X                     10     13     -3 (VIOLATED)
clkbuf_leaf_29_clk/X                     10     13     -3 (VIOLATED)
clkbuf_leaf_2_clk/X                      10     13     -3 (VIOLATED)
clkbuf_leaf_33_clk/X                     10     13     -3 (VIOLATED)
clkbuf_leaf_38_clk/X                     10     13     -3 (VIOLATED)
clkbuf_leaf_39_clk/X                     10     13     -3 (VIOLATED)
clkbuf_leaf_41_clk/X                     10     13     -3 (VIOLATED)
clkbuf_leaf_43_clk/X                     10     13     -3 (VIOLATED)
clkbuf_leaf_44_clk/X                     10     13     -3 (VIOLATED)
clkbuf_leaf_45_clk/X                     10     13     -3 (VIOLATED)
clkbuf_leaf_47_clk/X                     10     13     -3 (VIOLATED)
clkbuf_leaf_48_clk/X                     10     13     -3 (VIOLATED)
clkbuf_leaf_50_clk/X                     10     13     -3 (VIOLATED)
clkbuf_leaf_51_clk/X                     10     13     -3 (VIOLATED)
clkbuf_leaf_53_clk/X                     10     13     -3 (VIOLATED)
clkbuf_leaf_54_clk/X                     10     13     -3 (VIOLATED)
clkbuf_leaf_5_clk/X                      10     13     -3 (VIOLATED)
clkbuf_leaf_62_clk/X                     10     13     -3 (VIOLATED)
clkbuf_leaf_63_clk/X                     10     13     -3 (VIOLATED)
clkbuf_leaf_64_clk/X                     10     13     -3 (VIOLATED)
clkbuf_leaf_66_clk/X                     10     13     -3 (VIOLATED)
clkbuf_leaf_67_clk/X                     10     13     -3 (VIOLATED)
clkbuf_leaf_68_clk/X                     10     13     -3 (VIOLATED)
clkbuf_leaf_6_clk/X                      10     13     -3 (VIOLATED)
clkbuf_leaf_70_clk/X                     10     13     -3 (VIOLATED)
clkbuf_leaf_71_clk/X                     10     13     -3 (VIOLATED)
clkbuf_leaf_75_clk/X                     10     13     -3 (VIOLATED)
clkbuf_leaf_76_clk/X                     10     13     -3 (VIOLATED)
clkbuf_leaf_78_clk/X                     10     13     -3 (VIOLATED)
clkbuf_leaf_7_clk/X                      10     13     -3 (VIOLATED)
clkbuf_leaf_85_clk/X                     10     13     -3 (VIOLATED)
clkbuf_leaf_8_clk/X                      10     13     -3 (VIOLATED)
_4783_/X                                 10     12     -2 (VIOLATED)
_5805_/X                                 10     12     -2 (VIOLATED)
_7075_/Q                                 10     12     -2 (VIOLATED)
clkbuf_leaf_11_clk/X                     10     12     -2 (VIOLATED)
clkbuf_leaf_16_clk/X                     10     12     -2 (VIOLATED)
clkbuf_leaf_19_clk/X                     10     12     -2 (VIOLATED)
clkbuf_leaf_21_clk/X                     10     12     -2 (VIOLATED)
clkbuf_leaf_25_clk/X                     10     12     -2 (VIOLATED)
clkbuf_leaf_34_clk/X                     10     12     -2 (VIOLATED)
clkbuf_leaf_35_clk/X                     10     12     -2 (VIOLATED)
clkbuf_leaf_36_clk/X                     10     12     -2 (VIOLATED)
clkbuf_leaf_37_clk/X                     10     12     -2 (VIOLATED)
clkbuf_leaf_3_clk/X                      10     12     -2 (VIOLATED)
clkbuf_leaf_40_clk/X                     10     12     -2 (VIOLATED)
clkbuf_leaf_42_clk/X                     10     12     -2 (VIOLATED)
clkbuf_leaf_46_clk/X                     10     12     -2 (VIOLATED)
clkbuf_leaf_49_clk/X                     10     12     -2 (VIOLATED)
clkbuf_leaf_4_clk/X                      10     12     -2 (VIOLATED)
clkbuf_leaf_52_clk/X                     10     12     -2 (VIOLATED)
clkbuf_leaf_55_clk/X                     10     12     -2 (VIOLATED)
clkbuf_leaf_57_clk/X                     10     12     -2 (VIOLATED)
clkbuf_leaf_58_clk/X                     10     12     -2 (VIOLATED)
clkbuf_leaf_59_clk/X                     10     12     -2 (VIOLATED)
clkbuf_leaf_60_clk/X                     10     12     -2 (VIOLATED)
clkbuf_leaf_61_clk/X                     10     12     -2 (VIOLATED)
clkbuf_leaf_65_clk/X                     10     12     -2 (VIOLATED)
clkbuf_leaf_69_clk/X                     10     12     -2 (VIOLATED)
clkbuf_leaf_72_clk/X                     10     12     -2 (VIOLATED)
clkbuf_leaf_73_clk/X                     10     12     -2 (VIOLATED)
clkbuf_leaf_77_clk/X                     10     12     -2 (VIOLATED)
clkbuf_leaf_79_clk/X                     10     12     -2 (VIOLATED)
clkbuf_leaf_82_clk/X                     10     12     -2 (VIOLATED)
clkbuf_leaf_83_clk/X                     10     12     -2 (VIOLATED)
clkbuf_leaf_84_clk/X                     10     12     -2 (VIOLATED)
clkbuf_leaf_9_clk/X                      10     12     -2 (VIOLATED)
_3111_/X                                 10     11        (VIOLATED)
fanout440/X                              10     11        (VIOLATED)
fanout453/X                              10     11        (VIOLATED)
fanout848/X                              10     11        (VIOLATED)
max_cap84/X                              10     11        (VIOLATED)



===========================================================================
report_parasitic_annotation -report_unannotated
============================================================================
Found 80 unannotated drivers.
 ena
 uio_in[5]
 uio_in[6]
 uio_in[7]
 clkload0/X
 clkload1/X
 clkload10/X
 clkload11/X
 clkload12/X
 clkload13/X
 clkload14/X
 clkload15/X
 clkload16/X
 clkload17/Y
 clkload18/X
 clkload19/X
 clkload2/X
 clkload20/X
 clkload21/X
 clkload22/X
 clkload23/X
 clkload24/Y
 clkload25/X
 clkload26/X
 clkload27/X
 clkload28/X
 clkload29/X
 clkload3/X
 clkload30/X
 clkload31/X
 clkload32/X
 clkload33/X
 clkload34/X
 clkload35/X
 clkload36/X
 clkload37/X
 clkload38/X
 clkload39/X
 clkload4/X
 clkload40/Y
 clkload41/X
 clkload42/X
 clkload43/X
 clkload44/X
 clkload45/X
 clkload46/X
 clkload47/X
 clkload48/X
 clkload49/X
 clkload5/X
 clkload50/X
 clkload51/X
 clkload52/X
 clkload53/X
 clkload54/X
 clkload55/X
 clkload56/X
 clkload57/X
 clkload58/X
 clkload59/X
 clkload6/X
 clkload60/X
 clkload61/X
 clkload62/X
 clkload7/X
 clkload8/X
 clkload9/X
 tt_um_aes128_optimized/HI
 tt_um_aes128_optimized_849/HI
 tt_um_aes128_optimized_850/HI
 tt_um_aes128_optimized_851/HI
 tt_um_aes128_optimized_852/HI
 tt_um_aes128_optimized_853/HI
 tt_um_aes128_optimized_854/HI
 tt_um_aes128_optimized_855/HI
 tt_um_aes128_optimized_856/HI
 tt_um_aes128_optimized_857/HI
 tt_um_aes128_optimized_858/LO
 tt_um_aes128_optimized_859/LO
 tt_um_aes128_optimized_860/LO
Found 0 partially unannotated drivers.

===========================================================================
max slew violation count 192
max fanout violation count 88
max cap violation count 0
============================================================================

===========================================================================
check_setup -verbose -unconstrained_endpoints -multiple_clock -no_clock -no_input_delay -loops -generated_clocks
===========================================================================
