Clock: clk
Sources: clk 
Generated: no
Virtual: yes
Propagated: no
Period: 20.000000

===========================================================================
report_clock_properties
============================================================================
Clock                   Period          Waveform
----------------------------------------------------
clk                  20.000000    0.000000 10.000000

===========================================================================
report_clock_latency
============================================================================
Clock clk
rise -> rise
    min     max
0.000000 0.000000 source latency
0.635735         network latency _6995_/CLK
        0.680712 network latency _6826_/CLK
---------------
0.635735 0.680712 latency
        0.044977 skew

fall -> fall
    min     max
0.000000 0.000000 source latency
0.565406         network latency _6995_/CLK
        0.603717 network latency _6826_/CLK
---------------
0.565406 0.603717 latency
        0.038311 skew



===========================================================================
report_clock_min_period
============================================================================
clk period_min = 7.81 fmax = 128.03
