Clock: clk
Sources: clk 
Generated: no
Virtual: yes
Propagated: no
Period: 100.000000

===========================================================================
report_clock_properties
============================================================================
Clock                   Period          Waveform
----------------------------------------------------
clk                 100.000000    0.000000 50.000000

===========================================================================
report_clock_latency
============================================================================
Clock clk
rise -> rise
    min     max
0.000000 0.000000 source latency
2.154011         network latency _19046_/CLK
        2.291277 network latency _18958_/CLK
---------------
2.154011 2.291277 latency
        0.137266 skew

fall -> fall
    min     max
0.000000 0.000000 source latency
1.736215         network latency _19046_/CLK
        1.837854 network latency _18958_/CLK
---------------
1.736215 1.837854 latency
        0.101640 skew



===========================================================================
report_clock_min_period
============================================================================
clk period_min = 19.58 fmax = 51.07
