Clock: clk
Sources: clk 
Generated: no
Virtual: yes
Propagated: no
Period: 20.000000

===========================================================================
report_clock_properties
============================================================================
Clock                   Period          Waveform
----------------------------------------------------
clk                  20.000000    0.000000 10.000000

===========================================================================
report_clock_latency
============================================================================
Clock clk
rise -> rise
    min     max
0.000000 0.000000 source latency
1.373311         network latency _19046_/CLK
        1.475590 network latency _18958_/CLK
---------------
1.373311 1.475590 latency
        0.102279 skew

fall -> fall
    min     max
0.000000 0.000000 source latency
1.071031         network latency _19046_/CLK
        1.144306 network latency _18958_/CLK
---------------
1.071031 1.144306 latency
        0.073275 skew



===========================================================================
report_clock_min_period
============================================================================
clk period_min = 9.86 fmax = 101.47
