Clock: clk
Sources: clk 
Generated: no
Virtual: yes
Propagated: no
Period: 100.000000

===========================================================================
report_clock_properties
============================================================================
Clock                   Period          Waveform
----------------------------------------------------
clk                 100.000000    0.000000 50.000000

===========================================================================
report_clock_latency
============================================================================
Clock clk
rise -> rise
    min     max
0.000000 0.000000 source latency
0.829727         network latency _19338_/CLK
        0.869095 network latency _18958_/CLK
---------------
0.829727 0.869095 latency
        0.039368 skew

fall -> fall
    min     max
0.000000 0.000000 source latency
0.686619         network latency _19529_/CLK
        0.714977 network latency _18958_/CLK
---------------
0.686619 0.714977 latency
        0.028358 skew



===========================================================================
report_clock_min_period
============================================================================
clk period_min = 7.81 fmax = 128.11
