
===========================================================================
report_checks -unconstrained
===========================================================================
======================= max_ff_n40C_1v95 Corner ===================================

Startpoint: rst_n (input port clocked by clk)
Endpoint: _18983_ (recovery check against rising-edge clock clk)
Path Group: asynchronous
Path Type: max

Fanout         Cap        Slew       Delay        Time   Description
---------------------------------------------------------------------------------------------
                                  0.000000    0.000000   clock clk (rise edge)
                                  0.000000    0.000000   clock network delay (propagated)
                                  4.000000    4.000000 ^ input external delay
     1    0.003032    0.014750    0.007903    4.007904 ^ rst_n (in)
                                                         rst_n (net)
                      0.014752    0.000000    4.007904 ^ input2/A (sky130_fd_sc_hd__clkdlybuf4s25_1)
     1    0.003713    0.037920    0.158061    4.165964 ^ input2/X (sky130_fd_sc_hd__clkdlybuf4s25_1)
                                                         net2 (net)
                      0.037922    0.000268    4.166233 ^ fanout2077/A (sky130_fd_sc_hd__clkdlybuf4s25_1)
     5    0.181769    1.337270    1.052851    5.219083 ^ fanout2077/X (sky130_fd_sc_hd__clkdlybuf4s25_1)
                                                         net2077 (net)
                      1.337322    0.007102    5.226186 ^ fanout2011/A (sky130_fd_sc_hd__clkdlybuf4s25_1)
     2    0.042372    0.319337    0.383245    5.609431 ^ fanout2011/X (sky130_fd_sc_hd__clkdlybuf4s25_1)
                                                         net2011 (net)
                      0.319341    0.001043    5.610474 ^ _09509_/B (sky130_fd_sc_hd__and2_2)
     1    0.008057    0.047088    0.133425    5.743898 ^ _09509_/X (sky130_fd_sc_hd__and2_2)
                                                         core_reset_n (net)
                      0.047104    0.000768    5.744666 ^ fanout1987/A (sky130_fd_sc_hd__clkdlybuf4s25_1)
     3    0.024166    0.185573    0.270144    6.014811 ^ fanout1987/X (sky130_fd_sc_hd__clkdlybuf4s25_1)
                                                         net1987 (net)
                      0.185581    0.001460    6.016270 ^ load_slew1990/A (sky130_fd_sc_hd__buf_2)
     3    0.064733    0.237802    0.232867    6.249137 ^ load_slew1990/X (sky130_fd_sc_hd__buf_2)
                                                         net1990 (net)
                      0.239091    0.014265    6.263403 ^ load_slew1989/A (sky130_fd_sc_hd__clkbuf_4)
     3    0.102646    0.234193    0.268261    6.531663 ^ load_slew1989/X (sky130_fd_sc_hd__clkbuf_4)
                                                         net1989 (net)
                      0.234989    0.011174    6.542838 ^ fanout1976/A (sky130_fd_sc_hd__clkdlybuf4s25_1)
     6    0.093340    0.696446    0.632699    7.175536 ^ fanout1976/X (sky130_fd_sc_hd__clkdlybuf4s25_1)
                                                         net1976 (net)
                      0.698530    0.031316    7.206852 ^ fanout1975/A (sky130_fd_sc_hd__clkdlybuf4s25_1)
     6    0.071883    0.534169    0.544024    7.750876 ^ fanout1975/X (sky130_fd_sc_hd__clkdlybuf4s25_1)
                                                         net1975 (net)
                      0.534189    0.002763    7.753639 ^ fanout1973/A (sky130_fd_sc_hd__clkdlybuf4s25_1)
     2    0.007039    0.061420    0.218108    7.971747 ^ fanout1973/X (sky130_fd_sc_hd__clkdlybuf4s25_1)
                                                         net1973 (net)
                      0.061422    0.000445    7.972192 ^ load_slew1974/A (sky130_fd_sc_hd__clkbuf_4)
     8    0.050898    0.120766    0.155812    8.128004 ^ load_slew1974/X (sky130_fd_sc_hd__clkbuf_4)
                                                         net1974 (net)
                      0.121127    0.005419    8.133423 ^ fanout1971/A (sky130_fd_sc_hd__clkdlybuf4s25_1)
     2    0.009801    0.081114    0.213570    8.346992 ^ fanout1971/X (sky130_fd_sc_hd__clkdlybuf4s25_1)
                                                         net1971 (net)
                      0.081115    0.000483    8.347476 ^ fanout1969/A (sky130_fd_sc_hd__clkdlybuf4s25_1)
     2    0.008954    0.075101    0.201268    8.548744 ^ fanout1969/X (sky130_fd_sc_hd__clkdlybuf4s25_1)
                                                         net1969 (net)
                      0.075104    0.000616    8.549359 ^ load_slew1970/A (sky130_fd_sc_hd__buf_4)
     9    0.048392    0.105075    0.134121    8.683481 ^ load_slew1970/X (sky130_fd_sc_hd__buf_4)
                                                         net1970 (net)
                      0.105524    0.005557    8.689038 ^ _18983_/RESET_B (sky130_fd_sc_hd__dfrtp_2)
                                              8.689038   data arrival time

                                 20.000000   20.000000   clock clk (rise edge)
                                  0.000000   20.000000   clock source latency
     2    0.159481    0.539993    0.391244   20.391245 ^ clk (in)
                                                         clk (net)
                      0.543919    0.000000   20.391245 ^ clkbuf_0_clk/A (sky130_fd_sc_hd__clkbuf_16)
     8    0.145490    0.125613    0.197602   20.588846 ^ clkbuf_0_clk/X (sky130_fd_sc_hd__clkbuf_16)
                                                         clknet_0_clk (net)
                      0.131369    0.020203   20.609049 ^ clkbuf_3_5_0_clk/A (sky130_fd_sc_hd__clkbuf_8)
     8    0.111246    0.149617    0.191953   20.801003 ^ clkbuf_3_5_0_clk/X (sky130_fd_sc_hd__clkbuf_8)
                                                         clknet_3_5_0_clk (net)
                      0.150116    0.007049   20.808050 ^ clkbuf_leaf_29_clk/A (sky130_fd_sc_hd__clkbuf_8)
    14    0.054069    0.079709    0.146352   20.954403 ^ clkbuf_leaf_29_clk/X (sky130_fd_sc_hd__clkbuf_8)
                                                         clknet_leaf_29_clk (net)
                      0.079810    0.002306   20.956709 ^ _18983_/CLK (sky130_fd_sc_hd__dfrtp_2)
                                 -0.250000   20.706709   clock uncertainty
                                  0.000000   20.706709   clock reconvergence pessimism
                                  0.122170   20.828880   library recovery time
                                             20.828880   data required time
---------------------------------------------------------------------------------------------
                                             20.828880   data required time
                                             -8.689038   data arrival time
---------------------------------------------------------------------------------------------
                                             12.139842   slack (MET)


Startpoint: _19530_ (rising edge-triggered flip-flop clocked by clk)
Endpoint: uio_out[7] (output port clocked by clk)
Path Group: clk
Path Type: max

Fanout         Cap        Slew       Delay        Time   Description
---------------------------------------------------------------------------------------------
                                  0.000000    0.000000   clock clk (rise edge)
                                  0.000000    0.000000   clock source latency
     2    0.159481    0.539993    0.391244    0.391244 ^ clk (in)
                                                         clk (net)
                      0.543919    0.000000    0.391244 ^ clkbuf_0_clk/A (sky130_fd_sc_hd__clkbuf_16)
     8    0.145490    0.125613    0.197603    0.588847 ^ clkbuf_0_clk/X (sky130_fd_sc_hd__clkbuf_16)
                                                         clknet_0_clk (net)
                      0.144045    0.037075    0.625922 ^ clkbuf_3_2_0_clk/A (sky130_fd_sc_hd__clkbuf_8)
     8    0.103440    0.139439    0.188741    0.814662 ^ clkbuf_3_2_0_clk/X (sky130_fd_sc_hd__clkbuf_8)
                                                         clknet_3_2_0_clk (net)
                      0.140320    0.008888    0.823550 ^ clkbuf_leaf_13_clk/A (sky130_fd_sc_hd__clkbuf_8)
    10    0.067657    0.096063    0.157617    0.981167 ^ clkbuf_leaf_13_clk/X (sky130_fd_sc_hd__clkbuf_8)
                                                         clknet_leaf_13_clk (net)
                      0.096179    0.002716    0.983884 ^ _19530_/CLK (sky130_fd_sc_hd__dfrtp_2)
     1    0.003936    0.029883    0.256866    1.240750 v _19530_/Q (sky130_fd_sc_hd__dfrtp_2)
                                                         busy_wire (net)
                      0.029883    0.000265    1.241014 v fanout899/A (sky130_fd_sc_hd__clkdlybuf4s25_1)
     8    0.132211    0.661188    0.615093    1.856107 v fanout899/X (sky130_fd_sc_hd__clkdlybuf4s25_1)
                                                         net899 (net)
                      0.661688    0.015472    1.871578 v fanout888/A (sky130_fd_sc_hd__clkdlybuf4s25_1)
     3    0.036713    0.187457    0.428321    2.299899 v fanout888/X (sky130_fd_sc_hd__clkdlybuf4s25_1)
                                                         net888 (net)
                      0.187469    0.001623    2.301522 v fanout885/A (sky130_fd_sc_hd__clkdlybuf4s25_1)
     3    0.011701    0.067369    0.244710    2.546232 v fanout885/X (sky130_fd_sc_hd__clkdlybuf4s25_1)
                                                         net885 (net)
                      0.067373    0.000613    2.546845 v load_slew886/A (sky130_fd_sc_hd__buf_4)
     8    0.059891    0.066447    0.139622    2.686467 v load_slew886/X (sky130_fd_sc_hd__buf_4)
                                                         net886 (net)
                      0.069047    0.010354    2.696821 v _09507_/A (sky130_fd_sc_hd__or3_2)
     1    0.010930    0.068478    0.303722    3.000544 v _09507_/X (sky130_fd_sc_hd__or3_2)
                                                         _01354_ (net)
                      0.068491    0.000919    3.001462 v _09508_/D (sky130_fd_sc_hd__nor4_4)
     1    0.061673    0.609357    0.452863    3.454326 ^ _09508_/Y (sky130_fd_sc_hd__nor4_4)
                                                         ready_wire (net)
                      0.609667    0.011164    3.465490 ^ wire234/A (sky130_fd_sc_hd__clkbuf_2)
     2    0.039364    0.167750    0.200169    3.665659 ^ wire234/X (sky130_fd_sc_hd__clkbuf_2)
                                                         net234 (net)
                      0.168214    0.007139    3.672799 ^ wire233/A (sky130_fd_sc_hd__clkbuf_2)
     2    0.032461    0.138540    0.164458    3.837256 ^ wire233/X (sky130_fd_sc_hd__clkbuf_2)
                                                         net233 (net)
                      0.138850    0.005324    3.842581 ^ _19547_/A (sky130_fd_sc_hd__buf_2)
     1    0.034828    0.129894    0.162091    4.004672 ^ _19547_/X (sky130_fd_sc_hd__buf_2)
                                                         uio_out[7] (net)
                      0.129936    0.001933    4.006605 ^ uio_out[7] (out)
                                              4.006605   data arrival time

                                 20.000000   20.000000   clock clk (rise edge)
                                  0.000000   20.000000   clock network delay (propagated)
                                 -0.250000   19.750002   clock uncertainty
                                  0.000000   19.750002   clock reconvergence pessimism
                                 -4.000000   15.750001   output external delay
                                             15.750001   data required time
---------------------------------------------------------------------------------------------
                                             15.750001   data required time
                                             -4.006605   data arrival time
---------------------------------------------------------------------------------------------
                                             11.743396   slack (MET)




===========================================================================
report_checks --slack_max -0.01
============================================================================
======================= max_ff_n40C_1v95 Corner ===================================

No paths found.


===========================================================================
 report_check_types -max_slew -max_cap -max_fanout -violators
============================================================================
======================= max_ff_n40C_1v95 Corner ===================================

max slew

Pin                                        Limit        Slew       Slack
------------------------------------------------------------------------
fanout2076/A                            0.750000    1.339473   -0.589473 (VIOLATED)
fanout2055/A                            0.750000    1.338921   -0.588921 (VIOLATED)
fanout2060/A                            0.750000    1.338866   -0.588866 (VIOLATED)
fanout2044/A                            0.750000    1.337705   -0.587705 (VIOLATED)
fanout2011/A                            0.750000    1.337322   -0.587322 (VIOLATED)
fanout2077/X                            0.750000    1.337270   -0.587270 (VIOLATED)
_17860_/A1                              0.750000    1.158805   -0.408805 (VIOLATED)
_17835_/A1                              0.750000    1.158791   -0.408791 (VIOLATED)
_17810_/A1                              0.750000    1.158772   -0.408772 (VIOLATED)
_17549_/A1                              0.750000    1.158636   -0.408636 (VIOLATED)
_17524_/A1                              0.750000    1.158491   -0.408491 (VIOLATED)
fanout900/A                             0.750000    1.158394   -0.408394 (VIOLATED)
_17964_/A1                              0.750000    1.158388   -0.408388 (VIOLATED)
_17785_/A1                              0.750000    1.158342   -0.408342 (VIOLATED)
_17731_/A1                              0.750000    1.158334   -0.408334 (VIOLATED)
fanout901/X                             0.750000    1.158315   -0.408315 (VIOLATED)
_12267_/A1                              0.750000    1.020839   -0.270839 (VIOLATED)
_11836_/A1                              0.750000    1.020819   -0.270819 (VIOLATED)
_15783_/A1                              0.750000    1.020505   -0.270505 (VIOLATED)
_15869_/A1                              0.750000    1.020247   -0.270247 (VIOLATED)
_09503_/A                               0.750000    1.020245   -0.270245 (VIOLATED)
_15846_/A1                              0.750000    1.020245   -0.270245 (VIOLATED)
_15860_/A1                              0.750000    1.020244   -0.270243 (VIOLATED)
_15845_/B                               0.750000    1.020231   -0.270232 (VIOLATED)
_15859_/B                               0.750000    1.020227   -0.270227 (VIOLATED)
_18136_/A                               0.750000    1.020192   -0.270192 (VIOLATED)
fanout235/X                             0.750000    1.020147   -0.270147 (VIOLATED)
fanout898/A                             0.750000    0.987310   -0.237310 (VIOLATED)
ANTENNA_246/DIODE                       0.750000    0.987298   -0.237298 (VIOLATED)
fanout892/A                             0.750000    0.987011   -0.237011 (VIOLATED)
ANTENNA_245/DIODE                       0.750000    0.987007   -0.237008 (VIOLATED)
fanout888/A                             0.750000    0.985802   -0.235802 (VIOLATED)
fanout884/A                             0.750000    0.985672   -0.235672 (VIOLATED)
fanout881/A                             0.750000    0.985515   -0.235515 (VIOLATED)
fanout882/A                             0.750000    0.985511   -0.235511 (VIOLATED)
fanout899/X                             0.750000    0.985452   -0.235452 (VIOLATED)
_18410_/B2                              0.750000    0.972928   -0.222928 (VIOLATED)
_18418_/B2                              0.750000    0.972833   -0.222833 (VIOLATED)
_18414_/B2                              0.750000    0.972824   -0.222824 (VIOLATED)
_18416_/B2                              0.750000    0.972764   -0.222764 (VIOLATED)
_18420_/B2                              0.750000    0.972704   -0.222704 (VIOLATED)
_18422_/B2                              0.750000    0.972513   -0.222513 (VIOLATED)
_18412_/B2                              0.750000    0.972304   -0.222304 (VIOLATED)
_18725_/C                               0.750000    0.969967   -0.219967 (VIOLATED)
ANTENNA_240/DIODE                       0.750000    0.969962   -0.219962 (VIOLATED)
_18312_/B                               0.750000    0.969660   -0.219660 (VIOLATED)
_18733_/A4                              0.750000    0.969578   -0.219578 (VIOLATED)
fanout373/X                             0.750000    0.969563   -0.219563 (VIOLATED)
fanout1627/A                            0.750000    0.937042   -0.187042 (VIOLATED)
fanout1626/A                            0.750000    0.936882   -0.186883 (VIOLATED)
_10399_/C1                              0.750000    0.936880   -0.186880 (VIOLATED)
_11197_/B1                              0.750000    0.936772   -0.186772 (VIOLATED)
_17598_/A0                              0.750000    0.936354   -0.186354 (VIOLATED)
fanout1628/X                            0.750000    0.936339   -0.186339 (VIOLATED)
_17601_/A1                              0.750000    0.928801   -0.178801 (VIOLATED)
_17600_/X                               0.750000    0.925640   -0.175640 (VIOLATED)
fanout177/A                             0.750000    0.925305   -0.175305 (VIOLATED)
ANTENNA_237/DIODE                       0.750000    0.925302   -0.175302 (VIOLATED)
ANTENNA_236/DIODE                       0.750000    0.925243   -0.175243 (VIOLATED)
fanout170/A                             0.750000    0.925222   -0.175222 (VIOLATED)
fanout168/A                             0.750000    0.925143   -0.175143 (VIOLATED)
ANTENNA_235/DIODE                       0.750000    0.925136   -0.175136 (VIOLATED)
fanout166/A                             0.750000    0.925033   -0.175033 (VIOLATED)
ANTENNA_234/DIODE                       0.750000    0.925027   -0.175027 (VIOLATED)
fanout163/A                             0.750000    0.924742   -0.174742 (VIOLATED)
fanout155/A                             0.750000    0.924631   -0.174631 (VIOLATED)
fanout178/X                             0.750000    0.924591   -0.174591 (VIOLATED)
_17509_/A1                              0.750000    0.891863   -0.141863 (VIOLATED)
_17508_/X                               0.750000    0.887846   -0.137846 (VIOLATED)
_16423_/B                               0.750000    0.880547   -0.130547 (VIOLATED)
_11702_/A1                              0.750000    0.876900   -0.126900 (VIOLATED)
_11746_/A1                              0.750000    0.876867   -0.126867 (VIOLATED)
fanout1059/A                            0.750000    0.876551   -0.126551 (VIOLATED)
_11413_/A                               0.750000    0.874616   -0.124616 (VIOLATED)
_17889_/A1                              0.750000    0.874554   -0.124554 (VIOLATED)
fanout1060/X                            0.750000    0.874509   -0.124509 (VIOLATED)
_18163_/B1                              0.750000    0.873726   -0.123726 (VIOLATED)
_18307_/A1                              0.750000    0.873705   -0.123705 (VIOLATED)
_16422_/X                               0.750000    0.872419   -0.122419 (VIOLATED)
_17518_/A1                              0.750000    0.863675   -0.113675 (VIOLATED)
_17517_/X                               0.750000    0.861507   -0.111507 (VIOLATED)
fanout964/A                             0.750000    0.860567   -0.110567 (VIOLATED)
fanout963/A                             0.750000    0.860492   -0.110492 (VIOLATED)
fanout962/A                             0.750000    0.860357   -0.110357 (VIOLATED)
ANTENNA_333/DIODE                       0.750000    0.860344   -0.110344 (VIOLATED)
_15825_/B                               0.750000    0.860125   -0.110125 (VIOLATED)
_12213_/A                               0.750000    0.857759   -0.107759 (VIOLATED)
_17918_/A1                              0.750000    0.857751   -0.107751 (VIOLATED)
fanout965/X                             0.750000    0.857718   -0.107718 (VIOLATED)
_15824_/X                               0.750000    0.857017   -0.107017 (VIOLATED)
_18162_/X                               0.750000    0.852826   -0.102826 (VIOLATED)
_17256_/B                               0.750000    0.841325   -0.091326 (VIOLATED)
_17255_/X                               0.750000    0.833362   -0.083362 (VIOLATED)
_11414_/A                               0.750000    0.828828   -0.078828 (VIOLATED)
_11380_/X                               0.750000    0.823109   -0.073109 (VIOLATED)
_10852_/B                               0.750000    0.807417   -0.057417 (VIOLATED)
_14821_/B                               0.750000    0.806132   -0.056132 (VIOLATED)
_14820_/X                               0.750000    0.803202   -0.053202 (VIOLATED)
_17613_/A1                              0.750000    0.800811   -0.050811 (VIOLATED)
ANTENNA_297/DIODE                       0.750000    0.800811   -0.050811 (VIOLATED)
ANTENNA_295/DIODE                       0.750000    0.800810   -0.050810 (VIOLATED)
ANTENNA_293/DIODE                       0.750000    0.800810   -0.050810 (VIOLATED)
ANTENNA_291/DIODE                       0.750000    0.800810   -0.050810 (VIOLATED)
ANTENNA_289/DIODE                       0.750000    0.800810   -0.050810 (VIOLATED)
ANTENNA_288/DIODE                       0.750000    0.800797   -0.050797 (VIOLATED)
ANTENNA_290/DIODE                       0.750000    0.800787   -0.050787 (VIOLATED)
ANTENNA_292/DIODE                       0.750000    0.800786   -0.050786 (VIOLATED)
ANTENNA_294/DIODE                       0.750000    0.800786   -0.050786 (VIOLATED)
ANTENNA_296/DIODE                       0.750000    0.800785   -0.050785 (VIOLATED)
ANTENNA_298/DIODE                       0.750000    0.800784   -0.050784 (VIOLATED)
_17612_/X                               0.750000    0.800381   -0.050381 (VIOLATED)
_18157_/B1                              0.750000    0.797192   -0.047192 (VIOLATED)
_18304_/A1                              0.750000    0.797180   -0.047180 (VIOLATED)
_13669_/A                               0.750000    0.793915   -0.043915 (VIOLATED)
_17944_/B                               0.750000    0.793264   -0.043264 (VIOLATED)
_10851_/Y                               0.750000    0.792928   -0.042928 (VIOLATED)
_18156_/X                               0.750000    0.780253   -0.030253 (VIOLATED)
_11583_/A                               0.750000    0.770203   -0.020203 (VIOLATED)
_17709_/A1                              0.750000    0.769711   -0.019711 (VIOLATED)
_18311_/A2                              0.750000    0.768584   -0.018584 (VIOLATED)
_18308_/A2                              0.750000    0.768400   -0.018400 (VIOLATED)
_18305_/A2                              0.750000    0.768191   -0.018191 (VIOLATED)
_17708_/X                               0.750000    0.767850   -0.017850 (VIOLATED)
_18713_/A3                              0.750000    0.767287   -0.017287 (VIOLATED)
_18712_/A2                              0.750000    0.767216   -0.017216 (VIOLATED)
_18710_/A2                              0.750000    0.767195   -0.017195 (VIOLATED)
_18303_/B                               0.750000    0.767143   -0.017143 (VIOLATED)
_18711_/A2                              0.750000    0.767129   -0.017129 (VIOLATED)
_18715_/A3                              0.750000    0.767116   -0.017116 (VIOLATED)
_18716_/D                               0.750000    0.767011   -0.017011 (VIOLATED)
fanout255/X                             0.750000    0.766966   -0.016966 (VIOLATED)
_11536_/X                               0.750000    0.766806   -0.016806 (VIOLATED)
_11166_/B                               0.750000    0.764969   -0.014969 (VIOLATED)
_11950_/B                               0.750000    0.760093   -0.010093 (VIOLATED)
_13918_/A                               0.750000    0.758390   -0.008390 (VIOLATED)
_11165_/X                               0.750000    0.758387   -0.008387 (VIOLATED)
_17949_/B1                              0.750000    0.758387   -0.008387 (VIOLATED)
_14173_/A                               0.750000    0.756604   -0.006604 (VIOLATED)
_17973_/A2                              0.750000    0.756588   -0.006588 (VIOLATED)
_11949_/X                               0.750000    0.756569   -0.006569 (VIOLATED)
_17739_/A1                              0.750000    0.755310   -0.005310 (VIOLATED)
ANTENNA_189/DIODE                       0.750000    0.755305   -0.005305 (VIOLATED)
_17738_/X                               0.750000    0.754967   -0.004967 (VIOLATED)
_17700_/A1                              0.750000    0.754728   -0.004728 (VIOLATED)
ANTENNA_180/DIODE                       0.750000    0.754728   -0.004728 (VIOLATED)
ANTENNA_178/DIODE                       0.750000    0.754727   -0.004727 (VIOLATED)
ANTENNA_176/DIODE                       0.750000    0.754727   -0.004727 (VIOLATED)
ANTENNA_174/DIODE                       0.750000    0.754727   -0.004727 (VIOLATED)
ANTENNA_172/DIODE                       0.750000    0.754726   -0.004726 (VIOLATED)
ANTENNA_173/DIODE                       0.750000    0.754697   -0.004697 (VIOLATED)
ANTENNA_175/DIODE                       0.750000    0.754674   -0.004674 (VIOLATED)
ANTENNA_177/DIODE                       0.750000    0.754672   -0.004672 (VIOLATED)
ANTENNA_179/DIODE                       0.750000    0.754671   -0.004671 (VIOLATED)
_17699_/X                               0.750000    0.752840   -0.002840 (VIOLATED)

max fanout

Pin                                   Limit Fanout  Slack
---------------------------------------------------------
clkbuf_leaf_4_clk/X                      10     16     -6 (VIOLATED)
clkbuf_leaf_20_clk/X                     10     15     -5 (VIOLATED)
clkbuf_leaf_22_clk/X                     10     15     -5 (VIOLATED)
clkbuf_leaf_2_clk/X                      10     15     -5 (VIOLATED)
clkbuf_leaf_31_clk/X                     10     15     -5 (VIOLATED)
clkbuf_leaf_32_clk/X                     10     15     -5 (VIOLATED)
clkbuf_leaf_33_clk/X                     10     15     -5 (VIOLATED)
clkbuf_leaf_35_clk/X                     10     15     -5 (VIOLATED)
clkbuf_leaf_3_clk/X                      10     15     -5 (VIOLATED)
clkbuf_leaf_44_clk/X                     10     15     -5 (VIOLATED)
clkbuf_leaf_47_clk/X                     10     15     -5 (VIOLATED)
clkbuf_leaf_48_clk/X                     10     15     -5 (VIOLATED)
clkbuf_leaf_49_clk/X                     10     15     -5 (VIOLATED)
clkbuf_leaf_51_clk/X                     10     15     -5 (VIOLATED)
clkbuf_leaf_54_clk/X                     10     15     -5 (VIOLATED)
clkbuf_leaf_55_clk/X                     10     15     -5 (VIOLATED)
clkbuf_leaf_58_clk/X                     10     15     -5 (VIOLATED)
clkbuf_leaf_59_clk/X                     10     15     -5 (VIOLATED)
clkbuf_leaf_8_clk/X                      10     15     -5 (VIOLATED)
clkbuf_leaf_9_clk/X                      10     15     -5 (VIOLATED)
clkbuf_leaf_10_clk/X                     10     14     -4 (VIOLATED)
clkbuf_leaf_11_clk/X                     10     14     -4 (VIOLATED)
clkbuf_leaf_15_clk/X                     10     14     -4 (VIOLATED)
clkbuf_leaf_16_clk/X                     10     14     -4 (VIOLATED)
clkbuf_leaf_18_clk/X                     10     14     -4 (VIOLATED)
clkbuf_leaf_19_clk/X                     10     14     -4 (VIOLATED)
clkbuf_leaf_21_clk/X                     10     14     -4 (VIOLATED)
clkbuf_leaf_23_clk/X                     10     14     -4 (VIOLATED)
clkbuf_leaf_27_clk/X                     10     14     -4 (VIOLATED)
clkbuf_leaf_29_clk/X                     10     14     -4 (VIOLATED)
clkbuf_leaf_30_clk/X                     10     14     -4 (VIOLATED)
clkbuf_leaf_34_clk/X                     10     14     -4 (VIOLATED)
clkbuf_leaf_38_clk/X                     10     14     -4 (VIOLATED)
clkbuf_leaf_39_clk/X                     10     14     -4 (VIOLATED)
clkbuf_leaf_40_clk/X                     10     14     -4 (VIOLATED)
clkbuf_leaf_41_clk/X                     10     14     -4 (VIOLATED)
clkbuf_leaf_42_clk/X                     10     14     -4 (VIOLATED)
clkbuf_leaf_43_clk/X                     10     14     -4 (VIOLATED)
clkbuf_leaf_45_clk/X                     10     14     -4 (VIOLATED)
clkbuf_leaf_50_clk/X                     10     14     -4 (VIOLATED)
clkbuf_leaf_52_clk/X                     10     14     -4 (VIOLATED)
clkbuf_leaf_53_clk/X                     10     14     -4 (VIOLATED)
clkbuf_leaf_56_clk/X                     10     14     -4 (VIOLATED)
clkbuf_leaf_57_clk/X                     10     14     -4 (VIOLATED)
clkbuf_leaf_5_clk/X                      10     14     -4 (VIOLATED)
clkbuf_leaf_6_clk/X                      10     14     -4 (VIOLATED)
clkbuf_leaf_7_clk/X                      10     14     -4 (VIOLATED)
clkbuf_leaf_12_clk/X                     10     13     -3 (VIOLATED)
clkbuf_leaf_14_clk/X                     10     13     -3 (VIOLATED)
clkbuf_leaf_17_clk/X                     10     13     -3 (VIOLATED)
clkbuf_leaf_24_clk/X                     10     13     -3 (VIOLATED)
clkbuf_leaf_28_clk/X                     10     13     -3 (VIOLATED)
clkbuf_leaf_46_clk/X                     10     13     -3 (VIOLATED)
_17502_/X                                10     12     -2 (VIOLATED)
_17612_/X                                10     12     -2 (VIOLATED)
_17720_/X                                10     12     -2 (VIOLATED)
_17744_/X                                10     12     -2 (VIOLATED)
_17771_/X                                10     12     -2 (VIOLATED)
clkbuf_leaf_1_clk/X                      10     12     -2 (VIOLATED)
wire20/X                                 10     12     -2 (VIOLATED)
_15890_/Y                                10     11        (VIOLATED)
_17850_/X                                10     11        (VIOLATED)
clkbuf_leaf_26_clk/X                     10     11        (VIOLATED)
clkbuf_leaf_36_clk/X                     10     11        (VIOLATED)
fanout373/X                              10     11        (VIOLATED)

max capacitance

Pin                                        Limit         Cap       Slack
------------------------------------------------------------------------
_18162_/X                               0.200000    0.226724   -0.026724 (VIOLATED)
_18156_/X                               0.200000    0.207352   -0.007352 (VIOLATED)



===========================================================================
report_parasitic_annotation -report_unannotated
============================================================================
Found 61 unannotated drivers.
 uio_in[5]
 uio_in[6]
 uio_in[7]
 clkload0/X
 clkload1/X
 clkload10/X
 clkload11/X
 clkload12/Y
 clkload13/X
 clkload14/X
 clkload15/Y
 clkload16/Y
 clkload17/Y
 clkload18/Y
 clkload19/X
 clkload2/Y
 clkload20/X
 clkload21/X
 clkload22/X
 clkload23/X
 clkload24/X
 clkload25/X
 clkload26/X
 clkload27/X
 clkload28/X
 clkload29/X
 clkload3/X
 clkload30/X
 clkload31/Y
 clkload32/X
 clkload33/X
 clkload34/X
 clkload35/X
 clkload36/X
 clkload37/X
 clkload38/X
 clkload39/X
 clkload4/X
 clkload40/X
 clkload41/X
 clkload42/Y
 clkload43/X
 clkload44/X
 clkload5/Y
 clkload6/X
 clkload7/X
 clkload8/X
 clkload9/X
 tt_um_aes128_baseline/HI
 tt_um_aes128_baseline_2080/HI
 tt_um_aes128_baseline_2081/HI
 tt_um_aes128_baseline_2082/HI
 tt_um_aes128_baseline_2083/HI
 tt_um_aes128_baseline_2084/HI
 tt_um_aes128_baseline_2085/HI
 tt_um_aes128_baseline_2086/HI
 tt_um_aes128_baseline_2087/HI
 tt_um_aes128_baseline_2088/HI
 tt_um_aes128_baseline_2089/LO
 tt_um_aes128_baseline_2090/LO
 tt_um_aes128_baseline_2091/LO
Found 0 partially unannotated drivers.

===========================================================================
max slew violation count 154
max fanout violation count 65
max cap violation count 2
============================================================================

===========================================================================
check_setup -verbose -unconstrained_endpoints -multiple_clock -no_clock -no_input_delay -loops -generated_clocks
===========================================================================
