Clock: clk
Sources: clk 
Generated: no
Virtual: yes
Propagated: no
Period: 20.000000

===========================================================================
report_clock_properties
============================================================================
Clock                   Period          Waveform
----------------------------------------------------
clk                  20.000000    0.000000 10.000000

===========================================================================
report_clock_latency
============================================================================
Clock clk
rise -> rise
    min     max
0.000000 0.000000 source latency
0.941406         network latency _19046_/CLK
        1.023084 network latency _18958_/CLK
---------------
0.941406 1.023084 latency
        0.081677 skew

fall -> fall
    min     max
0.000000 0.000000 source latency
0.742345         network latency _19368_/CLK
        0.804175 network latency _18958_/CLK
---------------
0.742345 0.804175 latency
        0.061831 skew



===========================================================================
report_clock_min_period
============================================================================
clk period_min = 6.53 fmax = 153.17
