Clock: clk
Sources: clk 
Generated: no
Virtual: yes
Propagated: no
Period: 100.000000

===========================================================================
report_clock_properties
============================================================================
Clock                   Period          Waveform
----------------------------------------------------
clk                 100.000000    0.000000 50.000000

===========================================================================
report_clock_latency
============================================================================
Clock clk
rise -> rise
    min     max
0.000000 0.000000 source latency
0.812472         network latency _19210_/CLK
        0.851226 network latency _18958_/CLK
---------------
0.812472 0.851226 latency
        0.038754 skew

fall -> fall
    min     max
0.000000 0.000000 source latency
0.674625         network latency _19210_/CLK
        0.702585 network latency _18958_/CLK
---------------
0.674625 0.702585 latency
        0.027960 skew



===========================================================================
report_clock_min_period
============================================================================
clk period_min = 7.51 fmax = 133.24
