
===========================================================================
 report_power
============================================================================
======================= nom_tt_025C_1v80 Corner ===================================

Group                    Internal    Switching      Leakage        Total
                            Power        Power        Power        Power (Watts)
------------------------------------------------------------------------
Sequential           3.225176e-04 5.771598e-07 9.754831e-09 3.231045e-04  60.5%
Combinational        8.229639e-06 1.404725e-05 4.338656e-08 2.232028e-05   4.2%
Clock                9.092782e-05 9.772193e-05 1.300843e-09 1.886510e-04  35.3%
Macro                0.000000e+00 0.000000e+00 0.000000e+00 0.000000e+00   0.0%
Pad                  0.000000e+00 0.000000e+00 0.000000e+00 0.000000e+00   0.0%
------------------------------------------------------------------------
Total                4.216753e-04 1.123464e-04 5.444276e-08 5.340761e-04 100.0%
                            79.0%        21.0%         0.0%
Writing metric power__internal__total: 0.0004216752713546157
Writing metric power__switching__total: 0.00011234635167056695
Writing metric power__leakage__total: 5.444275785748687e-8
Writing metric power__total: 0.0005340760690160096

