
===========================================================================
report_checks -unconstrained
===========================================================================
======================= nom_tt_025C_1v80 Corner ===================================

Startpoint: rst_n (input port clocked by clk)
Endpoint: _18983_ (recovery check against rising-edge clock clk)
Path Group: asynchronous
Path Type: max

Fanout         Cap        Slew       Delay        Time   Description
---------------------------------------------------------------------------------------------
                                  0.000000    0.000000   clock clk (rise edge)
                                  0.000000    0.000000   clock network delay (propagated)
                                  4.000000    4.000000 ^ input external delay
     1    0.002624    0.019652    0.009678    4.009677 ^ rst_n (in)
                                                         rst_n (net)
                      0.019652    0.000000    4.009677 ^ input2/A (sky130_fd_sc_hd__clkdlybuf4s25_1)
     1    0.003293    0.048402    0.237691    4.247369 ^ input2/X (sky130_fd_sc_hd__clkdlybuf4s25_1)
                                                         net2 (net)
                      0.048402    0.000016    4.247385 ^ fanout2077/A (sky130_fd_sc_hd__clkdlybuf4s25_1)
     5    0.070620    0.702312    0.705704    4.953089 ^ fanout2077/X (sky130_fd_sc_hd__clkdlybuf4s25_1)
                                                         net2077 (net)
                      0.702312    0.000005    4.953094 ^ fanout2011/A (sky130_fd_sc_hd__clkdlybuf4s25_1)
     2    0.021149    0.218086    0.489936    5.443030 ^ fanout2011/X (sky130_fd_sc_hd__clkdlybuf4s25_1)
                                                         net2011 (net)
                      0.218086    0.000000    5.443031 ^ _09509_/B (sky130_fd_sc_hd__and2_2)
     1    0.006036    0.052453    0.189303    5.632334 ^ _09509_/X (sky130_fd_sc_hd__and2_2)
                                                         core_reset_n (net)
                      0.052453    0.000078    5.632412 ^ fanout1987/A (sky130_fd_sc_hd__clkdlybuf4s25_1)
     3    0.013863    0.148256    0.322507    5.954919 ^ fanout1987/X (sky130_fd_sc_hd__clkdlybuf4s25_1)
                                                         net1987 (net)
                      0.148256    0.000024    5.954943 ^ load_slew1990/A (sky130_fd_sc_hd__buf_2)
     3    0.030806    0.154594    0.221750    6.176693 ^ load_slew1990/X (sky130_fd_sc_hd__buf_2)
                                                         net1990 (net)
                      0.154612    0.001728    6.178421 ^ load_slew1989/A (sky130_fd_sc_hd__clkbuf_4)
     2    0.036940    0.120026    0.229382    6.407804 ^ load_slew1989/X (sky130_fd_sc_hd__clkbuf_4)
                                                         net1989 (net)
                      0.120156    0.002278    6.410081 ^ fanout1976/A (sky130_fd_sc_hd__clkdlybuf4s25_1)
     5    0.041973    0.421836    0.538158    6.948240 ^ fanout1976/X (sky130_fd_sc_hd__clkdlybuf4s25_1)
                                                         net1976 (net)
                      0.421836    0.000933    6.949173 ^ fanout1975/A (sky130_fd_sc_hd__clkdlybuf4s25_1)
     6    0.036943    0.372122    0.562572    7.511745 ^ fanout1975/X (sky130_fd_sc_hd__clkdlybuf4s25_1)
                                                         net1975 (net)
                      0.372122    0.000060    7.511805 ^ fanout1973/A (sky130_fd_sc_hd__clkdlybuf4s25_1)
     2    0.006459    0.080207    0.346605    7.858409 ^ fanout1973/X (sky130_fd_sc_hd__clkdlybuf4s25_1)
                                                         net1973 (net)
                      0.080207    0.000012    7.858421 ^ load_slew1974/A (sky130_fd_sc_hd__clkbuf_4)
     8    0.037792    0.122311    0.205051    8.063472 ^ load_slew1974/X (sky130_fd_sc_hd__clkbuf_4)
                                                         net1974 (net)
                      0.122312    0.000618    8.064090 ^ fanout1971/A (sky130_fd_sc_hd__clkdlybuf4s25_1)
     2    0.006550    0.078571    0.296236    8.360326 ^ fanout1971/X (sky130_fd_sc_hd__clkdlybuf4s25_1)
                                                         net1971 (net)
                      0.078571    0.000008    8.360334 ^ fanout1969/A (sky130_fd_sc_hd__clkdlybuf4s25_1)
     2    0.007388    0.089100    0.286959    8.647293 ^ fanout1969/X (sky130_fd_sc_hd__clkdlybuf4s25_1)
                                                         net1969 (net)
                      0.089100    0.000021    8.647314 ^ load_slew1970/A (sky130_fd_sc_hd__buf_4)
     9    0.040078    0.117612    0.183213    8.830526 ^ load_slew1970/X (sky130_fd_sc_hd__buf_4)
                                                         net1970 (net)
                      0.117612    0.000481    8.831007 ^ _18983_/RESET_B (sky130_fd_sc_hd__dfrtp_2)
                                              8.831007   data arrival time

                                 20.000000   20.000000   clock clk (rise edge)
                                  0.000000   20.000000   clock source latency
     1    0.059535    0.270740    0.192456   20.192457 ^ clk (in)
                                                         clk (net)
                      0.271074    0.000000   20.192457 ^ clkbuf_0_clk/A (sky130_fd_sc_hd__clkbuf_16)
     8    0.080762    0.099321    0.245329   20.437786 ^ clkbuf_0_clk/X (sky130_fd_sc_hd__clkbuf_16)
                                                         clknet_0_clk (net)
                      0.099363    0.001998   20.439783 ^ clkbuf_3_5_0_clk/A (sky130_fd_sc_hd__clkbuf_8)
     8    0.064046    0.120130    0.206057   20.645842 ^ clkbuf_3_5_0_clk/X (sky130_fd_sc_hd__clkbuf_8)
                                                         clknet_3_5_0_clk (net)
                      0.120131    0.000579   20.646420 ^ clkbuf_leaf_29_clk/A (sky130_fd_sc_hd__clkbuf_8)
    14    0.038993    0.080393    0.183389   20.829809 ^ clkbuf_leaf_29_clk/X (sky130_fd_sc_hd__clkbuf_8)
                                                         clknet_leaf_29_clk (net)
                      0.080393    0.000082   20.829891 ^ _18983_/CLK (sky130_fd_sc_hd__dfrtp_2)
                                 -0.250000   20.579891   clock uncertainty
                                  0.000000   20.579891   clock reconvergence pessimism
                                  0.208511   20.788403   library recovery time
                                             20.788403   data required time
---------------------------------------------------------------------------------------------
                                             20.788403   data required time
                                             -8.831007   data arrival time
---------------------------------------------------------------------------------------------
                                             11.957396   slack (MET)


Startpoint: _19530_ (rising edge-triggered flip-flop clocked by clk)
Endpoint: uio_out[7] (output port clocked by clk)
Path Group: clk
Path Type: max

Fanout         Cap        Slew       Delay        Time   Description
---------------------------------------------------------------------------------------------
                                  0.000000    0.000000   clock clk (rise edge)
                                  0.000000    0.000000   clock source latency
     1    0.059535    0.270740    0.192457    0.192457 ^ clk (in)
                                                         clk (net)
                      0.271074    0.000000    0.192457 ^ clkbuf_0_clk/A (sky130_fd_sc_hd__clkbuf_16)
     8    0.080762    0.099321    0.245328    0.437785 ^ clkbuf_0_clk/X (sky130_fd_sc_hd__clkbuf_16)
                                                         clknet_0_clk (net)
                      0.099407    0.002689    0.440474 ^ clkbuf_3_2_0_clk/A (sky130_fd_sc_hd__clkbuf_8)
     8    0.060907    0.115116    0.202237    0.642711 ^ clkbuf_3_2_0_clk/X (sky130_fd_sc_hd__clkbuf_8)
                                                         clknet_3_2_0_clk (net)
                      0.115127    0.001232    0.643943 ^ clkbuf_leaf_13_clk/A (sky130_fd_sc_hd__clkbuf_8)
    10    0.047855    0.094353    0.192308    0.836251 ^ clkbuf_leaf_13_clk/X (sky130_fd_sc_hd__clkbuf_8)
                                                         clknet_leaf_13_clk (net)
                      0.094353    0.000371    0.836622 ^ _19530_/CLK (sky130_fd_sc_hd__dfrtp_2)
     1    0.002852    0.038145    0.396584    1.233206 v _19530_/Q (sky130_fd_sc_hd__dfrtp_2)
                                                         busy_wire (net)
                      0.038145    0.000012    1.233218 v fanout899/A (sky130_fd_sc_hd__clkdlybuf4s25_1)
     6    0.055372    0.406316    0.521267    1.754485 v fanout899/X (sky130_fd_sc_hd__clkdlybuf4s25_1)
                                                         net899 (net)
                      0.406323    0.002206    1.756691 v fanout888/A (sky130_fd_sc_hd__clkdlybuf4s25_1)
     3    0.016302    0.129495    0.435458    2.192149 v fanout888/X (sky130_fd_sc_hd__clkdlybuf4s25_1)
                                                         net888 (net)
                      0.129495    0.000019    2.192168 v fanout885/A (sky130_fd_sc_hd__clkdlybuf4s25_1)
     3    0.008623    0.079426    0.313840    2.506008 v fanout885/X (sky130_fd_sc_hd__clkdlybuf4s25_1)
                                                         net885 (net)
                      0.079426    0.000019    2.506027 v load_slew886/A (sky130_fd_sc_hd__buf_4)
     8    0.035189    0.060014    0.184381    2.690409 v load_slew886/X (sky130_fd_sc_hd__buf_4)
                                                         net886 (net)
                      0.060026    0.000845    2.691253 v _09507_/A (sky130_fd_sc_hd__or3_2)
     1    0.009237    0.097280    0.508108    3.199361 v _09507_/X (sky130_fd_sc_hd__or3_2)
                                                         _01354_ (net)
                      0.097280    0.000060    3.199422 v _09508_/D (sky130_fd_sc_hd__nor4_4)
     1    0.015828    0.317655    0.247377    3.446799 ^ _09508_/Y (sky130_fd_sc_hd__nor4_4)
                                                         ready_wire (net)
                      0.317655    0.000514    3.447313 ^ wire234/A (sky130_fd_sc_hd__clkbuf_2)
     1    0.018096    0.107070    0.223800    3.671113 ^ wire234/X (sky130_fd_sc_hd__clkbuf_2)
                                                         net234 (net)
                      0.107071    0.000666    3.671779 ^ wire233/A (sky130_fd_sc_hd__clkbuf_2)
     2    0.018650    0.107723    0.172937    3.844716 ^ wire233/X (sky130_fd_sc_hd__clkbuf_2)
                                                         net233 (net)
                      0.107724    0.000529    3.845245 ^ _19547_/A (sky130_fd_sc_hd__buf_2)
     1    0.034290    0.170511    0.221622    4.066866 ^ _19547_/X (sky130_fd_sc_hd__buf_2)
                                                         uio_out[7] (net)
                      0.170511    0.000162    4.067029 ^ uio_out[7] (out)
                                              4.067029   data arrival time

                                 20.000000   20.000000   clock clk (rise edge)
                                  0.000000   20.000000   clock network delay (propagated)
                                 -0.250000   19.750002   clock uncertainty
                                  0.000000   19.750002   clock reconvergence pessimism
                                 -4.000000   15.750001   output external delay
                                             15.750001   data required time
---------------------------------------------------------------------------------------------
                                             15.750001   data required time
                                             -4.067029   data arrival time
---------------------------------------------------------------------------------------------
                                             11.682972   slack (MET)




===========================================================================
report_checks --slack_max -0.01
============================================================================
======================= nom_tt_025C_1v80 Corner ===================================

No paths found.


===========================================================================
 report_check_types -max_slew -max_cap -max_fanout -violators
============================================================================
======================= nom_tt_025C_1v80 Corner ===================================

max fanout

Pin                                   Limit Fanout  Slack
---------------------------------------------------------
clkbuf_leaf_4_clk/X                      10     16     -6 (VIOLATED)
clkbuf_leaf_20_clk/X                     10     15     -5 (VIOLATED)
clkbuf_leaf_22_clk/X                     10     15     -5 (VIOLATED)
clkbuf_leaf_2_clk/X                      10     15     -5 (VIOLATED)
clkbuf_leaf_31_clk/X                     10     15     -5 (VIOLATED)
clkbuf_leaf_32_clk/X                     10     15     -5 (VIOLATED)
clkbuf_leaf_33_clk/X                     10     15     -5 (VIOLATED)
clkbuf_leaf_35_clk/X                     10     15     -5 (VIOLATED)
clkbuf_leaf_3_clk/X                      10     15     -5 (VIOLATED)
clkbuf_leaf_44_clk/X                     10     15     -5 (VIOLATED)
clkbuf_leaf_47_clk/X                     10     15     -5 (VIOLATED)
clkbuf_leaf_48_clk/X                     10     15     -5 (VIOLATED)
clkbuf_leaf_49_clk/X                     10     15     -5 (VIOLATED)
clkbuf_leaf_51_clk/X                     10     15     -5 (VIOLATED)
clkbuf_leaf_54_clk/X                     10     15     -5 (VIOLATED)
clkbuf_leaf_55_clk/X                     10     15     -5 (VIOLATED)
clkbuf_leaf_58_clk/X                     10     15     -5 (VIOLATED)
clkbuf_leaf_59_clk/X                     10     15     -5 (VIOLATED)
clkbuf_leaf_8_clk/X                      10     15     -5 (VIOLATED)
clkbuf_leaf_9_clk/X                      10     15     -5 (VIOLATED)
clkbuf_leaf_10_clk/X                     10     14     -4 (VIOLATED)
clkbuf_leaf_11_clk/X                     10     14     -4 (VIOLATED)
clkbuf_leaf_15_clk/X                     10     14     -4 (VIOLATED)
clkbuf_leaf_16_clk/X                     10     14     -4 (VIOLATED)
clkbuf_leaf_18_clk/X                     10     14     -4 (VIOLATED)
clkbuf_leaf_19_clk/X                     10     14     -4 (VIOLATED)
clkbuf_leaf_21_clk/X                     10     14     -4 (VIOLATED)
clkbuf_leaf_23_clk/X                     10     14     -4 (VIOLATED)
clkbuf_leaf_27_clk/X                     10     14     -4 (VIOLATED)
clkbuf_leaf_29_clk/X                     10     14     -4 (VIOLATED)
clkbuf_leaf_30_clk/X                     10     14     -4 (VIOLATED)
clkbuf_leaf_34_clk/X                     10     14     -4 (VIOLATED)
clkbuf_leaf_38_clk/X                     10     14     -4 (VIOLATED)
clkbuf_leaf_39_clk/X                     10     14     -4 (VIOLATED)
clkbuf_leaf_40_clk/X                     10     14     -4 (VIOLATED)
clkbuf_leaf_41_clk/X                     10     14     -4 (VIOLATED)
clkbuf_leaf_42_clk/X                     10     14     -4 (VIOLATED)
clkbuf_leaf_43_clk/X                     10     14     -4 (VIOLATED)
clkbuf_leaf_45_clk/X                     10     14     -4 (VIOLATED)
clkbuf_leaf_50_clk/X                     10     14     -4 (VIOLATED)
clkbuf_leaf_52_clk/X                     10     14     -4 (VIOLATED)
clkbuf_leaf_53_clk/X                     10     14     -4 (VIOLATED)
clkbuf_leaf_56_clk/X                     10     14     -4 (VIOLATED)
clkbuf_leaf_57_clk/X                     10     14     -4 (VIOLATED)
clkbuf_leaf_5_clk/X                      10     14     -4 (VIOLATED)
clkbuf_leaf_6_clk/X                      10     14     -4 (VIOLATED)
clkbuf_leaf_7_clk/X                      10     14     -4 (VIOLATED)
clkbuf_leaf_12_clk/X                     10     13     -3 (VIOLATED)
clkbuf_leaf_14_clk/X                     10     13     -3 (VIOLATED)
clkbuf_leaf_17_clk/X                     10     13     -3 (VIOLATED)
clkbuf_leaf_24_clk/X                     10     13     -3 (VIOLATED)
clkbuf_leaf_28_clk/X                     10     13     -3 (VIOLATED)
clkbuf_leaf_46_clk/X                     10     13     -3 (VIOLATED)



===========================================================================
report_parasitic_annotation -report_unannotated
============================================================================
Found 61 unannotated drivers.
 uio_in[5]
 uio_in[6]
 uio_in[7]
 clkload0/X
 clkload1/X
 clkload10/X
 clkload11/X
 clkload12/Y
 clkload13/X
 clkload14/X
 clkload15/Y
 clkload16/Y
 clkload17/Y
 clkload18/Y
 clkload19/X
 clkload2/Y
 clkload20/X
 clkload21/X
 clkload22/X
 clkload23/X
 clkload24/X
 clkload25/X
 clkload26/X
 clkload27/X
 clkload28/X
 clkload29/X
 clkload3/X
 clkload30/X
 clkload31/Y
 clkload32/X
 clkload33/X
 clkload34/X
 clkload35/X
 clkload36/X
 clkload37/X
 clkload38/X
 clkload39/X
 clkload4/X
 clkload40/X
 clkload41/X
 clkload42/Y
 clkload43/X
 clkload44/X
 clkload5/Y
 clkload6/X
 clkload7/X
 clkload8/X
 clkload9/X
 tt_um_aes128_baseline/HI
 tt_um_aes128_baseline_2080/HI
 tt_um_aes128_baseline_2081/HI
 tt_um_aes128_baseline_2082/HI
 tt_um_aes128_baseline_2083/HI
 tt_um_aes128_baseline_2084/HI
 tt_um_aes128_baseline_2085/HI
 tt_um_aes128_baseline_2086/HI
 tt_um_aes128_baseline_2087/HI
 tt_um_aes128_baseline_2088/HI
 tt_um_aes128_baseline_2089/LO
 tt_um_aes128_baseline_2090/LO
 tt_um_aes128_baseline_2091/LO
Found 0 partially unannotated drivers.

===========================================================================
max slew violation count 0
Writing metric design__max_slew_violation__count__corner:nom_tt_025C_1v80: 0
max fanout violation count 53
Writing metric design__max_fanout_violation__count__corner:nom_tt_025C_1v80: 53
max cap violation count 0
Writing metric design__max_cap_violation__count__corner:nom_tt_025C_1v80: 0
============================================================================

===========================================================================
check_setup -verbose -unconstrained_endpoints -multiple_clock -no_clock -no_input_delay -loops -generated_clocks
===========================================================================
