Clock: clk
Sources: clk 
Generated: no
Virtual: yes
Propagated: no
Period: 20.000000

===========================================================================
report_clock_properties
============================================================================
Clock                   Period          Waveform
----------------------------------------------------
clk                  20.000000    0.000000 10.000000

===========================================================================
report_clock_latency
============================================================================
Clock clk
rise -> rise
    min     max
0.000000 0.000000 source latency
0.812472         network latency _19210_/CLK
        0.851226 network latency _18958_/CLK
---------------
0.812472 0.851226 latency
        0.038754 skew

fall -> fall
    min     max
0.000000 0.000000 source latency
0.674624         network latency _19210_/CLK
        0.702582 network latency _18958_/CLK
---------------
0.674624 0.702582 latency
        0.027958 skew



===========================================================================
report_clock_min_period
============================================================================
clk period_min = 7.51 fmax = 133.24
