
===========================================================================
 report_power
============================================================================
======================= nom_tt_025C_1v80 Corner ===================================

Group                    Internal    Switching      Leakage        Total
                            Power        Power        Power        Power (Watts)
------------------------------------------------------------------------
Sequential           1.612587e-03 2.885800e-06 9.754831e-09 1.615482e-03  60.5%
Combinational        4.114821e-05 7.023631e-05 4.338656e-08 1.114279e-04   4.2%
Clock                4.546391e-04 4.886097e-04 1.300843e-09 9.432500e-04  35.3%
Macro                0.000000e+00 0.000000e+00 0.000000e+00 0.000000e+00   0.0%
Pad                  0.000000e+00 0.000000e+00 0.000000e+00 0.000000e+00   0.0%
------------------------------------------------------------------------
Total                2.108374e-03 5.617319e-04 5.444276e-08 2.670160e-03 100.0%
                            79.0%        21.0%         0.0%
Writing metric power__internal__total: 0.0021083741448819637
Writing metric power__switching__total: 0.0005617318674921989
Writing metric power__leakage__total: 5.444275785748687e-8
Writing metric power__total: 0.0026701604947447777

