Clock: clk
Sources: clk 
Generated: no
Virtual: yes
Propagated: no
Period: 100.000000

===========================================================================
report_clock_properties
============================================================================
Clock                   Period          Waveform
----------------------------------------------------
clk                 100.000000    0.000000 50.000000

===========================================================================
report_clock_latency
============================================================================
Clock clk
rise -> rise
    min     max
0.000000 0.000000 source latency
1.597829         network latency _6995_/CLK
        1.674865 network latency _6455_/CLK
---------------
1.597829 1.674865 latency
        0.077036 skew

fall -> fall
    min     max
0.000000 0.000000 source latency
1.458943         network latency _6995_/CLK
        1.517734 network latency _6826_/CLK
---------------
1.458943 1.517734 latency
        0.058790 skew



===========================================================================
report_clock_min_period
============================================================================
clk period_min = 26.16 fmax = 38.23
