Clock: clk
Sources: clk 
Generated: no
Virtual: yes
Propagated: no
Period: 20.000000

===========================================================================
report_clock_properties
============================================================================
Clock                   Period          Waveform
----------------------------------------------------
clk                  20.000000    0.000000 10.000000

===========================================================================
report_clock_latency
============================================================================
Clock clk
rise -> rise
    min     max
0.000000 0.000000 source latency
1.545004         network latency _6995_/CLK
        1.610364 network latency _6824_/CLK
---------------
1.545004 1.610364 latency
        0.065360 skew

fall -> fall
    min     max
0.000000 0.000000 source latency
1.420270         network latency _6995_/CLK
        1.468320 network latency _6826_/CLK
---------------
1.420270 1.468320 latency
        0.048050 skew



===========================================================================
report_clock_min_period
============================================================================
clk period_min = 22.95 fmax = 43.57
