
===========================================================================
 report_power
============================================================================
======================= nom_ss_100C_1v60 Corner ===================================

Group                    Internal    Switching      Leakage        Total
                            Power        Power        Power        Power (Watts)
------------------------------------------------------------------------
Sequential           1.650371e-03 3.586125e-05 1.916694e-05 1.705400e-03  51.6%
Combinational        1.844194e-04 1.099928e-04 2.706182e-05 3.214740e-04   9.7%
Clock                6.510228e-04 6.269189e-04 1.969649e-06 1.279911e-03  38.7%
Macro                0.000000e+00 0.000000e+00 0.000000e+00 0.000000e+00   0.0%
Pad                  0.000000e+00 0.000000e+00 0.000000e+00 0.000000e+00   0.0%
------------------------------------------------------------------------
Total                2.485817e-03 7.727728e-04 4.819950e-05 3.306789e-03 100.0%
                            75.2%        23.4%         1.5%

