141. Printing statistics.

=== tt_um_aes128_optimized ===

        +----------Local Count, excluding submodules.
        |        +-Local Area, excluding submodules.
        |        | 
     4058        - wires
     4093        - wire bits
     1019        - public wires
     1054        - public wire bits
        8        - ports
       43        - port bits
     4074 5.88E+04 cells
      127 1.27E+03   sky130_fd_sc_hd__a211o_2
        1   12.512   sky130_fd_sc_hd__a211oi_2
       74   740.71   sky130_fd_sc_hd__a21bo_2
      225  1970.64   sky130_fd_sc_hd__a21o_2
       74  648.122   sky130_fd_sc_hd__a21oi_2
      109 1.23E+03   sky130_fd_sc_hd__a221o_2
      234 2.34E+03   sky130_fd_sc_hd__a22o_2
        1   12.512   sky130_fd_sc_hd__a22oi_2
       32  360.346   sky130_fd_sc_hd__a2bb2o_2
        1   15.014   sky130_fd_sc_hd__a311oi_2
       15  131.376   sky130_fd_sc_hd__a31o_2
        2   25.024   sky130_fd_sc_hd__a31oi_2
       74  833.299   sky130_fd_sc_hd__a32o_2
        2   22.522   sky130_fd_sc_hd__a41o_2
       17  127.622   sky130_fd_sc_hd__and2_2
       40  350.336   sky130_fd_sc_hd__and2b_2
       50   375.36   sky130_fd_sc_hd__and3_2
       18  180.173   sky130_fd_sc_hd__and3b_2
        9   90.086   sky130_fd_sc_hd__and4_2
        3   33.782   sky130_fd_sc_hd__and4b_2
        3   37.536   sky130_fd_sc_hd__and4bb_2
        3   15.014   sky130_fd_sc_hd__buf_2
       13   48.797   sky130_fd_sc_hd__conb_1
     1009 2.65E+04   sky130_fd_sc_hd__dfrtp_2
        1   26.275   sky130_fd_sc_hd__dfstp_2
       51  191.434   sky130_fd_sc_hd__inv_2
      711 8.01E+03   sky130_fd_sc_hd__mux2_1
       20  450.432   sky130_fd_sc_hd__mux4_2
      123  769.488   sky130_fd_sc_hd__nand2_2
        2   17.517   sky130_fd_sc_hd__nand2b_2
       14  140.134   sky130_fd_sc_hd__nand3_2
        4   45.043   sky130_fd_sc_hd__nand3b_2
        1   12.512   sky130_fd_sc_hd__nand4_2
      119  744.464   sky130_fd_sc_hd__nor2_2
        3   30.029   sky130_fd_sc_hd__nor3_2
        1   12.512   sky130_fd_sc_hd__nor4_2
        5    62.56   sky130_fd_sc_hd__o2111a_2
        2   30.029   sky130_fd_sc_hd__o2111ai_2
       87  870.835   sky130_fd_sc_hd__o211a_2
       29  362.848   sky130_fd_sc_hd__o211ai_2
       21  183.926   sky130_fd_sc_hd__o21a_2
       11   96.342   sky130_fd_sc_hd__o21ai_2
        1    10.01   sky130_fd_sc_hd__o21ba_2
       74  833.299   sky130_fd_sc_hd__o221a_2
      140  1.4E+03   sky130_fd_sc_hd__o22a_2
        1   12.512   sky130_fd_sc_hd__o22ai_2
       16  180.173   sky130_fd_sc_hd__o2bb2a_2
        1   11.261   sky130_fd_sc_hd__o32a_2
       89  556.784   sky130_fd_sc_hd__or2_2
       24  180.173   sky130_fd_sc_hd__or3_2
        5   43.792   sky130_fd_sc_hd__or3b_2
        5   43.792   sky130_fd_sc_hd__or4_2
        9   90.086   sky130_fd_sc_hd__or4b_2
        3   37.536   sky130_fd_sc_hd__or4bb_2
      159  2586.23   sky130_fd_sc_hd__xnor2_2
      206 3.35E+03   sky130_fd_sc_hd__xor2_2

   Chip area for module '\tt_um_aes128_optimized': 58773.868800
     of which used for sequential elements: 26537.952000 (45.15%)

