Clock: clk
Sources: clk 
Generated: no
Virtual: yes
Propagated: no
Period: 100.000000

===========================================================================
report_clock_properties
============================================================================
Clock                   Period          Waveform
----------------------------------------------------
clk                 100.000000    0.000000 50.000000

===========================================================================
report_clock_latency
============================================================================
Clock clk
rise -> rise
    min     max
0.000000 0.000000 source latency
1.226877         network latency _19046_/CLK
        1.317810 network latency _18958_/CLK
---------------
1.226877 1.317810 latency
        0.090933 skew

fall -> fall
    min     max
0.000000 0.000000 source latency
0.965468         network latency _19046_/CLK
        1.028329 network latency _18958_/CLK
---------------
0.965468 1.028329 latency
        0.062862 skew



===========================================================================
report_clock_min_period
============================================================================
clk period_min = 10.23 fmax = 97.74
