
===========================================================================
 report_power
============================================================================
======================= max_tt_025C_1v80 Corner ===================================

Group                    Internal    Switching      Leakage        Total
                            Power        Power        Power        Power (Watts)
------------------------------------------------------------------------
Sequential           3.226946e-04 9.160440e-07 9.754831e-09 3.236204e-04  54.6%
Combinational        8.304180e-06 2.265555e-05 4.512306e-08 3.100486e-05   5.2%
Clock                9.117972e-05 1.469731e-04 1.269264e-07 2.382797e-04  40.2%
Macro                0.000000e+00 0.000000e+00 0.000000e+00 0.000000e+00   0.0%
Pad                  0.000000e+00 0.000000e+00 0.000000e+00 0.000000e+00   0.0%
------------------------------------------------------------------------
Total                4.221782e-04 1.705447e-04 1.817987e-07 5.929047e-04 100.0%
                            71.2%        28.8%         0.0%

