Clock: clk
Sources: clk 
Generated: no
Virtual: no
Propagated: no
Period: 20.000000

===========================================================================
report_clock_properties
============================================================================
Clock                   Period          Waveform
----------------------------------------------------
clk                  20.000000    0.000000 10.000000

===========================================================================
report_clock_latency
============================================================================
Clock clk
rise -> rise
    min     max
0.000000 0.000000 source latency
4.616595         network latency _6087_/CLK
        4.616595 network latency _6087_/CLK
---------------
4.616595 4.616595 latency
        0.000000 skew

fall -> fall
    min     max
0.000000 0.000000 source latency
2.010910         network latency _6087_/CLK
        2.010910 network latency _6087_/CLK
---------------
2.010910 2.010910 latency
        0.000000 skew



===========================================================================
report_clock_min_period
============================================================================
clk period_min = 5.11 fmax = 195.77
