Clock: clk
Sources: clk 
Generated: no
Virtual: yes
Propagated: no
Period: 20.000000

===========================================================================
report_clock_properties
============================================================================
Clock                   Period          Waveform
----------------------------------------------------
clk                  20.000000    0.000000 10.000000

===========================================================================
report_clock_latency
============================================================================
Clock clk
rise -> rise
    min     max
0.000000 0.000000 source latency
0.614729         network latency _6995_/CLK
        0.647893 network latency _6826_/CLK
---------------
0.614729 0.647893 latency
        0.033165 skew

fall -> fall
    min     max
0.000000 0.000000 source latency
0.548442         network latency _6995_/CLK
        0.574598 network latency _6826_/CLK
---------------
0.548442 0.574598 latency
        0.026156 skew



===========================================================================
report_clock_min_period
============================================================================
clk period_min = 7.57 fmax = 132.13
