
===========================================================================
report_checks -unconstrained
===========================================================================
======================= min_tt_025C_1v80 Corner ===================================

Startpoint: rst_n (input port clocked by clk)
Endpoint: _18983_ (recovery check against rising-edge clock clk)
Path Group: asynchronous
Path Type: max

Fanout         Cap        Slew       Delay        Time   Description
---------------------------------------------------------------------------------------------
                                  0.000000    0.000000   clock clk (rise edge)
                                  0.000000    0.000000   clock network delay (propagated)
                                 20.000000   20.000000 ^ input external delay
     1    0.002841    0.019907    0.010440   20.010441 ^ rst_n (in)
                                                         rst_n (net)
                      0.019907    0.000000   20.010441 ^ input2/A (sky130_fd_sc_hd__clkdlybuf4s25_1)
     1    0.003488    0.050145    0.239167   20.249607 ^ input2/X (sky130_fd_sc_hd__clkdlybuf4s25_1)
                                                         net2 (net)
                      0.050145    0.000048   20.249655 ^ fanout2077/A (sky130_fd_sc_hd__clkdlybuf4s25_1)
     7    0.142430    1.406343    1.198995   21.448650 ^ fanout2077/X (sky130_fd_sc_hd__clkdlybuf4s25_1)
                                                         net2077 (net)
                      1.406343    0.000711   21.449360 ^ fanout2011/A (sky130_fd_sc_hd__clkdlybuf4s25_1)
     2    0.036808    0.370758    0.647740   22.097099 ^ fanout2011/X (sky130_fd_sc_hd__clkdlybuf4s25_1)
                                                         net2011 (net)
                      0.370758    0.000073   22.097172 ^ _09509_/B (sky130_fd_sc_hd__and2_2)
     1    0.007647    0.061938    0.226315   22.323488 ^ _09509_/X (sky130_fd_sc_hd__and2_2)
                                                         core_reset_n (net)
                      0.061938    0.000220   22.323708 ^ fanout1987/A (sky130_fd_sc_hd__clkdlybuf4s25_1)
     3    0.021543    0.222479    0.378060   22.701769 ^ fanout1987/X (sky130_fd_sc_hd__clkdlybuf4s25_1)
                                                         net1987 (net)
                      0.222479    0.000218   22.701986 ^ load_slew1990/A (sky130_fd_sc_hd__buf_2)
     3    0.055312    0.270049    0.319849   23.021835 ^ load_slew1990/X (sky130_fd_sc_hd__buf_2)
                                                         net1990 (net)
                      0.270232    0.005826   23.027662 ^ load_slew1989/A (sky130_fd_sc_hd__clkbuf_4)
     2    0.082653    0.248261    0.359844   23.387506 ^ load_slew1989/X (sky130_fd_sc_hd__clkbuf_4)
                                                         net1989 (net)
                      0.248420    0.003528   23.391033 ^ fanout1976/A (sky130_fd_sc_hd__clkdlybuf4s25_1)
     6    0.082620    0.820117    0.846470   24.237503 ^ fanout1976/X (sky130_fd_sc_hd__clkdlybuf4s25_1)
                                                         net1976 (net)
                      0.820336    0.003425   24.240929 ^ fanout1975/A (sky130_fd_sc_hd__clkdlybuf4s25_1)
     6    0.057851    0.576281    0.749457   24.990385 ^ fanout1975/X (sky130_fd_sc_hd__clkdlybuf4s25_1)
                                                         net1975 (net)
                      0.576281    0.000293   24.990679 ^ fanout1973/A (sky130_fd_sc_hd__clkdlybuf4s25_1)
     2    0.006818    0.081134    0.377506   25.368185 ^ fanout1973/X (sky130_fd_sc_hd__clkdlybuf4s25_1)
                                                         net1973 (net)
                      0.081134    0.000066   25.368250 ^ load_slew1974/A (sky130_fd_sc_hd__clkbuf_4)
     8    0.045720    0.144608    0.221366   25.589617 ^ load_slew1974/X (sky130_fd_sc_hd__clkbuf_4)
                                                         net1974 (net)
                      0.144615    0.001192   25.590809 ^ fanout1971/A (sky130_fd_sc_hd__clkdlybuf4s25_1)
     2    0.008164    0.093700    0.312944   25.903753 ^ fanout1971/X (sky130_fd_sc_hd__clkdlybuf4s25_1)
                                                         net1971 (net)
                      0.093700    0.000057   25.903811 ^ fanout1969/A (sky130_fd_sc_hd__clkdlybuf4s25_1)
     2    0.008460    0.096441    0.299700   26.203510 ^ fanout1969/X (sky130_fd_sc_hd__clkdlybuf4s25_1)
                                                         net1969 (net)
                      0.096441    0.000107   26.203615 ^ load_slew1970/A (sky130_fd_sc_hd__buf_4)
     9    0.043749    0.127271    0.192516   26.396132 ^ load_slew1970/X (sky130_fd_sc_hd__buf_4)
                                                         net1970 (net)
                      0.127280    0.001172   26.397305 ^ _18983_/RESET_B (sky130_fd_sc_hd__dfrtp_2)
                                             26.397305   data arrival time

                                100.000000  100.000000   clock clk (rise edge)
                                  0.000000  100.000000   clock source latency
     2    0.107363    0.485315    0.337735  100.337730 ^ clk (in)
                                                         clk (net)
                      0.485435    0.000000  100.337730 ^ clkbuf_0_clk/A (sky130_fd_sc_hd__clkbuf_16)
     8    0.118836    0.136014    0.311900  100.649635 ^ clkbuf_0_clk/X (sky130_fd_sc_hd__clkbuf_16)
                                                         clknet_0_clk (net)
                      0.136450    0.006132  100.655762 ^ clkbuf_3_5_0_clk/A (sky130_fd_sc_hd__clkbuf_8)
     8    0.096684    0.172175    0.256414  100.912178 ^ clkbuf_3_5_0_clk/X (sky130_fd_sc_hd__clkbuf_8)
                                                         clknet_3_5_0_clk (net)
                      0.172207    0.002316  100.914497 ^ clkbuf_leaf_29_clk/A (sky130_fd_sc_hd__clkbuf_8)
    14    0.049156    0.097079    0.212019  101.126511 ^ clkbuf_leaf_29_clk/X (sky130_fd_sc_hd__clkbuf_8)
                                                         clknet_leaf_29_clk (net)
                      0.097079    0.000291  101.126801 ^ _18983_/CLK (sky130_fd_sc_hd__dfrtp_2)
                                 -0.250000  100.876808   clock uncertainty
                                  0.000000  100.876808   clock reconvergence pessimism
                                  0.210835  101.087639   library recovery time
                                            101.087639   data required time
---------------------------------------------------------------------------------------------
                                            101.087639   data required time
                                            -26.397305   data arrival time
---------------------------------------------------------------------------------------------
                                             74.690338   slack (MET)


Startpoint: uio_in[1] (input port clocked by clk)
Endpoint: _19382_ (rising edge-triggered flip-flop clocked by clk)
Path Group: clk
Path Type: max

Fanout         Cap        Slew       Delay        Time   Description
---------------------------------------------------------------------------------------------
                                  0.000000    0.000000   clock clk (rise edge)
                                  0.000000    0.000000   clock network delay (propagated)
                                 20.000000   20.000000 ^ input external delay
     1    0.002885    0.020097    0.010594   20.010595 ^ uio_in[1] (in)
                                                         uio_in[1] (net)
                      0.020097    0.000000   20.010595 ^ input12/A (sky130_fd_sc_hd__buf_1)
     1    0.018169    0.217537    0.192818   20.203413 ^ input12/X (sky130_fd_sc_hd__buf_1)
                                                         net12 (net)
                      0.217547    0.001197   20.204611 ^ wire2078/A (sky130_fd_sc_hd__buf_2)
     2    0.057101    0.278027    0.326823   20.531433 ^ wire2078/X (sky130_fd_sc_hd__buf_2)
                                                         net2078 (net)
                      0.278049    0.002036   20.533468 ^ _18302_/C_N (sky130_fd_sc_hd__or3b_2)
     2    0.081065    0.270940    0.715241   21.248711 v _18302_/X (sky130_fd_sc_hd__or3b_2)
                                                         _01050_ (net)
                      0.270940    0.000712   21.249422 v fanout373/A (sky130_fd_sc_hd__clkdlybuf4s25_1)
    10    0.109248    0.791764    0.888310   22.137732 v fanout373/X (sky130_fd_sc_hd__clkdlybuf4s25_1)
                                                         net373 (net)
                      0.791764    0.001412   22.139145 v _18312_/B (sky130_fd_sc_hd__nor2_2)
     3    0.045507    0.540308    0.684503   22.823648 ^ _18312_/Y (sky130_fd_sc_hd__nor2_2)
                                                         _01052_ (net)
                      0.540308    0.000345   22.823992 ^ fanout253/A (sky130_fd_sc_hd__clkdlybuf4s25_1)
     5    0.049922    0.499052    0.667297   23.491289 ^ fanout253/X (sky130_fd_sc_hd__clkdlybuf4s25_1)
                                                         net253 (net)
                      0.499055    0.002222   23.493511 ^ fanout252/A (sky130_fd_sc_hd__clkdlybuf4s25_1)
     6    0.058278    0.581120    0.716797   24.210310 ^ fanout252/X (sky130_fd_sc_hd__clkdlybuf4s25_1)
                                                         net252 (net)
                      0.581136    0.003736   24.214045 ^ fanout249/A (sky130_fd_sc_hd__clkdlybuf4s25_1)
     7    0.050060    0.500420    0.674142   24.888186 ^ fanout249/X (sky130_fd_sc_hd__clkdlybuf4s25_1)
                                                         net249 (net)
                      0.500420    0.000290   24.888475 ^ fanout248/A (sky130_fd_sc_hd__clkdlybuf4s25_1)
    10    0.057216    0.570238    0.711363   25.599840 ^ fanout248/X (sky130_fd_sc_hd__clkdlybuf4s25_1)
                                                         net248 (net)
                      0.570240    0.002299   25.602139 ^ _18437_/B1 (sky130_fd_sc_hd__a22o_2)
     1    0.002824    0.046662    0.228829   25.830967 ^ _18437_/X (sky130_fd_sc_hd__a22o_2)
                                                         _00651_ (net)
                      0.046662    0.000032   25.830999 ^ hold2289/A (sky130_fd_sc_hd__dlygate4sd3_1)
     1    0.002715    0.052197    0.534598   26.365597 ^ hold2289/X (sky130_fd_sc_hd__dlygate4sd3_1)
                                                         net2289 (net)
                      0.052197    0.000027   26.365623 ^ _19382_/D (sky130_fd_sc_hd__dfrtp_2)
                                             26.365623   data arrival time

                                100.000000  100.000000   clock clk (rise edge)
                                  0.000000  100.000000   clock source latency
     2    0.107363    0.485315    0.337735  100.337730 ^ clk (in)
                                                         clk (net)
                      0.485435    0.000000  100.337730 ^ clkbuf_0_clk/A (sky130_fd_sc_hd__clkbuf_16)
     8    0.118836    0.136014    0.311900  100.649635 ^ clkbuf_0_clk/X (sky130_fd_sc_hd__clkbuf_16)
                                                         clknet_0_clk (net)
                      0.136450    0.006132  100.655762 ^ clkbuf_3_5_0_clk/A (sky130_fd_sc_hd__clkbuf_8)
     8    0.096684    0.172175    0.256414  100.912178 ^ clkbuf_3_5_0_clk/X (sky130_fd_sc_hd__clkbuf_8)
                                                         clknet_3_5_0_clk (net)
                      0.172188    0.001663  100.913841 ^ clkbuf_leaf_33_clk/A (sky130_fd_sc_hd__clkbuf_8)
    15    0.050262    0.098839    0.213284  101.127121 ^ clkbuf_leaf_33_clk/X (sky130_fd_sc_hd__clkbuf_8)
                                                         clknet_leaf_33_clk (net)
                      0.098852    0.001137  101.128258 ^ _19382_/CLK (sky130_fd_sc_hd__dfrtp_2)
                                 -0.250000  100.878265   clock uncertainty
                                  0.000000  100.878265   clock reconvergence pessimism
                                 -0.056946  100.821320   library setup time
                                            100.821320   data required time
---------------------------------------------------------------------------------------------
                                            100.821320   data required time
                                            -26.365623   data arrival time
---------------------------------------------------------------------------------------------
                                             74.455704   slack (MET)




===========================================================================
report_checks --slack_max -0.01
============================================================================
======================= min_tt_025C_1v80 Corner ===================================

No paths found.


===========================================================================
 report_check_types -max_slew -max_cap -max_fanout -violators
============================================================================
======================= min_tt_025C_1v80 Corner ===================================

max slew

Pin                                        Limit        Slew       Slack
------------------------------------------------------------------------
ANTENNA_294/DIODE                       0.750000    1.406531   -0.656531 (VIOLATED)
fanout2076/A                            0.750000    1.406531   -0.656531 (VIOLATED)
ANTENNA_227/DIODE                       0.750000    1.406477   -0.656477 (VIOLATED)
fanout2055/A                            0.750000    1.406477   -0.656477 (VIOLATED)
fanout2060/A                            0.750000    1.406474   -0.656474 (VIOLATED)
fanout2044/A                            0.750000    1.406385   -0.656385 (VIOLATED)
fanout2011/A                            0.750000    1.406343   -0.656343 (VIOLATED)
fanout2077/X                            0.750000    1.406343   -0.656343 (VIOLATED)
_17860_/A1                              0.750000    1.265736   -0.515736 (VIOLATED)
_17835_/A1                              0.750000    1.265734   -0.515734 (VIOLATED)
_17810_/A1                              0.750000    1.265734   -0.515734 (VIOLATED)
_17549_/A1                              0.750000    1.265723   -0.515723 (VIOLATED)
_17524_/A1                              0.750000    1.265722   -0.515722 (VIOLATED)
fanout900/A                             0.750000    1.265721   -0.515721 (VIOLATED)
_17964_/A1                              0.750000    1.265721   -0.515721 (VIOLATED)
_17731_/A1                              0.750000    1.265715   -0.515715 (VIOLATED)
_17785_/A1                              0.750000    1.265713   -0.515713 (VIOLATED)
fanout901/X                             0.750000    1.265713   -0.515713 (VIOLATED)
ANTENNA_209/DIODE                       0.750000    1.190187   -0.440187 (VIOLATED)
_12267_/A1                              0.750000    1.190187   -0.440187 (VIOLATED)
ANTENNA_208/DIODE                       0.750000    1.190183   -0.440183 (VIOLATED)
_11836_/A1                              0.750000    1.190183   -0.440183 (VIOLATED)
_15860_/A1                              0.750000    1.190154   -0.440154 (VIOLATED)
_09503_/A                               0.750000    1.190153   -0.440153 (VIOLATED)
_15783_/A1                              0.750000    1.190153   -0.440153 (VIOLATED)
_15846_/A1                              0.750000    1.190153   -0.440153 (VIOLATED)
_15869_/A1                              0.750000    1.190153   -0.440153 (VIOLATED)
_15845_/B                               0.750000    1.190152   -0.440152 (VIOLATED)
_15859_/B                               0.750000    1.190151   -0.440151 (VIOLATED)
_18136_/A                               0.750000    1.190149   -0.440149 (VIOLATED)
fanout235/X                             0.750000    1.190149   -0.440149 (VIOLATED)
fanout177/A                             0.750000    1.166612   -0.416612 (VIOLATED)
fanout170/A                             0.750000    1.166608   -0.416608 (VIOLATED)
fanout168/A                             0.750000    1.166587   -0.416587 (VIOLATED)
fanout166/A                             0.750000    1.166546   -0.416546 (VIOLATED)
fanout163/A                             0.750000    1.166223   -0.416223 (VIOLATED)
fanout155/A                             0.750000    1.166151   -0.416151 (VIOLATED)
fanout178/X                             0.750000    1.166151   -0.416151 (VIOLATED)
_18410_/B2                              0.750000    1.114132   -0.364132 (VIOLATED)
_18416_/B2                              0.750000    1.114118   -0.364118 (VIOLATED)
_18414_/B2                              0.750000    1.114117   -0.364117 (VIOLATED)
_18418_/B2                              0.750000    1.114116   -0.364116 (VIOLATED)
_18420_/B2                              0.750000    1.114115   -0.364115 (VIOLATED)
_18422_/B2                              0.750000    1.114089   -0.364089 (VIOLATED)
_18412_/B2                              0.750000    1.114078   -0.364078 (VIOLATED)
_18725_/C                               0.750000    1.113993   -0.363993 (VIOLATED)
_18312_/B                               0.750000    1.113967   -0.363967 (VIOLATED)
_18733_/A4                              0.750000    1.113964   -0.363964 (VIOLATED)
fanout373/X                             0.750000    1.113964   -0.363964 (VIOLATED)
_17775_/A1                              0.750000    1.097668   -0.347668 (VIOLATED)
_17774_/X                               0.750000    1.096503   -0.346503 (VIOLATED)
fanout898/A                             0.750000    1.096155   -0.346155 (VIOLATED)
ANTENNA_212/DIODE                       0.750000    1.096083   -0.346083 (VIOLATED)
fanout892/A                             0.750000    1.096084   -0.346084 (VIOLATED)
fanout888/A                             0.750000    1.095867   -0.345867 (VIOLATED)
fanout884/A                             0.750000    1.095840   -0.345840 (VIOLATED)
fanout881/A                             0.750000    1.095822   -0.345822 (VIOLATED)
fanout882/A                             0.750000    1.095819   -0.345819 (VIOLATED)
fanout899/X                             0.750000    1.095814   -0.345814 (VIOLATED)
_17601_/A1                              0.750000    1.085998   -0.335998 (VIOLATED)
_17600_/X                               0.750000    1.085433   -0.335433 (VIOLATED)
fanout1627/A                            0.750000    1.046689   -0.296689 (VIOLATED)
fanout1626/A                            0.750000    1.046659   -0.296659 (VIOLATED)
_10399_/C1                              0.750000    1.046658   -0.296658 (VIOLATED)
_11197_/B1                              0.750000    1.046647   -0.296647 (VIOLATED)
_17598_/A0                              0.750000    1.046591   -0.296591 (VIOLATED)
fanout1628/X                            0.750000    1.046591   -0.296591 (VIOLATED)
_16423_/B                               0.750000    1.003559   -0.253559 (VIOLATED)
_17256_/B                               0.750000    1.003378   -0.253378 (VIOLATED)
_16422_/X                               0.750000    1.002662   -0.252662 (VIOLATED)
_17255_/X                               0.750000    1.002208   -0.252208 (VIOLATED)
_17742_/A1                              0.750000    0.994024   -0.244024 (VIOLATED)
_17741_/X                               0.750000    0.993622   -0.243622 (VIOLATED)
_11702_/A1                              0.750000    0.988236   -0.238236 (VIOLATED)
_11746_/A1                              0.750000    0.988231   -0.238231 (VIOLATED)
fanout1059/A                            0.750000    0.988203   -0.238203 (VIOLATED)
_11413_/A                               0.750000    0.988041   -0.238041 (VIOLATED)
_17889_/A1                              0.750000    0.988038   -0.238038 (VIOLATED)
fanout1060/X                            0.750000    0.988038   -0.238038 (VIOLATED)
_18142_/C1                              0.750000    0.955821   -0.205821 (VIOLATED)
fanout235/A                             0.750000    0.950260   -0.200260 (VIOLATED)
_09502_/Y                               0.750000    0.950235   -0.200235 (VIOLATED)
_17709_/A1                              0.750000    0.928882   -0.178882 (VIOLATED)
_17708_/X                               0.750000    0.928733   -0.178733 (VIOLATED)
ANTENNA_274/DIODE                       0.750000    0.904710   -0.154710 (VIOLATED)
_17509_/A1                              0.750000    0.904709   -0.154709 (VIOLATED)
ANTENNA_273/DIODE                       0.750000    0.904709   -0.154709 (VIOLATED)
_17508_/X                               0.750000    0.904467   -0.154467 (VIOLATED)
fanout964/A                             0.750000    0.889293   -0.139293 (VIOLATED)
ANTENNA_218/DIODE                       0.750000    0.889292   -0.139292 (VIOLATED)
fanout963/A                             0.750000    0.889276   -0.139276 (VIOLATED)
ANTENNA_217/DIODE                       0.750000    0.889275   -0.139275 (VIOLATED)
ANTENNA_216/DIODE                       0.750000    0.889241   -0.139241 (VIOLATED)
fanout962/A                             0.750000    0.889241   -0.139241 (VIOLATED)
_12213_/A                               0.750000    0.888933   -0.138933 (VIOLATED)
_17918_/A1                              0.750000    0.888933   -0.138933 (VIOLATED)
fanout965/X                             0.750000    0.888933   -0.138933 (VIOLATED)
_11950_/B                               0.750000    0.888080   -0.138080 (VIOLATED)
_11949_/X                               0.750000    0.887813   -0.137813 (VIOLATED)
_14173_/A                               0.750000    0.887813   -0.137813 (VIOLATED)
_17973_/A2                              0.750000    0.887813   -0.137813 (VIOLATED)
_18311_/A2                              0.750000    0.870324   -0.120324 (VIOLATED)
_18308_/A2                              0.750000    0.870305   -0.120305 (VIOLATED)
_18305_/A2                              0.750000    0.870302   -0.120302 (VIOLATED)
_18713_/A3                              0.750000    0.870231   -0.120231 (VIOLATED)
_18712_/A2                              0.750000    0.870229   -0.120229 (VIOLATED)
_18303_/B                               0.750000    0.870227   -0.120227 (VIOLATED)
_18710_/A2                              0.750000    0.870227   -0.120227 (VIOLATED)
_18711_/A2                              0.750000    0.870225   -0.120225 (VIOLATED)
_18715_/A3                              0.750000    0.870225   -0.120225 (VIOLATED)
_18716_/D                               0.750000    0.870225   -0.120225 (VIOLATED)
fanout255/X                             0.750000    0.870225   -0.120225 (VIOLATED)
ANTENNA_152/DIODE                       0.750000    0.854024   -0.104025 (VIOLATED)
ANTENNA_154/DIODE                       0.750000    0.854025   -0.104025 (VIOLATED)
ANTENNA_156/DIODE                       0.750000    0.854025   -0.104025 (VIOLATED)
ANTENNA_150/DIODE                       0.750000    0.854024   -0.104024 (VIOLATED)
ANTENNA_148/DIODE                       0.750000    0.854024   -0.104024 (VIOLATED)
_17700_/A1                              0.750000    0.854024   -0.104024 (VIOLATED)
ANTENNA_149/DIODE                       0.750000    0.854022   -0.104022 (VIOLATED)
ANTENNA_151/DIODE                       0.750000    0.854021   -0.104021 (VIOLATED)
ANTENNA_153/DIODE                       0.750000    0.854021   -0.104021 (VIOLATED)
ANTENNA_155/DIODE                       0.750000    0.854020   -0.104020 (VIOLATED)
_17699_/X                               0.750000    0.853790   -0.103790 (VIOLATED)
ANTENNA_125/DIODE                       0.750000    0.853606   -0.103607 (VIOLATED)
ANTENNA_121/DIODE                       0.750000    0.853606   -0.103606 (VIOLATED)
ANTENNA_122/DIODE                       0.750000    0.853606   -0.103606 (VIOLATED)
ANTENNA_123/DIODE                       0.750000    0.853606   -0.103606 (VIOLATED)
ANTENNA_119/DIODE                       0.750000    0.853606   -0.103606 (VIOLATED)
ANTENNA_120/DIODE                       0.750000    0.853606   -0.103606 (VIOLATED)
ANTENNA_118/DIODE                       0.750000    0.853606   -0.103606 (VIOLATED)
_17613_/A1                              0.750000    0.853606   -0.103606 (VIOLATED)
ANTENNA_124/DIODE                       0.750000    0.853604   -0.103605 (VIOLATED)
_17612_/X                               0.750000    0.853556   -0.103556 (VIOLATED)
_17739_/A1                              0.750000    0.851995   -0.101995 (VIOLATED)
ANTENNA_164/DIODE                       0.750000    0.851994   -0.101994 (VIOLATED)
_17738_/X                               0.750000    0.851948   -0.101948 (VIOLATED)
_12574_/A                               0.750000    0.846930   -0.096930 (VIOLATED)
_12539_/X                               0.750000    0.846373   -0.096373 (VIOLATED)
_16195_/A_N                             0.750000    0.837912   -0.087912 (VIOLATED)
_16981_/A1                              0.750000    0.837909   -0.087909 (VIOLATED)
fanout1619/A                            0.750000    0.837908   -0.087908 (VIOLATED)
fanout1616/A                            0.750000    0.837905   -0.087905 (VIOLATED)
_17604_/A0                              0.750000    0.837879   -0.087879 (VIOLATED)
fanout1620/X                            0.750000    0.837879   -0.087879 (VIOLATED)
_10852_/B                               0.750000    0.830756   -0.080756 (VIOLATED)
_13669_/A                               0.750000    0.829968   -0.079968 (VIOLATED)
_17944_/B                               0.750000    0.829959   -0.079959 (VIOLATED)
_10851_/Y                               0.750000    0.829953   -0.079953 (VIOLATED)
_11912_/B1                              0.750000    0.829001   -0.079001 (VIOLATED)
_12107_/C1                              0.750000    0.828978   -0.078978 (VIOLATED)
_12207_/C1                              0.750000    0.828970   -0.078970 (VIOLATED)
_12068_/C1                              0.750000    0.828963   -0.078963 (VIOLATED)
_12075_/C1                              0.750000    0.828935   -0.078935 (VIOLATED)
_12235_/C1                              0.750000    0.828934   -0.078934 (VIOLATED)
_12231_/A                               0.750000    0.828933   -0.078933 (VIOLATED)
_12116_/C1                              0.750000    0.828900   -0.078900 (VIOLATED)
_11998_/B1                              0.750000    0.828886   -0.078886 (VIOLATED)
_11782_/A                               0.750000    0.828850   -0.078850 (VIOLATED)
fanout775/X                             0.750000    0.828850   -0.078850 (VIOLATED)
_09406_/A                               0.750000    0.825634   -0.075634 (VIOLATED)
_11911_/A1                              0.750000    0.825629   -0.075629 (VIOLATED)
_11907_/B2                              0.750000    0.825625   -0.075625 (VIOLATED)
_11945_/C1                              0.750000    0.825621   -0.075621 (VIOLATED)
_12208_/B1                              0.750000    0.825581   -0.075581 (VIOLATED)
_12084_/B1                              0.750000    0.825551   -0.075551 (VIOLATED)
_12069_/C1                              0.750000    0.825550   -0.075550 (VIOLATED)
_12091_/B2                              0.750000    0.825550   -0.075550 (VIOLATED)
_12132_/A1                              0.750000    0.825540   -0.075540 (VIOLATED)
_17904_/A1                              0.750000    0.825540   -0.075540 (VIOLATED)
fanout1010/X                            0.750000    0.825540   -0.075540 (VIOLATED)
fanout1950/A                            0.750000    0.820343   -0.070343 (VIOLATED)
fanout1952/A                            0.750000    0.820339   -0.070339 (VIOLATED)
fanout1975/A                            0.750000    0.820336   -0.070336 (VIOLATED)
ANTENNA_225/DIODE                       0.750000    0.820336   -0.070336 (VIOLATED)
fanout1948/A                            0.750000    0.820328   -0.070328 (VIOLATED)
fanout1957/A                            0.750000    0.820318   -0.070318 (VIOLATED)
fanout1976/X                            0.750000    0.820117   -0.070117 (VIOLATED)
_17604_/A1                              0.750000    0.819674   -0.069674 (VIOLATED)
_17616_/A1                              0.750000    0.819550   -0.069550 (VIOLATED)
ANTENNA_126/DIODE                       0.750000    0.819550   -0.069550 (VIOLATED)
_17615_/X                               0.750000    0.819512   -0.069512 (VIOLATED)
_17603_/X                               0.750000    0.818981   -0.068981 (VIOLATED)
_12926_/A2                              0.750000    0.818251   -0.068251 (VIOLATED)
_12914_/C                               0.750000    0.818248   -0.068248 (VIOLATED)
_12946_/C                               0.750000    0.818248   -0.068248 (VIOLATED)
_13308_/B                               0.750000    0.818247   -0.068247 (VIOLATED)
_12943_/A2                              0.750000    0.818244   -0.068244 (VIOLATED)
_13456_/A2                              0.750000    0.818216   -0.068216 (VIOLATED)
_12942_/B                               0.750000    0.818194   -0.068194 (VIOLATED)
_14081_/C                               0.750000    0.818190   -0.068190 (VIOLATED)
_13641_/A2                              0.750000    0.818182   -0.068182 (VIOLATED)
_13638_/B                               0.750000    0.818180   -0.068180 (VIOLATED)
fanout478/X                             0.750000    0.818180   -0.068180 (VIOLATED)
_18306_/A1                              0.750000    0.817337   -0.067337 (VIOLATED)
_18161_/B1                              0.750000    0.817336   -0.067336 (VIOLATED)
_15825_/B                               0.750000    0.814655   -0.064655 (VIOLATED)
_15824_/X                               0.750000    0.814440   -0.064440 (VIOLATED)
_18160_/X                               0.750000    0.814351   -0.064351 (VIOLATED)
ANTENNA_158/DIODE                       0.750000    0.813476   -0.063476 (VIOLATED)
ANTENNA_160/DIODE                       0.750000    0.813476   -0.063476 (VIOLATED)
_17706_/A1                              0.750000    0.813476   -0.063476 (VIOLATED)
ANTENNA_157/DIODE                       0.750000    0.813475   -0.063475 (VIOLATED)
ANTENNA_159/DIODE                       0.750000    0.813475   -0.063475 (VIOLATED)
_17705_/X                               0.750000    0.813355   -0.063355 (VIOLATED)
_14604_/A                               0.750000    0.808279   -0.058279 (VIOLATED)
_14610_/B                               0.750000    0.808279   -0.058279 (VIOLATED)
_14630_/A_N                             0.750000    0.808279   -0.058279 (VIOLATED)
_14633_/A                               0.750000    0.808279   -0.058279 (VIOLATED)
_14634_/A                               0.750000    0.808279   -0.058279 (VIOLATED)
_14662_/B                               0.750000    0.808279   -0.058279 (VIOLATED)
_14668_/B                               0.750000    0.808279   -0.058279 (VIOLATED)
_14691_/A1                              0.750000    0.808279   -0.058279 (VIOLATED)
_14851_/A1                              0.750000    0.808279   -0.058279 (VIOLATED)
_15476_/C1                              0.750000    0.808279   -0.058279 (VIOLATED)
fanout1574/X                            0.750000    0.808279   -0.058279 (VIOLATED)
_17932_/B2                              0.750000    0.806796   -0.056796 (VIOLATED)
_17982_/A2_N                            0.750000    0.806789   -0.056789 (VIOLATED)
_17963_/B                               0.750000    0.806779   -0.056779 (VIOLATED)
_17946_/B                               0.750000    0.806741   -0.056741 (VIOLATED)
_17996_/A2_N                            0.750000    0.806731   -0.056731 (VIOLATED)
_17735_/A3                              0.750000    0.806722   -0.056722 (VIOLATED)
_17749_/B1                              0.750000    0.806709   -0.056709 (VIOLATED)
_17756_/B1                              0.750000    0.806697   -0.056697 (VIOLATED)
_18136_/B                               0.750000    0.806691   -0.056691 (VIOLATED)
_17778_/A2                              0.750000    0.806677   -0.056677 (VIOLATED)
fanout278/X                             0.750000    0.806677   -0.056677 (VIOLATED)
_11583_/A                               0.750000    0.801558   -0.051558 (VIOLATED)
_11536_/X                               0.750000    0.801301   -0.051301 (VIOLATED)
_15850_/B                               0.750000    0.786523   -0.036523 (VIOLATED)
_15849_/X                               0.750000    0.786345   -0.036345 (VIOLATED)
_11865_/B                               0.750000    0.785611   -0.035611 (VIOLATED)
_11877_/B                               0.750000    0.785599   -0.035599 (VIOLATED)
_11868_/B                               0.750000    0.785597   -0.035597 (VIOLATED)
_11920_/A                               0.750000    0.785591   -0.035591 (VIOLATED)
_11978_/A1                              0.750000    0.785586   -0.035586 (VIOLATED)
_11867_/B                               0.750000    0.785583   -0.035583 (VIOLATED)
_11876_/B                               0.750000    0.785577   -0.035577 (VIOLATED)
_11981_/A2                              0.750000    0.785370   -0.035370 (VIOLATED)
_12070_/A2                              0.750000    0.785370   -0.035370 (VIOLATED)
_12082_/D                               0.750000    0.785370   -0.035370 (VIOLATED)
fanout497/X                             0.750000    0.785370   -0.035370 (VIOLATED)
_17521_/A1                              0.750000    0.784020   -0.034020 (VIOLATED)
_17520_/X                               0.750000    0.783815   -0.033815 (VIOLATED)
_17481_/A1                              0.750000    0.783242   -0.033243 (VIOLATED)
_17480_/X                               0.750000    0.783157   -0.033157 (VIOLATED)
_11854_/B                               0.750000    0.781073   -0.031073 (VIOLATED)
_12192_/A1                              0.750000    0.781069   -0.031069 (VIOLATED)
_12162_/B2                              0.750000    0.781065   -0.031065 (VIOLATED)
_11989_/A1                              0.750000    0.781059   -0.031059 (VIOLATED)
_12025_/A3                              0.750000    0.781051   -0.031051 (VIOLATED)
_11986_/A                               0.750000    0.781043   -0.031043 (VIOLATED)
_12114_/A                               0.750000    0.781027   -0.031027 (VIOLATED)
_11972_/A1                              0.750000    0.781021   -0.031021 (VIOLATED)
_11915_/A2                              0.750000    0.781019   -0.031019 (VIOLATED)
_11990_/A1                              0.750000    0.781019   -0.031019 (VIOLATED)
fanout501/X                             0.750000    0.781019   -0.031019 (VIOLATED)
wire1378/A                              0.750000    0.779785   -0.029785 (VIOLATED)
_17732_/A1                              0.750000    0.779749   -0.029749 (VIOLATED)
fanout1377/X                            0.750000    0.779749   -0.029749 (VIOLATED)
ANTENNA_292/DIODE                       0.750000    0.776011   -0.026011 (VIOLATED)
_17610_/S                               0.750000    0.776011   -0.026011 (VIOLATED)
ANTENNA_293/DIODE                       0.750000    0.776001   -0.026001 (VIOLATED)
_18142_/B1                              0.750000    0.776000   -0.026000 (VIOLATED)
_17901_/A2                              0.750000    0.775772   -0.025772 (VIOLATED)
fanout608/X                             0.750000    0.775772   -0.025772 (VIOLATED)
wire609/A                               0.750000    0.775772   -0.025772 (VIOLATED)
_12442_/A                               0.750000    0.771382   -0.021382 (VIOLATED)
_12384_/X                               0.750000    0.771346   -0.021346 (VIOLATED)
_18723_/A                               0.750000    0.770325   -0.020325 (VIOLATED)
_18706_/B1                              0.750000    0.770324   -0.020324 (VIOLATED)
_18709_/A                               0.750000    0.770314   -0.020314 (VIOLATED)
_18713_/B1                              0.750000    0.770312   -0.020312 (VIOLATED)
fanout1866/A                            0.750000    0.770297   -0.020297 (VIOLATED)
_09512_/Y                               0.750000    0.769794   -0.019794 (VIOLATED)
_11831_/A                               0.750000    0.766924   -0.016924 (VIOLATED)
_11830_/B1                              0.750000    0.766924   -0.016924 (VIOLATED)
_12076_/A1                              0.750000    0.766924   -0.016924 (VIOLATED)
_12237_/B1                              0.750000    0.766924   -0.016924 (VIOLATED)
_12117_/B1                              0.750000    0.766922   -0.016922 (VIOLATED)
_12246_/B1                              0.750000    0.766906   -0.016906 (VIOLATED)
_12002_/A1                              0.750000    0.766899   -0.016899 (VIOLATED)
_11910_/C1                              0.750000    0.766893   -0.016893 (VIOLATED)
_11930_/B                               0.750000    0.766892   -0.016892 (VIOLATED)
_11905_/B1                              0.750000    0.766694   -0.016695 (VIOLATED)
fanout774/X                             0.750000    0.766694   -0.016695 (VIOLATED)
_17277_/C1                              0.750000    0.765703   -0.015703 (VIOLATED)
fanout1352/A                            0.750000    0.765685   -0.015685 (VIOLATED)
_16535_/B1                              0.750000    0.765675   -0.015675 (VIOLATED)
_16916_/C1                              0.750000    0.765674   -0.015674 (VIOLATED)
_17129_/B1                              0.750000    0.765669   -0.015669 (VIOLATED)
_16934_/C1                              0.750000    0.765668   -0.015668 (VIOLATED)
_16652_/A                               0.750000    0.765668   -0.015668 (VIOLATED)
_16659_/B1                              0.750000    0.765665   -0.015665 (VIOLATED)
_09481_/A                               0.750000    0.765661   -0.015661 (VIOLATED)
_17745_/A0                              0.750000    0.765651   -0.015651 (VIOLATED)
fanout1353/X                            0.750000    0.765651   -0.015651 (VIOLATED)
_15759_/B                               0.750000    0.764072   -0.014072 (VIOLATED)
_15758_/X                               0.750000    0.763860   -0.013860 (VIOLATED)
_16471_/B                               0.750000    0.763335   -0.013335 (VIOLATED)
_16700_/A1                              0.750000    0.763334   -0.013334 (VIOLATED)
_16979_/C                               0.750000    0.763317   -0.013317 (VIOLATED)
_16193_/A1                              0.750000    0.763316   -0.013316 (VIOLATED)
_16676_/A2                              0.750000    0.763291   -0.013292 (VIOLATED)
_16982_/A2                              0.750000    0.763253   -0.013253 (VIOLATED)
_18130_/A                               0.750000    0.763229   -0.013229 (VIOLATED)
fanout858/A                             0.750000    0.763227   -0.013227 (VIOLATED)
_18142_/A1                              0.750000    0.763225   -0.013225 (VIOLATED)
_17050_/B1                              0.750000    0.763217   -0.013217 (VIOLATED)
_16675_/B                               0.750000    0.763215   -0.013215 (VIOLATED)
_16120_/A                               0.750000    0.763215   -0.013215 (VIOLATED)
_17182_/A2                              0.750000    0.763204   -0.013204 (VIOLATED)
fanout395/X                             0.750000    0.763204   -0.013204 (VIOLATED)
ANTENNA_211/DIODE                       0.750000    0.763020   -0.013020 (VIOLATED)
fanout855/A                             0.750000    0.763020   -0.013020 (VIOLATED)
fanout857/A                             0.750000    0.763020   -0.013020 (VIOLATED)
fanout860/X                             0.750000    0.763020   -0.013020 (VIOLATED)
_11392_/A                               0.750000    0.762011   -0.012011 (VIOLATED)
_11285_/A1                              0.750000    0.762009   -0.012009 (VIOLATED)
_11145_/B2                              0.750000    0.762006   -0.012006 (VIOLATED)
_11302_/B2                              0.750000    0.761985   -0.011985 (VIOLATED)
_10989_/A3                              0.750000    0.761937   -0.011937 (VIOLATED)
_10433_/C                               0.750000    0.761931   -0.011931 (VIOLATED)
_10179_/A                               0.750000    0.761908   -0.011908 (VIOLATED)
_10657_/A1                              0.750000    0.761908   -0.011908 (VIOLATED)
_10649_/B                               0.750000    0.761899   -0.011899 (VIOLATED)
_10837_/C                               0.750000    0.761897   -0.011897 (VIOLATED)
fanout520/X                             0.750000    0.761897   -0.011897 (VIOLATED)
_12264_/C                               0.750000    0.758688   -0.008688 (VIOLATED)
_12265_/B1                              0.750000    0.758685   -0.008685 (VIOLATED)
_10063_/B                               0.750000    0.758459   -0.008459 (VIOLATED)
_10716_/A2                              0.750000    0.758458   -0.008458 (VIOLATED)
_10051_/A2                              0.750000    0.758457   -0.008457 (VIOLATED)
_11262_/A2                              0.750000    0.758456   -0.008456 (VIOLATED)
_10083_/B                               0.750000    0.758456   -0.008456 (VIOLATED)
_11253_/B2                              0.750000    0.758456   -0.008456 (VIOLATED)
_11355_/A1                              0.750000    0.758453   -0.008453 (VIOLATED)
_10038_/B                               0.750000    0.758448   -0.008448 (VIOLATED)
_10070_/A2                              0.750000    0.758425   -0.008425 (VIOLATED)
_10069_/B                               0.750000    0.758222   -0.008222 (VIOLATED)
fanout528/X                             0.750000    0.758222   -0.008222 (VIOLATED)
_12263_/X                               0.750000    0.757978   -0.007978 (VIOLATED)
_17896_/B                               0.750000    0.753930   -0.003930 (VIOLATED)
_11674_/B                               0.750000    0.753928   -0.003928 (VIOLATED)
_11673_/Y                               0.750000    0.753844   -0.003844 (VIOLATED)
_10967_/C1                              0.750000    0.751938   -0.001938 (VIOLATED)
_11132_/A1                              0.750000    0.751937   -0.001937 (VIOLATED)
_10731_/A1                              0.750000    0.751937   -0.001937 (VIOLATED)
fanout1397/A                            0.750000    0.751934   -0.001934 (VIOLATED)
_10969_/B2                              0.750000    0.751933   -0.001933 (VIOLATED)
_09383_/A                               0.750000    0.751933   -0.001933 (VIOLATED)
_10970_/A1                              0.750000    0.751932   -0.001932 (VIOLATED)
_10959_/C1                              0.750000    0.751932   -0.001932 (VIOLATED)
_17718_/A0                              0.750000    0.751922   -0.001922 (VIOLATED)
fanout1398/X                            0.750000    0.751922   -0.001922 (VIOLATED)
wire1647/A                              0.750000    0.751900   -0.001900 (VIOLATED)
ANTENNA_224/DIODE                       0.750000    0.751758   -0.001758 (VIOLATED)
ANTENNA_222/DIODE                       0.750000    0.751757   -0.001757 (VIOLATED)
ANTENNA_219/DIODE                       0.750000    0.751756   -0.001757 (VIOLATED)
ANTENNA_220/DIODE                       0.750000    0.751756   -0.001757 (VIOLATED)
ANTENNA_221/DIODE                       0.750000    0.751756   -0.001757 (VIOLATED)
ANTENNA_223/DIODE                       0.750000    0.751756   -0.001757 (VIOLATED)
_17589_/A0                              0.750000    0.751756   -0.001757 (VIOLATED)
fanout1646/X                            0.750000    0.751756   -0.001757 (VIOLATED)

max fanout

Pin                                   Limit Fanout  Slack
---------------------------------------------------------
clkbuf_leaf_4_clk/X                      10     16     -6 (VIOLATED)
clkbuf_leaf_20_clk/X                     10     15     -5 (VIOLATED)
clkbuf_leaf_22_clk/X                     10     15     -5 (VIOLATED)
clkbuf_leaf_2_clk/X                      10     15     -5 (VIOLATED)
clkbuf_leaf_31_clk/X                     10     15     -5 (VIOLATED)
clkbuf_leaf_32_clk/X                     10     15     -5 (VIOLATED)
clkbuf_leaf_33_clk/X                     10     15     -5 (VIOLATED)
clkbuf_leaf_35_clk/X                     10     15     -5 (VIOLATED)
clkbuf_leaf_39_clk/X                     10     15     -5 (VIOLATED)
clkbuf_leaf_3_clk/X                      10     15     -5 (VIOLATED)
clkbuf_leaf_44_clk/X                     10     15     -5 (VIOLATED)
clkbuf_leaf_47_clk/X                     10     15     -5 (VIOLATED)
clkbuf_leaf_48_clk/X                     10     15     -5 (VIOLATED)
clkbuf_leaf_49_clk/X                     10     15     -5 (VIOLATED)
clkbuf_leaf_51_clk/X                     10     15     -5 (VIOLATED)
clkbuf_leaf_54_clk/X                     10     15     -5 (VIOLATED)
clkbuf_leaf_55_clk/X                     10     15     -5 (VIOLATED)
clkbuf_leaf_58_clk/X                     10     15     -5 (VIOLATED)
clkbuf_leaf_59_clk/X                     10     15     -5 (VIOLATED)
clkbuf_leaf_8_clk/X                      10     15     -5 (VIOLATED)
clkbuf_leaf_9_clk/X                      10     15     -5 (VIOLATED)
clkbuf_leaf_10_clk/X                     10     14     -4 (VIOLATED)
clkbuf_leaf_11_clk/X                     10     14     -4 (VIOLATED)
clkbuf_leaf_15_clk/X                     10     14     -4 (VIOLATED)
clkbuf_leaf_16_clk/X                     10     14     -4 (VIOLATED)
clkbuf_leaf_18_clk/X                     10     14     -4 (VIOLATED)
clkbuf_leaf_19_clk/X                     10     14     -4 (VIOLATED)
clkbuf_leaf_21_clk/X                     10     14     -4 (VIOLATED)
clkbuf_leaf_23_clk/X                     10     14     -4 (VIOLATED)
clkbuf_leaf_27_clk/X                     10     14     -4 (VIOLATED)
clkbuf_leaf_29_clk/X                     10     14     -4 (VIOLATED)
clkbuf_leaf_30_clk/X                     10     14     -4 (VIOLATED)
clkbuf_leaf_34_clk/X                     10     14     -4 (VIOLATED)
clkbuf_leaf_38_clk/X                     10     14     -4 (VIOLATED)
clkbuf_leaf_40_clk/X                     10     14     -4 (VIOLATED)
clkbuf_leaf_41_clk/X                     10     14     -4 (VIOLATED)
clkbuf_leaf_42_clk/X                     10     14     -4 (VIOLATED)
clkbuf_leaf_43_clk/X                     10     14     -4 (VIOLATED)
clkbuf_leaf_45_clk/X                     10     14     -4 (VIOLATED)
clkbuf_leaf_50_clk/X                     10     14     -4 (VIOLATED)
clkbuf_leaf_52_clk/X                     10     14     -4 (VIOLATED)
clkbuf_leaf_53_clk/X                     10     14     -4 (VIOLATED)
clkbuf_leaf_56_clk/X                     10     14     -4 (VIOLATED)
clkbuf_leaf_57_clk/X                     10     14     -4 (VIOLATED)
clkbuf_leaf_5_clk/X                      10     14     -4 (VIOLATED)
clkbuf_leaf_6_clk/X                      10     14     -4 (VIOLATED)
clkbuf_leaf_7_clk/X                      10     14     -4 (VIOLATED)
clkbuf_leaf_12_clk/X                     10     13     -3 (VIOLATED)
clkbuf_leaf_14_clk/X                     10     13     -3 (VIOLATED)
clkbuf_leaf_17_clk/X                     10     13     -3 (VIOLATED)
clkbuf_leaf_24_clk/X                     10     13     -3 (VIOLATED)
clkbuf_leaf_28_clk/X                     10     13     -3 (VIOLATED)
clkbuf_leaf_46_clk/X                     10     13     -3 (VIOLATED)
fanout235/X                              10     12     -2 (VIOLATED)
wire20/X                                 10     12     -2 (VIOLATED)
_17579_/X                                10     11        (VIOLATED)
clkbuf_leaf_1_clk/X                      10     11        (VIOLATED)
clkbuf_leaf_26_clk/X                     10     11        (VIOLATED)
clkbuf_leaf_36_clk/X                     10     11        (VIOLATED)
fanout419/X                              10     11        (VIOLATED)
fanout490/X                              10     11        (VIOLATED)



===========================================================================
report_parasitic_annotation -report_unannotated
============================================================================
Found 61 unannotated drivers.
 uio_in[5]
 uio_in[6]
 uio_in[7]
 clkload0/X
 clkload1/X
 clkload10/X
 clkload11/X
 clkload12/Y
 clkload13/X
 clkload14/X
 clkload15/Y
 clkload16/Y
 clkload17/Y
 clkload18/Y
 clkload19/X
 clkload2/Y
 clkload20/X
 clkload21/X
 clkload22/X
 clkload23/X
 clkload24/X
 clkload25/X
 clkload26/X
 clkload27/X
 clkload28/X
 clkload29/X
 clkload3/X
 clkload30/X
 clkload31/Y
 clkload32/X
 clkload33/X
 clkload34/X
 clkload35/X
 clkload36/X
 clkload37/X
 clkload38/X
 clkload39/X
 clkload4/X
 clkload40/X
 clkload41/X
 clkload42/Y
 clkload43/X
 clkload44/X
 clkload5/Y
 clkload6/X
 clkload7/X
 clkload8/X
 clkload9/X
 tt_um_aes128_baseline/HI
 tt_um_aes128_baseline_2080/HI
 tt_um_aes128_baseline_2081/HI
 tt_um_aes128_baseline_2082/HI
 tt_um_aes128_baseline_2083/HI
 tt_um_aes128_baseline_2084/HI
 tt_um_aes128_baseline_2085/HI
 tt_um_aes128_baseline_2086/HI
 tt_um_aes128_baseline_2087/HI
 tt_um_aes128_baseline_2088/HI
 tt_um_aes128_baseline_2089/LO
 tt_um_aes128_baseline_2090/LO
 tt_um_aes128_baseline_2091/LO
Found 0 partially unannotated drivers.

===========================================================================
max slew violation count 363
max fanout violation count 61
max cap violation count 0
============================================================================

===========================================================================
check_setup -verbose -unconstrained_endpoints -multiple_clock -no_clock -no_input_delay -loops -generated_clocks
===========================================================================
