Clock: clk
Sources: clk 
Generated: no
Virtual: yes
Propagated: no
Period: 100.000000

===========================================================================
report_clock_properties
============================================================================
Clock                   Period          Waveform
----------------------------------------------------
clk                 100.000000    0.000000 50.000000

===========================================================================
report_clock_latency
============================================================================
Clock clk
rise -> rise
    min     max
0.000000 0.000000 source latency
1.090041         network latency _19014_/CLK
        1.162614 network latency _18958_/CLK
---------------
1.090041 1.162614 latency
        0.072573 skew

fall -> fall
    min     max
0.000000 0.000000 source latency
0.865711         network latency _19014_/CLK
        0.916131 network latency _18958_/CLK
---------------
0.865711 0.916131 latency
        0.050420 skew



===========================================================================
report_clock_min_period
============================================================================
clk period_min = 9.40 fmax = 106.36
