
===========================================================================
 report_power
============================================================================
======================= min_tt_025C_1v80 Corner ===================================

Group                    Internal    Switching      Leakage        Total
                            Power        Power        Power        Power (Watts)
------------------------------------------------------------------------
Sequential           3.226239e-04 8.164908e-07 9.754831e-09 3.234502e-04  56.3%
Combinational        8.304232e-06 1.995699e-05 4.512306e-08 2.830635e-05   4.9%
Clock                9.119075e-05 1.310971e-04 1.269264e-07 2.224148e-04  38.7%
Macro                0.000000e+00 0.000000e+00 0.000000e+00 0.000000e+00   0.0%
Pad                  0.000000e+00 0.000000e+00 0.000000e+00 0.000000e+00   0.0%
------------------------------------------------------------------------
Total                4.221190e-04 1.518706e-04 1.817987e-07 5.741713e-04 100.0%
                            73.5%        26.5%         0.0%

