
===========================================================================
report_checks -unconstrained
===========================================================================
======================= max_ff_n40C_1v95 Corner ===================================

Startpoint: rst_n (input port clocked by clk)
Endpoint: _6462_ (recovery check against rising-edge clock clk)
Path Group: asynchronous
Path Type: max

Fanout         Cap        Slew       Delay        Time   Description
---------------------------------------------------------------------------------------------
                                  0.000000    0.000000   clock clk (rise edge)
                                  0.000000    0.000000   clock network delay (propagated)
                                 20.000000   20.000000 ^ input external delay
     1    0.008261    0.032655    0.021021   20.021023 ^ rst_n (in)
                                                         rst_n (net)
                      0.032661    0.000000   20.021023 ^ input1/A (sky130_fd_sc_hd__clkdlybuf4s25_1)
     1    0.005580    0.051032    0.172639   20.193661 ^ input1/X (sky130_fd_sc_hd__clkdlybuf4s25_1)
                                                         net1 (net)
                      0.051032    0.000254   20.193914 ^ fanout848/A (sky130_fd_sc_hd__clkdlybuf4s25_1)
    12    0.168451    1.239640    0.992969   21.186884 ^ fanout848/X (sky130_fd_sc_hd__clkdlybuf4s25_1)
                                                         net848 (net)
                      1.239670    0.005267   21.192150 ^ fanout740/A (sky130_fd_sc_hd__clkdlybuf4s25_1)
     5    0.068285    0.509015    0.517300   21.709452 ^ fanout740/X (sky130_fd_sc_hd__clkdlybuf4s25_1)
                                                         net740 (net)
                      0.509111    0.005882   21.715332 ^ fanout713/A (sky130_fd_sc_hd__clkdlybuf4s25_1)
     7    0.060218    0.449749    0.484118   22.199450 ^ fanout713/X (sky130_fd_sc_hd__clkdlybuf4s25_1)
                                                         net713 (net)
                      0.449756    0.001593   22.201044 ^ fanout704/A (sky130_fd_sc_hd__clkdlybuf4s25_1)
     5    0.024032    0.184121    0.301934   22.502977 ^ fanout704/X (sky130_fd_sc_hd__clkdlybuf4s25_1)
                                                         net704 (net)
                      0.184173    0.002956   22.505934 ^ fanout703/A (sky130_fd_sc_hd__clkdlybuf4s25_1)
     8    0.048248    0.362485    0.411735   22.917669 ^ fanout703/X (sky130_fd_sc_hd__clkdlybuf4s25_1)
                                                         net703 (net)
                      0.362507    0.002368   22.920036 ^ fanout701/A (sky130_fd_sc_hd__clkdlybuf4s25_1)
     2    0.008962    0.075171    0.224762   23.144798 ^ fanout701/X (sky130_fd_sc_hd__clkdlybuf4s25_1)
                                                         net701 (net)
                      0.075173    0.000549   23.145348 ^ load_slew702/A (sky130_fd_sc_hd__clkbuf_4)
     9    0.047313    0.112635    0.155394   23.300741 ^ load_slew702/X (sky130_fd_sc_hd__clkbuf_4)
                                                         net702 (net)
                      0.112980    0.005075   23.305817 ^ fanout699/A (sky130_fd_sc_hd__clkdlybuf4s25_1)
     2    0.008479    0.071703    0.205285   23.511101 ^ fanout699/X (sky130_fd_sc_hd__clkdlybuf4s25_1)
                                                         net699 (net)
                      0.071704    0.000361   23.511461 ^ load_slew700/A (sky130_fd_sc_hd__buf_4)
     9    0.045980    0.100062    0.130871   23.642334 ^ load_slew700/X (sky130_fd_sc_hd__buf_4)
                                                         net700 (net)
                      0.100243    0.003469   23.645802 ^ _6462_/RESET_B (sky130_fd_sc_hd__dfrtp_2)
                                             23.645802   data arrival time

                                100.000000  100.000000   clock clk (rise edge)
                                  0.000000  100.000000   clock source latency
     1    0.042440    0.146347    0.102673  100.102669 ^ clk (in)
                                                         clk (net)
                      0.146445    0.000000  100.102669 ^ clkbuf_0_clk/A (sky130_fd_sc_hd__clkbuf_16)
     8    0.151962    0.127588    0.175568  100.278236 ^ clkbuf_0_clk/X (sky130_fd_sc_hd__clkbuf_16)
                                                         clknet_0_clk (net)
                      0.134211    0.022688  100.300926 ^ clkbuf_3_1_0_clk/A (sky130_fd_sc_hd__clkbuf_8)
     2    0.027750    0.047583    0.121624  100.422546 ^ clkbuf_3_1_0_clk/X (sky130_fd_sc_hd__clkbuf_8)
                                                         clknet_3_1_0_clk (net)
                      0.047839    0.002458  100.425011 ^ clkbuf_4_2__f_clk/A (sky130_fd_sc_hd__clkbuf_16)
     6    0.069579    0.066554    0.116813  100.541824 ^ clkbuf_4_2__f_clk/X (sky130_fd_sc_hd__clkbuf_16)
                                                         clknet_4_2__leaf_clk (net)
                      0.066837    0.003425  100.545242 ^ clkbuf_leaf_82_clk/A (sky130_fd_sc_hd__clkbuf_8)
    12    0.037915    0.058972    0.113864  100.659111 ^ clkbuf_leaf_82_clk/X (sky130_fd_sc_hd__clkbuf_8)
                                                         clknet_leaf_82_clk (net)
                      0.059033    0.000959  100.660072 ^ _6462_/CLK (sky130_fd_sc_hd__dfrtp_2)
                                 -0.250000  100.410072   clock uncertainty
                                  0.000000  100.410072   clock reconvergence pessimism
                                  0.120287  100.530357   library recovery time
                                            100.530357   data required time
---------------------------------------------------------------------------------------------
                                            100.530357   data required time
                                            -23.645802   data arrival time
---------------------------------------------------------------------------------------------
                                             76.884560   slack (MET)


Startpoint: _7074_ (rising edge-triggered flip-flop clocked by clk)
Endpoint: uo_out[2] (output port clocked by clk)
Path Group: clk
Path Type: max

Fanout         Cap        Slew       Delay        Time   Description
---------------------------------------------------------------------------------------------
                                  0.000000    0.000000   clock clk (rise edge)
                                  0.000000    0.000000   clock source latency
     1    0.042440    0.146347    0.102675    0.102675 ^ clk (in)
                                                         clk (net)
                      0.146445    0.000000    0.102675 ^ clkbuf_0_clk/A (sky130_fd_sc_hd__clkbuf_16)
     8    0.151962    0.127588    0.175564    0.278238 ^ clkbuf_0_clk/X (sky130_fd_sc_hd__clkbuf_16)
                                                         clknet_0_clk (net)
                      0.135169    0.024301    0.302539 ^ clkbuf_3_2_0_clk/A (sky130_fd_sc_hd__clkbuf_8)
     2    0.033749    0.054770    0.126828    0.429367 ^ clkbuf_3_2_0_clk/X (sky130_fd_sc_hd__clkbuf_8)
                                                         clknet_3_2_0_clk (net)
                      0.055003    0.002521    0.431888 ^ clkbuf_4_4__f_clk/A (sky130_fd_sc_hd__clkbuf_16)
     6    0.060931    0.060120    0.113149    0.545036 ^ clkbuf_4_4__f_clk/X (sky130_fd_sc_hd__clkbuf_16)
                                                         clknet_4_4__leaf_clk (net)
                      0.061193    0.006300    0.551336 ^ clkbuf_leaf_20_clk/A (sky130_fd_sc_hd__clkbuf_8)
    10    0.037292    0.058162    0.111636    0.662972 ^ clkbuf_leaf_20_clk/X (sky130_fd_sc_hd__clkbuf_8)
                                                         clknet_leaf_20_clk (net)
                      0.058327    0.002174    0.665147 ^ _7074_/CLK (sky130_fd_sc_hd__dfrtp_2)
     1    0.003920    0.029918    0.246950    0.912096 v _7074_/Q (sky130_fd_sc_hd__dfrtp_2)
                                                         output_index[0] (net)
                      0.029918    0.000273    0.912370 v fanout563/A (sky130_fd_sc_hd__clkdlybuf4s25_1)
     5    0.073799    0.369699    0.412790    1.325159 v fanout563/X (sky130_fd_sc_hd__clkdlybuf4s25_1)
                                                         net563 (net)
                      0.369712    0.001872    1.327031 v fanout558/A (sky130_fd_sc_hd__clkdlybuf4s25_1)
     7    0.040459    0.206058    0.389384    1.716415 v fanout558/X (sky130_fd_sc_hd__clkdlybuf4s25_1)
                                                         net558 (net)
                      0.206078    0.002060    1.718475 v _3107_/A (sky130_fd_sc_hd__and2_2)
     3    0.065312    0.117172    0.260684    1.979159 v _3107_/X (sky130_fd_sc_hd__and2_2)
                                                         _1061_ (net)
                      0.117245    0.002749    1.981908 v fanout416/A (sky130_fd_sc_hd__clkdlybuf4s25_1)
     6    0.047458    0.239302    0.353092    2.335000 v fanout416/X (sky130_fd_sc_hd__clkdlybuf4s25_1)
                                                         net416 (net)
                      0.239305    0.001247    2.336246 v fanout415/A (sky130_fd_sc_hd__clkdlybuf4s25_1)
    10    0.056078    0.282382    0.417895    2.754141 v fanout415/X (sky130_fd_sc_hd__clkdlybuf4s25_1)
                                                         net415 (net)
                      0.282441    0.003912    2.758053 v _3108_/B (sky130_fd_sc_hd__nor2_2)
     2    0.059484    0.460089    0.439857    3.197910 ^ _3108_/Y (sky130_fd_sc_hd__nor2_2)
                                                         _1062_ (net)
                      0.460179    0.005359    3.203269 ^ fanout309/A (sky130_fd_sc_hd__clkdlybuf4s25_1)
     5    0.029047    0.221323    0.328086    3.531356 ^ fanout309/X (sky130_fd_sc_hd__clkdlybuf4s25_1)
                                                         net309 (net)
                      0.221329    0.001466    3.532822 ^ load_slew310/A (sky130_fd_sc_hd__clkbuf_4)
     5    0.070544    0.163137    0.220666    3.753488 ^ load_slew310/X (sky130_fd_sc_hd__clkbuf_4)
                                                         net310 (net)
                      0.163527    0.006505    3.759992 ^ fanout308/A (sky130_fd_sc_hd__clkdlybuf4s25_1)
    10    0.060076    0.449256    0.469090    4.229082 ^ fanout308/X (sky130_fd_sc_hd__clkdlybuf4s25_1)
                                                         net308 (net)
                      0.449568    0.009823    4.238905 ^ _3144_/B1 (sky130_fd_sc_hd__a221o_2)
     1    0.004491    0.047094    0.114569    4.353474 ^ _3144_/X (sky130_fd_sc_hd__a221o_2)
                                                         _1096_ (net)
                      0.047095    0.000329    4.353803 ^ _3145_/C (sky130_fd_sc_hd__and3_2)
     1    0.003559    0.041050    0.103010    4.456813 ^ _3145_/X (sky130_fd_sc_hd__and3_2)
                                                         _1097_ (net)
                      0.041050    0.000154    4.456966 ^ _3152_/B1 (sky130_fd_sc_hd__a31o_2)
     1    0.056118    0.242831    0.204034    4.661000 ^ _3152_/X (sky130_fd_sc_hd__a31o_2)
                                                         _1104_ (net)
                      0.243059    0.006096    4.667096 ^ _3153_/A1 (sky130_fd_sc_hd__mux2_1)
     1    0.072913    0.477809    0.415671    5.082767 ^ _3153_/X (sky130_fd_sc_hd__mux2_1)
                                                         net80 (net)
                      0.478034    0.008648    5.091416 ^ wire80/A (sky130_fd_sc_hd__buf_4)
     1    0.062371    0.135406    0.174841    5.266257 ^ wire80/X (sky130_fd_sc_hd__buf_4)
                                                         uo_out[2] (net)
                      0.136269    0.008747    5.275004 ^ uo_out[2] (out)
                                              5.275004   data arrival time

                                100.000000  100.000000   clock clk (rise edge)
                                  0.000000  100.000000   clock network delay (propagated)
                                 -0.250000   99.750000   clock uncertainty
                                  0.000000   99.750000   clock reconvergence pessimism
                                -20.000000   79.750000   output external delay
                                             79.750000   data required time
---------------------------------------------------------------------------------------------
                                             79.750000   data required time
                                             -5.275004   data arrival time
---------------------------------------------------------------------------------------------
                                             74.474991   slack (MET)




===========================================================================
report_checks --slack_max -0.01
============================================================================
======================= max_ff_n40C_1v95 Corner ===================================

No paths found.


===========================================================================
 report_check_types -max_slew -max_cap -max_fanout -violators
============================================================================
======================= max_ff_n40C_1v95 Corner ===================================

max slew

Pin                                        Limit        Slew       Slack
------------------------------------------------------------------------
fanout817/A                             0.750000    1.241696   -0.491696 (VIOLATED)
ANTENNA_81/DIODE                        0.750000    1.241685   -0.491685 (VIOLATED)
ANTENNA_80/DIODE                        0.750000    1.241528   -0.491528 (VIOLATED)
fanout803/A                             0.750000    1.241501   -0.491501 (VIOLATED)
fanout847/A                             0.750000    1.240977   -0.490977 (VIOLATED)
ANTENNA_82/DIODE                        0.750000    1.240968   -0.490968 (VIOLATED)
fanout790/A                             0.750000    1.240270   -0.490270 (VIOLATED)
ANTENNA_79/DIODE                        0.750000    1.240263   -0.490264 (VIOLATED)
fanout698/A                             0.750000    1.239717   -0.489717 (VIOLATED)
fanout667/A                             0.750000    1.239713   -0.489713 (VIOLATED)
fanout682/A                             0.750000    1.239676   -0.489676 (VIOLATED)
fanout740/A                             0.750000    1.239670   -0.489670 (VIOLATED)
fanout848/X                             0.750000    1.239640   -0.489640 (VIOLATED)
_3127_/C1                               0.750000    1.121726   -0.371726 (VIOLATED)
ANTENNA_62/DIODE                        0.750000    1.121714   -0.371714 (VIOLATED)
_3137_/C1                               0.750000    1.121701   -0.371701 (VIOLATED)
ANTENNA_63/DIODE                        0.750000    1.121677   -0.371677 (VIOLATED)
_3144_/C1                               0.750000    1.121675   -0.371675 (VIOLATED)
ANTENNA_64/DIODE                        0.750000    1.121671   -0.371671 (VIOLATED)
_3150_/C1                               0.750000    1.121670   -0.371670 (VIOLATED)
ANTENNA_65/DIODE                        0.750000    1.121658   -0.371659 (VIOLATED)
_3205_/B1                               0.750000    1.121175   -0.371175 (VIOLATED)
_3201_/C1                               0.750000    1.120203   -0.370204 (VIOLATED)
_3122_/C1                               0.750000    1.120199   -0.370199 (VIOLATED)
_3166_/C1                               0.750000    1.120183   -0.370183 (VIOLATED)
_3120_/C1                               0.750000    1.120157   -0.370157 (VIOLATED)
_3159_/B1                               0.750000    1.119957   -0.369957 (VIOLATED)
fanout313/X                             0.750000    1.119847   -0.369847 (VIOLATED)
_3129_/A1                               0.750000    1.081676   -0.331676 (VIOLATED)
_3133_/A1                               0.750000    1.081661   -0.331661 (VIOLATED)
_3141_/A1                               0.750000    1.081585   -0.331585 (VIOLATED)
_3147_/A1                               0.750000    1.081374   -0.331374 (VIOLATED)
_3184_/A1                               0.750000    1.080394   -0.330394 (VIOLATED)
_3170_/A1                               0.750000    1.079559   -0.329559 (VIOLATED)
_3179_/A1                               0.750000    1.078632   -0.328632 (VIOLATED)
_3212_/A1                               0.750000    1.077397   -0.327397 (VIOLATED)
_3142_/C1                               0.750000    1.077392   -0.327392 (VIOLATED)
_3134_/C1                               0.750000    1.077344   -0.327344 (VIOLATED)
_3130_/C1                               0.750000    1.077320   -0.327320 (VIOLATED)
_3213_/C1                               0.750000    1.076821   -0.326821 (VIOLATED)
_3208_/C1                               0.750000    1.075117   -0.325116 (VIOLATED)
_3199_/C1                               0.750000    1.074734   -0.324734 (VIOLATED)
_3207_/A1                               0.750000    1.074702   -0.324702 (VIOLATED)
_3163_/C1                               0.750000    1.074091   -0.324091 (VIOLATED)
_3121_/C1                               0.750000    1.074086   -0.324086 (VIOLATED)
_3117_/C1                               0.750000    1.074081   -0.324081 (VIOLATED)
_3156_/C1                               0.750000    1.073877   -0.323877 (VIOLATED)
fanout311/X                             0.750000    1.073776   -0.323776 (VIOLATED)
fanout554/A                             0.750000    1.073637   -0.323637 (VIOLATED)
fanout555/X                             0.750000    1.073637   -0.323637 (VIOLATED)
fanout120/A                             0.750000    1.026298   -0.276298 (VIOLATED)
fanout118/A                             0.750000    1.026265   -0.276265 (VIOLATED)
fanout117/A                             0.750000    1.026146   -0.276146 (VIOLATED)
ANTENNA_51/DIODE                        0.750000    1.025562   -0.275562 (VIOLATED)
fanout113/A                             0.750000    1.025357   -0.275358 (VIOLATED)
fanout109/A                             0.750000    1.024820   -0.274820 (VIOLATED)
fanout121/X                             0.750000    1.024778   -0.274778 (VIOLATED)
_3564_/A                                0.750000    0.998723   -0.248723 (VIOLATED)
_5596_/A1                               0.750000    0.998665   -0.248665 (VIOLATED)
_3552_/C1                               0.750000    0.998410   -0.248410 (VIOLATED)
_5587_/A1                               0.750000    0.998291   -0.248291 (VIOLATED)
_3603_/C1                               0.750000    0.997611   -0.247611 (VIOLATED)
_5577_/A                                0.750000    0.997439   -0.247439 (VIOLATED)
_5571_/A                                0.750000    0.996729   -0.246730 (VIOLATED)
_5584_/A1                               0.750000    0.995922   -0.245922 (VIOLATED)
_5589_/A1                               0.750000    0.995692   -0.245692 (VIOLATED)
fanout490/A                             0.750000    0.994868   -0.244868 (VIOLATED)
fanout493/X                             0.750000    0.994854   -0.244854 (VIOLATED)
fanout369/A                             0.750000    0.971897   -0.221897 (VIOLATED)
_5601_/A1                               0.750000    0.971738   -0.221738 (VIOLATED)
_3495_/B1                               0.750000    0.971605   -0.221605 (VIOLATED)
_3518_/A2                               0.750000    0.971335   -0.221335 (VIOLATED)
_4312_/A                                0.750000    0.970936   -0.220936 (VIOLATED)
_5593_/A2                               0.750000    0.970764   -0.220764 (VIOLATED)
_3595_/A2                               0.750000    0.969837   -0.219837 (VIOLATED)
_3602_/A2                               0.750000    0.969558   -0.219558 (VIOLATED)
_3551_/A2                               0.750000    0.969525   -0.219525 (VIOLATED)
_3567_/A2                               0.750000    0.969505   -0.219505 (VIOLATED)
fanout370/X                             0.750000    0.969505   -0.219505 (VIOLATED)
fanout452/A                             0.750000    0.966448   -0.216448 (VIOLATED)
_5514_/A                                0.750000    0.966360   -0.216360 (VIOLATED)
_4540_/A1                               0.750000    0.966341   -0.216341 (VIOLATED)
_4547_/A                                0.750000    0.966193   -0.216193 (VIOLATED)
_3506_/B1                               0.750000    0.965573   -0.215573 (VIOLATED)
_3512_/A                                0.750000    0.965296   -0.215296 (VIOLATED)
_3560_/A1                               0.750000    0.964462   -0.214462 (VIOLATED)
_3593_/A                                0.750000    0.964448   -0.214448 (VIOLATED)
_4495_/A1                               0.750000    0.964376   -0.214376 (VIOLATED)
_4503_/B2                               0.750000    0.964284   -0.214284 (VIOLATED)
fanout453/X                             0.750000    0.964270   -0.214270 (VIOLATED)
_5605_/A1                               0.750000    0.934077   -0.184077 (VIOLATED)
ANTENNA_76/DIODE                        0.750000    0.934073   -0.184073 (VIOLATED)
_5609_/A1                               0.750000    0.933991   -0.183991 (VIOLATED)
ANTENNA_77/DIODE                        0.750000    0.933990   -0.183990 (VIOLATED)
fanout493/A                             0.750000    0.933395   -0.183395 (VIOLATED)
fanout489/A                             0.750000    0.933385   -0.183385 (VIOLATED)
_5581_/A                                0.750000    0.933380   -0.183380 (VIOLATED)
_5580_/A1                               0.750000    0.933366   -0.183366 (VIOLATED)
fanout494/X                             0.750000    0.933341   -0.183341 (VIOLATED)
_4738_/A                                0.750000    0.875579   -0.125579 (VIOLATED)
ANTENNA_61/DIODE                        0.750000    0.875570   -0.125570 (VIOLATED)
_4731_/A1_N                             0.750000    0.875542   -0.125542 (VIOLATED)
_4753_/A1_N                             0.750000    0.875531   -0.125531 (VIOLATED)
_4609_/A1_N                             0.750000    0.875489   -0.125489 (VIOLATED)
_4746_/A1_N                             0.750000    0.875470   -0.125470 (VIOLATED)
_4724_/A1_N                             0.750000    0.875455   -0.125455 (VIOLATED)
_4058_/A1_N                             0.750000    0.875447   -0.125447 (VIOLATED)
_4776_/A1_N                             0.750000    0.875420   -0.125420 (VIOLATED)
ANTENNA_60/DIODE                        0.750000    0.875313   -0.125313 (VIOLATED)
_4716_/A1_N                             0.750000    0.875313   -0.125313 (VIOLATED)
_3718_/A                                0.750000    0.875292   -0.125292 (VIOLATED)
fanout169/X                             0.750000    0.875292   -0.125292 (VIOLATED)
_3497_/A                                0.750000    0.872812   -0.122812 (VIOLATED)
_4266_/A                                0.750000    0.872810   -0.122810 (VIOLATED)
_4411_/C1                               0.750000    0.872808   -0.122808 (VIOLATED)
_4345_/A                                0.750000    0.872783   -0.122783 (VIOLATED)
_5508_/A                                0.750000    0.872717   -0.122717 (VIOLATED)
_4571_/A1                               0.750000    0.872716   -0.122716 (VIOLATED)
_4419_/A                                0.750000    0.872673   -0.122673 (VIOLATED)
_3495_/A1                               0.750000    0.872617   -0.122617 (VIOLATED)
_4368_/A                                0.750000    0.872496   -0.122496 (VIOLATED)
_3492_/A                                0.750000    0.872467   -0.122467 (VIOLATED)
fanout455/X                             0.750000    0.872416   -0.122416 (VIOLATED)
_5561_/A2                               0.750000    0.862130   -0.112130 (VIOLATED)
_5560_/A2                               0.750000    0.862072   -0.112072 (VIOLATED)
fanout518/A                             0.750000    0.861866   -0.111866 (VIOLATED)
_5563_/A2                               0.750000    0.861354   -0.111354 (VIOLATED)
_5539_/A2                               0.750000    0.861327   -0.111327 (VIOLATED)
_5555_/A2                               0.750000    0.861302   -0.111302 (VIOLATED)
_5547_/A2                               0.750000    0.861241   -0.111241 (VIOLATED)
_5558_/A2                               0.750000    0.861092   -0.111092 (VIOLATED)
_5566_/A2                               0.750000    0.861039   -0.111039 (VIOLATED)
_5542_/A2                               0.750000    0.860859   -0.110859 (VIOLATED)
fanout519/X                             0.750000    0.860844   -0.110844 (VIOLATED)
_3572_/S                                0.750000    0.858822   -0.108822 (VIOLATED)
_3599_/B1                               0.750000    0.858683   -0.108683 (VIOLATED)
_4495_/A2                               0.750000    0.858391   -0.108391 (VIOLATED)
_4850_/A2                               0.750000    0.858209   -0.108209 (VIOLATED)
fanout583/A                             0.750000    0.857736   -0.107736 (VIOLATED)
_3501_/A                                0.750000    0.856668   -0.106668 (VIOLATED)
_3505_/S                                0.750000    0.856419   -0.106419 (VIOLATED)
_4355_/A                                0.750000    0.855864   -0.105864 (VIOLATED)
fanout582/A                             0.750000    0.855753   -0.105753 (VIOLATED)
_5510_/B1                               0.750000    0.855751   -0.105751 (VIOLATED)
fanout584/X                             0.750000    0.855740   -0.105740 (VIOLATED)
_5607_/A2                               0.750000    0.852259   -0.102259 (VIOLATED)
_4445_/A1                               0.750000    0.852227   -0.102227 (VIOLATED)
_5602_/A2                               0.750000    0.852158   -0.102158 (VIOLATED)
_3518_/B1                               0.750000    0.852097   -0.102097 (VIOLATED)
_3594_/B1                               0.750000    0.851814   -0.101814 (VIOLATED)
_3602_/B1                               0.750000    0.851622   -0.101622 (VIOLATED)
_3567_/B1                               0.750000    0.851567   -0.101567 (VIOLATED)
_3551_/B1                               0.750000    0.851477   -0.101477 (VIOLATED)
_5605_/A2                               0.750000    0.851409   -0.101409 (VIOLATED)
_5604_/A1                               0.750000    0.851403   -0.101403 (VIOLATED)
fanout359/X                             0.750000    0.851380   -0.101380 (VIOLATED)
_3549_/B2                               0.750000    0.850476   -0.100476 (VIOLATED)
_3633_/B2                               0.750000    0.850466   -0.100466 (VIOLATED)
_3536_/A1                               0.750000    0.850447   -0.100447 (VIOLATED)
_3086_/A                                0.750000    0.850088   -0.100088 (VIOLATED)
_3484_/A1                               0.750000    0.850050   -0.100050 (VIOLATED)
_5502_/A_N                              0.750000    0.849899   -0.099899 (VIOLATED)
_5359_/A_N                              0.750000    0.849749   -0.099749 (VIOLATED)
_5506_/A                                0.750000    0.849694   -0.099694 (VIOLATED)
_3485_/A                                0.750000    0.849578   -0.099578 (VIOLATED)
_3095_/A1                               0.750000    0.849531   -0.099531 (VIOLATED)
fanout495/X                             0.750000    0.849451   -0.099451 (VIOLATED)
fanout44/A                              0.750000    0.817512   -0.067512 (VIOLATED)
ANTENNA_38/DIODE                        0.750000    0.817511   -0.067511 (VIOLATED)
fanout40/A                              0.750000    0.817377   -0.067377 (VIOLATED)
ANTENNA_36/DIODE                        0.750000    0.817375   -0.067375 (VIOLATED)
fanout42/A                              0.750000    0.817363   -0.067363 (VIOLATED)
ANTENNA_37/DIODE                        0.750000    0.817314   -0.067314 (VIOLATED)
fanout45/A                              0.750000    0.817014   -0.067015 (VIOLATED)
ANTENNA_39/DIODE                        0.750000    0.817006   -0.067006 (VIOLATED)
fanout37/A                              0.750000    0.816322   -0.066322 (VIOLATED)
fanout47/X                              0.750000    0.816310   -0.066310 (VIOLATED)
fanout358/A                             0.750000    0.791948   -0.041948 (VIOLATED)
_5609_/A2                               0.750000    0.791893   -0.041893 (VIOLATED)
_5610_/A1                               0.750000    0.791774   -0.041774 (VIOLATED)
_5608_/A1                               0.750000    0.790929   -0.040929 (VIOLATED)
fanout359/A                             0.750000    0.790839   -0.040839 (VIOLATED)
fanout360/X                             0.750000    0.790798   -0.040798 (VIOLATED)
_5600_/A1                               0.750000    0.782382   -0.032382 (VIOLATED)
_5597_/A1                               0.750000    0.782362   -0.032362 (VIOLATED)
_5606_/A1                               0.750000    0.782345   -0.032345 (VIOLATED)
_5588_/A1                               0.750000    0.782227   -0.032227 (VIOLATED)
_5591_/A1                               0.750000    0.782190   -0.032190 (VIOLATED)
_3549_/A1                               0.750000    0.781904   -0.031904 (VIOLATED)
_3633_/A1                               0.750000    0.781721   -0.031721 (VIOLATED)
_3524_/C1                               0.750000    0.781177   -0.031177 (VIOLATED)
_3094_/A1                               0.750000    0.780470   -0.030470 (VIOLATED)
_5575_/A1                               0.750000    0.780469   -0.030469 (VIOLATED)
fanout489/X                             0.750000    0.780456   -0.030456 (VIOLATED)
_5557_/A2                               0.750000    0.756271   -0.006271 (VIOLATED)
_5565_/A2                               0.750000    0.756269   -0.006269 (VIOLATED)
fanout516/A                             0.750000    0.756098   -0.006098 (VIOLATED)
_5541_/A2                               0.750000    0.755991   -0.005991 (VIOLATED)
_5550_/A2                               0.750000    0.755234   -0.005234 (VIOLATED)
_3094_/B1                               0.750000    0.754741   -0.004741 (VIOLATED)
fanout517/X                             0.750000    0.754672   -0.004672 (VIOLATED)

max fanout

Pin                                   Limit Fanout  Slack
---------------------------------------------------------
_3111_/X                                 10     16     -6 (VIOLATED)
fanout313/X                              10     14     -4 (VIOLATED)
_5879_/X                                 10     13     -3 (VIOLATED)
clkbuf_leaf_0_clk/X                      10     13     -3 (VIOLATED)
clkbuf_leaf_12_clk/X                     10     13     -3 (VIOLATED)
clkbuf_leaf_13_clk/X                     10     13     -3 (VIOLATED)
clkbuf_leaf_14_clk/X                     10     13     -3 (VIOLATED)
clkbuf_leaf_15_clk/X                     10     13     -3 (VIOLATED)
clkbuf_leaf_17_clk/X                     10     13     -3 (VIOLATED)
clkbuf_leaf_18_clk/X                     10     13     -3 (VIOLATED)
clkbuf_leaf_1_clk/X                      10     13     -3 (VIOLATED)
clkbuf_leaf_22_clk/X                     10     13     -3 (VIOLATED)
clkbuf_leaf_23_clk/X                     10     13     -3 (VIOLATED)
clkbuf_leaf_24_clk/X                     10     13     -3 (VIOLATED)
clkbuf_leaf_26_clk/X                     10     13     -3 (VIOLATED)
clkbuf_leaf_27_clk/X                     10     13     -3 (VIOLATED)
clkbuf_leaf_28_clk/X                     10     13     -3 (VIOLATED)
clkbuf_leaf_29_clk/X                     10     13     -3 (VIOLATED)
clkbuf_leaf_2_clk/X                      10     13     -3 (VIOLATED)
clkbuf_leaf_33_clk/X                     10     13     -3 (VIOLATED)
clkbuf_leaf_38_clk/X                     10     13     -3 (VIOLATED)
clkbuf_leaf_39_clk/X                     10     13     -3 (VIOLATED)
clkbuf_leaf_41_clk/X                     10     13     -3 (VIOLATED)
clkbuf_leaf_43_clk/X                     10     13     -3 (VIOLATED)
clkbuf_leaf_44_clk/X                     10     13     -3 (VIOLATED)
clkbuf_leaf_45_clk/X                     10     13     -3 (VIOLATED)
clkbuf_leaf_47_clk/X                     10     13     -3 (VIOLATED)
clkbuf_leaf_48_clk/X                     10     13     -3 (VIOLATED)
clkbuf_leaf_50_clk/X                     10     13     -3 (VIOLATED)
clkbuf_leaf_51_clk/X                     10     13     -3 (VIOLATED)
clkbuf_leaf_53_clk/X                     10     13     -3 (VIOLATED)
clkbuf_leaf_54_clk/X                     10     13     -3 (VIOLATED)
clkbuf_leaf_5_clk/X                      10     13     -3 (VIOLATED)
clkbuf_leaf_62_clk/X                     10     13     -3 (VIOLATED)
clkbuf_leaf_63_clk/X                     10     13     -3 (VIOLATED)
clkbuf_leaf_64_clk/X                     10     13     -3 (VIOLATED)
clkbuf_leaf_66_clk/X                     10     13     -3 (VIOLATED)
clkbuf_leaf_67_clk/X                     10     13     -3 (VIOLATED)
clkbuf_leaf_68_clk/X                     10     13     -3 (VIOLATED)
clkbuf_leaf_6_clk/X                      10     13     -3 (VIOLATED)
clkbuf_leaf_70_clk/X                     10     13     -3 (VIOLATED)
clkbuf_leaf_71_clk/X                     10     13     -3 (VIOLATED)
clkbuf_leaf_75_clk/X                     10     13     -3 (VIOLATED)
clkbuf_leaf_76_clk/X                     10     13     -3 (VIOLATED)
clkbuf_leaf_78_clk/X                     10     13     -3 (VIOLATED)
clkbuf_leaf_7_clk/X                      10     13     -3 (VIOLATED)
clkbuf_leaf_85_clk/X                     10     13     -3 (VIOLATED)
clkbuf_leaf_8_clk/X                      10     13     -3 (VIOLATED)
_5805_/X                                 10     12     -2 (VIOLATED)
clkbuf_leaf_11_clk/X                     10     12     -2 (VIOLATED)
clkbuf_leaf_16_clk/X                     10     12     -2 (VIOLATED)
clkbuf_leaf_19_clk/X                     10     12     -2 (VIOLATED)
clkbuf_leaf_21_clk/X                     10     12     -2 (VIOLATED)
clkbuf_leaf_25_clk/X                     10     12     -2 (VIOLATED)
clkbuf_leaf_34_clk/X                     10     12     -2 (VIOLATED)
clkbuf_leaf_35_clk/X                     10     12     -2 (VIOLATED)
clkbuf_leaf_36_clk/X                     10     12     -2 (VIOLATED)
clkbuf_leaf_37_clk/X                     10     12     -2 (VIOLATED)
clkbuf_leaf_3_clk/X                      10     12     -2 (VIOLATED)
clkbuf_leaf_40_clk/X                     10     12     -2 (VIOLATED)
clkbuf_leaf_42_clk/X                     10     12     -2 (VIOLATED)
clkbuf_leaf_46_clk/X                     10     12     -2 (VIOLATED)
clkbuf_leaf_49_clk/X                     10     12     -2 (VIOLATED)
clkbuf_leaf_4_clk/X                      10     12     -2 (VIOLATED)
clkbuf_leaf_52_clk/X                     10     12     -2 (VIOLATED)
clkbuf_leaf_55_clk/X                     10     12     -2 (VIOLATED)
clkbuf_leaf_57_clk/X                     10     12     -2 (VIOLATED)
clkbuf_leaf_58_clk/X                     10     12     -2 (VIOLATED)
clkbuf_leaf_59_clk/X                     10     12     -2 (VIOLATED)
clkbuf_leaf_60_clk/X                     10     12     -2 (VIOLATED)
clkbuf_leaf_61_clk/X                     10     12     -2 (VIOLATED)
clkbuf_leaf_65_clk/X                     10     12     -2 (VIOLATED)
clkbuf_leaf_69_clk/X                     10     12     -2 (VIOLATED)
clkbuf_leaf_72_clk/X                     10     12     -2 (VIOLATED)
clkbuf_leaf_73_clk/X                     10     12     -2 (VIOLATED)
clkbuf_leaf_77_clk/X                     10     12     -2 (VIOLATED)
clkbuf_leaf_79_clk/X                     10     12     -2 (VIOLATED)
clkbuf_leaf_82_clk/X                     10     12     -2 (VIOLATED)
clkbuf_leaf_83_clk/X                     10     12     -2 (VIOLATED)
clkbuf_leaf_84_clk/X                     10     12     -2 (VIOLATED)
clkbuf_leaf_9_clk/X                      10     12     -2 (VIOLATED)
fanout169/X                              10     12     -2 (VIOLATED)
fanout848/X                              10     12     -2 (VIOLATED)
max_cap162/X                             10     11        (VIOLATED)



===========================================================================
report_parasitic_annotation -report_unannotated
============================================================================
Found 80 unannotated drivers.
 ena
 uio_in[5]
 uio_in[6]
 uio_in[7]
 clkload0/X
 clkload1/X
 clkload10/X
 clkload11/X
 clkload12/X
 clkload13/X
 clkload14/X
 clkload15/X
 clkload16/X
 clkload17/Y
 clkload18/X
 clkload19/X
 clkload2/X
 clkload20/X
 clkload21/X
 clkload22/X
 clkload23/X
 clkload24/Y
 clkload25/X
 clkload26/X
 clkload27/X
 clkload28/X
 clkload29/X
 clkload3/X
 clkload30/X
 clkload31/X
 clkload32/X
 clkload33/X
 clkload34/X
 clkload35/X
 clkload36/X
 clkload37/X
 clkload38/X
 clkload39/X
 clkload4/X
 clkload40/Y
 clkload41/X
 clkload42/X
 clkload43/X
 clkload44/X
 clkload45/X
 clkload46/X
 clkload47/X
 clkload48/X
 clkload49/X
 clkload5/X
 clkload50/X
 clkload51/X
 clkload52/X
 clkload53/X
 clkload54/X
 clkload55/X
 clkload56/X
 clkload57/X
 clkload58/X
 clkload59/X
 clkload6/X
 clkload60/X
 clkload61/X
 clkload62/X
 clkload7/X
 clkload8/X
 clkload9/X
 tt_um_aes128_optimized/HI
 tt_um_aes128_optimized_849/HI
 tt_um_aes128_optimized_850/HI
 tt_um_aes128_optimized_851/HI
 tt_um_aes128_optimized_852/HI
 tt_um_aes128_optimized_853/HI
 tt_um_aes128_optimized_854/HI
 tt_um_aes128_optimized_855/HI
 tt_um_aes128_optimized_856/HI
 tt_um_aes128_optimized_857/HI
 tt_um_aes128_optimized_858/LO
 tt_um_aes128_optimized_859/LO
 tt_um_aes128_optimized_860/LO
Found 0 partially unannotated drivers.

===========================================================================
max slew violation count 201
max fanout violation count 84
max cap violation count 0
============================================================================

===========================================================================
check_setup -verbose -unconstrained_endpoints -multiple_clock -no_clock -no_input_delay -loops -generated_clocks
===========================================================================
