Clock: clk
Sources: clk 
Generated: no
Virtual: yes
Propagated: no
Period: 100.000000

===========================================================================
report_clock_properties
============================================================================
Clock                   Period          Waveform
----------------------------------------------------
clk                 100.000000    0.000000 50.000000

===========================================================================
report_clock_latency
============================================================================
Clock clk
rise -> rise
    min     max
0.000000 0.000000 source latency
0.636608         network latency _6995_/CLK
        0.678273 network latency _6826_/CLK
---------------
0.636608 0.678273 latency
        0.041664 skew

fall -> fall
    min     max
0.000000 0.000000 source latency
0.565208         network latency _6995_/CLK
        0.600480 network latency _6826_/CLK
---------------
0.565208 0.600480 latency
        0.035271 skew



===========================================================================
report_clock_min_period
============================================================================
clk period_min = 8.45 fmax = 118.39
