Clock: clk
Sources: clk 
Generated: no
Virtual: no
Propagated: no
Period: 100.000000

===========================================================================
report_clock_properties
============================================================================
Clock                   Period          Waveform
----------------------------------------------------
clk                 100.000000    0.000000 50.000000

===========================================================================
report_clock_latency
============================================================================
Clock clk
rise -> rise
    min     max
0.000000 0.000000 source latency
8.889336         network latency _6087_/CLK
        8.889336 network latency _6087_/CLK
---------------
8.889336 8.889336 latency
        0.000000 skew

fall -> fall
    min     max
0.000000 0.000000 source latency
4.904123         network latency _6087_/CLK
        4.904123 network latency _6087_/CLK
---------------
4.904123 4.904123 latency
        0.000000 skew



===========================================================================
report_clock_min_period
============================================================================
clk period_min = 17.17 fmax = 58.25
